{
  "claim_id": "24678",
  "split": "v2",
  "source_experiment": "v2_gpt-5.4_20260402_164100",
  "source_md": "fact_check_v2/experiments/v2_gpt-5.4_20260402_164100/reports/report24678.md",
  "step_logs": [
    {
      "file": "step1_interpret_log.json",
      "content": {
        "step": "step1_interpret",
        "elapsed_seconds": 53.2,
        "prompt_length": 1987,
        "input_tokens": 79089,
        "cached_input_tokens": 62080,
        "output_tokens": 3367,
        "web_searches": 0,
        "final_response": "Vypracoval jsem interpretaci tvrzení a uložil ji do [work/claim_interpretation.md](/home/vilo/demagog/fact_check_v2/experiments/v2_gpt-5.4_20260402_164100/id24678/work/claim_interpretation.md).\n\nSoubor obsahuje rozpad na 3 ověřitelné dílčí výroky, zvolenou charitativní interpretaci (maďarské zastropování pohonných hmot během krize 2021–2022, následné nedostatky a množstevní limity), explicitní datum výroku `19. března 2026`, začátek vyhledávacího okna `1. ledna 2021` a konkrétní plán zdrojů i dotazů pro další krok.",
        "items": [
          {
            "type": "AgentMessageItem",
            "text": "Analyzing the step inputs and workspace first. I need to locate the actual claim data behind the placeholders, read any step-specific guidance files, and then write `work/claim_interpretation.md`."
          },
          {
            "type": "CommandExecutionItem",
            "command": "/bin/bash -lc pwd",
            "exit_code": 0
          },
          {
            "type": "CommandExecutionItem",
            "command": "/bin/bash -lc 'rg --files'",
            "exit_code": 0
          },
          {
            "type": "AgentMessageItem",
            "text": "I found the workspace inputs. Next I’m reading the claim metadata to recover the real speaker/source/context and determine whether any clarification search is needed at all."
          },
          {
            "type": "CommandExecutionItem",
            "command": "/bin/bash -lc \"sed -n '1,220p' metadata.json\"",
            "exit_code": 0
          },
          {
            "type": "CommandExecutionItem",
            "command": "/bin/bash -lc 'ls -la work output'",
            "exit_code": 0
          },
          {
            "type": "AgentMessageItem",
            "text": "The claim data is clear enough from `metadata.json`, so I’m not using web search in this step. I’m drafting the interpretation around Hungary’s 2021–2022 fuel price cap, fuel shortages, and quantity limits, then I’ll write it to `work/claim_interpretation.md`."
          },
          {
            "type": "FileChangeItem"
          },
          {
            "type": "AgentMessageItem",
            "text": "The interpretation file is written. I’m doing a quick readback now to make sure the date window, chosen interpretation, and search plan are explicit enough for step 2."
          },
          {
            "type": "CommandExecutionItem",
            "command": "/bin/bash -lc \"sed -n '1,240p' work/claim_interpretation.md\"",
            "exit_code": 0
          },
          {
            "type": "AgentMessageItem",
            "text": "Vypracoval jsem interpretaci tvrzení a uložil ji do [work/claim_interpretation.md](/home/vilo/demagog/fact_check_v2/experiments/v2_gpt-5.4_20260402_164100/id24678/work/claim_interpretation.md).\n\nSoubor obsahuje rozpad na 3 ověřitelné dílčí výroky, zvolenou charitativní interpretaci (maďarské zastropování pohonných hmot během krize 2021–2022, následné nedostatky a množstevní limity), explicitní datum výroku `19. března 2026`, začátek vyhledávacího okna `1. ledna 2021` a konkrétní plán zdrojů i dotazů pro další krok."
          }
        ]
      }
    },
    {
      "file": "step2_search_log.json",
      "content": {
        "step": "step2_search",
        "elapsed_seconds": 177.2,
        "prompt_length": 1693,
        "input_tokens": 312451,
        "cached_input_tokens": 178304,
        "output_tokens": 12043,
        "web_searches": 21,
        "final_response": "Vyhledané zdroje jsem zapsal do [work/raw_sources.md](/home/vilo/demagog/fact_check_v2/experiments/v2_gpt-5.4_20260402_164100/id24678/work/raw_sources.md).\n\nSoubor obsahuje 12 zdrojů v požadovaném formátu: maďarské právní předpisy a vládní oznámení, Reuters/AP přes reputační média, i české veřejnoprávní a kvalitní komerční zdroje. Zahrnul jsem jak podpůrné zdroje k cenovému stropu, nedostatku a limitům při tankování, tak i zdroje, které zpochybňují jednoduchou příčinu a zdůrazňují roli odstávky rafinerie, dovozů a panických nákupů.",
        "items": [
          {
            "type": "AgentMessageItem",
            "text": "I’m pulling the interpretation back in and then searching broadly: first official Hungarian / MOL materials, then reputable reporting, including sources that complicate the “price cap caused shortages” part."
          },
          {
            "type": "WebSearchItem",
            "query": ""
          },
          {
            "type": "CommandExecutionItem",
            "command": "/bin/bash -lc \"sed -n '1,220p' guides/source_ranking.csv\"",
            "exit_code": 0
          },
          {
            "type": "CommandExecutionItem",
            "command": "/bin/bash -lc \"sed -n '1,220p' work/claim_interpretation.md\"",
            "exit_code": 0
          },
          {
            "type": "WebSearchItem",
            "query": "Hungary fuel price cap official decree November 2021"
          },
          {
            "type": "WebSearchItem",
            "query": "site:kormany.hu site:magyarkozlony.hu 624/2021 XI.11. üzemanyag"
          },
          {
            "type": "WebSearchItem",
            "query": "\"624/2021. (XI. 11.)\" üzemanyag árstop pdf"
          },
          {
            "type": "WebSearchItem",
            "query": "site:mol.hu üzemanyag limit tankolás 2022"
          },
          {
            "type": "WebSearchItem",
            "query": "AP Hungarian filling stations running out of price-capped fuel December 2022"
          },
          {
            "type": "WebSearchItem",
            "query": "site:mol.hu 50 liter naponta üzemanyag június 2022"
          },
          {
            "type": "WebSearchItem",
            "query": "site:njt.hu 57/2022 28 February official fuel Hungary plates"
          },
          {
            "type": "WebSearchItem",
            "query": "site:njt.hu July 2022 Hungary fuel price cap private vehicles only decree njt"
          },
          {
            "type": "WebSearchItem",
            "query": "https://njt.hu/jogszabaly/2021-624-20-22"
          },
          {
            "type": "WebSearchItem",
            "query": "'Decree 624/2021' in https://www.oecd.org/en/publications/oecd-companion-to-the-inventory-of-support-measures-for-fossil-fuels-country-notes_5a3efe65-en/full-report/component-22.html"
          },
          {
            "type": "WebSearchItem",
            "query": "https://www.euronews.com/next/2022/07/11/energy-prices-hungary"
          },
          {
            "type": "WebSearchItem",
            "query": "https://njt.hu/jogszabaly/2022-94-20-22.6"
          },
          {
            "type": "WebSearchItem",
            "query": "site:irozhlas.cz Maďarsko benzin příděl cenový strop 2022"
          },
          {
            "type": "WebSearchItem",
            "query": "https://www.irozhlas.cz/zpravy-svet/madarsko-zruseni-zastropovani-pohonnych-hmot_2212070008_gen"
          },
          {
            "type": "WebSearchItem",
            "query": "site:kormany.hu 30 July 2022 fuel price cap privately-owned vehicles release strategic reserves"
          },
          {
            "type": "WebSearchItem",
            "query": "https://kormany.hu/hirek/magantulajdonu-gepjarmuvek-kapnak-ezentul-480-forintos-aron-uzemanyagot"
          },
          {
            "type": "WebSearchItem",
            "query": "'Published on' in https://www.euronews.com/2022/06/25/mol-hungary"
          },
          {
            "type": "WebSearchItem",
            "query": "https://njt.hu/jogszabaly/2021-624-20-22"
          },
          {
            "type": "WebSearchItem",
            "query": "https://njt.hu/jogszabaly/2021-626-20-22"
          },
          {
            "type": "WebSearchItem",
            "query": "'2022.' in https://kormany.hu/hirek/a-szankciok-miatt-kell-kivezetni-a-benzinarstopot"
          },
          {
            "type": "AgentMessageItem",
            "text": "I have enough source coverage now: decrees, Hungarian government statements, Reuters/AP reporting, and Czech public-service media. I’m writing `work/raw_sources.md` with support, context, and causal complications separated source by source."
          },
          {
            "type": "FileChangeItem"
          },
          {
            "type": "AgentMessageItem",
            "text": "`work/raw_sources.md` is written. I’m checking it once for completeness against the step requirements: URL, type, date, sub-claim coverage, and whether we included sources that weaken the simple causal reading."
          },
          {
            "type": "CommandExecutionItem",
            "command": "/bin/bash -lc \"sed -n '1,260p' work/raw_sources.md\"",
            "exit_code": 0
          },
          {
            "type": "AgentMessageItem",
            "text": "Vyhledané zdroje jsem zapsal do [work/raw_sources.md](/home/vilo/demagog/fact_check_v2/experiments/v2_gpt-5.4_20260402_164100/id24678/work/raw_sources.md).\n\nSoubor obsahuje 12 zdrojů v požadovaném formátu: maďarské právní předpisy a vládní oznámení, Reuters/AP přes reputační média, i české veřejnoprávní a kvalitní komerční zdroje. Zahrnul jsem jak podpůrné zdroje k cenovému stropu, nedostatku a limitům při tankování, tak i zdroje, které zpochybňují jednoduchou příčinu a zdůrazňují roli odstávky rafinerie, dovozů a panických nákupů."
          }
        ]
      }
    },
    {
      "file": "step3_refine_log.json",
      "content": {
        "step": "step3_refine",
        "elapsed_seconds": 101.6,
        "prompt_length": 2274,
        "input_tokens": 463450,
        "cached_input_tokens": 280704,
        "output_tokens": 18571,
        "web_searches": 4,
        "final_response": "Refinovaný seznam jsem zapsal do [work/refined_sources.md](/home/vilo/demagog/fact_check_v2/experiments/v2_gpt-5.4_20260402_164100/id24678/work/refined_sources.md).\n\nVyřadil jsem slabší cizojazyčné sekundární zdroje na nehodnocených doménách, kde už nepřinášely unikátní důkaz, a nahradil jsem jeden z nich tier-1 článkem z iROZHLASu. Výsledek stále pokrývá všechny tři netriviální podvýroky; zároveň je v souhrnu výslovně zaznamenáno, že u podvýroku o nedostatku benzinu je kauzalita složitější než jen „cenový strop = nedostatek“.",
        "items": [
          {
            "type": "AgentMessageItem",
            "text": "I’m refining now against the ranking file and pruning weak links. The main work here is replacing third-party rewrites where the same point can be supported by Hungarian legal texts, government statements, or higher-tier Czech coverage."
          },
          {
            "type": "WebSearchItem",
            "query": "site:mol.hu 50 liter naponta 2022 üzemanyag"
          },
          {
            "type": "WebSearchItem",
            "query": "site:irozhlas.cz Maďarsko benzín na příděl jednou denně 2022"
          },
          {
            "type": "WebSearchItem",
            "query": "https://www.irozhlas.cz/zpravy-svet/madarsko-benzin-nafta-cerpaci-stanice-zastropovane-ceny-orban_2207140616_aur"
          },
          {
            "type": "WebSearchItem",
            "query": "site:irozhlas.cz 50 litrů Maďarsko čerpací stanice 2022 MOL"
          },
          {
            "type": "AgentMessageItem",
            "text": "I’ve finished the quality pass. The refined set will keep the Hungarian primary materials and Czech tier-1/2 reporting, while dropping weaker foreign rewrites that no longer add unique evidence."
          },
          {
            "type": "FileChangeItem"
          },
          {
            "type": "AgentMessageItem",
            "text": "The refined list is written. I’m doing a final check that the kept set still covers all three sub-claims and that the notes clearly explain why weaker foreign sources were removed or replaced."
          },
          {
            "type": "CommandExecutionItem",
            "command": "/bin/bash -lc \"sed -n '1,320p' work/refined_sources.md\"",
            "exit_code": 0
          },
          {
            "type": "AgentMessageItem",
            "text": "Refinovaný seznam jsem zapsal do [work/refined_sources.md](/home/vilo/demagog/fact_check_v2/experiments/v2_gpt-5.4_20260402_164100/id24678/work/refined_sources.md).\n\nVyřadil jsem slabší cizojazyčné sekundární zdroje na nehodnocených doménách, kde už nepřinášely unikátní důkaz, a nahradil jsem jeden z nich tier-1 článkem z iROZHLASu. Výsledek stále pokrývá všechny tři netriviální podvýroky; zároveň je v souhrnu výslovně zaznamenáno, že u podvýroku o nedostatku benzinu je kauzalita složitější než jen „cenový strop = nedostatek“."
          }
        ]
      }
    },
    {
      "file": "step4_draft_log.json",
      "content": {
        "step": "step4_draft",
        "elapsed_seconds": 94.3,
        "prompt_length": 1887,
        "input_tokens": 758506,
        "cached_input_tokens": 550144,
        "output_tokens": 25020,
        "web_searches": 0,
        "final_response": "Návrh reportu jsem zapsal do [work/draft.md](/home/vilo/demagog/fact_check_v2/experiments/v2_gpt-5.4_20260402_164100/id24678/work/draft.md).\n\nDraft vychází jen z refinovaných zdrojů, je v češtině, má HTML perex a čtyři krátké odstavce s průběžnými odkazy na klíčová slova. V textu jsem zachoval důležitou nuanci, že nedostatek paliv nesouvisel jen s cenovým stropem, ale současně jsem ponechal závěr, že jádro Rakušanova tvrzení odpovídá doloženému vývoji.",
        "items": [
          {
            "type": "AgentMessageItem",
            "text": "I’m switching from source collection to writing. First I’m loading the house style and example reports so the draft matches Demagog’s format rather than just summarizing the evidence."
          },
          {
            "type": "CommandExecutionItem",
            "command": "/bin/bash -lc \"sed -n '1,260p' guides/style_guide.md\"",
            "exit_code": 0
          },
          {
            "type": "CommandExecutionItem",
            "command": "/bin/bash -lc \"sed -n '1,260p' work/claim_interpretation.md\"",
            "exit_code": 0
          },
          {
            "type": "CommandExecutionItem",
            "command": "/bin/bash -lc \"sed -n '1,320p' work/refined_sources.md\"",
            "exit_code": 0
          },
          {
            "type": "CommandExecutionItem",
            "command": "/bin/bash -lc \"sed -n '1,260p' guides/examples.txt\"",
            "exit_code": 0
          },
          {
            "type": "AgentMessageItem",
            "text": "I have the structure and verdict. I’m writing a short Demagog-style draft now: one perex, three evidence paragraphs, then a conclusion that keeps the causal nuance without drifting into overexplaining."
          },
          {
            "type": "FileChangeItem"
          },
          {
            "type": "AgentMessageItem",
            "text": "The draft is in place. I’m checking it against the style constraints now, mainly hyperlink placement, paragraph length, and whether the conclusion states the verdict only once while still keeping the causal nuance."
          },
          {
            "type": "CommandExecutionItem",
            "command": "/bin/bash -lc \"sed -n '1,220p' work/draft.md\"",
            "exit_code": 0
          },
          {
            "type": "AgentMessageItem",
            "text": "The draft needed one technical correction: the links should be HTML anchors, not Markdown, because the report body is expected in HTML format. I’m fixing that now without changing the substance."
          },
          {
            "type": "FileChangeItem"
          },
          {
            "type": "AgentMessageItem",
            "text": "Návrh reportu jsem zapsal do [work/draft.md](/home/vilo/demagog/fact_check_v2/experiments/v2_gpt-5.4_20260402_164100/id24678/work/draft.md).\n\nDraft vychází jen z refinovaných zdrojů, je v češtině, má HTML perex a čtyři krátké odstavce s průběžnými odkazy na klíčová slova. V textu jsem zachoval důležitou nuanci, že nedostatek paliv nesouvisel jen s cenovým stropem, ale současně jsem ponechal závěr, že jádro Rakušanova tvrzení odpovídá doloženému vývoji."
          }
        ]
      }
    },
    {
      "file": "step5_verify_log.json",
      "content": {
        "step": "step5_verify",
        "elapsed_seconds": 90.2,
        "prompt_length": 1226,
        "input_tokens": 1054268,
        "cached_input_tokens": 829312,
        "output_tokens": 31333,
        "web_searches": 2,
        "final_response": "Ověření jsem zapsal do [work/verification.md](/home/vilo/demagog/fact_check_v2/experiments/v2_gpt-5.4_20260402_164100/id24678/work/verification.md).\n\nBěhem kontroly jsem upravil jen jednu věc v [work/draft.md](/home/vilo/demagog/fact_check_v2/experiments/v2_gpt-5.4_20260402_164100/id24678/work/draft.md): závěrečnou formulaci verdictu, aby byla stylisticky přirozená. Poté prošly všechny položky checklistu včetně spot-checku odkazů a `verification.md` končí `## Result: PASS`.",
        "items": [
          {
            "type": "AgentMessageItem",
            "text": "I’m running the draft against the formal checklist now. I’ll read the checklist first, then spot-check a few linked sources and fix only the lines that actually fail."
          },
          {
            "type": "CommandExecutionItem",
            "command": "/bin/bash -lc \"sed -n '1,260p' guides/verification_checklist.md\"",
            "exit_code": 0
          },
          {
            "type": "CommandExecutionItem",
            "command": "/bin/bash -lc \"sed -n '1,220p' guides/source_ranking.csv\"",
            "exit_code": 0
          },
          {
            "type": "CommandExecutionItem",
            "command": "/bin/bash -lc \"sed -n '1,220p' guides/style_guide.md\"",
            "exit_code": 0
          },
          {
            "type": "CommandExecutionItem",
            "command": "/bin/bash -lc \"sed -n '1,240p' work/draft.md\"",
            "exit_code": 0
          },
          {
            "type": "WebSearchItem",
            "query": "https://njt.hu/jogszabaly/2021-624-20-22"
          },
          {
            "type": "WebSearchItem",
            "query": "'jen jednou denně' in https://www.seznamzpravy.cz/clanek/zahranicni-madarske-cerpaci-stanice-maji-benzin-na-pridel-ridici-tak-jezdi-na-slovensko-220776"
          },
          {
            "type": "AgentMessageItem",
            "text": "One item needs a small style fix: the final verdict sentence is grammatically stiff. I’m adjusting only that line so the draft reads naturally while keeping the same substantive verdict."
          },
          {
            "type": "FileChangeItem"
          },
          {
            "type": "AgentMessageItem",
            "text": "The checklist is clean after the wording fix. I’m writing `work/verification.md` now with the pass/fail audit and a brief note on the links I spot-checked."
          },
          {
            "type": "FileChangeItem"
          },
          {
            "type": "AgentMessageItem",
            "text": "Ověření jsem zapsal do [work/verification.md](/home/vilo/demagog/fact_check_v2/experiments/v2_gpt-5.4_20260402_164100/id24678/work/verification.md).\n\nBěhem kontroly jsem upravil jen jednu věc v [work/draft.md](/home/vilo/demagog/fact_check_v2/experiments/v2_gpt-5.4_20260402_164100/id24678/work/draft.md): závěrečnou formulaci verdictu, aby byla stylisticky přirozená. Poté prošly všechny položky checklistu včetně spot-checku odkazů a `verification.md` končí `## Result: PASS`."
          }
        ]
      }
    },
    {
      "file": "step6_finalize_log.json",
      "content": {
        "step": "step6_finalize",
        "elapsed_seconds": 23.6,
        "prompt_length": 313,
        "input_tokens": 1290459,
        "cached_input_tokens": 1056384,
        "output_tokens": 33034,
        "web_searches": 0,
        "final_response": "Vytvořil jsem [output/report.md](/home/vilo/demagog/fact_check_v2/experiments/v2_gpt-5.4_20260402_164100/id24678/output/report.md) a předtím jsem ověřil, že [work/verification.md](/home/vilo/demagog/fact_check_v2/experiments/v2_gpt-5.4_20260402_164100/id24678/work/verification.md) končí `## Result: PASS`.",
        "items": [
          {
            "type": "AgentMessageItem",
            "text": "I’m doing the final assembly now: confirming the verification pass flag, then copying the original claim and the approved draft into `output/report.md`."
          },
          {
            "type": "CommandExecutionItem",
            "command": "/bin/bash -lc 'tail -n 5 work/verification.md'",
            "exit_code": 0
          },
          {
            "type": "CommandExecutionItem",
            "command": "/bin/bash -lc \"sed -n '1,220p' work/draft.md\"",
            "exit_code": 0
          },
          {
            "type": "CommandExecutionItem",
            "command": "/bin/bash -lc \"sed -n '1,40p' metadata.json\"",
            "exit_code": 0
          },
          {
            "type": "AgentMessageItem",
            "text": "Verification ends with the required pass marker. I’m writing the final packaged report file now with the original statement and the approved report body."
          },
          {
            "type": "FileChangeItem"
          },
          {
            "type": "AgentMessageItem",
            "text": "Vytvořil jsem [output/report.md](/home/vilo/demagog/fact_check_v2/experiments/v2_gpt-5.4_20260402_164100/id24678/output/report.md) a předtím jsem ověřil, že [work/verification.md](/home/vilo/demagog/fact_check_v2/experiments/v2_gpt-5.4_20260402_164100/id24678/work/verification.md) končí `## Result: PASS`."
          }
        ]
      }
    }
  ]
}