{
  "claim_id": "24684",
  "split": "v2",
  "source_experiment": "v2_gpt-5.4_20260402_164100",
  "source_md": "fact_check_v2/experiments/v2_gpt-5.4_20260402_164100/reports/report24684.md",
  "step_logs": [
    {
      "file": "step1_interpret_log.json",
      "content": {
        "step": "step1_interpret",
        "elapsed_seconds": 130.6,
        "prompt_length": 1987,
        "input_tokens": 212905,
        "cached_input_tokens": 125184,
        "output_tokens": 6135,
        "cost_usd": 0.342623,
        "final_response": "Analýzu jsem zapsal do [work/claim_interpretation.md](/home/vilo/demagog/fact_check_v2/experiments/v2_gpt-5.4_20260402_162216/id24684/work/claim_interpretation.md).\n\nSoubor obsahuje rozpad na dílčí tvrzení, zvolenou interpretaci výroku, datum výroku `19. března 2026`, hlavní vyhledávací okno `17.–19. března 2026`, plán hledání primárních zdrojů i vymezení nefaktických částí.",
        "items": [
          {
            "type": "AgentMessageItem",
            "text": "Interpreting the claim requires locating the actual claim metadata behind these placeholders and checking any step-specific guides before writing `work/claim_interpretation.md`. I’m reading the workspace context first so I can produce the correct artifact rather than guessing from `{claim}` and related placeholders."
          },
          {
            "type": "CommandExecutionItem",
            "command": "/bin/bash -lc pwd",
            "exit_code": 0
          },
          {
            "type": "CommandExecutionItem",
            "command": "/bin/bash -lc 'rg --files'",
            "exit_code": 0
          },
          {
            "type": "AgentMessageItem",
            "text": "The repository only has metadata and guide files, so I’m pulling those now. I need the real claim payload and any workflow guidance that affects how `claim_interpretation.md` should be structured."
          },
          {
            "type": "CommandExecutionItem",
            "command": "/bin/bash -lc \"sed -n '1,220p' metadata.json\"",
            "exit_code": 0
          },
          {
            "type": "CommandExecutionItem",
            "command": "/bin/bash -lc \"sed -n '1,260p' guides/prirucka.md\"",
            "exit_code": 0
          },
          {
            "type": "CommandExecutionItem",
            "command": "/bin/bash -lc \"sed -n '1,240p' guides/style_guide.md\"",
            "exit_code": 0
          },
          {
            "type": "CommandExecutionItem",
            "command": "/bin/bash -lc \"sed -n '1,220p' guides/source_ranking.csv\"",
            "exit_code": 0
          },
          {
            "type": "WebSearchItem",
            "query": "\"Bude to dělat tiskové oddělení, bude to dělat PR tým\" ministr vnitra Mettner krizový informační tým"
          },
          {
            "type": "WebSearchItem",
            "query": "\"Žádné focení u benzinek nebude,\" slibuje Rakušan. Babišovi vyčítá pokrytectví"
          },
          {
            "type": "WebSearchItem",
            "query": "https://tn.nova.cz/zpravodajstvi/tema/45879-ozarovani"
          },
          {
            "type": "WebSearchItem",
            "query": "Mettner ministr vnitra 2026"
          },
          {
            "type": "WebSearchItem",
            "query": "https://www.frekvence1.cz/radio/zaznamy-poradu/press-klub/ministr-vnitra-lubomir-metnar-ano-o-zruseni-krizoveho-informacniho-tymu-vracime-se-k-efektivnejsimu-modelu.shtml"
          },
          {
            "type": "WebSearchItem",
            "query": "\"Bude to dělat tiskové oddělení, bude to dělat PR tým\" Metnar"
          },
          {
            "type": "WebSearchItem",
            "query": "site:mvcr.cz \"Krizový informační tým\" 2026"
          },
          {
            "type": "WebSearchItem",
            "query": "site:frekvence1.cz Metnar tiskové oddělení PR tým krizový informační tým"
          },
          {
            "type": "AgentMessageItem",
            "text": "I have the actual claim and context now. The key ambiguity is narrow: whether we are checking a literal quote from Metnar, or the broader substance that he shifted crisis communication to the press/PR apparatus after abolishing KRIT."
          },
          {
            "type": "CommandExecutionItem",
            "command": "/bin/bash -lc 'find . -maxdepth 2 -type d | sort'",
            "exit_code": 0
          },
          {
            "type": "CommandExecutionItem",
            "command": "/bin/bash -lc 'ls -la'",
            "exit_code": 0
          },
          {
            "type": "WebSearchItem",
            "query": "Metnar krizový informační tým březen 2026"
          },
          {
            "type": "WebSearchItem",
            "query": "KRIT Metnar tiskové oddělení PR tým ministr vnitra"
          },
          {
            "type": "WebSearchItem",
            "query": "https://www.seznamzpravy.cz/clanek/domaci-politika-ministerstvo-vnitra-rusi-svuj-krizovy-informacni-tym-oznamil-jeho-sef-301889"
          },
          {
            "type": "AgentMessageItem",
            "text": "I have enough context to write the interpretation artifact. I’m treating the main check as a quote-attribution claim with a fallback substantive interpretation, because the exact sentence may come from an interview while the official ministry wording appears slightly more formal."
          },
          {
            "type": "FileChangeItem"
          },
          {
            "type": "AgentMessageItem",
            "text": "The interpretation file is written. I’m doing a quick readback to make sure the date window and the verification target are explicit enough for step 2."
          },
          {
            "type": "CommandExecutionItem",
            "command": "/bin/bash -lc \"sed -n '1,240p' work/claim_interpretation.md\"",
            "exit_code": 0
          },
          {
            "type": "AgentMessageItem",
            "text": "Analýzu jsem zapsal do [work/claim_interpretation.md](/home/vilo/demagog/fact_check_v2/experiments/v2_gpt-5.4_20260402_162216/id24684/work/claim_interpretation.md).\n\nSoubor obsahuje rozpad na dílčí tvrzení, zvolenou interpretaci výroku, datum výroku `19. března 2026`, hlavní vyhledávací okno `17.–19. března 2026`, plán hledání primárních zdrojů i vymezení nefaktických částí."
          }
        ]
      }
    },
    {
      "file": "step2_search_log.json",
      "content": {
        "step": "step2_search",
        "elapsed_seconds": 167.6,
        "prompt_length": 1693,
        "input_tokens": 571279,
        "cached_input_tokens": 352896,
        "output_tokens": 14253,
        "cost_usd": 0.847976,
        "final_response": "Zdroje jsem zapsal do [work/raw_sources.md](/home/vilo/demagog/fact_check_v2/experiments/v2_gpt-5.4_20260402_162216/id24684/work/raw_sources.md).\n\nSoubor obsahuje 10 zdrojů v požadovaném formátu, včetně primárních materiálů Ministerstva vnitra, veřejnoprávních médií a dalších relevantních článků. Z průběžného sběru zatím vychází, že Metnar a MV před 19. březnem 2026 opakovaně mluvili o integraci strategické komunikace do oddělení tisku a PR, ale nezávislé doložení Rakušanovy doslovné citace se mi zatím najít nepodařilo. ([mv.gov.cz](https://mv.gov.cz/docDetail.aspx?docid=22549556&doctype=ART))",
        "items": [
          {
            "type": "AgentMessageItem",
            "text": "I’m moving to source collection now. First I’m reopening the interpretation file and then I’ll search in the priority order the workflow requires: ministry sources first, then public-service media, then other reputable coverage, with attention to whether the quote is exact or only paraphrased."
          },
          {
            "type": "CommandExecutionItem",
            "command": "/bin/bash -lc \"sed -n '1,220p' work/claim_interpretation.md\"",
            "exit_code": 0
          },
          {
            "type": "CommandExecutionItem",
            "command": "/bin/bash -lc 'date +%F'",
            "exit_code": 0
          },
          {
            "type": "WebSearchItem",
            "query": "site:mvcr.cz Metnar \"strategická komunikace\" \"oddělení tisku a PR\""
          },
          {
            "type": "WebSearchItem",
            "query": "Metnar \"oddělení tisku a PR\""
          },
          {
            "type": "WebSearchItem",
            "query": "https://www.seznamzpravy.cz/clanek/domaci-politika-ministerstvo-vnitra-rusi-svuj-krizovy-informacni-tym-oznamil-jeho-sef-301889"
          },
          {
            "type": "WebSearchItem",
            "query": "https://mv.gov.cz/clanek/aktualni-reorganizace-na-ministerstvu-vnitra.aspx"
          },
          {
            "type": "WebSearchItem",
            "query": "site:irozhlas.cz \"Krizový informační tým\" Metnar"
          },
          {
            "type": "WebSearchItem",
            "query": "site:frekvence1.cz Metnar \"Krizový informační tým\""
          },
          {
            "type": "WebSearchItem",
            "query": "https://www.frekvence1.cz/radio/zaznamy-poradu/press-klub/ministr-vnitra-lubomir-metnar-ano-o-zruseni-krizoveho-informacniho-tymu-vracime-se-k-efektivnejsimu-modelu.shtml"
          },
          {
            "type": "WebSearchItem",
            "query": "\"Bude to dělat tiskové oddělení, bude to dělat PR tým\""
          },
          {
            "type": "WebSearchItem",
            "query": "https://ct24.ceskatelevize.cz/clanek/domaci/vnitro-zrusilo-krizovy-informacni-tym-pomahal-i-pri-povodnich-371423"
          },
          {
            "type": "WebSearchItem",
            "query": "\"Bude to dělat tiskové oddělení, bude to dělat PR tým\" Metnar -tn.nova.cz"
          },
          {
            "type": "WebSearchItem",
            "query": "site:mvcr.cz KRIT 72 hodin mvcr"
          },
          {
            "type": "WebSearchItem",
            "query": ""
          },
          {
            "type": "WebSearchItem",
            "query": "site:mvcr.cz \"72 hodin\" mvcr povodně brožura"
          },
          {
            "type": "WebSearchItem",
            "query": "\"Co se týče strategické komunikace, tak tento útvar zůstává\" Metnar"
          },
          {
            "type": "WebSearchItem",
            "query": "site:mvcr.cz mvcr \"72 hodin\" brožura"
          },
          {
            "type": "WebSearchItem",
            "query": "\"72 hodin\" ministerstvo vnitra brožura"
          },
          {
            "type": "WebSearchItem",
            "query": "https://mv.gov.cz/bsmv/clanek/prirucku-72-hodin-si-precetly-temer-4-miliony-cechu-kampan-posilila-povedomi-o-krizove-pripravenosti.aspx"
          },
          {
            "type": "AgentMessageItem",
            "text": "I have the source set. The strongest pattern is clear: several outlets repeat the ministry’s line that strategic communication was folded back into the press/PR structure, but I still do not have an independent pre-claim source with Metnar saying Rakušan’s exact quoted sentence verbatim. I’m writing that distinction into `raw_sources.md` rather than smoothing it over."
          },
          {
            "type": "FileChangeItem"
          },
          {
            "type": "WebSearchItem",
            "query": "site:irozhlas.cz vnitro rusi krizovy informacni tym resort argumentuje setrenim sef oddeleni je"
          },
          {
            "type": "WebSearchItem",
            "query": "https://www.irozhlas.cz/zpravy-domov/vnitro-rusi-krizovy-informacni-tym-resort-argumentuje-setrenim-sef-oddeleni-je_2603180749_mst"
          },
          {
            "type": "WebSearchItem",
            "query": "site:mv.gov.cz/bsmv \"Prirucku 72 hodin si precetly temer 4 miliony Cechu\""
          },
          {
            "type": "WebSearchItem",
            "query": "https://mv.gov.cz/docDetail.aspx?docid=22549556&doctype=ART"
          },
          {
            "type": "AgentMessageItem",
            "text": "I’m tightening one source entry now: the ministry’s `72 hodin` article has a cleaner canonical URL than the first one I wrote, so I’m replacing it to keep the raw source file precise."
          },
          {
            "type": "FileChangeItem"
          },
          {
            "type": "CommandExecutionItem",
            "command": "/bin/bash -lc \"sed -n '1,260p' work/raw_sources.md\"",
            "exit_code": 0
          },
          {
            "type": "AgentMessageItem",
            "text": "Zdroje jsem zapsal do [work/raw_sources.md](/home/vilo/demagog/fact_check_v2/experiments/v2_gpt-5.4_20260402_162216/id24684/work/raw_sources.md).\n\nSoubor obsahuje 10 zdrojů v požadovaném formátu, včetně primárních materiálů Ministerstva vnitra, veřejnoprávních médií a dalších relevantních článků. Z průběžného sběru zatím vychází, že Metnar a MV před 19. březnem 2026 opakovaně mluvili o integraci strategické komunikace do oddělení tisku a PR, ale nezávislé doložení Rakušanovy doslovné citace se mi zatím najít nepodařilo. ([mv.gov.cz](https://mv.gov.cz/docDetail.aspx?docid=22549556&doctype=ART))"
          }
        ]
      }
    },
    {
      "file": "step3_refine_log.json",
      "content": {
        "step": "step3_refine",
        "elapsed_seconds": 103.0,
        "prompt_length": 2274,
        "input_tokens": 744562,
        "cached_input_tokens": 480384,
        "output_tokens": 21057,
        "cost_usd": 1.096396,
        "final_response": "Refined seznam jsem zapsal do [work/refined_sources.md](/home/vilo/demagog/fact_check_v2/experiments/v2_gpt-5.4_20260402_162216/id24684/work/refined_sources.md).\n\nV souboru jsou všechny raw zdroje přehodnocené podle tierů, se statusem `kept/replaced/flagged`, validací odkazů a poznámkami k náhradám. Hlavní výsledek refinementu je, že pro věcnou interpretaci výroku máme dost silné tier-1 zdroje z Ministerstva vnitra, ČT24 a iROZHLASu, ale pro Rakušanovu doslovnou citaci stále chybí nezávislé tier-1 nebo tier-2 potvrzení; jediný nalezený alternativní materiál s jinou formulací zůstává jen jako opatrně použitelný flagged zdroj. ",
        "items": [
          {
            "type": "AgentMessageItem",
            "text": "I’m refining the source set now against the ranking guide and checking where secondary reporting can be collapsed into stronger primary evidence. The main thing I want to settle is whether the lone partially contradictory interview source can be replaced by a better-ranked equivalent."
          },
          {
            "type": "CommandExecutionItem",
            "command": "/bin/bash -lc \"sed -n '1,260p' work/raw_sources.md\"",
            "exit_code": 0
          },
          {
            "type": "CommandExecutionItem",
            "command": "/bin/bash -lc \"sed -n '1,220p' guides/source_ranking.csv\"",
            "exit_code": 0
          },
          {
            "type": "CommandExecutionItem",
            "command": "/bin/bash -lc \"sed -n '1,220p' work/claim_interpretation.md\"",
            "exit_code": 0
          },
          {
            "type": "WebSearchItem",
            "query": "\"Co se týče strategické komunikace, tak tento útvar zůstává\""
          },
          {
            "type": "WebSearchItem",
            "query": "https://mv.gov.cz/soubor/mv-176847-2-tp-2025.aspx"
          },
          {
            "type": "WebSearchItem",
            "query": "'tiskové dělalo' in https://ct24.ceskatelevize.cz/clanek/domaci/vnitro-zrusilo-krizovy-informacni-tym-pomahal-i-pri-povodnich-371423"
          },
          {
            "type": "WebSearchItem",
            "query": "https://mv.gov.cz/docDetail.aspx?docid=22549556&doctype=ART"
          },
          {
            "type": "AgentMessageItem",
            "text": "I’m keeping the refined file explicit about one weak spot: the evidence is good for the substance of the claim, but the verbatim quote still lacks an independent high-quality source. That distinction matters enough that I’m preserving it in the notes and final coverage summary."
          },
          {
            "type": "FileChangeItem"
          },
          {
            "type": "AgentMessageItem",
            "text": "Refined seznam jsem zapsal do [work/refined_sources.md](/home/vilo/demagog/fact_check_v2/experiments/v2_gpt-5.4_20260402_162216/id24684/work/refined_sources.md).\n\nV souboru jsou všechny raw zdroje přehodnocené podle tierů, se statusem `kept/replaced/flagged`, validací odkazů a poznámkami k náhradám. Hlavní výsledek refinementu je, že pro věcnou interpretaci výroku máme dost silné tier-1 zdroje z Ministerstva vnitra, ČT24 a iROZHLASu, ale pro Rakušanovu doslovnou citaci stále chybí nezávislé tier-1 nebo tier-2 potvrzení; jediný nalezený alternativní materiál s jinou formulací zůstává jen jako opatrně použitelný flagged zdroj. "
          }
        ]
      }
    },
    {
      "file": "step4_draft_log.json",
      "content": {
        "step": "step4_draft",
        "elapsed_seconds": 98.3,
        "prompt_length": 1887,
        "input_tokens": 1209190,
        "cached_input_tokens": 915200,
        "output_tokens": 27531,
        "cost_usd": 1.37674,
        "final_response": "Draft jsem zapsal do [work/draft.md](/home/vilo/demagog/fact_check_v2/experiments/v2_gpt-5.4_20260402_162216/id24684/work/draft.md).\n\nSoubor obsahuje perex do 280 znaků a HTML tělo v požadovaném stylu. Verdikt v draftu je postavený na tom, že zdroje potvrzují širší obsah Metnarova sdělení, ale ne dokládanou doslovnou citaci v podobě, kterou mu Rakušan připsal.",
        "items": [
          {
            "type": "AgentMessageItem",
            "text": "I’m calibrating the writeup now against the style guide and examples before drafting. The key editorial choice is the verdict: the sources support the substance of a transfer into the press/PR structure, but they do not cleanly support the exact quote as Rakušan presents it."
          },
          {
            "type": "CommandExecutionItem",
            "command": "/bin/bash -lc \"sed -n '1,260p' work/refined_sources.md\"",
            "exit_code": 0
          },
          {
            "type": "CommandExecutionItem",
            "command": "/bin/bash -lc \"sed -n '1,240p' guides/style_guide.md\"",
            "exit_code": 0
          },
          {
            "type": "CommandExecutionItem",
            "command": "/bin/bash -lc \"sed -n '1,220p' guides/examples.txt\"",
            "exit_code": 0
          },
          {
            "type": "AgentMessageItem",
            "text": "I have the draft line settled: the report will not pretend we proved the exact wording, but it also won’t ignore that the ministry’s own statement supports the broader substance. I’m writing it as a `zavádějící` claim, because the quotation marks make the unsupported exact phrasing materially important here."
          },
          {
            "type": "FileChangeItem"
          },
          {
            "type": "AgentMessageItem",
            "text": "The draft is written. I’m doing a quick pass for two things that usually bite here: perex length and whether every factual sentence in the body has an inline source."
          },
          {
            "type": "CommandExecutionItem",
            "command": "/bin/bash -lc \"sed -n '1,220p' work/draft.md\"",
            "exit_code": 0
          },
          {
            "type": "CommandExecutionItem",
            "command": "/bin/bash -lc \"python - <<'PY'\nfrom pathlib import Path\nimport re\ntext=Path('work/draft.md').read_text()\nm=re.search(r'<p class=\\\"perex\\\">(.*?)</p>', text)\nprint(len(m.group(1)))\nprint(m.group(1))\nPY\"",
            "exit_code": 0
          },
          {
            "type": "AgentMessageItem",
            "text": "I’m tightening the sourcing in the prose now. Two sentences were leaning on the surrounding context rather than carrying their own links, so I’m making those references explicit."
          },
          {
            "type": "FileChangeItem"
          },
          {
            "type": "CommandExecutionItem",
            "command": "/bin/bash -lc \"sed -n '1,220p' work/draft.md\"",
            "exit_code": 0
          },
          {
            "type": "AgentMessageItem",
            "text": "Draft jsem zapsal do [work/draft.md](/home/vilo/demagog/fact_check_v2/experiments/v2_gpt-5.4_20260402_162216/id24684/work/draft.md).\n\nSoubor obsahuje perex do 280 znaků a HTML tělo v požadovaném stylu. Verdikt v draftu je postavený na tom, že zdroje potvrzují širší obsah Metnarova sdělení, ale ne dokládanou doslovnou citaci v podobě, kterou mu Rakušan připsal."
          }
        ]
      }
    },
    {
      "file": "step5_verify_log.json",
      "content": {
        "step": "step5_verify",
        "elapsed_seconds": 93.5,
        "prompt_length": 1226,
        "input_tokens": 1596816,
        "cached_input_tokens": 1271936,
        "output_tokens": 34122,
        "cost_usd": 1.642014,
        "final_response": "Ověření jsem zapsal do [work/verification.md](/home/vilo/demagog/fact_check_v2/experiments/v2_gpt-5.4_20260402_162216/id24684/work/verification.md).\n\nPři kontrole jsem opravil dvě formální věci v [work/draft.md](/home/vilo/demagog/fact_check_v2/experiments/v2_gpt-5.4_20260402_162216/id24684/work/draft.md): doplnil jsem stránku u PDF citace a upravil anchor text u odkazů, aby nevisely na názvech médií. Po opětovném vyhodnocení všechny položky checklistu prošly a `verification.md` končí `## Result: PASS`.",
        "items": [
          {
            "type": "AgentMessageItem",
            "text": "I’m switching to verification now. First I’m loading the checklist and then I’ll test the draft against it, including a real spot-check of a few cited links rather than assuming they still resolve."
          },
          {
            "type": "CommandExecutionItem",
            "command": "/bin/bash -lc \"sed -n '1,260p' work/draft.md\"",
            "exit_code": 0
          },
          {
            "type": "CommandExecutionItem",
            "command": "/bin/bash -lc \"sed -n '1,220p' guides/source_ranking.csv\"",
            "exit_code": 0
          },
          {
            "type": "CommandExecutionItem",
            "command": "/bin/bash -lc \"sed -n '1,240p' guides/style_guide.md\"",
            "exit_code": 0
          },
          {
            "type": "CommandExecutionItem",
            "command": "/bin/bash -lc \"sed -n '1,260p' guides/verification_checklist.md\"",
            "exit_code": 0
          },
          {
            "type": "WebSearchItem",
            "query": "https://mv.gov.cz/clanek/aktualni-reorganizace-na-ministerstvu-vnitra.aspx"
          },
          {
            "type": "WebSearchItem",
            "query": "'od roku 2022 koordinoval' in https://ct24.ceskatelevize.cz/clanek/domaci/vnitro-zrusilo-krizovy-informacni-tym-pomahal-i-pri-povodnich-371423"
          },
          {
            "type": "AgentMessageItem",
            "text": "Verification found a couple of concrete style issues, not evidence issues: one PDF citation needs a page reference, and two hyperlinks still sit on outlet names instead of purely on key phrases. I’m fixing those directly in the draft before finalizing the checklist."
          },
          {
            "type": "FileChangeItem"
          },
          {
            "type": "WebSearchItem",
            "query": "https://mv.gov.cz/clanek/aktualni-reorganizace-na-ministerstvu-vnitra.aspx"
          },
          {
            "type": "WebSearchItem",
            "query": "'od roku 2022 koordinoval' in https://ct24.ceskatelevize.cz/clanek/domaci/vnitro-zrusilo-krizovy-informacni-tym-pomahal-i-pri-povodnich-371423"
          },
          {
            "type": "AgentMessageItem",
            "text": "The draft now clears the concrete style problems I found, so I’m writing the verification record. I’m marking the link spot-check explicitly with the three URLs I fetched and the passages they contain."
          },
          {
            "type": "FileChangeItem"
          },
          {
            "type": "AgentMessageItem",
            "text": "Ověření jsem zapsal do [work/verification.md](/home/vilo/demagog/fact_check_v2/experiments/v2_gpt-5.4_20260402_162216/id24684/work/verification.md).\n\nPři kontrole jsem opravil dvě formální věci v [work/draft.md](/home/vilo/demagog/fact_check_v2/experiments/v2_gpt-5.4_20260402_162216/id24684/work/draft.md): doplnil jsem stránku u PDF citace a upravil anchor text u odkazů, aby nevisely na názvech médií. Po opětovném vyhodnocení všechny položky checklistu prošly a `verification.md` končí `## Result: PASS`."
          }
        ]
      }
    },
    {
      "file": "step6_finalize_log.json",
      "content": {
        "step": "step6_finalize",
        "elapsed_seconds": 25.0,
        "prompt_length": 313,
        "input_tokens": 1891277,
        "cached_input_tokens": 1557760,
        "output_tokens": 35944,
        "cost_usd": 1.762392,
        "final_response": "Hotovo.",
        "items": [
          {
            "type": "AgentMessageItem",
            "text": "I’m finalizing the artifact now by checking that verification ended in `PASS` and then copying the verified draft into the output report with the original claim text."
          },
          {
            "type": "CommandExecutionItem",
            "command": "/bin/bash -lc 'tail -n 5 work/verification.md'",
            "exit_code": 0
          },
          {
            "type": "CommandExecutionItem",
            "command": "/bin/bash -lc 'cat work/draft.md'",
            "exit_code": 0
          },
          {
            "type": "CommandExecutionItem",
            "command": "/bin/bash -lc \"python - <<'PY'\nimport json\nfrom pathlib import Path\nm=json.loads(Path('metadata.json').read_text())\nprint(m['claim'])\nPY\"",
            "exit_code": 0
          },
          {
            "type": "AgentMessageItem",
            "text": "Verification is confirmed as `PASS`. I’m writing the final packaged report into `output/report.md` exactly from the original claim and the verified draft."
          },
          {
            "type": "FileChangeItem"
          },
          {
            "type": "AgentMessageItem",
            "text": "Hotovo."
          }
        ]
      }
    }
  ]
}