{
  "claim_id": "24690",
  "split": "v2",
  "source_experiment": "v2_gpt-5.4_20260402_164100",
  "source_md": "fact_check_v2/experiments/v2_gpt-5.4_20260402_164100/reports/report24690.md",
  "step_logs": [
    {
      "file": "step1_interpret_log.json",
      "content": {
        "step": "step1_interpret",
        "elapsed_seconds": 59.4,
        "prompt_length": 1987,
        "input_tokens": 187465,
        "cached_input_tokens": 101888,
        "output_tokens": 3865,
        "web_searches": 4,
        "final_response": "Hotovo. Interpretaci jsem zapsal do [work/claim_interpretation.md](/home/vilo/demagog/fact_check_v2/experiments/v2_gpt-5.4_20260402_164100/id24690/work/claim_interpretation.md).\n\nSoubor vymezuje hlavní ověřovanou interpretaci jako otázku, zda NAKIT k 19. březnu 2026 spadal do resortu Ministerstva vnitra, a zároveň upozorňuje na důležitou nuanci mezi „patří do resortu MV“ a „je přímou organizační součástí ministerstva“.",
        "items": [
          {
            "type": "AgentMessageItem",
            "text": "I’m locating the step inputs and the relevant guide/context files first, then I’ll write the claim interpretation to `work/claim_interpretation.md`."
          },
          {
            "type": "CommandExecutionItem",
            "command": "/bin/bash -lc 'pwd && rg --files .'",
            "exit_code": 0
          },
          {
            "type": "CommandExecutionItem",
            "command": "/bin/bash -lc \"rg -n \\\"\\\\{claim\\\\}|claim_interpretation|Step 1|speaker|source|context\\\" -S .\"",
            "exit_code": 0
          },
          {
            "type": "AgentMessageItem",
            "text": "I found the actual claim inputs in `metadata.json`. Next I’m reading that file and the core guide sections that constrain interpretation and sourcing, then I’ll draft the Step 1 artifact."
          },
          {
            "type": "CommandExecutionItem",
            "command": "/bin/bash -lc \"sed -n '1,140p' guides/style_guide.md\"",
            "exit_code": 0
          },
          {
            "type": "CommandExecutionItem",
            "command": "/bin/bash -lc \"sed -n '1,200p' metadata.json\"",
            "exit_code": 0
          },
          {
            "type": "CommandExecutionItem",
            "command": "/bin/bash -lc \"sed -n '1,160p' guides/prirucka.md\"",
            "exit_code": 0
          },
          {
            "type": "AgentMessageItem",
            "text": "The claim is narrow: whether NAKIT falls under the Interior Ministry in the organizational sense. I’m checking the official institutional naming and supervision structure so the interpretation and search plan are precise."
          },
          {
            "type": "WebSearchItem",
            "query": "NAKIT Ministerstvo vnitra organizační složka podřízená 2026 site:nakit.gov.cz OR site:mv.gov.cz"
          },
          {
            "type": "WebSearchItem",
            "query": "site:nakit.gov.cz NAKIT zřizovatel Ministerstvo vnitra s.p."
          },
          {
            "type": "WebSearchItem",
            "query": "https://mv.gov.cz/clanek/vznika-narodni-agentura-pro-komunikacni-a-informacni-technologie.aspx"
          },
          {
            "type": "WebSearchItem",
            "query": "site:mv.gov.cz NAKIT státní podnik zakladatel Ministerstvo vnitra"
          },
          {
            "type": "AgentMessageItem",
            "text": "I have enough context for Step 1: the main ambiguity is between “NAKIT is legally part of the ministry” and the looser “NAKIT belongs to the Interior Ministry’s resort / is founded and overseen by it.” I’m writing the interpretation file with that distinction explicit so later steps test the right thing."
          },
          {
            "type": "CommandExecutionItem",
            "command": "/bin/bash -lc 'ls -la'",
            "exit_code": 0
          },
          {
            "type": "CommandExecutionItem",
            "command": "/bin/bash -lc \"date -d '2026-03-19' +%A\"",
            "exit_code": 0
          },
          {
            "type": "AgentMessageItem",
            "text": "I’m editing `work/claim_interpretation.md` now. The file will narrow the verification target to the institution’s formal relationship to the Interior Ministry as of 19 March 2026, not to the broader political criticism around personnel changes."
          },
          {
            "type": "FileChangeItem"
          },
          {
            "type": "AgentMessageItem",
            "text": "The Step 1 artifact is written. I’m doing a quick readback check to make sure the dates, interpretation choice, and search plan are clean before I stop."
          },
          {
            "type": "CommandExecutionItem",
            "command": "/bin/bash -lc \"sed -n '1,240p' work/claim_interpretation.md\"",
            "exit_code": 0
          },
          {
            "type": "AgentMessageItem",
            "text": "Hotovo. Interpretaci jsem zapsal do [work/claim_interpretation.md](/home/vilo/demagog/fact_check_v2/experiments/v2_gpt-5.4_20260402_164100/id24690/work/claim_interpretation.md).\n\nSoubor vymezuje hlavní ověřovanou interpretaci jako otázku, zda NAKIT k 19. březnu 2026 spadal do resortu Ministerstva vnitra, a zároveň upozorňuje na důležitou nuanci mezi „patří do resortu MV“ a „je přímou organizační součástí ministerstva“."
          }
        ]
      }
    },
    {
      "file": "step2_search_log.json",
      "content": {
        "step": "step2_search",
        "elapsed_seconds": 232.5,
        "prompt_length": 1693,
        "input_tokens": 694372,
        "cached_input_tokens": 408192,
        "output_tokens": 13872,
        "web_searches": 31,
        "final_response": "Hotovo. Zdroje jsem zapsal do [work/raw_sources.md](/home/vilo/demagog/fact_check_v2/experiments/v2_gpt-5.4_20260402_164100/id24690/work/raw_sources.md).\n\nSoubor teď obsahuje široký mix primárních a doplňkových zdrojů. Hlavní linie je jasná: oficiální dokumenty silně podporují, že NAKIT spadá do resortu Ministerstva vnitra a že MV vůči němu vykonává zakladatelská práva, zároveň ale několik zdrojů výslovně ukazuje, že jde o samostatný státní podnik, což bude důležitá nuance pro další krok.",
        "items": [
          {
            "type": "AgentMessageItem",
            "text": "I’m reading the Step 1 artifact and then collecting a broad source set, starting with primary institutional documents and then adding media/context sources, including anything that cuts against the broad reading of “patří pod”."
          },
          {
            "type": "CommandExecutionItem",
            "command": "/bin/bash -lc \"sed -n '1,200p' guides/source_ranking.csv\"",
            "exit_code": 0
          },
          {
            "type": "CommandExecutionItem",
            "command": "/bin/bash -lc \"sed -n '1,220p' work/claim_interpretation.md\"",
            "exit_code": 0
          },
          {
            "type": "WebSearchItem",
            "query": "NAKIT Ministerstvo vnitra site:nakit.gov.cz"
          },
          {
            "type": "WebSearchItem",
            "query": "https://nakit.cz/wp-content/uploads/2020/08/Vyrocni-zprava-NAKIT-2019.pdf"
          },
          {
            "type": "WebSearchItem",
            "query": "site:nakit.cz \"Výroční zpráva\" NAKIT pdf 2024"
          },
          {
            "type": "WebSearchItem",
            "query": "\"Národní agentura pro komunikační a informační technologie, s. p.\" justice.cz"
          },
          {
            "type": "WebSearchItem",
            "query": "https://mv.gov.cz/volby/clanek/vznika-narodni-agentura-pro-komunikacni-a-informacni-technologie.aspx"
          },
          {
            "type": "WebSearchItem",
            "query": "\"zakládací listina\" NAKIT pdf"
          },
          {
            "type": "WebSearchItem",
            "query": "https://nakit.cz/o-agenture-nakit/"
          },
          {
            "type": "WebSearchItem",
            "query": "https://nakit.cz/wp-content/uploads/2026/03/NAKIT_Vyrocni_zprava_2024_CJ.pdf"
          },
          {
            "type": "WebSearchItem",
            "query": "https://nakit.cz/wp-content/uploads/2026/03/NAKIT_Vyrocni_zprava_2024_CJ.pdf"
          },
          {
            "type": "WebSearchItem",
            "query": ""
          },
          {
            "type": "WebSearchItem",
            "query": ""
          },
          {
            "type": "WebSearchItem",
            "query": "https://nakit.cz/wp-content/uploads/2024/06/Vyrocni-zprava-2023.pdf"
          },
          {
            "type": "WebSearchItem",
            "query": ""
          },
          {
            "type": "WebSearchItem",
            "query": ""
          },
          {
            "type": "WebSearchItem",
            "query": ""
          },
          {
            "type": "WebSearchItem",
            "query": "site:mv.gov.cz NAKIT resort ministerstva vnitra"
          },
          {
            "type": "WebSearchItem",
            "query": "https://mv.gov.cz/clanek/nakit-docasne-povede-jan-doubal.aspx"
          },
          {
            "type": "WebSearchItem",
            "query": "'Publikováno' in https://mv.gov.cz/clanek/nakit-docasne-povede-jan-doubal.aspx"
          },
          {
            "type": "WebSearchItem",
            "query": "irozhlas NAKIT ministerstvo vnitra Jan Ďoubal"
          },
          {
            "type": "WebSearchItem",
            "query": "site:mfcr.cz NAKIT Ministerstvo vnitra vlastnicka politika státu pdf"
          },
          {
            "type": "WebSearchItem",
            "query": "https://www.mfcr.cz/assets/attachments/2023-12-31_Zprava-o-plneni-opatreni-Strategie-vlastnicke-politiky-statu-za-rok-2023.pdf"
          },
          {
            "type": "WebSearchItem",
            "query": "https://www.mfcr.cz/cs/kontrola-a-regulace/majetek-statu/vlastnicka-politika-statu/2025/mf-informuje-o-plneni-strategie-vlastnicke-politik-61895"
          },
          {
            "type": "WebSearchItem",
            "query": "https://mf.gov.cz/assets/attachments/2024-12-31_Zprava-o-plneni-opatreni-Strategie-vlastnicke-politiky-statu-za-rok-2024.pdf"
          },
          {
            "type": "WebSearchItem",
            "query": "'NAKIT' in https://mf.gov.cz/assets/attachments/2024-12-31_Zprava-o-plneni-opatreni-Strategie-vlastnicke-politiky-statu-za-rok-2024.pdf"
          },
          {
            "type": "WebSearchItem",
            "query": "site:irozhlas.cz NAKIT Jan Ďoubal ministerstvo vnitra"
          },
          {
            "type": "WebSearchItem",
            "query": "https://ct24.ceskatelevize.cz/domaci/3553921-nakit-od-ledna-docasne-povede-dosavadni-vedouci-pravniho-odboru-doubal"
          },
          {
            "type": "WebSearchItem",
            "query": "https://www.seznamzpravy.cz/clanek/domaci-politika-v-cele-narodni-agentury-pro-komunikacni-a-informacni-technologie-skoncil-doubal-301934"
          },
          {
            "type": "AgentMessageItem",
            "text": "I have enough material to write the raw source set. I’m including both the broad-supporting evidence that NAKIT is in the Interior Ministry’s resort and the narrower-interpretation caveat that it is a separate state enterprise, not just an internal department."
          },
          {
            "type": "FileChangeItem"
          },
          {
            "type": "AgentMessageItem",
            "text": "I’ve written the source file. I’m checking the couple of less certain metadata fields now, mainly exact URLs and dates on the media/context sources, so the raw list is clean for the next step."
          },
          {
            "type": "WebSearchItem",
            "query": "site:seznamzpravy.cz Jan Ďoubal NAKIT 18. března 2026"
          },
          {
            "type": "WebSearchItem",
            "query": "https://www.seznamzpravy.cz/clanek/domaci-politika-v-cele-narodni-agentury-pro-komunikacni-a-informacni-technologie-skoncil-doubal-301934"
          },
          {
            "type": "WebSearchItem",
            "query": "site:nakit.cz \"Statut-2022.pdf\""
          },
          {
            "type": "WebSearchItem",
            "query": ""
          },
          {
            "type": "AgentMessageItem",
            "text": "I found one cleaner Finance Ministry source for the ministry’s zakladatelské role, so I’m swapping that into the raw list and tightening a few date labels."
          },
          {
            "type": "FileChangeItem"
          },
          {
            "type": "CommandExecutionItem",
            "command": "/bin/bash -lc \"sed -n '1,260p' work/raw_sources.md\"",
            "exit_code": 0
          },
          {
            "type": "AgentMessageItem",
            "text": "Hotovo. Zdroje jsem zapsal do [work/raw_sources.md](/home/vilo/demagog/fact_check_v2/experiments/v2_gpt-5.4_20260402_164100/id24690/work/raw_sources.md).\n\nSoubor teď obsahuje široký mix primárních a doplňkových zdrojů. Hlavní linie je jasná: oficiální dokumenty silně podporují, že NAKIT spadá do resortu Ministerstva vnitra a že MV vůči němu vykonává zakladatelská práva, zároveň ale několik zdrojů výslovně ukazuje, že jde o samostatný státní podnik, což bude důležitá nuance pro další krok."
          }
        ]
      }
    },
    {
      "file": "step3_refine_log.json",
      "content": {
        "step": "step3_refine",
        "elapsed_seconds": 106.8,
        "prompt_length": 2274,
        "input_tokens": 977062,
        "cached_input_tokens": 632192,
        "output_tokens": 22084,
        "web_searches": 5,
        "final_response": "Hotovo. Refined seznam jsem zapsal do [work/refined_sources.md](/home/vilo/demagog/fact_check_v2/experiments/v2_gpt-5.4_20260402_164100/id24690/work/refined_sources.md).\n\nZůstaly hlavně předclaimové primární zdroje: statut NAKIT, rejstříkový výpis a zprávy Ministerstva financí o vlastnické politice státu. Sekundární média jsem buď vyřadil jako nadbytečná, nebo ponechal jen jako kontext. Obě netriviální dílčí tvrzení mají dostatečné pokrytí.",
        "items": [
          {
            "type": "AgentMessageItem",
            "text": "I’m auditing the raw list against the ranking guide and validating the links. The main task here is to strip the list down to the strongest tier-1 evidence and demote media items to context where the same fact is already covered by primary sources."
          },
          {
            "type": "CommandExecutionItem",
            "command": "/bin/bash -lc \"sed -n '1,260p' work/raw_sources.md\"",
            "exit_code": 0
          },
          {
            "type": "CommandExecutionItem",
            "command": "/bin/bash -lc \"sed -n '1,200p' guides/source_ranking.csv\"",
            "exit_code": 0
          },
          {
            "type": "CommandExecutionItem",
            "command": "/bin/bash -lc \"sed -n '1,220p' work/claim_interpretation.md\"",
            "exit_code": 0
          },
          {
            "type": "WebSearchItem",
            "query": "https://nakit.cz/o-agenture-nakit/"
          },
          {
            "type": "WebSearchItem",
            "query": "'Zakladatelem NAKIT je Ministerstvo vnitra' in https://nakit.cz/wp-content/uploads/2022/02/Statut-2022.pdf"
          },
          {
            "type": "WebSearchItem",
            "query": "'28. prosince 2022' in https://ct24.ceskatelevize.cz/clanek/domaci/nakit-od-ledna-docasne-povede-dosavadni-vedouci-pravniho-odboru-doubal-12307"
          },
          {
            "type": "WebSearchItem",
            "query": "https://mf.gov.cz/cs/kontrola-a-regulace/majetek-statu/vlastnicka-politika-statu/2025/mf-informuje-o-plneni-strategie-vlastnicke-politik-61895"
          },
          {
            "type": "WebSearchItem",
            "query": "https://or.justice.cz/ias/ui/rejstrik-firma.vysledky?subjektId=923323&typ=PLATNY"
          },
          {
            "type": "AgentMessageItem",
            "text": "I’ve finished the cull. The refined set will keep the strongest pre-claim official documents, strip out duplicate wording, and leave only one media item as clearly labeled context rather than evidence."
          },
          {
            "type": "FileChangeItem"
          },
          {
            "type": "AgentMessageItem",
            "text": "The refined list is written. I’m doing a final pass for one thing only: that none of the “kept” entries quietly rely on post-claim material or on secondary sourcing where a primary source already exists."
          },
          {
            "type": "CommandExecutionItem",
            "command": "/bin/bash -lc \"sed -n '1,320p' work/refined_sources.md\"",
            "exit_code": 0
          },
          {
            "type": "AgentMessageItem",
            "text": "Hotovo. Refined seznam jsem zapsal do [work/refined_sources.md](/home/vilo/demagog/fact_check_v2/experiments/v2_gpt-5.4_20260402_164100/id24690/work/refined_sources.md).\n\nZůstaly hlavně předclaimové primární zdroje: statut NAKIT, rejstříkový výpis a zprávy Ministerstva financí o vlastnické politice státu. Sekundární média jsem buď vyřadil jako nadbytečná, nebo ponechal jen jako kontext. Obě netriviální dílčí tvrzení mají dostatečné pokrytí."
          }
        ]
      }
    },
    {
      "file": "step4_draft_log.json",
      "content": {
        "step": "step4_draft",
        "elapsed_seconds": 40.2,
        "prompt_length": 1887,
        "input_tokens": 1319395,
        "cached_input_tokens": 942464,
        "output_tokens": 24753,
        "web_searches": 0,
        "final_response": "Hotovo. Návrh reportu jsem zapsal do [work/draft.md](/home/vilo/demagog/fact_check_v2/experiments/v2_gpt-5.4_20260402_164100/id24690/work/draft.md).\n\nDraft drží charitativní interpretaci výroku: výslovně rozlišuje mezi tím, že NAKIT není odbor ministerstva, ale samostatný státní podnik, a tím, že zároveň patří do resortu Ministerstva vnitra.",
        "items": [
          {
            "type": "AgentMessageItem",
            "text": "I’m reading the refined sources and calibrating against the style guide and example reports now. Then I’ll write the full Czech draft directly in the Demagog format, not as notes."
          },
          {
            "type": "CommandExecutionItem",
            "command": "/bin/bash -lc \"sed -n '1,260p' work/refined_sources.md\"",
            "exit_code": 0
          },
          {
            "type": "CommandExecutionItem",
            "command": "/bin/bash -lc \"sed -n '1,180p' guides/style_guide.md\"",
            "exit_code": 0
          },
          {
            "type": "CommandExecutionItem",
            "command": "/bin/bash -lc \"sed -n '1,220p' guides/examples.txt\"",
            "exit_code": 0
          },
          {
            "type": "AgentMessageItem",
            "text": "I have the structure. I’m writing a short contextual opening, then two evidence paragraphs built only from the refined sources, and a conclusion that resolves the “samostatný podnik vs. resort MV” nuance cleanly."
          },
          {
            "type": "FileChangeItem"
          },
          {
            "type": "AgentMessageItem",
            "text": "The draft is written. I’m checking only for style compliance now: paragraph count, hyperlink placement, and whether the conclusion states the verdict once and only once."
          },
          {
            "type": "CommandExecutionItem",
            "command": "/bin/bash -lc \"sed -n '1,220p' work/draft.md\"",
            "exit_code": 0
          },
          {
            "type": "AgentMessageItem",
            "text": "Hotovo. Návrh reportu jsem zapsal do [work/draft.md](/home/vilo/demagog/fact_check_v2/experiments/v2_gpt-5.4_20260402_164100/id24690/work/draft.md).\n\nDraft drží charitativní interpretaci výroku: výslovně rozlišuje mezi tím, že NAKIT není odbor ministerstva, ale samostatný státní podnik, a tím, že zároveň patří do resortu Ministerstva vnitra."
          }
        ]
      }
    },
    {
      "file": "step5_verify_log.json",
      "content": {
        "step": "step5_verify",
        "elapsed_seconds": 109.9,
        "prompt_length": 1226,
        "input_tokens": 1864116,
        "cached_input_tokens": 1430528,
        "output_tokens": 31541,
        "web_searches": 9,
        "final_response": "Hotovo. Ověření jsem zapsal do [work/verification.md](/home/vilo/demagog/fact_check_v2/experiments/v2_gpt-5.4_20260402_164100/id24690/work/verification.md).\n\nPři kontrole jsem v draftu opravil formát citací: převedl jsem odkazy do HTML, doplnil čísla stran u PDF a zpřesnil úvodní odstavec, aby nestál na necitovaném kontextu. Po těchto úpravách checklist vychází `PASS`.",
        "items": [
          {
            "type": "AgentMessageItem",
            "text": "I’m running the checklist now and spot-checking links. I expect at least one style issue, so I’m verifying against the actual checklist before touching the draft."
          },
          {
            "type": "CommandExecutionItem",
            "command": "/bin/bash -lc \"sed -n '1,240p' guides/verification_checklist.md\"",
            "exit_code": 0
          },
          {
            "type": "CommandExecutionItem",
            "command": "/bin/bash -lc \"sed -n '1,180p' guides/style_guide.md\"",
            "exit_code": 0
          },
          {
            "type": "CommandExecutionItem",
            "command": "/bin/bash -lc \"sed -n '1,220p' work/draft.md\"",
            "exit_code": 0
          },
          {
            "type": "WebSearchItem",
            "query": ""
          },
          {
            "type": "WebSearchItem",
            "query": "https://nakit.cz/wp-content/uploads/2022/02/Statut-2022.pdf"
          },
          {
            "type": "WebSearchItem",
            "query": "'vykonává zakladatelské funkce ke dvěma státním podnikům' in https://www.mfcr.cz/assets/attachments/2023-12-31_Zprava-o-plneni-opatreni-Strategie-vlastnicke-politiky-statu-za-rok-2023.pdf"
          },
          {
            "type": "WebSearchItem",
            "query": "'1. února 2016' in https://nakit.cz/wp-content/uploads/2024/06/Vyrocni-zprava-2023.pdf"
          },
          {
            "type": "WebSearchItem",
            "query": "https://nakit.cz/wp-content/uploads/2023/11/Vypis-z-obchodniho-rejstriku.pdf"
          },
          {
            "type": "WebSearchItem",
            "query": "https://mf.gov.cz/assets/attachments/2024-12-31_Zprava-o-plneni-opatreni-Strategie-vlastnicke-politiky-statu-za-rok-2024.pdf"
          },
          {
            "type": "WebSearchItem",
            "query": "'vykonává zakladatelské funkce ke 2 státním podnikům' in https://mf.gov.cz/assets/attachments/2024-12-31_Zprava-o-plneni-opatreni-Strategie-vlastnicke-politiky-statu-za-rok-2024.pdf"
          },
          {
            "type": "AgentMessageItem",
            "text": "The checklist exposed the expected issue: citations need to be proper inline HTML links and the PDF citations should carry page numbers. I’m tightening the draft on exactly those points and removing one weaker duplicate citation."
          },
          {
            "type": "FileChangeItem"
          },
          {
            "type": "WebSearchItem",
            "query": "https://nakit.cz/wp-content/uploads/2022/02/Statut-2022.pdf"
          },
          {
            "type": "WebSearchItem",
            "query": "'vykonává zakladatelské funkce ke dvěma státním podnikům' in https://www.mfcr.cz/assets/attachments/2023-12-31_Zprava-o-plneni-opatreni-Strategie-vlastnicke-politiky-statu-za-rok-2023.pdf"
          },
          {
            "type": "AgentMessageItem",
            "text": "I’m making one last tightening change before writing the verification file: the opening paragraph shouldn’t rely on uncited transcript context. I’m recasting it as a neutral interpretive frame."
          },
          {
            "type": "FileChangeItem"
          },
          {
            "type": "AgentMessageItem",
            "text": "I’ve cleared the style and sourcing issues. I’m writing the verification report now, including the three link spot-checks I actually fetched against the cited passages."
          },
          {
            "type": "FileChangeItem"
          },
          {
            "type": "AgentMessageItem",
            "text": "Hotovo. Ověření jsem zapsal do [work/verification.md](/home/vilo/demagog/fact_check_v2/experiments/v2_gpt-5.4_20260402_164100/id24690/work/verification.md).\n\nPři kontrole jsem v draftu opravil formát citací: převedl jsem odkazy do HTML, doplnil čísla stran u PDF a zpřesnil úvodní odstavec, aby nestál na necitovaném kontextu. Po těchto úpravách checklist vychází `PASS`."
          }
        ]
      }
    },
    {
      "file": "step6_finalize_log.json",
      "content": {
        "step": "step6_finalize",
        "elapsed_seconds": 16.2,
        "prompt_length": 313,
        "input_tokens": 2173002,
        "cached_input_tokens": 1731968,
        "output_tokens": 32750,
        "web_searches": 0,
        "final_response": "Hotovo. Finální report je v [output/report.md](/home/vilo/demagog/fact_check_v2/experiments/v2_gpt-5.4_20260402_164100/id24690/output/report.md).",
        "items": [
          {
            "type": "AgentMessageItem",
            "text": "I’m confirming the verification result and then writing the final deliverable to `output/report.md` with the original claim and the finalized report body from the draft."
          },
          {
            "type": "CommandExecutionItem",
            "command": "/bin/bash -lc 'tail -n 5 work/verification.md'",
            "exit_code": 0
          },
          {
            "type": "CommandExecutionItem",
            "command": "/bin/bash -lc \"printf 'CLAIM:\\\\n'; jq -r .claim metadata.json; printf '\\\\nDRAFT:\\\\n'; sed -n '1,220p' work/draft.md\"",
            "exit_code": 0
          },
          {
            "type": "AgentMessageItem",
            "text": "Verification ends with `## Result: PASS`. I’m writing the final report file now exactly in the requested output structure."
          },
          {
            "type": "FileChangeItem"
          },
          {
            "type": "AgentMessageItem",
            "text": "Hotovo. Finální report je v [output/report.md](/home/vilo/demagog/fact_check_v2/experiments/v2_gpt-5.4_20260402_164100/id24690/output/report.md)."
          }
        ]
      }
    }
  ]
}