{
  "claim_id": "24715",
  "split": "v2",
  "source_experiment": "v2_gpt-5.4_20260421_113102",
  "source_md": "fact_check_v2/experiments/v2_gpt-5.4_20260421_113102/reports/report24715.md",
  "step_logs": [
    {
      "file": "step1_interpret_log.json",
      "content": {
        "step": "step1_interpret",
        "elapsed_seconds": 95.6,
        "prompt_length": 3890,
        "input_tokens": 201013,
        "cached_input_tokens": 105984,
        "output_tokens": 4824,
        "web_searches": 7,
        "final_response": "Analýzu jsem zapsal do [work/claim_interpretation.md](/home/vilo/demagog/fact_check_v2/experiments/v2_gpt-5.4_20260421_113102/id24715/work/claim_interpretation.md).\n\nZvolil jsem nejcharitativnější interpretaci, že výrok míří hlavně na už existující zákonné osvobození pro nízkopříjmové domácnosti, a zároveň jsem poznamenal riziko širšího čtení, protože formulace „sociálně ohrožení“ je širší než přesné zákonné kategorie.",
        "items": [
          {
            "type": "ErrorItem"
          },
          {
            "type": "AgentMessageItem",
            "text": "Nejprve si projdu strukturu repozitáře a ověřím, jestli pro tento krok existují lokální vodítka nebo předchozí artefakty, které mám respektovat. Pak si jen v nutném rozsahu ověřím kontext výroku a zapíšu interpretaci do `work/claim_interpretation.md`."
          },
          {
            "type": "CommandExecutionItem",
            "command": "/bin/bash -lc pwd",
            "exit_code": 0
          },
          {
            "type": "CommandExecutionItem",
            "command": "/bin/bash -lc \"find .. -maxdepth 2 -iname '*guide*' -o -name 'AGENTS.md'\"",
            "exit_code": 0
          },
          {
            "type": "CommandExecutionItem",
            "command": "/bin/bash -lc 'rg --files'",
            "exit_code": 0
          },
          {
            "type": "AgentMessageItem",
            "text": "Našel jsem lokální příručky a zkontroluji ještě metadata úlohy, abych nepřeskočil nic, co ovlivňuje interpretaci nebo dataci výroku. Potom ověřím jen potřebný kontext k rozhlasovému pořadu a k tomu, koho zákon od poplatků osvobozuje."
          },
          {
            "type": "CommandExecutionItem",
            "command": "/bin/bash -lc \"sed -n '1,220p' metadata.json\"",
            "exit_code": 0
          },
          {
            "type": "CommandExecutionItem",
            "command": "/bin/bash -lc \"sed -n '1,220p' guides/source_ranking.csv\"",
            "exit_code": 0
          },
          {
            "type": "CommandExecutionItem",
            "command": "/bin/bash -lc \"sed -n '1,220p' guides/style_guide.md\"",
            "exit_code": 0
          },
          {
            "type": "WebSearchItem",
            "query": "site:plus.rozhlas.cz koncesionářské poplatky jsou zastaralé platí je hlavně senioři zní z SPD opozice 9610185"
          },
          {
            "type": "WebSearchItem",
            "query": "https://plus.rozhlas.cz/koncesionarske-poplatky-jsou-zastarale-plati-je-hlavne-seniori-zni-z-spd-opozice-9610185"
          },
          {
            "type": "WebSearchItem",
            "query": "'osvoboz' in https://www.zakonyprolidi.cz/cs/2025-119"
          },
          {
            "type": "WebSearchItem",
            "query": "https://www.zakonyprolidi.cz/cs/2025-119"
          },
          {
            "type": "WebSearchItem",
            "query": "site:zakonyprolidi.cz/cs/2005-348 § 4 § 5 sociálně zranitelné skupiny rozhlasový televizní poplatek"
          },
          {
            "type": "WebSearchItem",
            "query": "https://www.zakonyprolidi.cz/cs/2005-348?text=348%2F2005"
          },
          {
            "type": "WebSearchItem",
            "query": "https://www.zakonyprolidi.cz/monitor/8011568.htm"
          },
          {
            "type": "AgentMessageItem",
            "text": "Kontext je už dostatečný: výrok padl 17. dubna 2026 a v tehdy účinném znění zákona skutečně existovalo osvobození pro nízkopříjmové domácnosti a některé další skupiny. Teď sepíšu interpretaci tak, aby další krok mohl mířit hlavně na zákon a případně na důvodové materiály k debatě o rozšíření osvobození."
          },
          {
            "type": "CommandExecutionItem",
            "command": "/bin/bash -lc \"test -f work/claim_interpretation.md && sed -n '1,220p' work/claim_interpretation.md || true\"",
            "exit_code": 0
          },
          {
            "type": "CommandExecutionItem",
            "command": "/bin/bash -lc 'ls -la work'",
            "exit_code": 0
          },
          {
            "type": "AgentMessageItem",
            "text": "Zapíšu `work/claim_interpretation.md`. Soustředím to na dvě rozumné četby výroku: úzkou, právně obhajitelnou četbu o nízkopříjmových domácnostech, a širší četbu, která by už vyžadovala ověřit, zda Talíř nepřisuzuje zákonu širší ochranu, než skutečně dává."
          },
          {
            "type": "CompatFileChangeItem"
          },
          {
            "type": "CommandExecutionItem",
            "command": "/bin/bash -lc \"sed -n '1,260p' work/claim_interpretation.md\"",
            "exit_code": 0
          },
          {
            "type": "AgentMessageItem",
            "text": "Analýzu jsem zapsal do [work/claim_interpretation.md](/home/vilo/demagog/fact_check_v2/experiments/v2_gpt-5.4_20260421_113102/id24715/work/claim_interpretation.md).\n\nZvolil jsem nejcharitativnější interpretaci, že výrok míří hlavně na už existující zákonné osvobození pro nízkopříjmové domácnosti, a zároveň jsem poznamenal riziko širšího čtení, protože formulace „sociálně ohrožení“ je širší než přesné zákonné kategorie."
          }
        ]
      }
    },
    {
      "file": "step2_search_log.json",
      "content": {
        "step": "step2_search",
        "elapsed_seconds": 203.9,
        "prompt_length": 1771,
        "input_tokens": 615254,
        "cached_input_tokens": 300672,
        "output_tokens": 14133,
        "web_searches": 19,
        "final_response": "Surový soupis zdrojů jsem zapsal do [work/raw_sources.md](/home/vilo/demagog/fact_check_v2/experiments/v2_gpt-5.4_20260421_113102/id24715/work/raw_sources.md).\n\nPokryl jsem primární právní zdroje, oficiální materiály ČT a ČRo i veřejnoprávní zpravodajství, včetně zdrojů, které výrok spíš oslabují v širší interpretaci, protože ukazují, že zákonné osvobození se nevztahuje plošně třeba na všechny seniory nebo všechny zranitelné skupiny.",
        "items": [
          {
            "type": "ErrorItem"
          },
          {
            "type": "AgentMessageItem",
            "text": "Nejprve si znovu načtu interpretaci, abych držel stejné dílčí teze a časové okno. Pak projdu zákon, případné novely a veřejné informace ČT/ČRo, a vedle podpůrných zdrojů budu cíleně hledat i materiály, které ukazují, že osvobození se netýká všech zranitelných skupin."
          },
          {
            "type": "CommandExecutionItem",
            "command": "/bin/bash -lc \"sed -n '1,260p' work/claim_interpretation.md\"",
            "exit_code": 0
          },
          {
            "type": "CommandExecutionItem",
            "command": "/bin/bash -lc \"test -f work/raw_sources.md && sed -n '1,260p' work/raw_sources.md || true\"",
            "exit_code": 0
          },
          {
            "type": "WebSearchItem",
            "query": "site:zakonyprolidi.cz/cs/2005-348 televizní rozhlasové poplatky § 4 osvobození"
          },
          {
            "type": "WebSearchItem",
            "query": "site:psp.cz tisk 738 rozhlasové televizní poplatky důvodová zpráva osvobození"
          },
          {
            "type": "WebSearchItem",
            "query": "site:psp.cz/sqw/text/tiskt.sqw 738 rozhlasové televizní poplatky"
          },
          {
            "type": "WebSearchItem",
            "query": "site:senat.cz koncesionářské poplatky osvobození část obyvatel 2025"
          },
          {
            "type": "WebSearchItem",
            "query": "site:rozhlasovypoplatek.cz kdo je osvobozen od rozhlasového poplatku"
          },
          {
            "type": "WebSearchItem",
            "query": "https://www.zakonyprolidi.cz/cs/2005-348?text=348%2F2005"
          },
          {
            "type": "WebSearchItem",
            "query": "https://www.zakonyprolidi.cz/cs/2005-348?text=348%2F2005"
          },
          {
            "type": "WebSearchItem",
            "query": "https://www.zakonyprolidi.cz/cs/2005-348?text=348%2F2005"
          },
          {
            "type": "WebSearchItem",
            "query": "site:rozhlasovypoplatek.cz/osvobozeni od platby rozhlasový poplatek"
          },
          {
            "type": "WebSearchItem",
            "query": "site:ct24.ceskatelevize.cz senioři nejsou osvobozeni koncesionářské poplatky"
          },
          {
            "type": "WebSearchItem",
            "query": "\"Nová úprava nadále respektuje princip osvobození od poplatků z důvodů zdravotních i sociálních\""
          },
          {
            "type": "WebSearchItem",
            "query": "site:psp.cz/sqw/text/tiskt.sqw O=9 CT=738"
          },
          {
            "type": "WebSearchItem",
            "query": ""
          },
          {
            "type": "WebSearchItem",
            "query": "https://www.irozhlas.cz/zpravy-domov/v-platnost-vstoupila-medialni-novela-zvysila-poplatky-za-cesky-rozhlas-a-ceskou_2505010908_elev"
          },
          {
            "type": "WebSearchItem",
            "query": "site:senat.cz 27. 2. 2025 důchodce handicapované děti koncesionářské poplatky"
          },
          {
            "type": "WebSearchItem",
            "query": "site:rozhlas.cz/koncesionarsky-poplatek osvobození"
          },
          {
            "type": "WebSearchItem",
            "query": "https://poplatek.rozhlas.cz/osvobozeni-8752432"
          },
          {
            "type": "WebSearchItem",
            "query": "site:poplatky.ceskatelevize.cz osvobození televizní poplatek 2,15násobek životního minima"
          },
          {
            "type": "WebSearchItem",
            "query": "https://poplatky.ceskatelevize.cz/media/domacnost/osvobozeni_FO_2025.pdf"
          },
          {
            "type": "AgentMessageItem",
            "text": "Mám už dost materiálu pro surový soupis zdrojů: zákon v účinném znění, novelu z roku 2025, oficiální formuláře ČT a ČRo k sociálnímu osvobození a několik veřejnoprávních zpráv, které dobře ukazují hranici mezi úzkým a širokým čtením výroku. Teď to zapíšu do `work/raw_sources.md` tak, aby v dalším kroku bylo snadné vybrat nosné i protichůdné zdroje."
          },
          {
            "type": "CompatFileChangeItem"
          },
          {
            "type": "CommandExecutionItem",
            "command": "/bin/bash -lc \"sed -n '1,320p' work/raw_sources.md\"",
            "exit_code": 0
          },
          {
            "type": "AgentMessageItem",
            "text": "Surový soupis zdrojů jsem zapsal do [work/raw_sources.md](/home/vilo/demagog/fact_check_v2/experiments/v2_gpt-5.4_20260421_113102/id24715/work/raw_sources.md).\n\nPokryl jsem primární právní zdroje, oficiální materiály ČT a ČRo i veřejnoprávní zpravodajství, včetně zdrojů, které výrok spíš oslabují v širší interpretaci, protože ukazují, že zákonné osvobození se nevztahuje plošně třeba na všechny seniory nebo všechny zranitelné skupiny."
          }
        ]
      }
    },
    {
      "file": "step3_refine_log.json",
      "content": {
        "step": "step3_refine",
        "elapsed_seconds": 95.6,
        "prompt_length": 2274,
        "input_tokens": 843695,
        "cached_input_tokens": 470272,
        "output_tokens": 20299,
        "web_searches": 5,
        "final_response": "Refinovaný seznam jsem zapsal do [work/refined_sources.md](/home/vilo/demagog/fact_check_v2/experiments/v2_gpt-5.4_20260421_113102/id24715/work/refined_sources.md).\n\nZáklad důkazů jsem stáhl na zákon, novelu a oficiální materiály ČT a ČRo. Duplicitní mediální články jsem nahradil primárními zdroji, jeden článek z ČT24 jsem nechal jen jako `flagged` pro širší interpretaci výroku a jeden senátní odkaz jsem vyřadil, protože nešel spolehlivě validovat.",
        "items": [
          {
            "type": "ErrorItem"
          },
          {
            "type": "AgentMessageItem",
            "text": "Teď udělám čistku: zkontroluji každou doménu proti žebříčku, ověřím odkazy a u mediálních článků posoudím, jestli je lze nahradit přímým primárním zdrojem. Cíl je dostat se na co nejmenší, ale dostatečně nosnou sadu důkazů pro každé dílčí tvrzení."
          },
          {
            "type": "CommandExecutionItem",
            "command": "/bin/bash -lc \"sed -n '1,260p' work/raw_sources.md\"",
            "exit_code": 0
          },
          {
            "type": "CommandExecutionItem",
            "command": "/bin/bash -lc \"sed -n '1,220p' work/claim_interpretation.md\"",
            "exit_code": 0
          },
          {
            "type": "CommandExecutionItem",
            "command": "/bin/bash -lc \"sed -n '1,220p' guides/source_ranking.csv\"",
            "exit_code": 0
          },
          {
            "type": "WebSearchItem",
            "query": "https://www.zakonyprolidi.cz/cs/2005-348?text=348%2F2005"
          },
          {
            "type": "WebSearchItem",
            "query": "'ÚČINNOST' in https://www.zakonyprolidi.cz/media2/file/2504/File75003.pdf?attachment-filename=Sb_2025_119_PZZ.pdf"
          },
          {
            "type": "WebSearchItem",
            "query": "site:senat.cz \"Nová úprava nadále respektuje princip osvobození od poplatků z důvodů zdravotních i sociálních\""
          },
          {
            "type": "WebSearchItem",
            "query": "https://www.senat.cz/xqw/xervlet/pssenat/original/51412/43693/41510"
          },
          {
            "type": "WebSearchItem",
            "query": "https://www.ceskatelevize.cz/vse-o-ct/pro-media/velka-medialni-novela-vstoupi-v-platnost-1-kvetna-co-to-znamena-pro-divaky-ceske-televize/"
          },
          {
            "type": "AgentMessageItem",
            "text": "Zdrojová sada se dá zúžit. Jádro nesou zákon, novela a oficiální materiály ČT/ČRo; část mediálních článků jen opakuje totéž, takže je nahradím nebo vyřadím. Jediný mediální kus, který má ještě smysl nechat bokem, je zpráva o zamítnutí návrhu na osvobození důchodců a dalších skupin, protože pomáhá testovat širší interpretaci výroku."
          },
          {
            "type": "CompatFileChangeItem"
          },
          {
            "type": "CommandExecutionItem",
            "command": "/bin/bash -lc \"sed -n '1,360p' work/refined_sources.md\"",
            "exit_code": 0
          },
          {
            "type": "AgentMessageItem",
            "text": "Refinovaný seznam jsem zapsal do [work/refined_sources.md](/home/vilo/demagog/fact_check_v2/experiments/v2_gpt-5.4_20260421_113102/id24715/work/refined_sources.md).\n\nZáklad důkazů jsem stáhl na zákon, novelu a oficiální materiály ČT a ČRo. Duplicitní mediální články jsem nahradil primárními zdroji, jeden článek z ČT24 jsem nechal jen jako `flagged` pro širší interpretaci výroku a jeden senátní odkaz jsem vyřadil, protože nešel spolehlivě validovat."
          }
        ]
      }
    },
    {
      "file": "step4_draft_log.json",
      "content": {
        "step": "step4_draft",
        "elapsed_seconds": 61.3,
        "prompt_length": 2388,
        "input_tokens": 1168276,
        "cached_input_tokens": 770816,
        "output_tokens": 24368,
        "web_searches": 0,
        "final_response": "Draft jsem zapsal do [work/draft.md](/home/vilo/demagog/fact_check_v2/experiments/v2_gpt-5.4_20260421_113102/id24715/work/draft.md).\n\nVerdikt v návrhu je `zavádějící`: zákon skutečně obsahoval sociální výjimku, ale Talíř v reakci na debatu o osamělé seniorce a zranitelných skupinách mluvil šířeji, než odpovídá úzkému zákonnému vymezení.",
        "items": [
          {
            "type": "ErrorItem"
          },
          {
            "type": "AgentMessageItem",
            "text": "Než začnu psát, ještě si rychle srovnám tón na příkladech a znovu otevřu finální sadu zdrojů. Pak sepíšu draft rovnou v demagogovském formátu s krátkými odstavci a inline odkazy."
          },
          {
            "type": "CommandExecutionItem",
            "command": "/bin/bash -lc \"sed -n '1,260p' work/refined_sources.md\"",
            "exit_code": 0
          },
          {
            "type": "CommandExecutionItem",
            "command": "/bin/bash -lc \"sed -n '1,240p' work/claim_interpretation.md\"",
            "exit_code": 0
          },
          {
            "type": "CommandExecutionItem",
            "command": "/bin/bash -lc \"sed -n '1,260p' guides/examples.txt\"",
            "exit_code": 0
          },
          {
            "type": "CommandExecutionItem",
            "command": "/bin/bash -lc \"sed -n '1,240p' guides/style_guide.md\"",
            "exit_code": 0
          },
          {
            "type": "AgentMessageItem",
            "text": "Mám jasno i v hodnocení. Nejužší čtení výroku stojí na zákonné výjimce pro nízkopříjmové domácnosti, ale v debatním kontextu o osamělé seniorce Talíř formuloval věc příliš široce, takže draft postavím jako `zavádějící`."
          },
          {
            "type": "CompatFileChangeItem"
          },
          {
            "type": "AgentMessageItem",
            "text": "Draft je hotový, jen ještě upravuji pár odkazů, aby seděly přesně se style guide. Hlavně přesouvám hyperlinky z názvů institucí na nosná slova v textu."
          },
          {
            "type": "CompatFileChangeItem"
          },
          {
            "type": "CommandExecutionItem",
            "command": "/bin/bash -lc \"sed -n '1,240p' work/draft.md\"",
            "exit_code": 0
          },
          {
            "type": "AgentMessageItem",
            "text": "Draft jsem zapsal do [work/draft.md](/home/vilo/demagog/fact_check_v2/experiments/v2_gpt-5.4_20260421_113102/id24715/work/draft.md).\n\nVerdikt v návrhu je `zavádějící`: zákon skutečně obsahoval sociální výjimku, ale Talíř v reakci na debatu o osamělé seniorce a zranitelných skupinách mluvil šířeji, než odpovídá úzkému zákonnému vymezení."
          }
        ]
      }
    },
    {
      "file": "step5_verify_log.json",
      "content": {
        "step": "step5_verify",
        "elapsed_seconds": 92.7,
        "prompt_length": 1226,
        "input_tokens": 1528008,
        "cached_input_tokens": 1084544,
        "output_tokens": 30169,
        "web_searches": 5,
        "final_response": "Verifikaci jsem zapsal do [work/verification.md](/home/vilo/demagog/fact_check_v2/experiments/v2_gpt-5.4_20260421_113102/id24715/work/verification.md).\n\nPři kontrole jsem opravil draft tak, aby u jediného ponechaného PDF odkazu byla uvedena stránka a aby odkazy na zákon mířily přímo na relevantní ustanovení. Po úpravě checklist vychází celý jako `PASS`.",
        "items": [
          {
            "type": "ErrorItem"
          },
          {
            "type": "AgentMessageItem",
            "text": "Teď to vezmu jako kontrolu kvality: načtu checklist, projdu draft bod po bodu a u 2–3 citací ověřím, že odkaz skutečně funguje a sedí na tvrzení. Pokud něco neprojde, opravím jen konkrétní místo v draftu a znovu zkontroluji jen selhané body."
          },
          {
            "type": "CommandExecutionItem",
            "command": "/bin/bash -lc \"sed -n '1,260p' work/draft.md\"",
            "exit_code": 0
          },
          {
            "type": "CommandExecutionItem",
            "command": "/bin/bash -lc \"sed -n '1,220p' guides/source_ranking.csv\"",
            "exit_code": 0
          },
          {
            "type": "CommandExecutionItem",
            "command": "/bin/bash -lc \"sed -n '1,240p' guides/style_guide.md\"",
            "exit_code": 0
          },
          {
            "type": "CommandExecutionItem",
            "command": "/bin/bash -lc \"sed -n '1,260p' guides/verification_checklist.md\"",
            "exit_code": 0
          },
          {
            "type": "WebSearchItem",
            "query": "https://www.zakonyprolidi.cz/cs/2005-348?text=348%2F2005"
          },
          {
            "type": "WebSearchItem",
            "query": "https://www.ceskatelevize.cz/vse-o-ct/pro-media/velka-medialni-novela-vstoupi-v-platnost-1-kvetna-co-to-znamena-pro-divaky-ceske-televize/"
          },
          {
            "type": "WebSearchItem",
            "query": "'osvobodit důchodce' in https://ct24.ceskatelevize.cz/clanek/domaci/senat-projedna-zvyseni-limitu-pro-male-zakazky-bez-vyberoveho-rizeni-358495"
          },
          {
            "type": "WebSearchItem",
            "query": "https://www.zakonyprolidi.cz/media2/file/2504/File75003.pdf?attachment-filename=Sb_2025_119_PZZ.pdf"
          },
          {
            "type": "WebSearchItem",
            "query": "'nabývá účinnosti' in https://www.zakonyprolidi.cz/media2/file/2504/File75003.pdf?attachment-filename=Sb_2025_119_PZZ.pdf"
          },
          {
            "type": "AgentMessageItem",
            "text": "Našel jsem jednu věc k opravě: checklist chce u PDF citací stránku. Nejjednodušší je omezit PDF odkazy jen tam, kde jsou skutečně potřeba, a doplnit stránku u novely. Zbytek doložím HTML zdroji, které už v draftu máme."
          },
          {
            "type": "CompatFileChangeItem"
          },
          {
            "type": "AgentMessageItem",
            "text": "Oprava je hotová a checklist teď vychází čistě. Sepisuji finální verifikaci do `work/verification.md` včetně krátkého záznamu o spot-checku tří odkazů."
          },
          {
            "type": "CompatFileChangeItem"
          },
          {
            "type": "AgentMessageItem",
            "text": "Verifikaci jsem zapsal do [work/verification.md](/home/vilo/demagog/fact_check_v2/experiments/v2_gpt-5.4_20260421_113102/id24715/work/verification.md).\n\nPři kontrole jsem opravil draft tak, aby u jediného ponechaného PDF odkazu byla uvedena stránka a aby odkazy na zákon mířily přímo na relevantní ustanovení. Po úpravě checklist vychází celý jako `PASS`."
          }
        ]
      }
    },
    {
      "file": "step6_finalize_log.json",
      "content": {
        "step": "step6_finalize",
        "elapsed_seconds": 22.7,
        "prompt_length": 313,
        "input_tokens": 1772903,
        "cached_input_tokens": 1322752,
        "output_tokens": 31657,
        "web_searches": 0,
        "final_response": "Hotovo. Finální report je v [output/report.md](/home/vilo/demagog/fact_check_v2/experiments/v2_gpt-5.4_20260421_113102/id24715/output/report.md).",
        "items": [
          {
            "type": "ErrorItem"
          },
          {
            "type": "AgentMessageItem",
            "text": "Nejprve ověřím, že verifikace opravdu končí `## Result: PASS`, a pak sestavím finální výstup do `output/report.md` z původního výroku a schváleného draftu."
          },
          {
            "type": "CommandExecutionItem",
            "command": "/bin/bash -lc 'tail -n 20 work/verification.md'",
            "exit_code": 0
          },
          {
            "type": "CommandExecutionItem",
            "command": "/bin/bash -lc \"sed -n '1,240p' work/draft.md\"",
            "exit_code": 0
          },
          {
            "type": "CommandExecutionItem",
            "command": "/bin/bash -lc 'ls -la output'",
            "exit_code": 0
          },
          {
            "type": "AgentMessageItem",
            "text": "Verifikace končí `## Result: PASS`. Teď zapisuji finální report do `output/report.md` přesně v požadované struktuře."
          },
          {
            "type": "CompatFileChangeItem"
          },
          {
            "type": "AgentMessageItem",
            "text": "Hotovo. Finální report je v [output/report.md](/home/vilo/demagog/fact_check_v2/experiments/v2_gpt-5.4_20260421_113102/id24715/output/report.md)."
          }
        ]
      }
    }
  ]
}