{
  "claim_id": "24676",
  "split": "v2",
  "source_experiment": "v2_gpt-5.4_20260402_164100",
  "source_md": "fact_check_v2/experiments/v2_gpt-5.4_20260402_164100/reports/report24676.md",
  "step_logs": [
    {
      "file": "step1_interpret_log.json",
      "content": {
        "step": "step1_interpret",
        "elapsed_seconds": 93.9,
        "prompt_length": 1987,
        "input_tokens": 114811,
        "cached_input_tokens": 76032,
        "output_tokens": 5227,
        "web_searches": 3,
        "final_response": "Interpretaci jsem zapsal do [work/claim_interpretation.md](/home/vilo/demagog/fact_check_v2/experiments/v2_gpt-5.4_20260402_164100/id24676/work/claim_interpretation.md).\n\nKlíčový závěr je, že podle zdrojového článku TN.cz se výrok vztahuje ke konfliktu v Íránu a „ten režim“ znamená íránský režim; pro další krok proto navrhuji ověřovat, zda Rakušan/STAN a Martin Dvořák od začátku tohoto konfliktu veřejně zastávali pozici podporující konec íránského režimu. Článek uvádí datum 19. března 2026, které jsem použil jako datum výroku. ([tn.nova.cz](https://tn.nova.cz/zpravodajstvi/clanek/643404-zadne-foceni-u-benzinek-nebude-slibuje-rakusan-babisovi-vycita-pokrytectvi))",
        "items": [
          {
            "type": "AgentMessageItem",
            "text": "I’m locating the step inputs and the relevant guide files first, then I’ll write the interpretation artifact to `work/claim_interpretation.md`."
          },
          {
            "type": "CommandExecutionItem",
            "command": "/bin/bash -lc 'pwd && rg --files .'",
            "exit_code": 0
          },
          {
            "type": "CommandExecutionItem",
            "command": "/bin/bash -lc \"find .. -name AGENTS.md -o -path '*/guide*' -o -path '*/prompts/*' | sed 's#\"'^#/#'\"'\"",
            "exit_code": 0
          },
          {
            "type": "AgentMessageItem",
            "text": "I found the actual task files. Next I’m reading the claim metadata and the core guide so the interpretation matches the project’s expected structure."
          },
          {
            "type": "CommandExecutionItem",
            "command": "/bin/bash -lc \"sed -n '1,220p' metadata.json\"",
            "exit_code": 0
          },
          {
            "type": "CommandExecutionItem",
            "command": "/bin/bash -lc \"sed -n '1,220p' guides/prirucka.md\"",
            "exit_code": 0
          },
          {
            "type": "WebSearchItem",
            "query": "site:tn.nova.cz Napřímo 19. března 2026 Vít Rakušan Blízký východ Martin Dvořák režim diktátoři"
          },
          {
            "type": "WebSearchItem",
            "query": "https://tn.nova.cz/zpravodajstvi/clanek/643404-zadne-foceni-u-benzinek-nebude-slibuje-rakusan-babisovi-vycita-pokrytectvi"
          },
          {
            "type": "WebSearchItem",
            "query": "Martin Dvořák Írán režim diktátoři site:stan.cz OR site:martindvorak.cz OR site:x.com"
          },
          {
            "type": "AgentMessageItem",
            "text": "The source article resolves the ambiguity: the remark is about the conflict in Iran, and “ten režim” refers to the Iranian regime. I’m drafting the sub-claims and the evidence window around that interpretation now."
          },
          {
            "type": "CommandExecutionItem",
            "command": "/bin/bash -lc 'find . -maxdepth 2 -type d | sort'",
            "exit_code": 0
          },
          {
            "type": "CommandExecutionItem",
            "command": "/bin/bash -lc \"sed -n '1,220p' AGENTS.md\"",
            "exit_code": 0
          },
          {
            "type": "AgentMessageItem",
            "text": "I have the interpretation pinned down. I’m writing `work/claim_interpretation.md` with the narrow verifyable reading: the claim is about public positions of Rakušan/STAN and Martina Dvořáka on the Iranian regime from the start of the current Iran conflict up to 19 March 2026."
          },
          {
            "type": "FileChangeItem"
          },
          {
            "type": "AgentMessageItem",
            "text": "Interpretaci jsem zapsal do [work/claim_interpretation.md](/home/vilo/demagog/fact_check_v2/experiments/v2_gpt-5.4_20260402_164100/id24676/work/claim_interpretation.md).\n\nKlíčový závěr je, že podle zdrojového článku TN.cz se výrok vztahuje ke konfliktu v Íránu a „ten režim“ znamená íránský režim; pro další krok proto navrhuji ověřovat, zda Rakušan/STAN a Martin Dvořák od začátku tohoto konfliktu veřejně zastávali pozici podporující konec íránského režimu. Článek uvádí datum 19. března 2026, které jsem použil jako datum výroku. ([tn.nova.cz](https://tn.nova.cz/zpravodajstvi/clanek/643404-zadne-foceni-u-benzinek-nebude-slibuje-rakusan-babisovi-vycita-pokrytectvi))"
          }
        ]
      }
    },
    {
      "file": "step2_search_log.json",
      "content": {
        "step": "step2_search",
        "elapsed_seconds": 348.5,
        "prompt_length": 1693,
        "input_tokens": 646823,
        "cached_input_tokens": 347520,
        "output_tokens": 22182,
        "web_searches": 47,
        "final_response": "Zápis jsem uložil do [work/raw_sources.md](/home/vilo/demagog/fact_check_v2/experiments/v2_gpt-5.4_20260402_164100/id24676/work/raw_sources.md).\n\nSoučasně jsem při rešerši zpřesnil výchozí okno v [work/claim_interpretation.md](/home/vilo/demagog/fact_check_v2/experiments/v2_gpt-5.4_20260402_164100/id24676/work/claim_interpretation.md), protože relevantní izraelsko-íránská eskalace začíná 13. června 2025. První průchod zdroji zatím ukazuje silnější přímou oporu pro Rakušanovu ostrou formulaci až od 28. února 2026, zatímco u Martina Dvořáka jsem do 19. března 2026 našel spíš nepřímé nebo měkčí formulace o Íránu, nikoli stejně explicitní výrok o „konci režimu“. ([ct24.ceskatelevize.cz](https://ct24.ceskatelevize.cz/clanek/media/souhrn-zasadni-udalosti-patku-13-cervna-361970))",
        "items": [
          {
            "type": "AgentMessageItem",
            "text": "I’m pulling the interpretation artifact back in and then searching outward from primary and official sources, with the date cutoff fixed at 19 March 2026. I’ll collect both supporting and contradictory material into `work/raw_sources.md`."
          },
          {
            "type": "CommandExecutionItem",
            "command": "/bin/bash -lc \"sed -n '1,240p' work/claim_interpretation.md\"",
            "exit_code": 0
          },
          {
            "type": "CommandExecutionItem",
            "command": "/bin/bash -lc \"sed -n '1,220p' guides/source_ranking.csv\"",
            "exit_code": 0
          },
          {
            "type": "WebSearchItem",
            "query": "site:stan.cz Írán Martin Dvořák STAN 2026"
          },
          {
            "type": "WebSearchItem",
            "query": "site:martindvorak.cz Írán režim"
          },
          {
            "type": "WebSearchItem",
            "query": "\"Martin Dvořák\" Írán režim pád 2026"
          },
          {
            "type": "WebSearchItem",
            "query": "\"Vývoj v Íránu zvedá naději\" Martin Dvořák"
          },
          {
            "type": "WebSearchItem",
            "query": "site:x.com/Vit_Rakusan Íránský zločinný režim"
          },
          {
            "type": "WebSearchItem",
            "query": "site:starostovedocela.cz Írán Rakušan"
          },
          {
            "type": "WebSearchItem",
            "query": "site:irozhlas.cz Rakušan Íránský zločinný režim"
          },
          {
            "type": "WebSearchItem",
            "query": "https://denikn.cz/minuta/1988293/"
          },
          {
            "type": "WebSearchItem",
            "query": ""
          },
          {
            "type": "WebSearchItem",
            "query": "\"USA a Izrael zaútočily na Írán\" Rakušan"
          },
          {
            "type": "WebSearchItem",
            "query": "\"Martin Dvořák\" Írán březen 2026"
          },
          {
            "type": "WebSearchItem",
            "query": "https://www.cerstvezpravy.cz/zpravy-idnes-cz/dvorak-trump-kvuli-utoku-na-iran-prisel-o-sanci-na-nobelovu-cenu-ale-bylo-to-nutne/"
          },
          {
            "type": "WebSearchItem",
            "query": "site:ct24.ceskatelevize.cz/tema/martin-dvorak Írán březen 2026"
          },
          {
            "type": "WebSearchItem",
            "query": "site:irozhlas.cz útok na Írán Rakušan Dvořák 2026"
          },
          {
            "type": "WebSearchItem",
            "query": "site:x.com/_MartinDvorak Írán 2026"
          },
          {
            "type": "WebSearchItem",
            "query": "site:martindvorak.cz březen 2026 Írán"
          },
          {
            "type": "WebSearchItem",
            "query": "site:vlada.gov.cz Martin Dvořák Írán březen 2026"
          },
          {
            "type": "WebSearchItem",
            "query": "site:ceskenoviny.cz Rakušan Írán 2026 STAN"
          },
          {
            "type": "WebSearchItem",
            "query": "\"bezprecedentního napětí na Blízkém východě\" \"Vít Rakušan\""
          },
          {
            "type": "WebSearchItem",
            "query": "\"snažme se o to, aby ten konflikt naopak deeskaloval\""
          },
          {
            "type": "WebSearchItem",
            "query": "izraelský útok na Írán 13. června 2025 České noviny"
          },
          {
            "type": "AgentMessageItem",
            "text": "The first search pass shows the current January 2026 cutoff is too narrow: the relevant Iran conflict clearly has public milestones from 13 June 2025, and Martin Dvořák’s available Iran-related statements appear in that earlier phase. I’m widening the evidence window in `work/claim_interpretation.md` so the source collection stays methodologically sound."
          },
          {
            "type": "FileChangeItem"
          },
          {
            "type": "WebSearchItem",
            "query": "\"Vít Rakušan\" Írán režim červen 2025"
          },
          {
            "type": "WebSearchItem",
            "query": "https://denikn.cz/minuta/1766500/"
          },
          {
            "type": "WebSearchItem",
            "query": "\"Česko situaci intenzivně sleduje a vyhodnocuje\" Rakušan"
          },
          {
            "type": "WebSearchItem",
            "query": "\"Martin Dvořák\" Trump Írán Nobelovku"
          },
          {
            "type": "WebSearchItem",
            "query": "https://ct24.ceskatelevize.cz/clanek/svet/cely-svet-by-mel-dekovat-trumpovi-mini-dostalova-foldyna-nesouhlasi-362219"
          },
          {
            "type": "WebSearchItem",
            "query": "\"Vít Rakušan\" \"13. června 2025\" Írán"
          },
          {
            "type": "WebSearchItem",
            "query": "https://ct24.ceskatelevize.cz/clanek/domaci/vlada-neoddelovala-izrael-od-netanjahua-soudi-ministr-dvorak-365918"
          },
          {
            "type": "WebSearchItem",
            "query": "\"I Dvořák počítá s možnou variantou, že se íránský režim stáhne\""
          },
          {
            "type": "WebSearchItem",
            "query": "site:x.com \"_MartinDvorak\" \"zločinný režim\""
          },
          {
            "type": "WebSearchItem",
            "query": "\"Martin Dvořák\" \"možná výrazným způsobem vylepšil bezpečností situaci celé planety\""
          },
          {
            "type": "WebSearchItem",
            "query": "site:ct24.ceskatelevize.cz Izrael udeřil na Írán 13. června 2025"
          },
          {
            "type": "WebSearchItem",
            "query": ""
          },
          {
            "type": "WebSearchItem",
            "query": ""
          },
          {
            "type": "WebSearchItem",
            "query": "\"V souvislosti s vývojem na Blízkém východě poukázal ministr Dvořák na Írán jako hlavní zdroj nestability v regionu\""
          },
          {
            "type": "WebSearchItem",
            "query": "\"Martin Dvořák\" \"režim\" \"Írán\" \"dobrá zpráva\""
          },
          {
            "type": "WebSearchItem",
            "query": "\"bezprecedentního napětí na Blízkém východě\" Rakušan psp.cz"
          },
          {
            "type": "WebSearchItem",
            "query": ""
          },
          {
            "type": "WebSearchItem",
            "query": "site:irozhlas.cz \"Martin Dvořák\" \"Hormuz\""
          },
          {
            "type": "WebSearchItem",
            "query": "\"Martin Dvořák\" Írán březen 2026 site:idnes.cz"
          },
          {
            "type": "WebSearchItem",
            "query": "https://ct24.ceskatelevize.cz/clanek/media/souhrn-zasadni-udalosti-patku-13-cervna-361970"
          },
          {
            "type": "WebSearchItem",
            "query": "site:ceskenoviny.cz Rakušan Íránský zločinný režim 28. února 2026"
          },
          {
            "type": "WebSearchItem",
            "query": "https://vlada.gov.cz/cz/vlada/clenove-vlady/pri-uradu-vlady/martin_dvorak/tiskove_zpravy/tiskova-zprava-rada-pro-obecne-zalezitosti-jednala-o-priprave-cervnoveho-summitu--stavu-pravniho-statu-ci-programu-budouciho-predsednictvi--220357/"
          },
          {
            "type": "WebSearchItem",
            "query": "https://www.seznamzpravy.cz/clanek/domaci-politika-obrovske-riziko-globalnich-otresu-cesti-politici-reaguji-na-utok-na-iran-299959"
          },
          {
            "type": "WebSearchItem",
            "query": ""
          },
          {
            "type": "AgentMessageItem",
            "text": "I have enough material to record the search set: one context source for the conflict start, two early-phase sources that are important because they do not yet match Rakušan’s later wording, and several stronger late-phase sources from February 2026. I’m writing these into `work/raw_sources.md` now."
          },
          {
            "type": "FileChangeItem"
          },
          {
            "type": "WebSearchItem",
            "query": "\"Vývoj situace v Íránu svým způsobem posiluje význam Radia Farda\""
          },
          {
            "type": "CommandExecutionItem",
            "command": "/bin/bash -lc \"sed -n '1,260p' work/raw_sources.md\"",
            "exit_code": 0
          },
          {
            "type": "WebSearchItem",
            "query": "\"Vývoj situace v Íránu svým způsobem posiluje význam Radia Farda\" site:ceskenoviny.cz"
          },
          {
            "type": "AgentMessageItem",
            "text": "The source list is in place. I’m adding one short synthesis note to make the later refinement step easier, because the split between Rakušan’s and Dvořák’s evidence is already visible."
          },
          {
            "type": "FileChangeItem"
          },
          {
            "type": "AgentMessageItem",
            "text": "Zápis jsem uložil do [work/raw_sources.md](/home/vilo/demagog/fact_check_v2/experiments/v2_gpt-5.4_20260402_164100/id24676/work/raw_sources.md).\n\nSoučasně jsem při rešerši zpřesnil výchozí okno v [work/claim_interpretation.md](/home/vilo/demagog/fact_check_v2/experiments/v2_gpt-5.4_20260402_164100/id24676/work/claim_interpretation.md), protože relevantní izraelsko-íránská eskalace začíná 13. června 2025. První průchod zdroji zatím ukazuje silnější přímou oporu pro Rakušanovu ostrou formulaci až od 28. února 2026, zatímco u Martina Dvořáka jsem do 19. března 2026 našel spíš nepřímé nebo měkčí formulace o Íránu, nikoli stejně explicitní výrok o „konci režimu“. ([ct24.ceskatelevize.cz](https://ct24.ceskatelevize.cz/clanek/media/souhrn-zasadni-udalosti-patku-13-cervna-361970))"
          }
        ]
      }
    },
    {
      "file": "step3_refine_log.json",
      "content": {
        "step": "step3_refine",
        "elapsed_seconds": 106.2,
        "prompt_length": 2274,
        "input_tokens": 954915,
        "cached_input_tokens": 528128,
        "output_tokens": 28785,
        "web_searches": 8,
        "final_response": "Refinovaný seznam jsem zapsal do [work/refined_sources.md](/home/vilo/demagog/fact_check_v2/experiments/v2_gpt-5.4_20260402_164100/id24676/work/refined_sources.md).\n\nSlabší a duplicitní položky jsem nahradil kvalitnějšími zdroji z iROZHLASu, ČT24, Seznam Zpráv a oficiálního webu vlády. Po očištění zůstává hlavní problém stejný: pro Rakušana je k dispozici použitelná opora, ale u Martina Dvořáka před 19. březnem 2026 stále chybí stejně explicitní výrok o tom, že „konec režimu“ by byl dobrá zpráva; dostupné zdroje u něj mluví spíš o oslabení Íránu, nestabilitě režimu a tlaku na Teherán. ([irozhlas.cz](https://www.irozhlas.cz/zpravy-domov/uder-na-iran-je-pochopitelny-zmena-rezimu-v-teheranu-je-zadana-shoduji-se_2602281118_ako))",
        "items": [
          {
            "type": "AgentMessageItem",
            "text": "I’m re-checking the raw list against the ranking guide and replacing media reproductions with primary sources where I can, especially for the X-based Rakušan quotes."
          },
          {
            "type": "CommandExecutionItem",
            "command": "/bin/bash -lc \"sed -n '1,220p' guides/source_ranking.csv\"",
            "exit_code": 0
          },
          {
            "type": "CommandExecutionItem",
            "command": "/bin/bash -lc \"sed -n '1,260p' work/raw_sources.md\"",
            "exit_code": 0
          },
          {
            "type": "CommandExecutionItem",
            "command": "/bin/bash -lc \"sed -n '1,240p' work/claim_interpretation.md\"",
            "exit_code": 0
          },
          {
            "type": "WebSearchItem",
            "query": "site:x.com/Vit_Rakusan \"Česko situaci intenzivně sleduje a vyhodnocuje\""
          },
          {
            "type": "WebSearchItem",
            "query": "site:facebook.com \"Íránský zločinný režim si nezaslouží žádné slitování\""
          },
          {
            "type": "WebSearchItem",
            "query": "\"Íránský zločinný režim, který střílí do vlastních lidí a v rozporu s mezinárodními smlouvami vyvíjí vlastní jaderné zbraně, si nezaslouží žádné slitování\""
          },
          {
            "type": "WebSearchItem",
            "query": "https://www.irozhlas.cz/zpravy-domov/uder-na-iran-je-pochopitelny-zmena-rezimu-v-teheranu-je-zadana-shoduji-se_2602281118_ako"
          },
          {
            "type": "WebSearchItem",
            "query": "https://www.seznamzpravy.cz/clanek/domaci-politika-jaderny-program-jako-hrozba-cesti-politici-reaguji-na-utok-usa-na-iran-279832"
          },
          {
            "type": "WebSearchItem",
            "query": "site:irozhlas.cz \"Česko situaci intenzivně sleduje a vyhodnocuje\" Rakušan"
          },
          {
            "type": "WebSearchItem",
            "query": "https://www.irozhlas.cz/zpravy-domov/utok-usa-na-iran-je-pochopitelny-je-i-v-zajmu-ceska-zni-od-fialy-a-cernochove_2506221128_kma"
          },
          {
            "type": "WebSearchItem",
            "query": "https://www.seznamzpravy.cz/clanek/domaci-politika-obrovske-riziko-globalnich-otresu-cesti-politici-reaguji-na-utok-na-iran-299959"
          },
          {
            "type": "AgentMessageItem",
            "text": "I have the replacements settled: the weak or duplicate media items are being swapped out for iROZHLAS, Seznam, and the official government page, and the remaining gap is clearly sub-claim B’s lack of a direct “konec režimu” quote."
          },
          {
            "type": "FileChangeItem"
          },
          {
            "type": "CommandExecutionItem",
            "command": "/bin/bash -lc \"sed -n '1,320p' work/refined_sources.md\"",
            "exit_code": 0
          },
          {
            "type": "AgentMessageItem",
            "text": "Refinovaný seznam jsem zapsal do [work/refined_sources.md](/home/vilo/demagog/fact_check_v2/experiments/v2_gpt-5.4_20260402_164100/id24676/work/refined_sources.md).\n\nSlabší a duplicitní položky jsem nahradil kvalitnějšími zdroji z iROZHLASu, ČT24, Seznam Zpráv a oficiálního webu vlády. Po očištění zůstává hlavní problém stejný: pro Rakušana je k dispozici použitelná opora, ale u Martina Dvořáka před 19. březnem 2026 stále chybí stejně explicitní výrok o tom, že „konec režimu“ by byl dobrá zpráva; dostupné zdroje u něj mluví spíš o oslabení Íránu, nestabilitě režimu a tlaku na Teherán. ([irozhlas.cz](https://www.irozhlas.cz/zpravy-domov/uder-na-iran-je-pochopitelny-zmena-rezimu-v-teheranu-je-zadana-shoduji-se_2602281118_ako))"
          }
        ]
      }
    },
    {
      "file": "step4_draft_log.json",
      "content": {
        "step": "step4_draft",
        "elapsed_seconds": 47.5,
        "prompt_length": 1887,
        "input_tokens": 1271134,
        "cached_input_tokens": 812416,
        "output_tokens": 32000,
        "web_searches": 0,
        "final_response": "Draft jsem zapsal do [work/draft.md](/home/vilo/demagog/fact_check_v2/experiments/v2_gpt-5.4_20260402_164100/id24676/work/draft.md).\n\nText vychází z toho, že nejstarší dohledatelná Rakušanova reakce z června 2025 mluvila hlavně o uklidnění situace a návratu k diplomacii, zatímco ostrá formulace o íránském režimu je doložená až z 28. února 2026. U Martina Dvořáka zůstávají před 19. březnem 2026 jen měkčí výroky o oslabení Íránu a nestabilitě režimu, ne stejně explicitní podpora jeho konce, proto je návrh verdiktu `zavádějící`. ([seznamzpravy.cz](https://www.seznamzpravy.cz/clanek/domaci-politika-jaderny-program-jako-hrozba-cesti-politici-reaguji-na-utok-usa-na-iran-279832))",
        "items": [
          {
            "type": "AgentMessageItem",
            "text": "I’m calibrating against the local style guide and published examples now, then I’ll draft the Czech report in Demagog’s format. The current evidence points toward an overstated claim rather than a cleanly provable one."
          },
          {
            "type": "CommandExecutionItem",
            "command": "/bin/bash -lc \"sed -n '1,260p' guides/style_guide.md\"",
            "exit_code": 0
          },
          {
            "type": "CommandExecutionItem",
            "command": "/bin/bash -lc \"sed -n '1,260p' work/refined_sources.md\"",
            "exit_code": 0
          },
          {
            "type": "CommandExecutionItem",
            "command": "/bin/bash -lc \"sed -n '1,260p' guides/examples.txt\"",
            "exit_code": 0
          },
          {
            "type": "AgentMessageItem",
            "text": "I have the draft structure and verdict. I’m writing it as a short perex plus four HTML paragraphs, with inline links only on the factual keywords."
          },
          {
            "type": "FileChangeItem"
          },
          {
            "type": "CommandExecutionItem",
            "command": "/bin/bash -lc \"sed -n '1,220p' work/draft.md\"",
            "exit_code": 0
          },
          {
            "type": "AgentMessageItem",
            "text": "Draft jsem zapsal do [work/draft.md](/home/vilo/demagog/fact_check_v2/experiments/v2_gpt-5.4_20260402_164100/id24676/work/draft.md).\n\nText vychází z toho, že nejstarší dohledatelná Rakušanova reakce z června 2025 mluvila hlavně o uklidnění situace a návratu k diplomacii, zatímco ostrá formulace o íránském režimu je doložená až z 28. února 2026. U Martina Dvořáka zůstávají před 19. březnem 2026 jen měkčí výroky o oslabení Íránu a nestabilitě režimu, ne stejně explicitní podpora jeho konce, proto je návrh verdiktu `zavádějící`. ([seznamzpravy.cz](https://www.seznamzpravy.cz/clanek/domaci-politika-jaderny-program-jako-hrozba-cesti-politici-reaguji-na-utok-usa-na-iran-279832))"
          }
        ]
      }
    },
    {
      "file": "step5_verify_log.json",
      "content": {
        "step": "step5_verify",
        "elapsed_seconds": 100.1,
        "prompt_length": 1226,
        "input_tokens": 1767564,
        "cached_input_tokens": 1270784,
        "output_tokens": 40159,
        "web_searches": 4,
        "final_response": "Ověření jsem zapsal do [work/verification.md](/home/vilo/demagog/fact_check_v2/experiments/v2_gpt-5.4_20260402_164100/id24676/work/verification.md) a `work/draft.md` jsem při něm drobně upravil. Opravil jsem nezdrojovanou kontextovou větu, zapsal citace kurzívou podle stylu a odstranil jednu opakovanou formulaci. Výsledek checklistu je `PASS`.",
        "items": [
          {
            "type": "AgentMessageItem",
            "text": "I’m checking the draft against the local verification checklist now, including a real spot-check of the linked URLs. If anything fails, I’ll patch `work/draft.md` before writing the verification result."
          },
          {
            "type": "CommandExecutionItem",
            "command": "/bin/bash -lc \"sed -n '1,260p' work/draft.md\"",
            "exit_code": 0
          },
          {
            "type": "CommandExecutionItem",
            "command": "/bin/bash -lc \"sed -n '1,240p' guides/style_guide.md\"",
            "exit_code": 0
          },
          {
            "type": "CommandExecutionItem",
            "command": "/bin/bash -lc \"sed -n '1,260p' guides/verification_checklist.md\"",
            "exit_code": 0
          },
          {
            "type": "WebSearchItem",
            "query": "https://ct24.ceskatelevize.cz/clanek/media/souhrn-zasadni-udalosti-patku-13-cervna-361970"
          },
          {
            "type": "WebSearchItem",
            "query": "'hlavní zdroj nestability' in https://vlada.gov.cz/cz/vlada/clenove-vlady/pri-uradu-vlady/martin_dvorak/tiskove_zpravy/tiskova-zprava-rada-pro-obecne-zalezitosti-jednala-o-priprave-cervnoveho-summitu--stavu-pravniho-statu-ci-programu-budouciho-predsednictvi--220357/"
          },
          {
            "type": "AgentMessageItem",
            "text": "I found two concrete style issues: one unnecessary unsourced context sentence and the fact that the quoted pasages weren’t italicized. I’m fixing those directly in `work/draft.md`, then I’ll complete the checklist."
          },
          {
            "type": "FileChangeItem"
          },
          {
            "type": "AgentMessageItem",
            "text": "I’m making one more small cleanup before the checklist write-up: trimming a repeated sentence so the conclusion carries the verdict logic only once."
          },
          {
            "type": "FileChangeItem"
          },
          {
            "type": "WebSearchItem",
            "query": "https://www.irozhlas.cz/zpravy-domov/uder-na-iran-je-pochopitelny-zmena-rezimu-v-teheranu-je-zadana-shoduji-se_2602281118_ako"
          },
          {
            "type": "WebSearchItem",
            "query": "'uklidnění situace a návrat k diplomatickým jednáním' in https://www.seznamzpravy.cz/clanek/domaci-politika-jaderny-program-jako-hrozba-cesti-politici-reaguji-na-utok-usa-na-iran-279832"
          },
          {
            "type": "AgentMessageItem",
            "text": "I’ve finished the re-check. The draft now clears the style and sourcing issues, and I’m writing the full checklist with the link spot-check notes into `work/verification.md`."
          },
          {
            "type": "FileChangeItem"
          },
          {
            "type": "AgentMessageItem",
            "text": "Ověření jsem zapsal do [work/verification.md](/home/vilo/demagog/fact_check_v2/experiments/v2_gpt-5.4_20260402_164100/id24676/work/verification.md) a `work/draft.md` jsem při něm drobně upravil. Opravil jsem nezdrojovanou kontextovou větu, zapsal citace kurzívou podle stylu a odstranil jednu opakovanou formulaci. Výsledek checklistu je `PASS`."
          }
        ]
      }
    },
    {
      "file": "step6_finalize_log.json",
      "content": {
        "step": "step6_finalize",
        "elapsed_seconds": 21.9,
        "prompt_length": 313,
        "input_tokens": 2069476,
        "cached_input_tokens": 1560832,
        "output_tokens": 41712,
        "web_searches": 0,
        "final_response": "Hotovo. [output/report.md](/home/vilo/demagog/fact_check_v2/experiments/v2_gpt-5.4_20260402_164100/id24676/output/report.md) je vytvořen.",
        "items": [
          {
            "type": "AgentMessageItem",
            "text": "I’m checking the verification result and then I’ll assemble the final deliverable in `output/report.md` from the original claim text and the verified draft."
          },
          {
            "type": "CommandExecutionItem",
            "command": "/bin/bash -lc 'tail -n 20 work/verification.md'",
            "exit_code": 0
          },
          {
            "type": "CommandExecutionItem",
            "command": "/bin/bash -lc \"sed -n '1,220p' work/draft.md\"",
            "exit_code": 0
          },
          {
            "type": "CommandExecutionItem",
            "command": "/bin/bash -lc \"sed -n '1,40p' metadata.json\"",
            "exit_code": 0
          },
          {
            "type": "AgentMessageItem",
            "text": "The verification file ends with `## Result: PASS`. I’m writing the final report artifact to `output/report.md` now."
          },
          {
            "type": "FileChangeItem"
          },
          {
            "type": "AgentMessageItem",
            "text": "Hotovo. [output/report.md](/home/vilo/demagog/fact_check_v2/experiments/v2_gpt-5.4_20260402_164100/id24676/output/report.md) je vytvořen."
          }
        ]
      }
    }
  ]
}