{
  "claim_id": "24694",
  "split": "v2",
  "source_experiment": "v2_gpt-5.4_20260410_190055",
  "source_md": "fact_check_v2/experiments/v2_gpt-5.4_20260410_190055/reports/report24694.md",
  "step_logs": [
    {
      "file": "step1_interpret_log.json",
      "content": {
        "step": "step1_interpret",
        "elapsed_seconds": 94.9,
        "prompt_length": 4246,
        "input_tokens": 121102,
        "cached_input_tokens": 77696,
        "output_tokens": 5586,
        "web_searches": 3,
        "final_response": "Hotovo. Interpretaci jsem zapsal do [work/claim_interpretation.md](/home/vilo/demagog/fact_check_v2/experiments/v2_gpt-5.4_20260410_190055/id24694/work/claim_interpretation.md).\n\nZvolil jsem jako hlavní výklad madridský summit NATO z 29.–30. června 2022, ale v plánu hledání jsem nechal i kontrolu mimořádného bruselského summitu z března 2022, protože formulace výroku je v tomhle bodě mírně nejednoznačná. Datum výroku jsem nastavil na 8. dubna 2026 a vyhledávací okno od 1. prosince 2021 do 8. dubna 2026.",
        "items": [
          {
            "type": "ErrorItem"
          },
          {
            "type": "AgentMessageItem",
            "text": "Nejprve si ověřím strukturu workspace a zjistím, jestli už v `work/` něco je. Pak krátce dohledám, jaký summit NATO v roce 2022 připadá v úvahu, aby interpretace seděla na kontext výroku."
          },
          {
            "type": "CommandExecutionItem",
            "command": "/bin/bash -lc pwd",
            "exit_code": 0
          },
          {
            "type": "CommandExecutionItem",
            "command": "/bin/bash -lc 'rg --files'",
            "exit_code": 0
          },
          {
            "type": "CommandExecutionItem",
            "command": "/bin/bash -lc 'ls -la work'",
            "exit_code": 0
          },
          {
            "type": "AgentMessageItem",
            "text": "Mám prázdný `work/`. Ještě načtu stručně metodické podklady, ať interpretaci zapíšu v souladu s repo pravidly, potom doplním samotný rozklad výroku."
          },
          {
            "type": "CommandExecutionItem",
            "command": "/bin/bash -lc \"sed -n '1,220p' guides/prirucka.md\"",
            "exit_code": 0
          },
          {
            "type": "CommandExecutionItem",
            "command": "/bin/bash -lc \"sed -n '1,220p' guides/source_ranking.csv\"",
            "exit_code": 0
          },
          {
            "type": "CommandExecutionItem",
            "command": "/bin/bash -lc \"sed -n '1,220p' guides/style_guide.md\"",
            "exit_code": 0
          },
          {
            "type": "WebSearchItem",
            "query": "Miloš Zeman summit NATO 2022 Madrid nejel vláda Fiala"
          },
          {
            "type": "WebSearchItem",
            "query": "https://mzv.gov.cz/nato.brussels/cz/aktualni_temata/summit_nejvyssich_predstavitelu_nato_v.html"
          },
          {
            "type": "WebSearchItem",
            "query": "vlada.cz jmenování vlády Petra Fialy 17. prosince 2021"
          },
          {
            "type": "AgentMessageItem",
            "text": "Interpretace je už dost jasná: jádro výroku je historické srovnání, zda v roce 2022 na relevantní summit NATO nejel prezident Zeman a místo něj jel premiér Fiala. Teď to sepíšu do `work/claim_interpretation.md` včetně alternativních výkladů a konkrétního plánu hledání pro další krok."
          },
          {
            "type": "CompatFileChangeItem"
          },
          {
            "type": "AgentMessageItem",
            "text": "Soubor je zapsaný. Ještě rychle zkontroluji, že se uložil správně a že obsahuje všech pět požadovaných částí bez chyb v datech."
          },
          {
            "type": "CommandExecutionItem",
            "command": "/bin/bash -lc \"sed -n '1,260p' work/claim_interpretation.md\"",
            "exit_code": 0
          },
          {
            "type": "AgentMessageItem",
            "text": "Hotovo. Interpretaci jsem zapsal do [work/claim_interpretation.md](/home/vilo/demagog/fact_check_v2/experiments/v2_gpt-5.4_20260410_190055/id24694/work/claim_interpretation.md).\n\nZvolil jsem jako hlavní výklad madridský summit NATO z 29.–30. června 2022, ale v plánu hledání jsem nechal i kontrolu mimořádného bruselského summitu z března 2022, protože formulace výroku je v tomhle bodě mírně nejednoznačná. Datum výroku jsem nastavil na 8. dubna 2026 a vyhledávací okno od 1. prosince 2021 do 8. dubna 2026."
          }
        ]
      }
    },
    {
      "file": "step2_search_log.json",
      "content": {
        "step": "step2_search",
        "elapsed_seconds": 217.7,
        "prompt_length": 1771,
        "input_tokens": 378211,
        "cached_input_tokens": 203520,
        "output_tokens": 14209,
        "web_searches": 19,
        "final_response": "Vyhledané zdroje jsem zapsal do [work/raw_sources.md](/home/vilo/demagog/fact_check_v2/experiments/v2_gpt-5.4_20260410_190055/id24694/work/raw_sources.md).\n\nPřevládají oficiální a veřejnoprávní zdroje, které podporují výklad, že na fyzické summity NATO v březnu a červnu 2022 jel za Česko premiér Petr Fiala, nikoli Miloš Zeman. Zároveň jsem přidal i protiinterpretaci k únorovému online summitu, kde některé zdroje uvádějí společnou účast Zemana a Fialy.",
        "items": [
          {
            "type": "ErrorItem"
          },
          {
            "type": "AgentMessageItem",
            "text": "Teď navážu na interpretaci a projdu primární i sekundární zdroje k oběma možným summitům NATO v roce 2022. Chci mít v `raw_sources.md` nejen potvrzující materiály, ale i případné stopy, že by se Zeman účastnil nebo byl aspoň formálně plánován."
          },
          {
            "type": "CommandExecutionItem",
            "command": "/bin/bash -lc \"sed -n '1,260p' work/claim_interpretation.md\"",
            "exit_code": 0
          },
          {
            "type": "CommandExecutionItem",
            "command": "/bin/bash -lc \"date '+%Y-%m-%d %H:%M:%S %Z'\"",
            "exit_code": 0
          },
          {
            "type": "WebSearchItem",
            "query": "site:vlada.cz jmenování vlády Petra Fialy 17. prosince 2021"
          },
          {
            "type": "WebSearchItem",
            "query": "site:vlada.cz Petr Fiala jmenování vlády 17.12.2021"
          },
          {
            "type": "WebSearchItem",
            "query": "site:vlada.cz prezident republiky jmenoval vládu Petra Fialy 17. prosince 2021 vlada"
          },
          {
            "type": "WebSearchItem",
            "query": "site:hrad.cz Miloš Zeman Madrid 29. června 2022"
          },
          {
            "type": "WebSearchItem",
            "query": "site:irozhlas.cz Fiala summit NATO Madrid Zeman 2022"
          },
          {
            "type": "WebSearchItem",
            "query": "site:ct24.ceskatelevize.cz Petr Fiala summit NATO Madrid 2022 delegace"
          },
          {
            "type": "WebSearchItem",
            "query": "site:nato.int extraordinary virtual summit 25 February 2022 Czech Republic Zeman Fiala"
          },
          {
            "type": "WebSearchItem",
            "query": "\"Na online summitu\" Zeman Fiala NATO site:irozhlas.cz"
          },
          {
            "type": "WebSearchItem",
            "query": "site:nato.int \"Extraordinary virtual summit of NATO Heads of State and Government\" 25 February 2022 official text"
          },
          {
            "type": "WebSearchItem",
            "query": "site:vlada.cz \"17. prosince 2021\" \"Petr Fiala\" \"vládu\""
          },
          {
            "type": "WebSearchItem",
            "query": "site:vlada.cz Petr Fiala předseda vlády od 17. prosince 2021"
          },
          {
            "type": "WebSearchItem",
            "query": "site:vlada.cz/clenove-vlady Petr Fiala 17. prosince 2021"
          },
          {
            "type": "WebSearchItem",
            "query": "site:vlada.cz \"mimořádného summitu NATO\" Petr Fiala 24. března 2022 vlada"
          },
          {
            "type": "WebSearchItem",
            "query": "https://mzv.gov.cz/nato.brussels/cz/aktualni_temata/summit_nejvyssich_predstavitelu_nato_v.html"
          },
          {
            "type": "WebSearchItem",
            "query": "https://www.nato.int/en/about-us/official-texts-and-resources/official-texts/2022/02/25/statement-by-nato-heads-of-state-and-government-on-russias-attack-on-ukraine"
          },
          {
            "type": "WebSearchItem",
            "query": "'zastoupí prezidenta' in https://www.irozhlas.cz/zpravy-domov/petr-fiala-milos-zeman-americka-zakladna-summit-nato-uprchlici_2204122052_jgr"
          },
          {
            "type": "WebSearchItem",
            "query": "site:hrad.cz prezident republiky jmenoval vládu Petra Fialy 17. prosince 2021"
          },
          {
            "type": "WebSearchItem",
            "query": "site:nato.int Petr Fiala extraordinary summit Brussels 24 March 2022"
          },
          {
            "type": "WebSearchItem",
            "query": "site:vlada.cz \"Petr Fiala\" \"předseda vlády\" \"17. 12. 2021\""
          },
          {
            "type": "AgentMessageItem",
            "text": "Mám dost podkladů k oběma realistickým výkladům výroku. Do `raw_sources.md` teď ukládám hlavně oficiální zdroje k Madridu a Bruselu, plus jednu větev k únorovému online summitu, která je důležitá jako možná protiinterpretace."
          },
          {
            "type": "CompatFileChangeItem"
          },
          {
            "type": "AgentMessageItem",
            "text": "Zdrojový přehled je uložený. Ještě ho projdu, ať nevznikla zbytečná duplicita a je jasně odděleno, co tvrzení podporuje, co ho jen zasazuje do kontextu a co míří proti širší interpretaci."
          },
          {
            "type": "CommandExecutionItem",
            "command": "/bin/bash -lc \"sed -n '1,260p' work/raw_sources.md\"",
            "exit_code": 0
          },
          {
            "type": "AgentMessageItem",
            "text": "Vyhledané zdroje jsem zapsal do [work/raw_sources.md](/home/vilo/demagog/fact_check_v2/experiments/v2_gpt-5.4_20260410_190055/id24694/work/raw_sources.md).\n\nPřevládají oficiální a veřejnoprávní zdroje, které podporují výklad, že na fyzické summity NATO v březnu a červnu 2022 jel za Česko premiér Petr Fiala, nikoli Miloš Zeman. Zároveň jsem přidal i protiinterpretaci k únorovému online summitu, kde některé zdroje uvádějí společnou účast Zemana a Fialy."
          }
        ]
      }
    },
    {
      "file": "step3_refine_log.json",
      "content": {
        "step": "step3_refine",
        "elapsed_seconds": 113.2,
        "prompt_length": 2274,
        "input_tokens": 604200,
        "cached_input_tokens": 380032,
        "output_tokens": 21895,
        "web_searches": 4,
        "final_response": "Refinovaný seznam jsem zapsal do [work/refined_sources.md](/home/vilo/demagog/fact_check_v2/experiments/v2_gpt-5.4_20260410_190055/id24694/work/refined_sources.md).\n\nHlavní důkazní linie teď stojí na oficiálních zdrojích `mzv.gov.cz` k madridskému i bruselskému summitu a na oficiálním dokumentu Pražského hradu k jmenování Fialovy vlády. Mediální články, které jen přebíraly stejné informace, jsem označil jako `replaced`; slabší protiinterpretaci k únorovému online summitu jsem ponechal jen jako `flagged` kontext.",
        "items": [
          {
            "type": "ErrorItem"
          },
          {
            "type": "AgentMessageItem",
            "text": "Teď zdroje pročistím podle kvality, duplicity a primárnosti. Zaměřím se hlavně na to, abych nahradil mediální zdroje oficiálními tam, kde to jde, a abych měl čisté pokrytí pro hlavní tvrzení i datum nástupu Fialovy vlády."
          },
          {
            "type": "CommandExecutionItem",
            "command": "/bin/bash -lc \"sed -n '1,260p' work/raw_sources.md\"",
            "exit_code": 0
          },
          {
            "type": "CommandExecutionItem",
            "command": "/bin/bash -lc \"sed -n '1,220p' work/claim_interpretation.md\"",
            "exit_code": 0
          },
          {
            "type": "CommandExecutionItem",
            "command": "/bin/bash -lc \"sed -n '1,260p' guides/source_ranking.csv\"",
            "exit_code": 0
          },
          {
            "type": "WebSearchItem",
            "query": "site:vlada.cz Petr Fiala mimořádný summit NATO 24. března 2022 vlada.cz"
          },
          {
            "type": "WebSearchItem",
            "query": "https://www.vlada.cz/assets/evropske-zalezitosti/aktualne/Tydenni-monitoring_SEZ__467.pdf"
          },
          {
            "type": "WebSearchItem",
            "query": "site:nato.int \"Petr Fiala\" \"24 March 2022\" NATO summit"
          },
          {
            "type": "WebSearchItem",
            "query": "https://mzv.gov.cz/representation_brussels/cz/udalosti_a_media/premier_fiala_se_v_bruselu_zucastnil.html"
          },
          {
            "type": "AgentMessageItem",
            "text": "Zdrojová sada se zúžila hlavně u mediálních článků, které jen přepisovaly oficiální informace. Do refined verze nechávám oficiální MZV zdroje jako páteř, zvlášť doplňuji primární podklad k březnovému summitu a zvlášť označuji slabší protiinterpretaci k únorovému online jednání."
          },
          {
            "type": "CompatFileChangeItem"
          },
          {
            "type": "AgentMessageItem",
            "text": "Refined verze je zapsaná. Zkontroluji ještě, že statusy dávají smysl a že nové náhradní zdroje opravdu pokrývají březnový summit i datum vzniku Fialovy vlády."
          },
          {
            "type": "CommandExecutionItem",
            "command": "/bin/bash -lc \"sed -n '1,320p' work/refined_sources.md\"",
            "exit_code": 0
          },
          {
            "type": "AgentMessageItem",
            "text": "Refinovaný seznam jsem zapsal do [work/refined_sources.md](/home/vilo/demagog/fact_check_v2/experiments/v2_gpt-5.4_20260410_190055/id24694/work/refined_sources.md).\n\nHlavní důkazní linie teď stojí na oficiálních zdrojích `mzv.gov.cz` k madridskému i bruselskému summitu a na oficiálním dokumentu Pražského hradu k jmenování Fialovy vlády. Mediální články, které jen přebíraly stejné informace, jsem označil jako `replaced`; slabší protiinterpretaci k únorovému online summitu jsem ponechal jen jako `flagged` kontext."
          }
        ]
      }
    },
    {
      "file": "step4_draft_log.json",
      "content": {
        "step": "step4_draft",
        "elapsed_seconds": 71.1,
        "prompt_length": 2388,
        "input_tokens": 1029443,
        "cached_input_tokens": 779520,
        "output_tokens": 26544,
        "web_searches": 0,
        "final_response": "Draft jsem zapsal do [work/draft.md](/home/vilo/demagog/fact_check_v2/experiments/v2_gpt-5.4_20260410_190055/id24694/work/draft.md).\n\nVýsledek staví na charitativním, ale stále přirozeném výkladu výroku: Vondráček mluví o fyzické cestě na summit NATO a o složení české delegace. V tomhle rámci oficiální zdroje ukazují, že v březnu i červnu 2022 zastupoval Česko premiér Petr Fiala, ne Miloš Zeman, takže draft uzavírá výrok jako `pravda`.",
        "items": [
          {
            "type": "ErrorItem"
          },
          {
            "type": "AgentMessageItem",
            "text": "Teď přepnu z rešerše do psaní. Nejdřív si znovu načtu stylová pravidla a dva hotové příklady, aby draft seděl tónem i strukturou, pak zapíšu samotné odůvodnění do HTML."
          },
          {
            "type": "CommandExecutionItem",
            "command": "/bin/bash -lc \"sed -n '1,260p' work/refined_sources.md\"",
            "exit_code": 0
          },
          {
            "type": "CommandExecutionItem",
            "command": "/bin/bash -lc \"sed -n '1,220p' guides/examples.txt\"",
            "exit_code": 0
          },
          {
            "type": "CommandExecutionItem",
            "command": "/bin/bash -lc \"sed -n '1,260p' guides/style_guide.md\"",
            "exit_code": 0
          },
          {
            "type": "AgentMessageItem",
            "text": "Důkazní linie už je uzavřená, draft bude krátký: kontext, březen 2022, červen 2022, krátké vyjasnění online summitu a závěr. Píšu ho teď v čistém HTML podle Demagog formátu."
          },
          {
            "type": "CompatFileChangeItem"
          },
          {
            "type": "AgentMessageItem",
            "text": "Draft je zapsaný. Ještě ho rychle projdu proti stylu: délka perexu, počet odstavců, jednoznačný závěr a jestli nejsou odkazy na názvy médií místo na klíčová slova."
          },
          {
            "type": "CommandExecutionItem",
            "command": "/bin/bash -lc \"sed -n '1,260p' work/draft.md\"",
            "exit_code": 0
          },
          {
            "type": "AgentMessageItem",
            "text": "V draftu ještě upravuji dvě drobnosti podle příručky: doplním chybějící inline odkaz u jedné věty a vyhodím formulaci, která zní moc jako metakomentář redakce."
          },
          {
            "type": "CompatFileChangeItem"
          },
          {
            "type": "AgentMessageItem",
            "text": "Draft je hotový a formálně sedí lépe: všechny nosné věty mají oporu v inline odkazech a text už nepoužívá formulace, které příručka nedoporučuje. Ještě si ověřím finální znění."
          },
          {
            "type": "CommandExecutionItem",
            "command": "/bin/bash -lc \"sed -n '1,260p' work/draft.md\"",
            "exit_code": 0
          },
          {
            "type": "AgentMessageItem",
            "text": "Draft jsem zapsal do [work/draft.md](/home/vilo/demagog/fact_check_v2/experiments/v2_gpt-5.4_20260410_190055/id24694/work/draft.md).\n\nVýsledek staví na charitativním, ale stále přirozeném výkladu výroku: Vondráček mluví o fyzické cestě na summit NATO a o složení české delegace. V tomhle rámci oficiální zdroje ukazují, že v březnu i červnu 2022 zastupoval Česko premiér Petr Fiala, ne Miloš Zeman, takže draft uzavírá výrok jako `pravda`."
          }
        ]
      }
    },
    {
      "file": "step5_verify_log.json",
      "content": {
        "step": "step5_verify",
        "elapsed_seconds": 95.5,
        "prompt_length": 1226,
        "input_tokens": 1646418,
        "cached_input_tokens": 1312896,
        "output_tokens": 32307,
        "web_searches": 6,
        "final_response": "Verifikaci jsem zapsal do [work/verification.md](/home/vilo/demagog/fact_check_v2/experiments/v2_gpt-5.4_20260410_190055/id24694/work/verification.md) a upravil jsem i [work/draft.md](/home/vilo/demagog/fact_check_v2/experiments/v2_gpt-5.4_20260410_190055/id24694/work/draft.md), aby prošel checklistem bez výhrad.\n\nHlavní změna byla technická: z draftu jsem odstranil oporu v hradním PDF, aby text nestál na citaci dokumentu bez uvedené stránky. Po úpravě všechny položky checklistu vyšly `PASS`, včetně spot-checku tří odkazů.",
        "items": [
          {
            "type": "ErrorItem"
          },
          {
            "type": "AgentMessageItem",
            "text": "Teď draft prověřím proti checklistu a rovnou si sáhnu na několik odkazů, aby bylo jisté, že vedou na správné místo. Pokud něco neprojde, opravím jen konkrétní problém v draftu a přepíšu verifikaci."
          },
          {
            "type": "CommandExecutionItem",
            "command": "/bin/bash -lc \"sed -n '1,260p' guides/style_guide.md\"",
            "exit_code": 0
          },
          {
            "type": "CommandExecutionItem",
            "command": "/bin/bash -lc \"sed -n '1,260p' work/draft.md\"",
            "exit_code": 0
          },
          {
            "type": "CommandExecutionItem",
            "command": "/bin/bash -lc \"sed -n '1,260p' guides/verification_checklist.md\"",
            "exit_code": 0
          },
          {
            "type": "CommandExecutionItem",
            "command": "/bin/bash -lc \"sed -n '1,200p' guides/source_ranking.csv\"",
            "exit_code": 0
          },
          {
            "type": "WebSearchItem",
            "query": ""
          },
          {
            "type": "WebSearchItem",
            "query": "site:hrad.cz jmenování vlády Petra Fialy 17. prosince 2021 hrad cz"
          },
          {
            "type": "WebSearchItem",
            "query": "site:hrad.cz/cs/pro-media \"jmenoval vládu\" \"Petr Fiala\" prosinec 2021"
          },
          {
            "type": "WebSearchItem",
            "query": "site:vlada.cz/cz/clenove-vlady Petr Fiala od 17. prosince 2021"
          },
          {
            "type": "WebSearchItem",
            "query": "https://mzv.gov.cz/representation_brussels/cz/udalosti_a_media/premier_fiala_se_v_bruselu_zucastnil.html"
          },
          {
            "type": "WebSearchItem",
            "query": "https://mzv.gov.cz/madrid/cz/bilateralni_vztahy/zpravy_a_udalosti/summit_nato_v_madridu.html"
          },
          {
            "type": "AgentMessageItem",
            "text": "Jediné slabší místo je citace hradního PDF bez stránky. Proto z draftu vyhodím vedlejší poznámku o prosinci 2021, která pro verdikt není nutná, a nechám text stát čistě na HTML zdrojích k summitům NATO."
          },
          {
            "type": "CompatFileChangeItem"
          },
          {
            "type": "AgentMessageItem",
            "text": "Po úpravě už draft nestojí na PDF odkazu a měl by projít i formálním bodem k citacím. Teď sepíšu checklist položku po položce a u spot-checku výslovně uvedu, které tři linky jsem otevřel a co na nich sedělo."
          },
          {
            "type": "CommandExecutionItem",
            "command": "/bin/bash -lc \"sed -n '1,240p' work/draft.md\"",
            "exit_code": 0
          },
          {
            "type": "CommandExecutionItem",
            "command": "/bin/bash -lc \"python - <<'PY'\ntext = open('work/draft.md').read()\nimport re\nm = re.search(r'<p class=\\\"perex\\\">(.*?)</p>', text)\nperex = re.sub(r'<.*?>','',m.group(1))\nprint(len(perex))\nprint(perex)\nPY\"",
            "exit_code": 0
          },
          {
            "type": "CompatFileChangeItem"
          },
          {
            "type": "AgentMessageItem",
            "text": "Checklist už vyšel čistě. Ještě upravuji jen formát checkboxů, aby přesně odpovídal zadání verifikačního kroku."
          },
          {
            "type": "CommandExecutionItem",
            "command": "/bin/bash -lc \"python - <<'PY'\nfrom pathlib import Path\np = Path('work/verification.md')\ntext = p.read_text()\ntext = text.replace('- [x]', '- [ ]')\np.write_text(text)\nPY\"",
            "exit_code": 0
          },
          {
            "type": "CommandExecutionItem",
            "command": "/bin/bash -lc \"sed -n '1,260p' work/verification.md\"",
            "exit_code": 0
          },
          {
            "type": "AgentMessageItem",
            "text": "Verifikaci jsem zapsal do [work/verification.md](/home/vilo/demagog/fact_check_v2/experiments/v2_gpt-5.4_20260410_190055/id24694/work/verification.md) a upravil jsem i [work/draft.md](/home/vilo/demagog/fact_check_v2/experiments/v2_gpt-5.4_20260410_190055/id24694/work/draft.md), aby prošel checklistem bez výhrad.\n\nHlavní změna byla technická: z draftu jsem odstranil oporu v hradním PDF, aby text nestál na citaci dokumentu bez uvedené stránky. Po úpravě všechny položky checklistu vyšly `PASS`, včetně spot-checku tří odkazů."
          }
        ]
      }
    },
    {
      "file": "step6_finalize_log.json",
      "content": {
        "step": "step6_finalize",
        "elapsed_seconds": 20.2,
        "prompt_length": 313,
        "input_tokens": 1916699,
        "cached_input_tokens": 1573376,
        "output_tokens": 33861,
        "web_searches": 0,
        "final_response": "Hotovo. Finální report je v [output/report.md](/home/vilo/demagog/fact_check_v2/experiments/v2_gpt-5.4_20260410_190055/id24694/output/report.md).",
        "items": [
          {
            "type": "ErrorItem"
          },
          {
            "type": "AgentMessageItem",
            "text": "Nejdřív ověřím, že `verification.md` opravdu končí `## Result: PASS`, a pak složím finální report do `output/report.md` z původního znění výroku a ověřeného draftu."
          },
          {
            "type": "CommandExecutionItem",
            "command": "/bin/bash -lc 'tail -n 5 work/verification.md'",
            "exit_code": 0
          },
          {
            "type": "CommandExecutionItem",
            "command": "/bin/bash -lc 'ls -la output'",
            "exit_code": 0
          },
          {
            "type": "CommandExecutionItem",
            "command": "/bin/bash -lc \"sed -n '1,240p' work/draft.md\"",
            "exit_code": 0
          },
          {
            "type": "AgentMessageItem",
            "text": "Verifikace končí `PASS`. Teď už jen zapisuji finální artefakt do `output/report.md` přesně v požadované struktuře."
          },
          {
            "type": "CompatFileChangeItem"
          },
          {
            "type": "AgentMessageItem",
            "text": "Hotovo. Finální report je v [output/report.md](/home/vilo/demagog/fact_check_v2/experiments/v2_gpt-5.4_20260410_190055/id24694/output/report.md)."
          }
        ]
      }
    }
  ]
}