{
  "claim_id": "24698",
  "split": "v2",
  "source_experiment": "v2_gpt-5.4_20260410_190055",
  "source_md": "fact_check_v2/experiments/v2_gpt-5.4_20260410_190055/reports/report24698.md",
  "step_logs": [
    {
      "file": "step1_interpret_log.json",
      "content": {
        "step": "step1_interpret",
        "elapsed_seconds": 87.0,
        "prompt_length": 6062,
        "input_tokens": 145489,
        "cached_input_tokens": 103552,
        "output_tokens": 5273,
        "web_searches": 3,
        "final_response": "Analýzu jsem zapsal do [work/claim_interpretation.md](/home/vilo/demagog/fact_check_v2/experiments/v2_gpt-5.4_20260410_190055/id24698/work/claim_interpretation.md).\n\nSoubor rozděluje výrok na 4 ověřitelné části, vymezuje hlavní interpretaci jako parafrázi čl. 63 Ústavy, upozorňuje na možnou širší interpretaci pro spor o summit NATO a nastavuje datumové okno pro další krok.",
        "items": [
          {
            "type": "ErrorItem"
          },
          {
            "type": "AgentMessageItem",
            "text": "Vyložím claim do ověřitelných částí a nejdřív si projdu lokální instrukce a strukturu workspace, ať zapíšu výstup do správného souboru a v očekávané podobě."
          },
          {
            "type": "CommandExecutionItem",
            "command": "/bin/bash -lc pwd",
            "exit_code": 0
          },
          {
            "type": "CommandExecutionItem",
            "command": "/bin/bash -lc 'rg --files'",
            "exit_code": 0
          },
          {
            "type": "CommandExecutionItem",
            "command": "/bin/bash -lc 'rg -n \"style guide|source ranking|claim_interpretation|work/|output/|guide\" .'",
            "exit_code": 0
          },
          {
            "type": "AgentMessageItem",
            "text": "Našel jsem jen obecné metodické soubory, takže si teď rychle načtu hlavně příručku a žebříček zdrojů, aby interpretace odpovídala pipeline a později nebylo potřeba ji vracet."
          },
          {
            "type": "CommandExecutionItem",
            "command": "/bin/bash -lc \"sed -n '1,220p' guides/prirucka.md\"",
            "exit_code": 0
          },
          {
            "type": "CommandExecutionItem",
            "command": "/bin/bash -lc \"sed -n '1,220p' guides/source_ranking.csv\"",
            "exit_code": 0
          },
          {
            "type": "CommandExecutionItem",
            "command": "/bin/bash -lc 'ls -la work'",
            "exit_code": 0
          },
          {
            "type": "AgentMessageItem",
            "text": "Kontext výroku je zatím jasný: jádro je v tom, zda Vondráček správně popsal obsah čl. 63 Ústavy a jeho důsledek pro jednání prezidenta navenek. Ještě si otevřu metadata a ověřím, jestli v nich není přesnější datum nebo pořad, pak sepíšu interpretační soubor."
          },
          {
            "type": "CommandExecutionItem",
            "command": "/bin/bash -lc \"sed -n '1,220p' metadata.json\"",
            "exit_code": 0
          },
          {
            "type": "CommandExecutionItem",
            "command": "/bin/bash -lc \"sed -n '1,220p' AGENTS.md\"",
            "exit_code": 0
          },
          {
            "type": "WebSearchItem",
            "query": "site:ceskatelevize.cz Události komentáře 8. dubna 2026 Vondráček Macinka Ankara summit Aliance prezident"
          },
          {
            "type": "WebSearchItem",
            "query": "https://ct24.ceskatelevize.cz/clanek/domaci/macinka-zmeni-komunikaci-veri-vondracek-mel-by-letet-na-minutu-tvrdi-benda-369918"
          },
          {
            "type": "WebSearchItem",
            "query": "site:zakonyprolidi.cz Ústavní zákon 1/1993 článek 63 prezident zastupuje Českou republiku navenek"
          },
          {
            "type": "AgentMessageItem",
            "text": "Teď zapíšu interpretační soubor. Zaměřím ho na dvě věci: přesné znění čl. 63 a nejednoznačnost kolem toho, jestli Vondráček jen shrnuje text Ústavy, nebo z něj už vyvozuje širší závěr o tom, kdo má vést delegaci na summit NATO."
          },
          {
            "type": "CompatFileChangeItem"
          },
          {
            "type": "AgentMessageItem",
            "text": "Interpretaci jsem zapsal. Ještě ji jednou rychle projdu z disku, abych chytil případnou nepřesnost v datech nebo v tom, jak jsem oddělil doslovné znění Ústavy od Vondráčkovy parafráze."
          },
          {
            "type": "CommandExecutionItem",
            "command": "/bin/bash -lc \"sed -n '1,240p' work/claim_interpretation.md\"",
            "exit_code": 0
          },
          {
            "type": "AgentMessageItem",
            "text": "Analýzu jsem zapsal do [work/claim_interpretation.md](/home/vilo/demagog/fact_check_v2/experiments/v2_gpt-5.4_20260410_190055/id24698/work/claim_interpretation.md).\n\nSoubor rozděluje výrok na 4 ověřitelné části, vymezuje hlavní interpretaci jako parafrázi čl. 63 Ústavy, upozorňuje na možnou širší interpretaci pro spor o summit NATO a nastavuje datumové okno pro další krok."
          }
        ]
      }
    },
    {
      "file": "step2_search_log.json",
      "content": {
        "step": "step2_search",
        "elapsed_seconds": 239.2,
        "prompt_length": 1771,
        "input_tokens": 607048,
        "cached_input_tokens": 362624,
        "output_tokens": 17950,
        "web_searches": 27,
        "final_response": "Zdroje jsem zapsal do [work/raw_sources.md](/home/vilo/demagog/fact_check_v2/experiments/v2_gpt-5.4_20260410_190055/id24698/work/raw_sources.md).\n\nSoubor obsahuje primární text Ústavy, judikaturu k rozsahu kontrasignace a několik veřejnoprávních a expertních zdrojů ke sporu o summit NATO jako kontext pro širší interpretaci výroku.",
        "items": [
          {
            "type": "ErrorItem"
          },
          {
            "type": "AgentMessageItem",
            "text": "Teď načtu interpretaci z minulého kroku a pak půjdu po primárních zdrojích. U tohohle výroku je klíčové oddělit přesný text čl. 63 od širšího ústavního výkladu, takže budu sbírat jak potvrzující zdroje, tak materiály, které ukazují limity té parafráze."
          },
          {
            "type": "CommandExecutionItem",
            "command": "/bin/bash -lc \"sed -n '1,240p' work/claim_interpretation.md\"",
            "exit_code": 0
          },
          {
            "type": "CommandExecutionItem",
            "command": "/bin/bash -lc \"test -f work/raw_sources.md && sed -n '1,240p' work/raw_sources.md || true\"",
            "exit_code": 0
          },
          {
            "type": "WebSearchItem",
            "query": "site:zakonyprolidi.cz 1/1993 Sb čl. 63 prezident zastupuje stát navenek"
          },
          {
            "type": "WebSearchItem",
            "query": "site:zakonyprolidi.cz \"Čl.63\" \"zastupuje stát navenek\""
          },
          {
            "type": "WebSearchItem",
            "query": "https://www.usoud.cz/fileadmin/user_upload/Tiskova_mluvci/Publikovane_nalezy/2017/Pl._US_12_17__vcetne_disentu.pdf"
          },
          {
            "type": "WebSearchItem",
            "query": "https://www.zakonyprolidi.cz/cs/1993-1"
          },
          {
            "type": "WebSearchItem",
            "query": "'Čl. 63' in https://www.zakonyprolidi.cz/cs/1993-1"
          },
          {
            "type": "WebSearchItem",
            "query": "'Článek 63'"
          },
          {
            "type": "WebSearchItem",
            "query": "site:irozhlas.cz prezident summit Ankara premiér vláda 2026 Macinka"
          },
          {
            "type": "WebSearchItem",
            "query": "https://www.irozhlas.cz/zpravy-domov/pavel-nepojede-na-summit-nato-hrozil-macinka-posledni-slovo-ma-ale-vlada-v-cele_2601281456_ako"
          },
          {
            "type": "WebSearchItem",
            "query": "'Aktuální znění 01.01.2026 (verze 11)' in https://www.zakonyprolidi.cz/cs/1993-1"
          },
          {
            "type": "WebSearchItem",
            "query": "site:zakonyprolidi.cz 71/2012 Sb čl. 63 odst. 4 vláda"
          },
          {
            "type": "WebSearchItem",
            "query": "site:zakonyprolidi.cz \"Za rozhodnutí prezidenta republiky vydaná podle odstavců 1 a 2 odpovídá vláda\""
          },
          {
            "type": "WebSearchItem",
            "query": "\"Za rozhodnutí prezidenta republiky vydaná podle odstavců 1 a 2 odpovídá vláda\""
          },
          {
            "type": "WebSearchItem",
            "query": "site:zakonyprolidi.cz 71/2012 Sb čl. 63 odst. 4 odpovídá vláda prezident"
          },
          {
            "type": "WebSearchItem",
            "query": "https://www.zakonyprolidi.cz/judikat/msph/10-a-99-2025-111"
          },
          {
            "type": "WebSearchItem",
            "query": "https://www.psp.cz/eknih/cdrom/ic/pdf/12_zahranicni_01_2023.pdf"
          },
          {
            "type": "WebSearchItem",
            "query": "https://www.zakonyprolidi.cz/cs/2012-71"
          },
          {
            "type": "WebSearchItem",
            "query": "'Rozsudek ze dne' in https://www.zakonyprolidi.cz/judikat/nsscr/7-as-242-2016-43"
          },
          {
            "type": "WebSearchItem",
            "query": "https://www.zakonyprolidi.cz/judikat/nsscr/7-as-242-2016-43"
          },
          {
            "type": "WebSearchItem",
            "query": ""
          },
          {
            "type": "WebSearchItem",
            "query": "site:psp.cz \"Za rozhodnutí prezidenta republiky, které vyžaduje spolupodpis předsedy vlády\""
          },
          {
            "type": "WebSearchItem",
            "query": "site:ct24.ceskatelevize.cz Macinkův postup je odsouzen k neúspěchu zastoupení Česka na summitu NATO"
          },
          {
            "type": "AgentMessageItem",
            "text": "Mám dost materiálu z primárních textů i judikatury. Do `raw_sources.md` teď uložím hlavně přesné znění čl. 63, zdroje k tomu, že odpovědnost vlády je dnes v odst. 4, a pak několik zdrojů ke sporu o summit jako kontext pro širší interpretaci výroku."
          },
          {
            "type": "CompatFileChangeItem"
          },
          {
            "type": "WebSearchItem",
            "query": ""
          },
          {
            "type": "WebSearchItem",
            "query": "site:usoud.cz \"Ustanovení čl. 63 odst. 3 Ústavy se vztahuje na veškerá rozhodnutí představující výkon zákonem stanovených pravomocí prezidenta republiky\""
          },
          {
            "type": "WebSearchItem",
            "query": "https://www.zakonyprolidi.cz/judikat/nsscr/7-as-242-2016-43"
          },
          {
            "type": "WebSearchItem",
            "query": "site:irozhlas.cz \"o tom, kdo bude Česko na summitu zastupovat, rozhoduje vláda, nikoli šéf české diplomacie\""
          },
          {
            "type": "WebSearchItem",
            "query": "https://www.irozhlas.cz/zpravy-domov/macinkuv-postup-je-odsouzen-k-neuspechu-rika-lipavsky-o-zastoupeni-ceska-na_2601280927_dns"
          },
          {
            "type": "AgentMessageItem",
            "text": "Ještě doplním jeden zdroj z téhož iROZHLAS textu s citací ústavní právničky Kindlové. To se může hodit ve fázi třídění zdrojů, protože už nejde jen o mediální popis sporu, ale o explicitní právní výklad k summitům NATO."
          },
          {
            "type": "CompatFileChangeItem"
          },
          {
            "type": "AgentMessageItem",
            "text": "Zdroje jsou zapsané. Ještě je jednou projdu, hlavně URL a datace, protože v dalším kroku bude důležité mít bezchybný seznam a jasně oddělené podpůrné a protiargumentační materiály."
          },
          {
            "type": "CommandExecutionItem",
            "command": "/bin/bash -lc \"sed -n '1,260p' work/raw_sources.md\"",
            "exit_code": 0
          },
          {
            "type": "WebSearchItem",
            "query": "https://www.usoud.cz/fileadmin/user_upload/Tiskova_mluvci/Publikovane_nalezy/2017/Pl._US_12_17__vcetne_disentu.pdf"
          },
          {
            "type": "AgentMessageItem",
            "text": "Zdroje jsem zapsal do [work/raw_sources.md](/home/vilo/demagog/fact_check_v2/experiments/v2_gpt-5.4_20260410_190055/id24698/work/raw_sources.md).\n\nSoubor obsahuje primární text Ústavy, judikaturu k rozsahu kontrasignace a několik veřejnoprávních a expertních zdrojů ke sporu o summit NATO jako kontext pro širší interpretaci výroku."
          }
        ]
      }
    },
    {
      "file": "step3_refine_log.json",
      "content": {
        "step": "step3_refine",
        "elapsed_seconds": 69.1,
        "prompt_length": 2274,
        "input_tokens": 820338,
        "cached_input_tokens": 552576,
        "output_tokens": 23028,
        "web_searches": 0,
        "final_response": "Refinovaný seznam jsem zapsal do [work/refined_sources.md](/home/vilo/demagog/fact_check_v2/experiments/v2_gpt-5.4_20260410_190055/id24698/work/refined_sources.md).\n\nNechal jsem v něm hlavně tier-1 právní a soudní zdroje pro samotné hodnocení výroku, odlišné stanovisko Ústavního soudu jsem ponechal jen jako `flagged` doplněk a mediální/expertické texty ke sporu o summit NATO jsem vyřadil jako nadbytečný kontext.",
        "items": [
          {
            "type": "ErrorItem"
          },
          {
            "type": "AgentMessageItem",
            "text": "Teď zdroje proseju podle kvality a potřeby pro samotné hodnocení. U tohohle výroku očekávám, že finální opora bude stát hlavně na Ústavě a judikatuře; část mediálních a expertních kontextových zdrojů nejspíš omezím nebo ponechám jen jako doplněk."
          },
          {
            "type": "CommandExecutionItem",
            "command": "/bin/bash -lc \"sed -n '1,260p' work/raw_sources.md\"",
            "exit_code": 0
          },
          {
            "type": "CommandExecutionItem",
            "command": "/bin/bash -lc \"sed -n '1,240p' guides/source_ranking.csv\"",
            "exit_code": 0
          },
          {
            "type": "CommandExecutionItem",
            "command": "/bin/bash -lc \"sed -n '1,220p' work/claim_interpretation.md\"",
            "exit_code": 0
          },
          {
            "type": "AgentMessageItem",
            "text": "Mám jasno v redukci. Finální seznam postavím na tier-1 právních a soudních zdrojích; mediální a expertní texty o summitu zůstávají nanejvýš jako kontext a v refinovaném seznamu je označím jako nepodstatné pro samotné hodnocení výroku."
          },
          {
            "type": "CompatFileChangeItem"
          },
          {
            "type": "AgentMessageItem",
            "text": "Refinovaný seznam je hotový. Ještě zkontroluju, že jsem u každého zdroje jasně oddělil „kept“ od „removed/flagged“ a že závěrečné shrnutí skutečně pokrývá všechna čtyři dílčí tvrzení."
          },
          {
            "type": "CommandExecutionItem",
            "command": "/bin/bash -lc \"sed -n '1,320p' work/refined_sources.md\"",
            "exit_code": 0
          },
          {
            "type": "AgentMessageItem",
            "text": "Refinovaný seznam jsem zapsal do [work/refined_sources.md](/home/vilo/demagog/fact_check_v2/experiments/v2_gpt-5.4_20260410_190055/id24698/work/refined_sources.md).\n\nNechal jsem v něm hlavně tier-1 právní a soudní zdroje pro samotné hodnocení výroku, odlišné stanovisko Ústavního soudu jsem ponechal jen jako `flagged` doplněk a mediální/expertické texty ke sporu o summit NATO jsem vyřadil jako nadbytečný kontext."
          }
        ]
      }
    },
    {
      "file": "step4_draft_log.json",
      "content": {
        "step": "step4_draft",
        "elapsed_seconds": 72.5,
        "prompt_length": 2388,
        "input_tokens": 1258224,
        "cached_input_tokens": 975872,
        "output_tokens": 27902,
        "web_searches": 0,
        "final_response": "Draft jsem zapsal do [work/draft.md](/home/vilo/demagog/fact_check_v2/experiments/v2_gpt-5.4_20260410_190055/id24698/work/draft.md).\n\nVerdikt v draftu vychází jako `zavádějící`: Vondráček správně shrnuje zastupování státu navenek a existenci kontrasignace, ale nepřesně popisuje text čl. 63, protože odpovědnost vlády je v aktuálním znění až v odst. 4 a Ústava mluví o rozhodnutích, ne obecně o kompetencích.",
        "items": [
          {
            "type": "ErrorItem"
          },
          {
            "type": "AgentMessageItem",
            "text": "Teď si načtu stylistická pravidla a dva reálné příklady, ať draft sedí formou i tónem. Pak už sepíšu samotné odůvodnění v češtině a s inline odkazy bez seznamů."
          },
          {
            "type": "CommandExecutionItem",
            "command": "/bin/bash -lc \"sed -n '1,220p' guides/examples.txt\"",
            "exit_code": 0
          },
          {
            "type": "CommandExecutionItem",
            "command": "/bin/bash -lc \"sed -n '1,260p' work/refined_sources.md\"",
            "exit_code": 0
          },
          {
            "type": "CommandExecutionItem",
            "command": "/bin/bash -lc \"sed -n '1,260p' guides/style_guide.md\"",
            "exit_code": 0
          },
          {
            "type": "AgentMessageItem",
            "text": "Jdu psát draft. Postavím ho na dvou jednoduchých osách: co čl. 63 skutečně říká a v čem Vondráček text posouvá, když mluví o „kompetencích“ a když odpovědnost vlády připisuje odst. 3 místo odst. 4."
          },
          {
            "type": "CompatFileChangeItem"
          },
          {
            "type": "AgentMessageItem",
            "text": "Draft je sepsaný. Dám mu ještě jednu krátkou kontrolu kvůli stylu Demagogu: délka perexu, krátké odstavce, odkazy na klíčových slovech a jen jedno explicitní vyslovení verdiktu na konci."
          },
          {
            "type": "CommandExecutionItem",
            "command": "/bin/bash -lc \"sed -n '1,260p' work/draft.md\"",
            "exit_code": 0
          },
          {
            "type": "AgentMessageItem",
            "text": "Je tam ještě jedna stylistická drobnost: u sněmovního PDF mám odkaz na příponě místo na klíčovém slovu. Opravím to a nechám draft čistý podle pravidel."
          },
          {
            "type": "CompatFileChangeItem"
          },
          {
            "type": "CommandExecutionItem",
            "command": "/bin/bash -lc \"sed -n '1,220p' work/draft.md\"",
            "exit_code": 0
          },
          {
            "type": "AgentMessageItem",
            "text": "Draft jsem zapsal do [work/draft.md](/home/vilo/demagog/fact_check_v2/experiments/v2_gpt-5.4_20260410_190055/id24698/work/draft.md).\n\nVerdikt v draftu vychází jako `zavádějící`: Vondráček správně shrnuje zastupování státu navenek a existenci kontrasignace, ale nepřesně popisuje text čl. 63, protože odpovědnost vlády je v aktuálním znění až v odst. 4 a Ústava mluví o rozhodnutích, ne obecně o kompetencích."
          }
        ]
      }
    },
    {
      "file": "step5_verify_log.json",
      "content": {
        "step": "step5_verify",
        "elapsed_seconds": 98.7,
        "prompt_length": 1226,
        "input_tokens": 1722240,
        "cached_input_tokens": 1331968,
        "output_tokens": 34803,
        "web_searches": 5,
        "final_response": "Verifikaci jsem zapsal do [work/verification.md](/home/vilo/demagog/fact_check_v2/experiments/v2_gpt-5.4_20260410_190055/id24698/work/verification.md) a po kontrole jsem upravil i [work/draft.md](/home/vilo/demagog/fact_check_v2/experiments/v2_gpt-5.4_20260410_190055/id24698/work/draft.md).\n\nOpravy byly dvě: doplnil jsem stránku u citovaného PDF a zpřesnil formulace i odkazy u čl. 63 tak, aby směřovaly na konkrétní části a používaly srozumitelnější „spolupodpis“. Výsledek verifikace je `PASS`.",
        "items": [
          {
            "type": "ErrorItem"
          },
          {
            "type": "AgentMessageItem",
            "text": "Teď ten text zkusím zlomit přes checklist a opravdu ověřím i odkazy. Očekávám hlavně dvě citlivá místa: citaci PDF se stránkou a to, jestli jsou odkazy na Ústavu dostatečně konkrétní."
          },
          {
            "type": "CommandExecutionItem",
            "command": "/bin/bash -lc \"sed -n '1,260p' guides/verification_checklist.md\"",
            "exit_code": 0
          },
          {
            "type": "CommandExecutionItem",
            "command": "/bin/bash -lc \"sed -n '1,240p' work/draft.md\"",
            "exit_code": 0
          },
          {
            "type": "CommandExecutionItem",
            "command": "/bin/bash -lc \"sed -n '1,240p' guides/style_guide.md\"",
            "exit_code": 0
          },
          {
            "type": "CommandExecutionItem",
            "command": "/bin/bash -lc \"sed -n '1,240p' guides/source_ranking.csv\"",
            "exit_code": 0
          },
          {
            "type": "WebSearchItem",
            "query": "'Prezident republiky zastupuje stát navenek' in https://www.psp.cz/eknih/cdrom/ic/pdf/12_zahranicni_01_2023.pdf"
          },
          {
            "type": "WebSearchItem",
            "query": "https://www.zakonyprolidi.cz/cs/1993-1"
          },
          {
            "type": "WebSearchItem",
            "query": "'zastupuje stát navenek' in https://www.zakonyprolidi.cz/cs/1993-1"
          },
          {
            "type": "WebSearchItem",
            "query": "'To, že vláda je podle čl. 63 odst. 4 Ústavy za kontrasignované rozhodnutí jedním ze svých členů odpovědná' in https://www.zakonyprolidi.cz/judikat/msph/10-a-99-2025-111"
          },
          {
            "type": "AgentMessageItem",
            "text": "Checklist zatím odhalil dvě reálné úpravy: právní termín je lepší zpřístupnit jako spolupodpis a u sněmovního PDF doplním stránku. Rovnou také zpřesním odkazy na konkrétní části čl. 63."
          },
          {
            "type": "CompatFileChangeItem"
          },
          {
            "type": "WebSearchItem",
            "query": "'To, že vláda je podle čl. 63 odst. 4 Ústavy za kontrasignované rozhodnutí jedním ze svých členů odpovědná' in https://www.zakonyprolidi.cz/judikat/msph/10-a-99-2025-111"
          },
          {
            "type": "AgentMessageItem",
            "text": "Checklist po úpravách vychází čistě. Zapíšu formální verifikaci se všemi položkami a u kontroly odkazů výslovně uvedu, které tři linky jsem spot-checknul a co na nich sedělo."
          },
          {
            "type": "CompatFileChangeItem"
          },
          {
            "type": "AgentMessageItem",
            "text": "Verifikace je zapsaná a po opravách draft prošel bez failů. Jen si ještě načtu finální podobu verifikačního souboru, aby tam byly všechny checklistové položky a závěrečné `PASS`."
          },
          {
            "type": "CommandExecutionItem",
            "command": "/bin/bash -lc \"sed -n '1,320p' work/verification.md\"",
            "exit_code": 0
          },
          {
            "type": "AgentMessageItem",
            "text": "Verifikaci jsem zapsal do [work/verification.md](/home/vilo/demagog/fact_check_v2/experiments/v2_gpt-5.4_20260410_190055/id24698/work/verification.md) a po kontrole jsem upravil i [work/draft.md](/home/vilo/demagog/fact_check_v2/experiments/v2_gpt-5.4_20260410_190055/id24698/work/draft.md).\n\nOpravy byly dvě: doplnil jsem stránku u citovaného PDF a zpřesnil formulace i odkazy u čl. 63 tak, aby směřovaly na konkrétní části a používaly srozumitelnější „spolupodpis“. Výsledek verifikace je `PASS`."
          }
        ]
      }
    },
    {
      "file": "step6_finalize_log.json",
      "content": {
        "step": "step6_finalize",
        "elapsed_seconds": 34.5,
        "prompt_length": 313,
        "input_tokens": 2092694,
        "cached_input_tokens": 1691648,
        "output_tokens": 36629,
        "web_searches": 0,
        "final_response": "Hotovo. Soubor [output/report.md](/home/vilo/demagog/fact_check_v2/experiments/v2_gpt-5.4_20260410_190055/id24698/output/report.md) jsem vytvořil a `work/verification.md` končí `## Result: PASS`.",
        "items": [
          {
            "type": "ErrorItem"
          },
          {
            "type": "AgentMessageItem",
            "text": "Teď už jen ověřím závěrečný `PASS` a přenesu finální report do `output/report.md` v požadované struktuře."
          },
          {
            "type": "CommandExecutionItem",
            "command": "/bin/bash -lc 'tail -n 5 work/verification.md'",
            "exit_code": 0
          },
          {
            "type": "CommandExecutionItem",
            "command": "/bin/bash -lc \"sed -n '1,240p' work/draft.md\"",
            "exit_code": 0
          },
          {
            "type": "CommandExecutionItem",
            "command": "/bin/bash -lc \"mkdir -p output && test -f output/report.md && sed -n '1,80p' output/report.md || true\"",
            "exit_code": 0
          },
          {
            "type": "AgentMessageItem",
            "text": "Verifikace končí `PASS`. Teď už jen zapíšu finální výstup do `output/report.md` přesně v předepsané struktuře."
          },
          {
            "type": "CompatFileChangeItem"
          },
          {
            "type": "AgentMessageItem",
            "text": "Finální soubor je zapsaný. Pro jistotu jen rychle načtu začátek `output/report.md`, aby seděla hlavička, původní výrok i vložený report."
          },
          {
            "type": "CommandExecutionItem",
            "command": "/bin/bash -lc \"sed -n '1,260p' output/report.md\"",
            "exit_code": 0
          },
          {
            "type": "AgentMessageItem",
            "text": "Hotovo. Soubor [output/report.md](/home/vilo/demagog/fact_check_v2/experiments/v2_gpt-5.4_20260410_190055/id24698/output/report.md) jsem vytvořil a `work/verification.md` končí `## Result: PASS`."
          }
        ]
      }
    }
  ]
}