{
  "claim_id": "24699",
  "split": "v2",
  "source_experiment": "v2_gpt-5.4_20260410_190055",
  "source_md": "fact_check_v2/experiments/v2_gpt-5.4_20260410_190055/reports/report24699.md",
  "step_logs": [
    {
      "file": "step1_interpret_log.json",
      "content": {
        "step": "step1_interpret",
        "elapsed_seconds": 127.8,
        "prompt_length": 3820,
        "input_tokens": 167371,
        "cached_input_tokens": 106368,
        "output_tokens": 6473,
        "web_searches": 8,
        "final_response": "Interpretaci jsem zapsal do [work/claim_interpretation.md](/home/vilo/demagog/fact_check_v2/experiments/v2_gpt-5.4_20260410_190055/id24699/work/claim_interpretation.md).\n\nJako hlavní ověřovanou interpretaci jsem nastavil úzkou opravu Výborného: čl. 63 odst. 3 mluví o spolupodpisu předsedy vlády nebo pověřeného člena vlády, nikoli o „kontrasignaci vlády“, a současně jsem do poznámek přidal důležitou nuanci, že odst. 4 za taková rozhodnutí přisuzuje odpovědnost vládě. ",
        "items": [
          {
            "type": "ErrorItem"
          },
          {
            "type": "AgentMessageItem",
            "text": "Prověřím lokální instrukce a případné vodicí soubory pro krok interpretace, potom si ověřím kontext výroku a zapíšu interpretaci do `work/claim_interpretation.md`."
          },
          {
            "type": "CommandExecutionItem",
            "command": "/bin/bash -lc \"pwd && rg --files . | rg '(\"'^|/)(AGENTS'\"\\\\.md|README|guide|style|source|claim|work/)'\"",
            "exit_code": 0
          },
          {
            "type": "CommandExecutionItem",
            "command": "/bin/bash -lc \"find .. -name AGENTS.md -o -iname '*guide*' -o -iname '*style*' -o -iname '*source*' | sed 's#\"'^#/#'\"'\"",
            "exit_code": 0
          },
          {
            "type": "AgentMessageItem",
            "text": "Našel jsem lokální metodické soubory. Teď čtu příručku a stručně si vytáhnu pravidla pro interpretaci výroku, ať výstup odpovídá pipeline."
          },
          {
            "type": "CommandExecutionItem",
            "command": "/bin/bash -lc \"sed -n '1,220p' guides/prirucka.md\"",
            "exit_code": 0
          },
          {
            "type": "CommandExecutionItem",
            "command": "/bin/bash -lc \"sed -n '1,220p' guides/style_guide.md\"",
            "exit_code": 0
          },
          {
            "type": "CommandExecutionItem",
            "command": "/bin/bash -lc \"sed -n '1,220p' guides/source_ranking.csv\"",
            "exit_code": 0
          },
          {
            "type": "CommandExecutionItem",
            "command": "/bin/bash -lc \"sed -n '1,220p' AGENTS.md\"",
            "exit_code": 0
          },
          {
            "type": "CommandExecutionItem",
            "command": "/bin/bash -lc \"ls -la work && if [ -f work/claim_interpretation.md ]; then sed -n '1,220p' work/claim_interpretation.md; fi\"",
            "exit_code": 0
          },
          {
            "type": "WebSearchItem",
            "query": "site:zakonyprolidi.cz Ústava České republiky čl. 63 odst. 3 kontrasignace předseda vlády"
          },
          {
            "type": "WebSearchItem",
            "query": ""
          },
          {
            "type": "WebSearchItem",
            "query": ""
          },
          {
            "type": "WebSearchItem",
            "query": "site:zakonyprolidi.cz/cs/1993-1 Ústava České republiky čl. 63 odst. 3"
          },
          {
            "type": "WebSearchItem",
            "query": "site:zakonyprolidi.cz/cs/1993-1 \"rozhodnutí prezidenta republiky vydaná podle odstavce 1\" \"předsedy vlády\""
          },
          {
            "type": "WebSearchItem",
            "query": "site:ceskatelevize.cz/porady/1096898594-udalosti-komentare/226411000370408 Vondráček Výborný summit čl. 63 prezident"
          },
          {
            "type": "WebSearchItem",
            "query": "https://www.zakonyprolidi.cz/cs/1993-1"
          },
          {
            "type": "WebSearchItem",
            "query": "'Čl. 63' in https://www.zakonyprolidi.cz/cs/1993-1"
          },
          {
            "type": "AgentMessageItem",
            "text": "Mám vyjasněnou jádrovou interpretaci: spor je mezi kolektivní „vládou“ a individuálním spolupodpisem předsedy vlády podle čl. 63 odst. 3, s důležitou nuancí, že odst. 4 současně přisuzuje odpovědnost vládě. Teď to sepíšu do pracovního souboru tak, aby další krok mohl rovnou navázat hledáním zdrojů."
          },
          {
            "type": "CompatFileChangeItem"
          },
          {
            "type": "AgentMessageItem",
            "text": "Interpretace je zapsaná. Ještě rychle kontroluji soubor, aby další krok dostal čisté dílčí teze, časové okno a vyhledávací plán bez skrytých nejasností."
          },
          {
            "type": "CommandExecutionItem",
            "command": "/bin/bash -lc \"sed -n '1,260p' work/claim_interpretation.md\"",
            "exit_code": 0
          },
          {
            "type": "AgentMessageItem",
            "text": "Interpretaci jsem zapsal do [work/claim_interpretation.md](/home/vilo/demagog/fact_check_v2/experiments/v2_gpt-5.4_20260410_190055/id24699/work/claim_interpretation.md).\n\nJako hlavní ověřovanou interpretaci jsem nastavil úzkou opravu Výborného: čl. 63 odst. 3 mluví o spolupodpisu předsedy vlády nebo pověřeného člena vlády, nikoli o „kontrasignaci vlády“, a současně jsem do poznámek přidal důležitou nuanci, že odst. 4 za taková rozhodnutí přisuzuje odpovědnost vládě. "
          }
        ]
      }
    },
    {
      "file": "step2_search_log.json",
      "content": {
        "step": "step2_search",
        "elapsed_seconds": 315.1,
        "prompt_length": 1771,
        "input_tokens": 555580,
        "cached_input_tokens": 336384,
        "output_tokens": 20524,
        "web_searches": 27,
        "final_response": "Zdroje jsem zapsal do [work/raw_sources.md](/home/vilo/demagog/fact_check_v2/experiments/v2_gpt-5.4_20260410_190055/id24699/work/raw_sources.md).\n\nJako nosné jsem vytáhl text čl. 63 odst. 3 a 4 Ústavy a oficiální podklady Úřadu vlády, které podpírají rozdíl mezi spolupodpisem předsedy vlády a odpovědností vlády. Současně jsem přidal i nuancující judikaturu NSS, která ukazuje, že vláda může v materiálním smyslu dávat souhlas ke spolupodpisu premiéra, takže spor není čistě terminologický. ([vlada.gov.cz](https://vlada.gov.cz/cz/clenove-vlady/pri-uradu-vlady/petr-mlsna/v-mediich/ministr-petr-mlsna-v-poradu-udalosti--komentare--102410/))",
        "items": [
          {
            "type": "ErrorItem"
          },
          {
            "type": "AgentMessageItem",
            "text": "Nejdřív znovu načtu interpretaci a pak vytáhnu primární zdroje k čl. 63 a několik doplňkových odborných či mediálních zdrojů, včetně těch, které používají opačnou zkratku „kontrasignace vlády“."
          },
          {
            "type": "CommandExecutionItem",
            "command": "/bin/bash -lc \"sed -n '1,260p' work/claim_interpretation.md\"",
            "exit_code": 0
          },
          {
            "type": "CommandExecutionItem",
            "command": "/bin/bash -lc \"if [ -f work/raw_sources.md ]; then sed -n '1,260p' work/raw_sources.md; else echo '(no raw_sources.md yet)'; fi\"",
            "exit_code": 0
          },
          {
            "type": "WebSearchItem",
            "query": "site:zakonyprolidi.cz/cs/1993-1 čl. 63 odst. 3 spolupodpis předsedy vlády"
          },
          {
            "type": "WebSearchItem",
            "query": "https://www.zakonyprolidi.cz/cs/1993-1"
          },
          {
            "type": "WebSearchItem",
            "query": "'Čl. 63' in https://www.zakonyprolidi.cz/cs/1993-1"
          },
          {
            "type": "WebSearchItem",
            "query": "site:psp.cz/docs/laws constitution article 63 prime minister countersignature"
          },
          {
            "type": "WebSearchItem",
            "query": "site:irozhlas.cz kontrasignace vlády prezidenta čl. 63"
          },
          {
            "type": "WebSearchItem",
            "query": "https://ct24.ceskatelevize.cz/clanek/domaci/umele-vytvoreny-problem-rika-ke-sporu-ohledne-ucasti-na-summitu-nato-kysela-372225"
          },
          {
            "type": "WebSearchItem",
            "query": "https://www.ceskatelevize.cz/porady/1096898594-udalosti-komentare/226411000370408/"
          },
          {
            "type": "WebSearchItem",
            "query": "https://www.ceskatelevize.cz/porady/1096898594-udalosti-komentare/226411000370408/cast/1180354/"
          },
          {
            "type": "WebSearchItem",
            "query": "\"kontrasignace vlády\" prezident čl. 63"
          },
          {
            "type": "WebSearchItem",
            "query": "https://vlada.gov.cz/cz/urad-vlady/poskytovani-informaci/poskytnute-informace-na-zadost/informace-tykajici-se-vlady-cr-225580/"
          },
          {
            "type": "WebSearchItem",
            "query": "https://www.zakonyprolidi.cz/judikat/uscr/pl-us-14-01"
          },
          {
            "type": "WebSearchItem",
            "query": "https://www.zakonyprolidi.cz/judikat/uscr/pl-us-87-06-1"
          },
          {
            "type": "WebSearchItem",
            "query": "'Aktualizováno' in https://ct24.ceskatelevize.cz/clanek/domaci/umele-vytvoreny-problem-rika-ke-sporu-ohledne-ucasti-na-summitu-nato-kysela-372225"
          },
          {
            "type": "WebSearchItem",
            "query": "site:irozhlas.cz prezident summit NATO článek 63 kontrasignace vlády"
          },
          {
            "type": "WebSearchItem",
            "query": "site:ct24.ceskatelevize.cz summit NATO Pavel Macinka článek 63"
          },
          {
            "type": "WebSearchItem",
            "query": "https://www.seznamzpravy.cz/clanek/domaci-politika-spor-o-pavlovu-cestu-do-nato-jako-by-vam-recepcni-nedala-klic-od-kancelare-303574"
          },
          {
            "type": "WebSearchItem",
            "query": "site:hrad.cz 8. 4. 2026 čl. 63 summit NATO prezident Babiš"
          },
          {
            "type": "WebSearchItem",
            "query": "https://www.hrad.cz/cs/pro-media/tiskove-zpravy/aktualni-tiskove-zpravy/prezident-republiky-odeslal-dopis-predsedovi-vlady-19159"
          },
          {
            "type": "WebSearchItem",
            "query": "https://www.hrad.cz/file/edee/2026/01/dopis-prezidenta-republiky-predsedovi-vlady.pdf"
          },
          {
            "type": "WebSearchItem",
            "query": "\"Ne kontrasignace vlády, kontrasignace premiéra\""
          },
          {
            "type": "WebSearchItem",
            "query": "https://www.irozhlas.cz/zpravy-domov/zeman-se-chce-kvuli-velvyslancum-obratit-na-necase-schwarzenberg-hrozi-odchodem-z-vlady_201304231815_akottova"
          },
          {
            "type": "WebSearchItem",
            "query": "https://www.irozhlas.cz/zpravy-domov/premier-necas-obhajuje-novorocni-amnestii-prezidenta-podle-nej-nejde-o-politicky-obchod_201301091906_jpiroch"
          },
          {
            "type": "WebSearchItem",
            "query": "'titul' in https://www.ceskatelevize.cz/porady/1096898594-udalosti-komentare/226411000370408/cast/1180354/"
          },
          {
            "type": "WebSearchItem",
            "query": "Vondráček Výborný kontrasignace vlády 8. dubna 2026"
          },
          {
            "type": "WebSearchItem",
            "query": "https://uv.gov.cz/cz/urad-vlady/poskytovani-informaci/poskytnute-informace-na-zadost/informace-tykajici-se-vlady-cr-220421/"
          },
          {
            "type": "AgentMessageItem",
            "text": "Mám dost materiálu z primárních a oficiálních zdrojů. Teď to skládám do `work/raw_sources.md` tak, aby bylo oddělené, co Výborného formulaci přímo podpírá, a co ji spíš právně nuancuje."
          },
          {
            "type": "CompatFileChangeItem"
          },
          {
            "type": "AgentMessageItem",
            "text": "`raw_sources.md` je zapsaný. Ještě kontroluji přesnost dat a to, jestli máme oddělené primární právní texty od zdrojů, které jen popisují praktickou roli vlády a premiéra."
          },
          {
            "type": "CommandExecutionItem",
            "command": "/bin/bash -lc \"sed -n '1,260p' work/raw_sources.md\"",
            "exit_code": 0
          },
          {
            "type": "CommandExecutionItem",
            "command": "/bin/bash -lc 'wc -l work/raw_sources.md'",
            "exit_code": 0
          },
          {
            "type": "WebSearchItem",
            "query": ""
          },
          {
            "type": "WebSearchItem",
            "query": "https://vlada.gov.cz/cz/clenove-vlady/pri-uradu-vlady/petr-mlsna/v-mediich/ministr-petr-mlsna-v-poradu-udalosti--komentare--102410/"
          },
          {
            "type": "AgentMessageItem",
            "text": "Našel jsem přesné datum vládního přepisu s Mlsnou, takže ho doplňuji. Tím se vyhnu neurčitému roku u jednoho z nosných odborných zdrojů."
          },
          {
            "type": "CompatFileChangeItem"
          },
          {
            "type": "AgentMessageItem",
            "text": "Zdroje jsem zapsal do [work/raw_sources.md](/home/vilo/demagog/fact_check_v2/experiments/v2_gpt-5.4_20260410_190055/id24699/work/raw_sources.md).\n\nJako nosné jsem vytáhl text čl. 63 odst. 3 a 4 Ústavy a oficiální podklady Úřadu vlády, které podpírají rozdíl mezi spolupodpisem předsedy vlády a odpovědností vlády. Současně jsem přidal i nuancující judikaturu NSS, která ukazuje, že vláda může v materiálním smyslu dávat souhlas ke spolupodpisu premiéra, takže spor není čistě terminologický. ([vlada.gov.cz](https://vlada.gov.cz/cz/clenove-vlady/pri-uradu-vlady/petr-mlsna/v-mediich/ministr-petr-mlsna-v-poradu-udalosti--komentare--102410/))"
          }
        ]
      }
    },
    {
      "file": "step3_refine_log.json",
      "content": {
        "step": "step3_refine",
        "elapsed_seconds": 98.4,
        "prompt_length": 2274,
        "input_tokens": 779830,
        "cached_input_tokens": 535680,
        "output_tokens": 26180,
        "web_searches": 0,
        "final_response": "Refinovaný seznam jsem zapsal do [work/refined_sources.md](/home/vilo/demagog/fact_check_v2/experiments/v2_gpt-5.4_20260410_190055/id24699/work/refined_sources.md).\n\nNechal jsem hlavně tier-1 právní a oficiální zdroje k čl. 63, plus nuancující judikaturu NSS; sekundární mediální texty, které jen opakovaly Ústavu nebo šly nahradit primárními zdroji, jsem vyřadil. Jediná otevřená slabina zůstává u dílčího tvrzení 1.1: stránka pořadu ČT je dostupná, ale je to zároveň zdroj hodnoceného výroku, takže přesný Vondráčkův citát nemáme nezávisle potvrzený mimo zadání.",
        "items": [
          {
            "type": "ErrorItem"
          },
          {
            "type": "AgentMessageItem",
            "text": "Teď zdroje pročistím podle tierů, primárnosti a data. U mediálních kusů budu držet jen to, co přináší něco navíc oproti Ústavě, judikatuře a oficiálním odpovědím Úřadu vlády."
          },
          {
            "type": "CommandExecutionItem",
            "command": "/bin/bash -lc \"sed -n '1,260p' work/raw_sources.md\"",
            "exit_code": 0
          },
          {
            "type": "CommandExecutionItem",
            "command": "/bin/bash -lc \"sed -n '1,220p' work/claim_interpretation.md\"",
            "exit_code": 0
          },
          {
            "type": "CommandExecutionItem",
            "command": "/bin/bash -lc \"sed -n '1,220p' guides/source_ranking.csv\"",
            "exit_code": 0
          },
          {
            "type": "AgentMessageItem",
            "text": "Vyčištěný seznam udělám transparentně: nechám tam i odstraněné položky se statusem, aby bylo vidět, co odpadlo jako duplicitní nebo příliš sekundární a čím je to nahrazené."
          },
          {
            "type": "CompatFileChangeItem"
          },
          {
            "type": "AgentMessageItem",
            "text": "Refinovaný seznam je hotový. Ještě rychle projdu shrnutí, abych ověřil, že máme jasně označenou jedinou slabinu: přesný Vondráčkův citát je stále navázaný hlavně na samotný zdroj debaty a zadání."
          },
          {
            "type": "CommandExecutionItem",
            "command": "/bin/bash -lc \"sed -n '1,320p' work/refined_sources.md\"",
            "exit_code": 0
          },
          {
            "type": "AgentMessageItem",
            "text": "Refinovaný seznam jsem zapsal do [work/refined_sources.md](/home/vilo/demagog/fact_check_v2/experiments/v2_gpt-5.4_20260410_190055/id24699/work/refined_sources.md).\n\nNechal jsem hlavně tier-1 právní a oficiální zdroje k čl. 63, plus nuancující judikaturu NSS; sekundární mediální texty, které jen opakovaly Ústavu nebo šly nahradit primárními zdroji, jsem vyřadil. Jediná otevřená slabina zůstává u dílčího tvrzení 1.1: stránka pořadu ČT je dostupná, ale je to zároveň zdroj hodnoceného výroku, takže přesný Vondráčkův citát nemáme nezávisle potvrzený mimo zadání."
          }
        ]
      }
    },
    {
      "file": "step4_draft_log.json",
      "content": {
        "step": "step4_draft",
        "elapsed_seconds": 76.8,
        "prompt_length": 2388,
        "input_tokens": 1087065,
        "cached_input_tokens": 826240,
        "output_tokens": 30749,
        "web_searches": 0,
        "final_response": "Draft jsem zapsal do [work/draft.md](/home/vilo/demagog/fact_check_v2/experiments/v2_gpt-5.4_20260410_190055/id24699/work/draft.md).\n\nText staví verdict `pravda` na tom, že čl. 63 odst. 3 skutečně mluví o spolupodpisu předsedy vlády nebo pověřeného člena vlády, zatímco odst. 4 přisuzuje odpovědnost vládě; doplnil jsem i soudní a vládní nuance, aby bylo jasné, proč Vondráčkova formulace mohla znít širším způsobem, ale nebyla přesná v doslovném ústavním smyslu.",
        "items": [
          {
            "type": "ErrorItem"
          },
          {
            "type": "AgentMessageItem",
            "text": "Nejdřív si znovu načtu styl a dva vzorové výstupy, pak sepíšu krátký draft v HTML. Verdikt teď směřuje k „pravda“, ale pohlídám, aby v textu zazněla i nuance mezi podpisem premiéra a odpovědností vlády."
          },
          {
            "type": "CommandExecutionItem",
            "command": "/bin/bash -lc \"sed -n '1,260p' work/refined_sources.md\"",
            "exit_code": 0
          },
          {
            "type": "CommandExecutionItem",
            "command": "/bin/bash -lc \"sed -n '1,240p' guides/style_guide.md\"",
            "exit_code": 0
          },
          {
            "type": "CommandExecutionItem",
            "command": "/bin/bash -lc \"sed -n '1,220p' guides/examples.txt\"",
            "exit_code": 0
          },
          {
            "type": "AgentMessageItem",
            "text": "Draft budu psát střídmě a opřu ho hlavně o Ústavu, odpovědi Úřadu vlády a judikaturu NSS. Do závěru dám „pravda“, ale výslovně vysvětlím, proč Vondráčkova formulace mohla znít právně přijatelně jen v širším, ne doslovném smyslu."
          },
          {
            "type": "CompatFileChangeItem"
          },
          {
            "type": "AgentMessageItem",
            "text": "Draft je zapsaný. Teď jen kontroluji, jestli má správnou demagogí délku, jednu jasnou verdictovou větu a nepřepadl do právnického tónu."
          },
          {
            "type": "CommandExecutionItem",
            "command": "/bin/bash -lc \"sed -n '1,240p' work/draft.md\"",
            "exit_code": 0
          },
          {
            "type": "AgentMessageItem",
            "text": "Draft jsem zapsal do [work/draft.md](/home/vilo/demagog/fact_check_v2/experiments/v2_gpt-5.4_20260410_190055/id24699/work/draft.md).\n\nText staví verdict `pravda` na tom, že čl. 63 odst. 3 skutečně mluví o spolupodpisu předsedy vlády nebo pověřeného člena vlády, zatímco odst. 4 přisuzuje odpovědnost vládě; doplnil jsem i soudní a vládní nuance, aby bylo jasné, proč Vondráčkova formulace mohla znít širším způsobem, ale nebyla přesná v doslovném ústavním smyslu."
          }
        ]
      }
    },
    {
      "file": "step5_verify_log.json",
      "content": {
        "step": "step5_verify",
        "elapsed_seconds": 95.5,
        "prompt_length": 1226,
        "input_tokens": 1588915,
        "cached_input_tokens": 1286528,
        "output_tokens": 37003,
        "web_searches": 4,
        "final_response": "Ověření jsem zapsal do [work/verification.md](/home/vilo/demagog/fact_check_v2/experiments/v2_gpt-5.4_20260410_190055/id24699/work/verification.md).\n\nV `work/draft.md` jsem udělal dvě cílené opravy: doplnil jsem zdrojovaný kontextový odstavec a zpřesnil odkaz na čl. 63 Ústavy. Finální výsledek checklistu je `PASS`.",
        "items": [
          {
            "type": "ErrorItem"
          },
          {
            "type": "AgentMessageItem",
            "text": "Nejdřív projdu checklist a draft, potom udělám skutečný spot-check odkazů. Pokud něco neprojde, opravím jen konkrétní místo v draftu a znovu přepočtu jen selhané body."
          },
          {
            "type": "CommandExecutionItem",
            "command": "/bin/bash -lc \"sed -n '1,260p' work/draft.md\"",
            "exit_code": 0
          },
          {
            "type": "CommandExecutionItem",
            "command": "/bin/bash -lc \"sed -n '1,220p' guides/style_guide.md\"",
            "exit_code": 0
          },
          {
            "type": "CommandExecutionItem",
            "command": "/bin/bash -lc \"sed -n '1,260p' guides/verification_checklist.md\"",
            "exit_code": 0
          },
          {
            "type": "CommandExecutionItem",
            "command": "/bin/bash -lc \"sed -n '1,220p' guides/source_ranking.csv\"",
            "exit_code": 0
          },
          {
            "type": "WebSearchItem",
            "query": "https://www.zakonyprolidi.cz/cs/1993-1"
          },
          {
            "type": "WebSearchItem",
            "query": "https://www.zakonyprolidi.cz/cs/1993-1"
          },
          {
            "type": "WebSearchItem",
            "query": "'nevydává' in https://vlada.gov.cz/cz/urad-vlady/poskytovani-informaci/poskytnute-informace-na-zadost/informace-tykajici-se-vlady-cr-225580/"
          },
          {
            "type": "AgentMessageItem",
            "text": "Checklist ukazuje dvě slabší místa: kontextový odstavec byl bez odkazu a odkaz na Ústavu nebyl vedený přímo na dotčený článek. Opravuji jen tyto body a pak je znovu přehodnotím spolu se spot-checkem odkazů."
          },
          {
            "type": "CompatFileChangeItem"
          },
          {
            "type": "WebSearchItem",
            "query": "'nevydává' in https://vlada.gov.cz/cz/urad-vlady/poskytovani-informaci/poskytnute-informace-na-zadost/informace-tykajici-se-vlady-cr-225580/"
          },
          {
            "type": "AgentMessageItem",
            "text": "Odkazy jsem spot-checknul na Ústavě, odpovědi Úřadu vlády a rozsudku NSS. Teď zapíšu checklist už jen ve finální podobě po opravě problematických bodů."
          },
          {
            "type": "CompatFileChangeItem"
          },
          {
            "type": "AgentMessageItem",
            "text": "Verification je zapsaná s finálním `PASS`. Jen rychle kontroluji, že v souboru nezůstala stará formulace po opravě a že závěr odpovídá aktuální verzi draftu."
          },
          {
            "type": "CommandExecutionItem",
            "command": "/bin/bash -lc \"sed -n '1,240p' work/draft.md\"",
            "exit_code": 0
          },
          {
            "type": "CommandExecutionItem",
            "command": "/bin/bash -lc \"sed -n '1,260p' work/verification.md\"",
            "exit_code": 0
          },
          {
            "type": "AgentMessageItem",
            "text": "Ověření jsem zapsal do [work/verification.md](/home/vilo/demagog/fact_check_v2/experiments/v2_gpt-5.4_20260410_190055/id24699/work/verification.md).\n\nV `work/draft.md` jsem udělal dvě cílené opravy: doplnil jsem zdrojovaný kontextový odstavec a zpřesnil odkaz na čl. 63 Ústavy. Finální výsledek checklistu je `PASS`."
          }
        ]
      }
    },
    {
      "file": "step6_finalize_log.json",
      "content": {
        "step": "step6_finalize",
        "elapsed_seconds": 30.6,
        "prompt_length": 313,
        "input_tokens": 1982961,
        "cached_input_tokens": 1669888,
        "output_tokens": 38864,
        "web_searches": 0,
        "final_response": "Hotovo. Finální report je v [output/report.md](/home/vilo/demagog/fact_check_v2/experiments/v2_gpt-5.4_20260410_190055/id24699/output/report.md).",
        "items": [
          {
            "type": "ErrorItem"
          },
          {
            "type": "AgentMessageItem",
            "text": "Zkontroluji finální `PASS` ve verifikaci a potom přenesu hotový draft do `output/report.md` v požadované struktuře."
          },
          {
            "type": "CommandExecutionItem",
            "command": "/bin/bash -lc \"sed -n '1,240p' work/draft.md\"",
            "exit_code": 0
          },
          {
            "type": "CommandExecutionItem",
            "command": "/bin/bash -lc 'tail -n 5 work/verification.md'",
            "exit_code": 0
          },
          {
            "type": "CommandExecutionItem",
            "command": "/bin/bash -lc 'ls -la output'",
            "exit_code": 0
          },
          {
            "type": "AgentMessageItem",
            "text": "Verifikace končí `PASS`. Teď už jen ukládám finální report do `output/report.md` přesně v požadované podobě."
          },
          {
            "type": "CompatFileChangeItem"
          },
          {
            "type": "CommandExecutionItem",
            "command": "/bin/bash -lc \"sed -n '1,260p' output/report.md\"",
            "exit_code": 0
          },
          {
            "type": "AgentMessageItem",
            "text": "Hotovo. Finální report je v [output/report.md](/home/vilo/demagog/fact_check_v2/experiments/v2_gpt-5.4_20260410_190055/id24699/output/report.md)."
          }
        ]
      }
    }
  ]
}