{
  "claim_id": "24680",
  "split": "v2",
  "source_experiment": "v2_gpt-5.4_20260402_164100",
  "source_md": "fact_check_v2/experiments/v2_gpt-5.4_20260402_164100/reports/report24680.md",
  "step_logs": [
    {
      "file": "step1_interpret_log.json",
      "content": {
        "step": "step1_interpret",
        "elapsed_seconds": 86.1,
        "prompt_length": 1987,
        "input_tokens": 96978,
        "cached_input_tokens": 62208,
        "output_tokens": 4837,
        "web_searches": 5,
        "cost_usd": 0.225032,
        "final_response": "Interpretaci jsem zapsal do [work/claim_interpretation.md](/home/vilo/demagog/fact_check_v2/experiments/v2_gpt-5.4_20260402_164100/id24680/work/claim_interpretation.md).\n\nSoubor obsahuje rozpad na dílčí tvrzení, zvolenou interpretaci, časové omezení, plán vyhledávání a vyznačení hodnotících částí výroku.",
        "items": [
          {
            "type": "AgentMessageItem",
            "text": "I’m locating the claim inputs for step 1 and checking the workspace structure before writing `work/claim_interpretation.md`."
          },
          {
            "type": "CommandExecutionItem",
            "command": "/bin/bash -lc pwd",
            "exit_code": 0
          },
          {
            "type": "CommandExecutionItem",
            "command": "/bin/bash -lc 'rg --files'",
            "exit_code": 0
          },
          {
            "type": "AgentMessageItem",
            "text": "The step prompt has template placeholders, so I’m reading the local metadata to recover the actual claim, speaker, source, and transcript context."
          },
          {
            "type": "CommandExecutionItem",
            "command": "/bin/bash -lc \"sed -n '1,220p' metadata.json\"",
            "exit_code": 0
          },
          {
            "type": "AgentMessageItem",
            "text": "I have the claim metadata. I’m doing a narrow interpretation search to identify what parliamentary action and time period the statement most likely refers to, without moving into evidence collection yet."
          },
          {
            "type": "WebSearchItem",
            "query": "site:psp.cz Lukáš Vlček Blízký východ bod schůze Sněmovna"
          },
          {
            "type": "WebSearchItem",
            "query": ""
          },
          {
            "type": "WebSearchItem",
            "query": "\"pojďme se bavit o té krizi na Blízkém východě\""
          },
          {
            "type": "WebSearchItem",
            "query": "site:psp.cz \"Strategická opatření České republiky k zajištění energetické stability a mírnění cenových dopadů v souvislosti s krizí na Blízkém východě\" hlasování"
          },
          {
            "type": "WebSearchItem",
            "query": ""
          },
          {
            "type": "AgentMessageItem",
            "text": "I have enough for step 1: the statement most plausibly points to Lukáš Vlček’s agenda proposals in the Chamber on 3 and 10 March 2026 about energy-price impacts of the Middle East crisis. I’m writing the interpretation file now."
          },
          {
            "type": "FileChangeItem"
          },
          {
            "type": "AgentMessageItem",
            "text": "`work/claim_interpretation.md` is in place. I’m doing a quick readback to ensure the step output is complete and usable by the next stage."
          },
          {
            "type": "CommandExecutionItem",
            "command": "/bin/bash -lc \"sed -n '1,240p' work/claim_interpretation.md\"",
            "exit_code": 0
          },
          {
            "type": "AgentMessageItem",
            "text": "Interpretaci jsem zapsal do [work/claim_interpretation.md](/home/vilo/demagog/fact_check_v2/experiments/v2_gpt-5.4_20260402_164100/id24680/work/claim_interpretation.md).\n\nSoubor obsahuje rozpad na dílčí tvrzení, zvolenou interpretaci, časové omezení, plán vyhledávání a vyznačení hodnotících částí výroku."
          }
        ]
      }
    },
    {
      "file": "step2_search_log.json",
      "content": {
        "step": "step2_search",
        "elapsed_seconds": 237.5,
        "prompt_length": 1693,
        "input_tokens": 351011,
        "cached_input_tokens": 176512,
        "output_tokens": 18497,
        "web_searches": 27,
        "cost_usd": 1.027831,
        "final_response": "Vyhledané zdroje jsem zapsal do [work/raw_sources.md](/home/vilo/demagog/fact_check_v2/experiments/v2_gpt-5.4_20260402_164100/id24680/work/raw_sources.md).\n\nSoubor obsahuje primární sněmovní zdroje k oběma návrhům Lukáše Vlčka, hlasování z 10. března 2026 a širší oficiální i mediální kontext k vládní reakci a části o „kulatém stolu“.",
        "items": [
          {
            "type": "AgentMessageItem",
            "text": "I’m re-reading the step 1 interpretation and then collecting primary sources first, especially Sněmovna records and official government outputs within the 19 March 2026 cutoff."
          },
          {
            "type": "CommandExecutionItem",
            "command": "/bin/bash -lc \"sed -n '1,240p' work/claim_interpretation.md\"",
            "exit_code": 0
          },
          {
            "type": "CommandExecutionItem",
            "command": "/bin/bash -lc 'ls -la work'",
            "exit_code": 0
          },
          {
            "type": "WebSearchItem",
            "query": "site:psp.cz Lukáš Vlček \"Strategická opatření České republiky k zajištění energetické stability a mírnění cenových dopadů v souvislosti s krizí na Blízkém východě\""
          },
          {
            "type": "WebSearchItem",
            "query": "site:psp.cz \"Strategická opatření České republiky k zajištění energetické stability a mírnění cenových dopadů v souvislosti s krizí na Blízkém východě\" \"10. 3. 2026\""
          },
          {
            "type": "WebSearchItem",
            "query": "site:psp.cz \"Hlasování číslo\" \"Strategická opatření České republiky k zajištění energetické stability\" \"3. 3. 2026\""
          },
          {
            "type": "WebSearchItem",
            "query": ""
          },
          {
            "type": "WebSearchItem",
            "query": "site:psp.cz \"Strategická opatření České republiky k zajištění energetické stability\" \"Hlasování číslo 29\""
          },
          {
            "type": "WebSearchItem",
            "query": "site:psp.cz \"Strategické opatření České republiky\" \"Hlasování číslo\" \"3. března 2026\""
          },
          {
            "type": "WebSearchItem",
            "query": "site:psp.cz \"Strategická opatření České republiky k zajištění energetické stability a mírnění cenových dopadů v souvislosti s krizí na Blízkém východě\" \"Návrh nebyl přijat\""
          },
          {
            "type": "WebSearchItem",
            "query": "site:psp.cz/sqw/hl.sqw 20260303 10. schůze hlasování pořad schůze Lukáš Vlček"
          },
          {
            "type": "WebSearchItem",
            "query": ""
          },
          {
            "type": "WebSearchItem",
            "query": "\"https://psp.cz/cgi-bin/win/sqw/phlasa.sqw?o=10&pg=1&s=10\" Lukáš Vlček 3. 3. 2026"
          },
          {
            "type": "WebSearchItem",
            "query": "site:psp.cz/sqw/text/hlasy.sqw \"Strategická opatření České republiky k zajištění energetické stability\""
          },
          {
            "type": "WebSearchItem",
            "query": "site:psp.cz/cgi-bin/win/sqw/hlasy.sqw \"Strategická opatření České republiky k zajištění energetické stability\" \"3. března 2026\""
          },
          {
            "type": "WebSearchItem",
            "query": ""
          },
          {
            "type": "WebSearchItem",
            "query": "site:vlada.gov.cz \"Blízký východ\" \"kulatý stůl\""
          },
          {
            "type": "WebSearchItem",
            "query": "\"Blízký východ\" \"pohonné hmoty\" vláda jednání březen 2026"
          },
          {
            "type": "WebSearchItem",
            "query": "site:mfcr.cz pohonné hmoty marže 2026 březen"
          },
          {
            "type": "WebSearchItem",
            "query": "site:vlada.gov.cz Babiš pohonné hmoty scénáře březen 2026"
          },
          {
            "type": "WebSearchItem",
            "query": "site:irozhlas.cz pohonné hmoty Blízký východ vláda březen 2026"
          },
          {
            "type": "WebSearchItem",
            "query": "site:ceskenoviny.cz pohonné hmoty vláda březen 2026 Blízký východ"
          },
          {
            "type": "WebSearchItem",
            "query": "site:psp.cz/cgi-bin/win/sqw/hlasy.sqw \"10. schůze, 88. hlasování, 10. března 2026\""
          },
          {
            "type": "WebSearchItem",
            "query": "site:psp.cz/cgi-bin/win/sqw/hlasy.sqw \"10. schůze, 88. hlasování, 10. března 2026\" \"Pořad schůze\""
          },
          {
            "type": "WebSearchItem",
            "query": "site:psp.cz/cgi-bin/win/sqw/hlasy.sqw \"10/88\" \"10. března 2026\""
          },
          {
            "type": "WebSearchItem",
            "query": "site:psp.cz/cgi-bin/win/sqw/hlasy.sqw \"pro 72\" \"proti 93\" ANO2011"
          },
          {
            "type": "WebSearchItem",
            "query": "site:psp.cz/cgi-bin/win/sqw/hlasy.sqw \"A Ano: 72\" \"N Ne: 93\" \"10. března 2026\""
          },
          {
            "type": "WebSearchItem",
            "query": "site:vlada.gov.cz Blízký východ ceny pohonných hmot březen 2026"
          },
          {
            "type": "WebSearchItem",
            "query": "site:psp.cz \"kulatý stůl\" \"pohonné hmoty\""
          },
          {
            "type": "WebSearchItem",
            "query": "site:ct24.ceskatelevize.cz \"Vládní i opoziční poslanci\" pohonné hmoty 2026"
          },
          {
            "type": "AgentMessageItem",
            "text": "I’ve collected the core parliamentary records plus broader government and media context within the allowed window. I’m writing `work/raw_sources.md` with both supporting and potentially contradictory items, especially around the “kulatý stůl” and “během 10 minut” parts."
          },
          {
            "type": "FileChangeItem"
          },
          {
            "type": "AgentMessageItem",
            "text": "The source log is written. I’m checking it once for structure and making sure every entry stays within the 19 March 2026 evidence cutoff."
          },
          {
            "type": "CommandExecutionItem",
            "command": "/bin/bash -lc \"sed -n '1,260p' work/raw_sources.md\"",
            "exit_code": 0
          },
          {
            "type": "AgentMessageItem",
            "text": "Vyhledané zdroje jsem zapsal do [work/raw_sources.md](/home/vilo/demagog/fact_check_v2/experiments/v2_gpt-5.4_20260402_164100/id24680/work/raw_sources.md).\n\nSoubor obsahuje primární sněmovní zdroje k oběma návrhům Lukáše Vlčka, hlasování z 10. března 2026 a širší oficiální i mediální kontext k vládní reakci a části o „kulatém stolu“."
          }
        ]
      }
    },
    {
      "file": "step3_refine_log.json",
      "content": {
        "step": "step3_refine",
        "elapsed_seconds": 116.3,
        "prompt_length": 2274,
        "input_tokens": 581575,
        "cached_input_tokens": 347008,
        "output_tokens": 25985,
        "web_searches": 5,
        "cost_usd": 1.112945,
        "final_response": "Refinovaný seznam jsem zapsal do [work/refined_sources.md](/home/vilo/demagog/fact_check_v2/experiments/v2_gpt-5.4_20260402_164100/id24680/work/refined_sources.md).\n\nSoubor obsahuje tierování, status u každého zdroje, poznámky k validaci a závěrečné shrnutí pokrytí. Hlavní slabiny zůstávají u přesného tvrzení „během 10 minut“, u prvního zamítnutého hlasování a u části o oficiálním „pracovním kulatém stolu“.",
        "items": [
          {
            "type": "AgentMessageItem",
            "text": "I’m ranking the collected sources against the guide, then I’ll prune or replace weaker media items with stronger primary or public-service sources where possible."
          },
          {
            "type": "CommandExecutionItem",
            "command": "/bin/bash -lc \"sed -n '1,220p' guides/source_ranking.csv\"",
            "exit_code": 0
          },
          {
            "type": "CommandExecutionItem",
            "command": "/bin/bash -lc \"sed -n '1,260p' work/raw_sources.md\"",
            "exit_code": 0
          },
          {
            "type": "CommandExecutionItem",
            "command": "/bin/bash -lc \"sed -n '1,220p' work/claim_interpretation.md\"",
            "exit_code": 0
          },
          {
            "type": "WebSearchItem",
            "query": "site:vlada.gov.cz \"kulatý stůl\" \"Blízký východ\" \"pohonné hmoty\""
          },
          {
            "type": "WebSearchItem",
            "query": "site:vlada.gov.cz OR site:vlada.cz OR site:mfcr.cz OR site:mpo.gov.cz \"pohonné hmoty\" březen 2026 vláda marže"
          },
          {
            "type": "WebSearchItem",
            "query": "https://vlada.gov.cz/cz/media-centrum/aktualne/vlada-andreje-babise-se-zabyvala-aktualni-situaci-na-blizkem-vychode-a-podporila-navrh-na-zprisneni-trestu-za-umyslne-neplaceni-vyzivneho-225569/"
          },
          {
            "type": "WebSearchItem",
            "query": "'Publikováno' in https://www.mujrozhlas.cz/kulaty-stul/mela-vlada-reagovat-na-rust-cen-pohonnych-hmot-kvuli-situaci-na-blizkem-vychode"
          },
          {
            "type": "WebSearchItem",
            "query": "site:psp.cz \"3. března 2026\" \"Nyní budeme hlasovat o návrhu pana poslance Lukáše Vlčka\""
          },
          {
            "type": "AgentMessageItem",
            "text": "I’m consolidating the final evidence set now. The main gaps are exactly where the claim is weakest: the first failed vote and the precise “během 10 minut” timing still aren’t directly pinned down by a strong fetchable source."
          },
          {
            "type": "FileChangeItem"
          },
          {
            "type": "AgentMessageItem",
            "text": "The refined list is written. I’m doing a final pass for completeness, especially the coverage summary and status notes for the weaker sub-claims."
          },
          {
            "type": "CommandExecutionItem",
            "command": "/bin/bash -lc \"sed -n '1,320p' work/refined_sources.md\"",
            "exit_code": 0
          },
          {
            "type": "AgentMessageItem",
            "text": "Refinovaný seznam jsem zapsal do [work/refined_sources.md](/home/vilo/demagog/fact_check_v2/experiments/v2_gpt-5.4_20260402_164100/id24680/work/refined_sources.md).\n\nSoubor obsahuje tierování, status u každého zdroje, poznámky k validaci a závěrečné shrnutí pokrytí. Hlavní slabiny zůstávají u přesného tvrzení „během 10 minut“, u prvního zamítnutého hlasování a u části o oficiálním „pracovním kulatém stolu“."
          }
        ]
      }
    },
    {
      "file": "step4_draft_log.json",
      "content": {
        "step": "step4_draft",
        "elapsed_seconds": 50.0,
        "prompt_length": 1887,
        "input_tokens": 781514,
        "cached_input_tokens": 522624,
        "output_tokens": 29146,
        "web_searches": 0,
        "cost_usd": 1.215071,
        "final_response": "Návrh reportu jsem zapsal do [work/draft.md](/home/vilo/demagog/fact_check_v2/experiments/v2_gpt-5.4_20260402_164100/id24680/work/draft.md).\n\nDraft je ve formátu HTML, má krátký perex, čtyři odstavce a opírá se jen o zdroje z [work/refined_sources.md](/home/vilo/demagog/fact_check_v2/experiments/v2_gpt-5.4_20260402_164100/id24680/work/refined_sources.md).",
        "items": [
          {
            "type": "AgentMessageItem",
            "text": "I’m reading the style guide and examples now. Before drafting I need to calibrate the exact Demagog structure and decide whether the evidence supports `zavadejici` or `neoveritelna`."
          },
          {
            "type": "CommandExecutionItem",
            "command": "/bin/bash -lc \"sed -n '1,220p' guides/examples.txt\"",
            "exit_code": 0
          },
          {
            "type": "CommandExecutionItem",
            "command": "/bin/bash -lc \"sed -n '1,260p' guides/style_guide.md\"",
            "exit_code": 0
          },
          {
            "type": "CommandExecutionItem",
            "command": "/bin/bash -lc \"sed -n '1,260p' work/refined_sources.md\"",
            "exit_code": 0
          },
          {
            "type": "AgentMessageItem",
            "text": "I have the verdict. The evidence is too incomplete for a firm true/false judgment, but strong enough to explain exactly which parts are documented and which remain missing."
          },
          {
            "type": "FileChangeItem"
          },
          {
            "type": "AgentMessageItem",
            "text": "Návrh reportu jsem zapsal do [work/draft.md](/home/vilo/demagog/fact_check_v2/experiments/v2_gpt-5.4_20260402_164100/id24680/work/draft.md).\n\nDraft je ve formátu HTML, má krátký perex, čtyři odstavce a opírá se jen o zdroje z [work/refined_sources.md](/home/vilo/demagog/fact_check_v2/experiments/v2_gpt-5.4_20260402_164100/id24680/work/refined_sources.md)."
          }
        ]
      }
    },
    {
      "file": "step5_verify_log.json",
      "content": {
        "step": "step5_verify",
        "elapsed_seconds": 97.7,
        "prompt_length": 1226,
        "input_tokens": 1200581,
        "cached_input_tokens": 910976,
        "output_tokens": 35565,
        "web_searches": 5,
        "cost_usd": 1.535231,
        "final_response": "Ověření jsem zapsal do [work/verification.md](/home/vilo/demagog/fact_check_v2/experiments/v2_gpt-5.4_20260402_164100/id24680/work/verification.md).\n\nPři kontrole jsem opravil jednu věcnou chybu: z draftu jsem odstranil článek z [work/refined_sources.md](/home/vilo/demagog/fact_check_v2/experiments/v2_gpt-5.4_20260402_164100/id24680/work/refined_sources.md), který byl publikovaný až 20. března 2026, tedy po datu výroku. Po opravě checklist vychází jako `PASS`.",
        "items": [
          {
            "type": "AgentMessageItem",
            "text": "I’m running the draft against the checklist now and spot-checking a few links directly. If anything fails, I’ll patch only the affected sentences and re-check those items."
          },
          {
            "type": "CommandExecutionItem",
            "command": "/bin/bash -lc \"sed -n '1,260p' work/draft.md\"",
            "exit_code": 0
          },
          {
            "type": "CommandExecutionItem",
            "command": "/bin/bash -lc \"sed -n '1,220p' guides/source_ranking.csv\"",
            "exit_code": 0
          },
          {
            "type": "CommandExecutionItem",
            "command": "/bin/bash -lc \"sed -n '1,220p' guides/style_guide.md\"",
            "exit_code": 0
          },
          {
            "type": "CommandExecutionItem",
            "command": "/bin/bash -lc \"sed -n '1,260p' guides/verification_checklist.md\"",
            "exit_code": 0
          },
          {
            "type": "WebSearchItem",
            "query": "https://vlada.gov.cz/cz/media-centrum/aktualne/vlada-andreje-babise-se-zabyvala-aktualni-situaci-na-blizkem-vychode-a-podporila-navrh-na-zprisneni-trestu-za-umyslne-neplaceni-vyzivneho-225569/"
          },
          {
            "type": "WebSearchItem",
            "query": "https://vlada.gov.cz/cz/media-centrum/aktualne/er-brusel-225944/"
          },
          {
            "type": "AgentMessageItem",
            "text": "I found a concrete verification failure: one vlada.gov.cz link was cited as if it were from 19 March, but the article itself is published on 20 March 2026. I’m removing that post-claim source from the draft and correcting its status in the refined source list."
          },
          {
            "type": "FileChangeItem"
          },
          {
            "type": "FileChangeItem"
          },
          {
            "type": "WebSearchItem",
            "query": "https://vlada.gov.cz/cz/media-centrum/aktualne/vlada-andreje-babise-se-zabyvala-aktualni-situaci-na-blizkem-vychode-a-podporila-navrh-na-zprisneni-trestu-za-umyslne-neplaceni-vyzivneho-225569/"
          },
          {
            "type": "WebSearchItem",
            "query": "\"https://www.psp.cz/eknih/2025ps/stenprot/010schuz/s010170.htm\""
          },
          {
            "type": "WebSearchItem",
            "query": "\"Poslanec Lukáš Vlček\" \"tak jako před týdnem i dnes navrhnout bod\""
          },
          {
            "type": "AgentMessageItem",
            "text": "I’ve re-checked the previously failed temporal item after removing the post-claim vlada.gov.cz article. I’m writing the full verification log now."
          },
          {
            "type": "FileChangeItem"
          },
          {
            "type": "AgentMessageItem",
            "text": "Ověření jsem zapsal do [work/verification.md](/home/vilo/demagog/fact_check_v2/experiments/v2_gpt-5.4_20260402_164100/id24680/work/verification.md).\n\nPři kontrole jsem opravil jednu věcnou chybu: z draftu jsem odstranil článek z [work/refined_sources.md](/home/vilo/demagog/fact_check_v2/experiments/v2_gpt-5.4_20260402_164100/id24680/work/refined_sources.md), který byl publikovaný až 20. března 2026, tedy po datu výroku. Po opravě checklist vychází jako `PASS`."
          }
        ]
      }
    },
    {
      "file": "step6_finalize_log.json",
      "content": {
        "step": "step6_finalize",
        "elapsed_seconds": 20.5,
        "prompt_length": 313,
        "input_tokens": 1459480,
        "cached_input_tokens": 1159936,
        "output_tokens": 37102,
        "web_searches": 0,
        "cost_usd": 1.595374,
        "final_response": "Hotovo.",
        "items": [
          {
            "type": "AgentMessageItem",
            "text": "I’m confirming the verification result and then writing the final report file into `output/report.md` with the original statement and the finalized draft."
          },
          {
            "type": "CommandExecutionItem",
            "command": "/bin/bash -lc 'tail -n 20 work/verification.md'",
            "exit_code": 0
          },
          {
            "type": "CommandExecutionItem",
            "command": "/bin/bash -lc \"sed -n '1,220p' work/draft.md\"",
            "exit_code": 0
          },
          {
            "type": "CommandExecutionItem",
            "command": "/bin/bash -lc \"sed -n '1,220p' metadata.json\"",
            "exit_code": 0
          },
          {
            "type": "AgentMessageItem",
            "text": "The verification ends with `## Result: PASS`. I’m writing the final deliverable to `output/report.md` now."
          },
          {
            "type": "FileChangeItem"
          },
          {
            "type": "AgentMessageItem",
            "text": "Hotovo."
          }
        ]
      }
    }
  ]
}