{
  "claim_id": "24721",
  "split": "v2",
  "source_experiment": "v2_gpt-5.4_20260421_113102",
  "source_md": "fact_check_v2/experiments/v2_gpt-5.4_20260421_113102/reports/report24721.md",
  "step_logs": [
    {
      "file": "step1_interpret_log.json",
      "content": {
        "step": "step1_interpret",
        "elapsed_seconds": 126.7,
        "prompt_length": 4514,
        "input_tokens": 239006,
        "cached_input_tokens": 120576,
        "output_tokens": 6336,
        "web_searches": 12,
        "final_response": "Interpretaci jsem zapsal do [work/claim_interpretation.md](/home/vilo/demagog/fact_check_v2/experiments/v2_gpt-5.4_20260421_113102/id24721/work/claim_interpretation.md).\n\nVybral jsem charitativní výklad, že Talíř nemluví o úplné absenci jakékoli zmínky o regionech, ale o absenci dostatečně konkrétní zákonné pojistky pro zachování regionálních stanic Českého rozhlasu v návrhu zákona o médiích veřejné služby z 13. dubna 2026. Součástí souboru je i datum výroku, důkazní okno a plán primárních zdrojů pro další krok.",
        "items": [
          {
            "type": "ErrorItem"
          },
          {
            "type": "AgentMessageItem",
            "text": "Nejprve si ověřím strukturu workspace a přečtu si podklady k tomuto kroku, pak doplním interpretaci do `work/claim_interpretation.md`. U téhle věty zároveň potřebuju zúžit, který konkrétní návrh zákona Talíř míní, takže krátce ověřím i kontext výroku a příslušný sněmovní tisk."
          },
          {
            "type": "CommandExecutionItem",
            "command": "/bin/bash -lc pwd",
            "exit_code": 0
          },
          {
            "type": "CommandExecutionItem",
            "command": "/bin/bash -lc 'ls -la work output'",
            "exit_code": 0
          },
          {
            "type": "CommandExecutionItem",
            "command": "/bin/bash -lc 'rg --files'",
            "exit_code": 0
          },
          {
            "type": "AgentMessageItem",
            "text": "Mám čistý workspace bez předchozích mezivýstupů. Teď si rychle načtu metodické soubory, hlavně zda není pro interpretaci povinná konkrétní struktura nebo preference zdrojů."
          },
          {
            "type": "CommandExecutionItem",
            "command": "/bin/bash -lc \"sed -n '1,220p' guides/source_ranking.csv\"",
            "exit_code": 0
          },
          {
            "type": "CommandExecutionItem",
            "command": "/bin/bash -lc \"sed -n '1,220p' guides/prirucka.md\"",
            "exit_code": 0
          },
          {
            "type": "CommandExecutionItem",
            "command": "/bin/bash -lc \"sed -n '1,220p' guides/style_guide.md\"",
            "exit_code": 0
          },
          {
            "type": "WebSearchItem",
            "query": "site:plus.rozhlas.cz koncesionářské poplatky jsou zastaralé platí je hlavně senioři zní z SPD opozice 9610185"
          },
          {
            "type": "WebSearchItem",
            "query": "site:psp.cz tisk zrušení poplatků České televize Českého rozhlasu státní rozpočet SPD 2026 návrh zákona"
          },
          {
            "type": "WebSearchItem",
            "query": "https://plus.rozhlas.cz/koncesionarske-poplatky-jsou-zastarale-plati-je-hlavne-seniori-zni-z-spd-opozice-9610185"
          },
          {
            "type": "WebSearchItem",
            "query": "site:gov.cz OR site:mk.gov.cz návrh zákona médiích veřejné služby regionální stanice připomínkové řízení únor 2026"
          },
          {
            "type": "WebSearchItem",
            "query": "https://rrtv.gov.cz/files/106/RRTV_2279_2026-jez.pdf"
          },
          {
            "type": "WebSearchItem",
            "query": "\"zákon o médiích veřejné služby\" regionální stanice Český rozhlas návrh"
          },
          {
            "type": "WebSearchItem",
            "query": "https://fs2-ct24.ceskatelevize.cz/file/MGNiOTljODg2MWFlYTE1NHyJiUQKWk5-wL1tkJI13FCQ-sxF5bF5bhgR5lkM3367tFhqIZZEKEezrwhshq-n-17__zCGmyULnlZ-9CpUW-g.pdf"
          },
          {
            "type": "WebSearchItem",
            "query": "'region' in https://fs2-ct24.ceskatelevize.cz/file/MGNiOTljODg2MWFlYTE1NHyJiUQKWk5-wL1tkJI13FCQ-sxF5bF5bhgR5lkM3367tFhqIZZEKEezrwhshq-n-17__zCGmyULnlZ-9CpUW-g.pdf"
          },
          {
            "type": "WebSearchItem",
            "query": "site:zakonyprolidi.cz zákon o Českém rozhlasu regionální studia paragraf"
          },
          {
            "type": "WebSearchItem",
            "query": "https://www.zakonyprolidi.cz/cs/1991-484"
          },
          {
            "type": "WebSearchItem",
            "query": "https://www.zakonyprolidi.cz/media2/file/2604/File82723.pdf?attachment-filename=8242021-2026-04-14-text-navrhu-8242130.pdf"
          },
          {
            "type": "WebSearchItem",
            "query": "https://www.zakonyprolidi.cz/media2/file/2604/File82723.pdf?attachment-filename=8242021-2026-04-14-text-navrhu-8242130.pdf"
          },
          {
            "type": "AgentMessageItem",
            "text": "Už je jasné, že nejde o poslanecký tisk ve Sněmovně, ale o vládní návrh zákona o médiích veřejné služby z 13. dubna 2026 v mezirezortním připomínkovém řízení. Klíčová nejasnost je význam slova „garance“: návrh regionální vysílání zmiňuje obecně, ale zřejmě neobsahuje tvrdou zákonnou pojistku na zachování regionálních stanic v rozsahu, který dnes plyne z platného zákona o Českém rozhlasu."
          },
          {
            "type": "AgentMessageItem",
            "text": "Zapíšu teď interpretaci do `work/claim_interpretation.md` včetně vybrané charitativní interpretace a konkrétního plánu zdrojů pro další krok."
          },
          {
            "type": "CompatFileChangeItem"
          },
          {
            "type": "AgentMessageItem",
            "text": "Interpretace je zapsaná. Ještě ji krátce zkontroluji, aby další krok vycházel z přesně vymezeného návrhu zákona a správně nastaveného důkazního okna."
          },
          {
            "type": "CommandExecutionItem",
            "command": "/bin/bash -lc \"sed -n '1,260p' work/claim_interpretation.md\"",
            "exit_code": 0
          },
          {
            "type": "AgentMessageItem",
            "text": "Interpretaci jsem zapsal do [work/claim_interpretation.md](/home/vilo/demagog/fact_check_v2/experiments/v2_gpt-5.4_20260421_113102/id24721/work/claim_interpretation.md).\n\nVybral jsem charitativní výklad, že Talíř nemluví o úplné absenci jakékoli zmínky o regionech, ale o absenci dostatečně konkrétní zákonné pojistky pro zachování regionálních stanic Českého rozhlasu v návrhu zákona o médiích veřejné služby z 13. dubna 2026. Součástí souboru je i datum výroku, důkazní okno a plán primárních zdrojů pro další krok."
          }
        ]
      }
    },
    {
      "file": "step2_search_log.json",
      "content": {
        "step": "step2_search",
        "elapsed_seconds": 185.1,
        "prompt_length": 1771,
        "input_tokens": 597594,
        "cached_input_tokens": 309376,
        "output_tokens": 15024,
        "web_searches": 15,
        "final_response": "Zdroje jsem zapsal do [work/raw_sources.md](/home/vilo/demagog/fact_check_v2/experiments/v2_gpt-5.4_20260421_113102/id24721/work/raw_sources.md).\n\nSoubor teď obsahuje primární právní zdroje k návrhu i platnému zákonu o Českém rozhlasu, plus sekundární a expertní reakce z období před 17. dubnem 2026, včetně zdrojů, které Talířovu formulaci podporují i oslabují.",
        "items": [
          {
            "type": "ErrorItem"
          },
          {
            "type": "AgentMessageItem",
            "text": "Nejdřív znovu načtu interpretaci z `work/claim_interpretation.md`, abych nehledal mimo vymezený výklad. Pak projdu primární právní zdroje a teprve potom sekundární materiály, včetně takových, které Talířovu formulaci oslabují."
          },
          {
            "type": "CommandExecutionItem",
            "command": "/bin/bash -lc \"sed -n '1,260p' work/claim_interpretation.md\"",
            "exit_code": 0
          },
          {
            "type": "CommandExecutionItem",
            "command": "/bin/bash -lc \"sed -n '1,220p' guides/source_ranking.csv\"",
            "exit_code": 0
          },
          {
            "type": "WebSearchItem",
            "query": "site:zakonyprolidi.cz \"o médiích veřejné služby\" 2026 regionální"
          },
          {
            "type": "WebSearchItem",
            "query": "https://www.zakonyprolidi.cz/monitor/8242021.htm"
          },
          {
            "type": "WebSearchItem",
            "query": "'regionálních studií' in https://www.zakonyprolidi.cz/cs/1991-484"
          },
          {
            "type": "WebSearchItem",
            "query": "https://www.zakonyprolidi.cz/media2/file/2604/File82724.pdf?attachment-filename=8242021-2026-04-14-duvodova-zprava-8242132.pdf"
          },
          {
            "type": "WebSearchItem",
            "query": "'region' in https://www.zakonyprolidi.cz/media2/file/2604/File82724.pdf?attachment-filename=8242021-2026-04-14-duvodova-zprava-8242132.pdf"
          },
          {
            "type": "WebSearchItem",
            "query": "site:irozhlas.cz 2026 veřejnoprávní média návrh zákona duben regionální studia"
          },
          {
            "type": "WebSearchItem",
            "query": "site:rozhlas.cz site:cro.cz site:mujrozhlas.cz 17. dubna 2026 návrh zákona média veřejné služby regionální stanice"
          },
          {
            "type": "WebSearchItem",
            "query": "site:vlada.gov.cz site:mk.gov.cz Klempíř regionální pořady média veřejné služby duben 2026"
          },
          {
            "type": "WebSearchItem",
            "query": "https://www.seznamzpravy.cz/clanek/domaci-politika-klempir-predstavuje-navrh-na-zruseni-poplatku-za-ct-a-rozhlas-304011"
          },
          {
            "type": "WebSearchItem",
            "query": "site:rada.rozhlas.cz memorandum způsobu naplňování veřejné služby 2025 2030 pdf regionální stanice"
          },
          {
            "type": "WebSearchItem",
            "query": "https://rada.rozhlas.cz/memorandum-o-zpusobu-naplnovani-verejne-sluzby-v-rozhlasovem-vysilani-na-obdobi-9569268"
          },
          {
            "type": "WebSearchItem",
            "query": "https://www.seznamzpravy.cz/clanek/domaci-otevreni-cesty-k-politickemu-ovladnuti-medii-rika-k-medialni-novele-zavoral-304056"
          },
          {
            "type": "WebSearchItem",
            "query": "site:irozhlas.cz Talíř paskvil regiony rozhlas 2026"
          },
          {
            "type": "WebSearchItem",
            "query": "'Výroční zpráva o činnosti Českého rozhlasu za rok 2024' in https://rada.rozhlas.cz/sites/default/files/documents/feca77f0f06f671ac53c52b94ddb13f2.pdf"
          },
          {
            "type": "WebSearchItem",
            "query": "https://www.irozhlas.cz/zpravy-domov/ve-vlade-panuje-chaos-hrozi-ze-koncesionarske-poplatky-nahradi-paskvil-kritizuje_2603101506_elev"
          },
          {
            "type": "AgentMessageItem",
            "text": "Mám pokryté primární právní zdroje i sekundární reakce před 17. dubnem 2026. Teď je sepíšu do `work/raw_sources.md` tak, aby bylo vidět, které zdroje potvrzují absenci tvrdé zákonné pojistky pro regionální stanice a které naopak ukazují, že návrh regiony alespoň obecně zmiňuje."
          },
          {
            "type": "CompatFileChangeItem"
          },
          {
            "type": "AgentMessageItem",
            "text": "Seznam zdrojů je zapsaný. Ještě ho projdu na formální úplnost a případně opravím, pokud by někde chybělo datum, typ nebo vazba na dílčí tvrzení."
          },
          {
            "type": "CommandExecutionItem",
            "command": "/bin/bash -lc \"sed -n '1,320p' work/raw_sources.md\"",
            "exit_code": 0
          },
          {
            "type": "AgentMessageItem",
            "text": "Zdroje jsem zapsal do [work/raw_sources.md](/home/vilo/demagog/fact_check_v2/experiments/v2_gpt-5.4_20260421_113102/id24721/work/raw_sources.md).\n\nSoubor teď obsahuje primární právní zdroje k návrhu i platnému zákonu o Českém rozhlasu, plus sekundární a expertní reakce z období před 17. dubnem 2026, včetně zdrojů, které Talířovu formulaci podporují i oslabují."
          }
        ]
      }
    },
    {
      "file": "step3_refine_log.json",
      "content": {
        "step": "step3_refine",
        "elapsed_seconds": 114.4,
        "prompt_length": 2274,
        "input_tokens": 850316,
        "cached_input_tokens": 503424,
        "output_tokens": 21464,
        "web_searches": 4,
        "final_response": "Refinovaný seznam jsem zapsal do [work/refined_sources.md](/home/vilo/demagog/fact_check_v2/experiments/v2_gpt-5.4_20260421_113102/id24721/work/refined_sources.md).\n\nVyřadil jsem nadbytečné mediální přepisy tam, kde už máme stejnou informaci z lepšího zdroje, a doplnil jsem přímé náhrady z tier-1 domén. Hlavní ověření teď stojí na návrhu zákona, důvodové zprávě a platném zákonu o Českém rozhlasu; žádné dílčí tvrzení nezůstalo bez zdroje.",
        "items": [
          {
            "type": "ErrorItem"
          },
          {
            "type": "AgentMessageItem",
            "text": "Teď pročistím seznam zdrojů podle tierů a nahradím média tam, kde už mám primární dokument se stejnou informací. U sekundárních reakcí nechám jen ty, které přinášejí vlastní relevantní výrok nebo expertní hodnocení, ne prosté přepisy návrhu zákona."
          },
          {
            "type": "CommandExecutionItem",
            "command": "/bin/bash -lc \"sed -n '1,320p' work/raw_sources.md\"",
            "exit_code": 0
          },
          {
            "type": "CommandExecutionItem",
            "command": "/bin/bash -lc \"sed -n '1,220p' guides/source_ranking.csv\"",
            "exit_code": 0
          },
          {
            "type": "CommandExecutionItem",
            "command": "/bin/bash -lc \"sed -n '1,260p' work/claim_interpretation.md\"",
            "exit_code": 0
          },
          {
            "type": "WebSearchItem",
            "query": "site:rada.rozhlas.cz OR site:rozhlas.cz OR site:ceskatelevize.cz únor 2026 společné prohlášení ředitelů financování veřejnoprávních médií regionů"
          },
          {
            "type": "WebSearchItem",
            "query": "https://www.ceskatelevize.cz/vse-o-ct/api/media/documents/Z%C3%A1pis_ze_2._jedn%C3%A1n%C3%AD_R%C4%8CT_18.2.2026.pdf/"
          },
          {
            "type": "WebSearchItem",
            "query": "site:mk.gov.cz 14.4.2026 Klempíř návrh zákona média veřejné služby nezávislost"
          },
          {
            "type": "WebSearchItem",
            "query": "https://www.irozhlas.cz/zpravy-domov/klempir-verejnopravni-media-nesloucime-zrusi-se-poplatky-media-prisla-o-cast_2604141450_mst"
          },
          {
            "type": "AgentMessageItem",
            "text": "Primární kostra je už jasná: návrh zákona, důvodová zpráva a platný zákon o Českém rozhlasu. Teď jen zaznamenám, které mediální zdroje jsem vyřadil jako nadbytečné, protože jejich podstatná tvrzení už jsou doložená lepším zdrojem."
          },
          {
            "type": "CompatFileChangeItem"
          },
          {
            "type": "AgentMessageItem",
            "text": "Refinovaný seznam je hotový. Ještě ho jen rychle zkontroluji kvůli návaznosti na další krok, hlavně aby bylo jasné, které zdroje jsou jen kontext a které unesou samotné ověření textu zákona."
          },
          {
            "type": "CommandExecutionItem",
            "command": "/bin/bash -lc \"sed -n '1,360p' work/refined_sources.md\"",
            "exit_code": 0
          },
          {
            "type": "AgentMessageItem",
            "text": "Refinovaný seznam jsem zapsal do [work/refined_sources.md](/home/vilo/demagog/fact_check_v2/experiments/v2_gpt-5.4_20260421_113102/id24721/work/refined_sources.md).\n\nVyřadil jsem nadbytečné mediální přepisy tam, kde už máme stejnou informaci z lepšího zdroje, a doplnil jsem přímé náhrady z tier-1 domén. Hlavní ověření teď stojí na návrhu zákona, důvodové zprávě a platném zákonu o Českém rozhlasu; žádné dílčí tvrzení nezůstalo bez zdroje."
          }
        ]
      }
    },
    {
      "file": "step4_draft_log.json",
      "content": {
        "step": "step4_draft",
        "elapsed_seconds": 569.5,
        "prompt_length": 2388,
        "input_tokens": 1145748,
        "cached_input_tokens": 766848,
        "output_tokens": 26081,
        "web_searches": 1,
        "final_response": "Draft jsem zapsal do [work/draft.md](/home/vilo/demagog/fact_check_v2/experiments/v2_gpt-5.4_20260421_113102/id24721/work/draft.md).\n\nVerdikt je postavený na charitativní interpretaci výroku: návrh zákona regionální vysílání sice zmiňuje, ale nedává regionálním stanicím výslovnou zákonnou garanci, jakou je možné vyčíst ze současné úpravy.",
        "items": [
          {
            "type": "ErrorItem"
          },
          {
            "type": "AgentMessageItem",
            "text": "Nejdřív si načtu finální zdroje a dva vzorové texty, abych držel správný demagogí tón. Pak sepíšu draft přímo podle charitativní interpretace: nezkoumat, zda návrh slovo „regionální“ vůbec obsahuje, ale zda dává regionálním stanicím konkrétní zákonnou pojistku."
          },
          {
            "type": "CommandExecutionItem",
            "command": "/bin/bash -lc \"sed -n '1,360p' work/refined_sources.md\"",
            "exit_code": 0
          },
          {
            "type": "CommandExecutionItem",
            "command": "/bin/bash -lc \"sed -n '1,260p' guides/style_guide.md\"",
            "exit_code": 0
          },
          {
            "type": "CommandExecutionItem",
            "command": "/bin/bash -lc \"sed -n '1,260p' work/claim_interpretation.md\"",
            "exit_code": 0
          },
          {
            "type": "CommandExecutionItem",
            "command": "/bin/bash -lc \"sed -n '1,220p' guides/examples.txt\"",
            "exit_code": 0
          },
          {
            "type": "WebSearchItem",
            "query": ""
          },
          {
            "type": "AgentMessageItem",
            "text": "Zdrojová základna stačí, nic dalšího dohledávat nemusím. Zapíšu teď draft s verdiktem `pravda`, ale opřu ho o přesné rozlišení: návrh regiony zmiňuje, jen jim nedává výslovnou zákonnou garanci."
          },
          {
            "type": "CompatFileChangeItem"
          },
          {
            "type": "AgentMessageItem",
            "text": "Draft je zapsaný. Ještě ho zkontroluji proti stylu, hlavně délku perexu, počet odstavců a to, že v závěru padne verdikt jen jednou."
          },
          {
            "type": "CommandExecutionItem",
            "command": "/bin/bash -lc \"sed -n '1,260p' work/draft.md\"",
            "exit_code": 0
          },
          {
            "type": "AgentMessageItem",
            "text": "Draft jsem zapsal do [work/draft.md](/home/vilo/demagog/fact_check_v2/experiments/v2_gpt-5.4_20260421_113102/id24721/work/draft.md).\n\nVerdikt je postavený na charitativní interpretaci výroku: návrh zákona regionální vysílání sice zmiňuje, ale nedává regionálním stanicím výslovnou zákonnou garanci, jakou je možné vyčíst ze současné úpravy."
          }
        ]
      }
    },
    {
      "file": "step5_verify_log.json",
      "content": {
        "step": "step5_verify",
        "elapsed_seconds": 91.9,
        "prompt_length": 1226,
        "input_tokens": 1534406,
        "cached_input_tokens": 1111296,
        "output_tokens": 31721,
        "web_searches": 3,
        "final_response": "Ověření jsem zapsal do [work/verification.md](/home/vilo/demagog/fact_check_v2/experiments/v2_gpt-5.4_20260421_113102/id24721/work/verification.md).\n\nPři kontrole jsem našel dvě drobnosti v draftu: chyběly stránky u PDF citací a jedna věta v úvodu potřebovala vlastní inline odkaz. To jsem opravil v [work/draft.md](/home/vilo/demagog/fact_check_v2/experiments/v2_gpt-5.4_20260421_113102/id24721/work/draft.md). Výsledek kontroly je `PASS`.",
        "items": [
          {
            "type": "ErrorItem"
          },
          {
            "type": "AgentMessageItem",
            "text": "Teď přepnu do kontrolního režimu. Nejdřív načtu checklist, pak udělám skutečný spot-check několika odkazů v draftu a opravím jen to, co by neprošlo."
          },
          {
            "type": "CommandExecutionItem",
            "command": "/bin/bash -lc \"sed -n '1,260p' work/draft.md\"",
            "exit_code": 0
          },
          {
            "type": "CommandExecutionItem",
            "command": "/bin/bash -lc \"sed -n '1,260p' guides/verification_checklist.md\"",
            "exit_code": 0
          },
          {
            "type": "CommandExecutionItem",
            "command": "/bin/bash -lc \"sed -n '1,260p' guides/style_guide.md\"",
            "exit_code": 0
          },
          {
            "type": "CommandExecutionItem",
            "command": "/bin/bash -lc \"sed -n '1,220p' guides/source_ranking.csv\"",
            "exit_code": 0
          },
          {
            "type": "WebSearchItem",
            "query": "https://www.zakonyprolidi.cz/media2/file/2604/File82723.pdf?attachment-filename=8242021-2026-04-14-text-navrhu-8242130.pdf"
          },
          {
            "type": "WebSearchItem",
            "query": "'regionálních studií' in https://www.zakonyprolidi.cz/cs/1991-484"
          },
          {
            "type": "WebSearchItem",
            "query": "https://www.zakonyprolidi.cz/media2/file/2604/File82724.pdf?attachment-filename=8242021-2026-04-14-duvodova-zprava-8242132.pdf"
          },
          {
            "type": "AgentMessageItem",
            "text": "Našel jsem dva konkrétní nedostatky: chybějící stránkování u PDF odkazů a jednu větu, která měla mít vlastní inline odkaz. Opravím jen tyto body a pak už přepíšu ověření jako čistý PASS."
          },
          {
            "type": "CompatFileChangeItem"
          },
          {
            "type": "AgentMessageItem",
            "text": "Kontrola už je po opravě čistá. Sepíšu teď `work/verification.md` po jednotlivých bodech checklistu a do spot-checku zapíšu i to, které tři odkazy jsem skutečně otevřel a ověřil."
          },
          {
            "type": "CompatFileChangeItem"
          },
          {
            "type": "AgentMessageItem",
            "text": "Ověření jsem zapsal do [work/verification.md](/home/vilo/demagog/fact_check_v2/experiments/v2_gpt-5.4_20260421_113102/id24721/work/verification.md).\n\nPři kontrole jsem našel dvě drobnosti v draftu: chyběly stránky u PDF citací a jedna věta v úvodu potřebovala vlastní inline odkaz. To jsem opravil v [work/draft.md](/home/vilo/demagog/fact_check_v2/experiments/v2_gpt-5.4_20260421_113102/id24721/work/draft.md). Výsledek kontroly je `PASS`."
          }
        ]
      }
    },
    {
      "file": "step6_finalize_log.json",
      "content": {
        "step": "step6_finalize",
        "elapsed_seconds": 26.4,
        "prompt_length": 313,
        "input_tokens": 1807019,
        "cached_input_tokens": 1376384,
        "output_tokens": 33276,
        "web_searches": 0,
        "final_response": "Hotovo.",
        "items": [
          {
            "type": "ErrorItem"
          },
          {
            "type": "AgentMessageItem",
            "text": "Nejdřív ověřím, že `work/verification.md` opravdu končí `## Result: PASS`, a pak bez dalších změn přenesu finální text do `output/report.md`."
          },
          {
            "type": "CommandExecutionItem",
            "command": "/bin/bash -lc 'tail -n 5 work/verification.md'",
            "exit_code": 0
          },
          {
            "type": "CommandExecutionItem",
            "command": "/bin/bash -lc \"sed -n '1,260p' work/draft.md\"",
            "exit_code": 0
          },
          {
            "type": "AgentMessageItem",
            "text": "Kontrola PASS sedí. Teď už jen zapíšu finální report do `output/report.md` v požadované struktuře."
          },
          {
            "type": "CompatFileChangeItem"
          },
          {
            "type": "AgentMessageItem",
            "text": "Hotovo."
          }
        ]
      }
    }
  ]
}