{
  "claim_id": "24722",
  "split": "v2",
  "source_experiment": "v2_gpt-5.4_20260421_113102",
  "source_md": "fact_check_v2/experiments/v2_gpt-5.4_20260421_113102/reports/report24722.md",
  "step_logs": [
    {
      "file": "step1_interpret_log.json",
      "content": {
        "step": "step1_interpret",
        "elapsed_seconds": 624.7,
        "prompt_length": 3797,
        "input_tokens": 193367,
        "cached_input_tokens": 101248,
        "output_tokens": 6530,
        "web_searches": 18,
        "final_response": "Interpretaci jsem zapsal do [work/claim_interpretation.md](/home/vilo/demagog/fact_check_v2/experiments/v2_gpt-5.4_20260421_113102/id24722/work/claim_interpretation.md).\n\nPro další krok je jako hlavní zvolená charitativní interpretace to, že Talíř nemluví nutně o úplné absenci jakékoli zmínky o neslyšících, ale o absenci dostatečně konkrétní zákonné garance v návrhu zákona o médiích veřejné služby ve srovnání s dosavadní úpravou. To odpovídá tomu, že nový návrh obecně pracuje s dostupností pro osoby se smyslovým postižením, zatímco současná právní úprava obsahuje konkrétnější povinnosti. citeturn4search12turn8search0",
        "items": [
          {
            "type": "ErrorItem"
          },
          {
            "type": "AgentMessageItem",
            "text": "Nejprve projdu workspace a ověřím, jestli už pro tento claim neexistují navazující soubory nebo lokální instrukce k prvnímu kroku. Pak si dohledám samotný zdroj výroku a podobu vládního návrhu, abych přesně vymezil, co je potřeba v interpretaci ověřovat."
          },
          {
            "type": "CommandExecutionItem",
            "command": "/bin/bash -lc 'pwd && rg --files .'",
            "exit_code": 0
          },
          {
            "type": "CommandExecutionItem",
            "command": "/bin/bash -lc \"find .. -name AGENTS.md -o -name '*guide*' -o -name 'README.md' | sed 's#\"'^#/#'\"'\"",
            "exit_code": 0
          },
          {
            "type": "AgentMessageItem",
            "text": "V repozitáři jsou jen obecné guide soubory a zatím žádné pracovní artefakty. Teď si rychle načtu příručku a podklady k výroku, ať je interpretace formálně v souladu s pipeline a věcně svázaná s konkrétním návrhem zákona."
          },
          {
            "type": "CommandExecutionItem",
            "command": "/bin/bash -lc \"sed -n '1,220p' guides/prirucka.md\"",
            "exit_code": 0
          },
          {
            "type": "CommandExecutionItem",
            "command": "/bin/bash -lc \"sed -n '1,220p' metadata.json\"",
            "exit_code": 0
          },
          {
            "type": "WebSearchItem",
            "query": "site:plus.rozhlas.cz koncesionářské poplatky jsou zastaralé platí je hlavně senioři zní z SPD opozice 9610185"
          },
          {
            "type": "WebSearchItem",
            "query": "site:mk.gov.cz zrušení televizních a rozhlasových poplatků návrh média veřejné služby 2026"
          },
          {
            "type": "WebSearchItem",
            "query": "https://plus.rozhlas.cz/koncesionarske-poplatky-jsou-zastarale-plati-je-hlavne-seniori-zni-z-spd-opozice-9610185"
          },
          {
            "type": "WebSearchItem",
            "query": "site:psp.cz 17. dubna 2026 návrh zrušení koncesionářských poplatků neslyšící média veřejné služby"
          },
          {
            "type": "WebSearchItem",
            "query": "site:psp.cz \"zákon o médiích veřejné služby\" 2026"
          },
          {
            "type": "WebSearchItem",
            "query": "https://www.zakonyprolidi.cz/media2/file/2604/File82723.pdf?attachment-filename=8242021-2026-04-14-text-navrhu-8242130.pdf"
          },
          {
            "type": "WebSearchItem",
            "query": "site:zakonyprolidi.cz zákon o České televizi sluchovým postižením"
          },
          {
            "type": "WebSearchItem",
            "query": "https://www.zakonyprolidi.cz/cs/2001-231"
          },
          {
            "type": "WebSearchItem",
            "query": "'§ 32' in https://www.zakonyprolidi.cz/cs/2001-231"
          },
          {
            "type": "WebSearchItem",
            "query": "site:zakonyprolidi.cz 483/1991 sluchově postižené Česká televize"
          },
          {
            "type": "WebSearchItem",
            "query": "https://www.zakonyprolidi.cz/cs/1991-483"
          },
          {
            "type": "WebSearchItem",
            "query": "'483/1991' in https://www.zakonyprolidi.cz/media2/file/2604/File82723.pdf?attachment-filename=8242021-2026-04-14-text-navrhu-8242130.pdf"
          },
          {
            "type": "WebSearchItem",
            "query": "\"neslyšící\" \"zákon o médiích veřejné služby\""
          },
          {
            "type": "AgentMessageItem",
            "text": "Mám už identifikovaný konkrétní návrh zákona i relevantní stávající úpravu. Ještě srovnám, jak přesně nový text mluví o dostupnosti pro osoby se smyslovým postižením, abych v interpretaci odlišil „není tam nic“ od „není tam dosavadní konkrétní garance“."
          },
          {
            "type": "WebSearchItem",
            "query": "site:zakonyprolidi.cz/media2/file/2604 \"o médiích veřejné služby\" důvodová zpráva"
          },
          {
            "type": "CommandExecutionItem",
            "command": "/bin/bash -lc '[ -d work ] && find work -maxdepth 2 -type f | sort || true'",
            "exit_code": 0
          },
          {
            "type": "CommandExecutionItem",
            "command": "/bin/bash -lc 'ls -la'",
            "exit_code": 0
          },
          {
            "type": "WebSearchItem",
            "query": "'smyslovým postižením'"
          },
          {
            "type": "WebSearchItem",
            "query": "'smyslovým postižením'"
          },
          {
            "type": "WebSearchItem",
            "query": "https://www.zakonyprolidi.cz/media2/file/2604/File82723.pdf?attachment-filename=8242021-2026-04-14-text-navrhu-8242130.pdf"
          },
          {
            "type": "WebSearchItem",
            "query": ""
          },
          {
            "type": "AgentMessageItem",
            "text": "Teď zapíšu interpretaci do `work/claim_interpretation.md`. Zaměřím ji tak, aby další krok nehledal jen slovo „neslyšící“, ale hlavně porovnal, zda nový návrh zachovává dosavadní konkrétní zákonné povinnosti, nebo je nahrazuje jen obecnou formulací."
          },
          {
            "type": "CompatFileChangeItem"
          },
          {
            "type": "AgentMessageItem",
            "text": "Soubor je zapsaný. Ještě rychle zkontroluji, že v něm nejsou formální mezery nebo nejasnosti, které by komplikovaly další krok vyhledávání."
          },
          {
            "type": "CommandExecutionItem",
            "command": "/bin/bash -lc \"sed -n '1,260p' work/claim_interpretation.md\"",
            "exit_code": 0
          },
          {
            "type": "AgentMessageItem",
            "text": "Interpretaci jsem zapsal do [work/claim_interpretation.md](/home/vilo/demagog/fact_check_v2/experiments/v2_gpt-5.4_20260421_113102/id24722/work/claim_interpretation.md).\n\nPro další krok je jako hlavní zvolená charitativní interpretace to, že Talíř nemluví nutně o úplné absenci jakékoli zmínky o neslyšících, ale o absenci dostatečně konkrétní zákonné garance v návrhu zákona o médiích veřejné služby ve srovnání s dosavadní úpravou. To odpovídá tomu, že nový návrh obecně pracuje s dostupností pro osoby se smyslovým postižením, zatímco současná právní úprava obsahuje konkrétnější povinnosti. citeturn4search12turn8search0"
          }
        ]
      }
    },
    {
      "file": "step2_search_log.json",
      "content": {
        "step": "step2_search",
        "elapsed_seconds": 211.0,
        "prompt_length": 1771,
        "input_tokens": 591378,
        "cached_input_tokens": 312832,
        "output_tokens": 16518,
        "web_searches": 23,
        "final_response": "Zdroje jsem zapsal do [work/raw_sources.md](/home/vilo/demagog/fact_check_v2/experiments/v2_gpt-5.4_20260421_113102/id24722/work/raw_sources.md).\n\nPro další krok jsou nejdůležitější dva směry důkazů: nový vládní návrh z 14. dubna 2026 skutečně obsahuje obecnou formulaci o dostupnosti vysílání pro osoby se smyslovým postižením, což oslabuje čistě doslovné čtení Talířova výroku; současně ale platná právní úprava České televize obsahuje mnohem konkrétnější a měřitelné povinnosti, včetně 70 % titulkovaných pořadů a 2 % pořadů v českém znakovém jazyce nebo se simultánním tlumočením, což naopak podporuje charitativní interpretaci o chybějící konkrétní garanci. ([zakonyprolidi.cz](https://www.zakonyprolidi.cz/media2/file/2604/File82723.pdf?attachment-filename=8242021-2026-04-14-text-navrhu-8242130.pdf))",
        "items": [
          {
            "type": "ErrorItem"
          },
          {
            "type": "AgentMessageItem",
            "text": "Nejdřív znovu načtu interpretaci z prvního kroku a podle ní rozšířím sběr zdrojů. Zaměřím se hlavně na plné znění návrhu zákona, jeho důvodovou zprávu, platné zákonné povinnosti České televize a také na zdroje, které by mohly Talířovu formulaci zpochybnit."
          },
          {
            "type": "CommandExecutionItem",
            "command": "/bin/bash -lc \"sed -n '1,260p' work/claim_interpretation.md\"",
            "exit_code": 0
          },
          {
            "type": "CommandExecutionItem",
            "command": "/bin/bash -lc \"sed -n '1,200p' guides/source_ranking.csv\"",
            "exit_code": 0
          },
          {
            "type": "WebSearchItem",
            "query": "site:odok.cz \"zákon o médiích veřejné služby\" duben 2026 důvodová zpráva"
          },
          {
            "type": "WebSearchItem",
            "query": "site:mk.gov.cz média veřejné služby státní rozpočet poplatky 23. března 2026"
          },
          {
            "type": "WebSearchItem",
            "query": "\"smyslovým postižením\" \"média veřejné služby\""
          },
          {
            "type": "WebSearchItem",
            "query": "\"Společné vyjádření ČT a ČRo k vládnímu návrhu zákona o médiích veřejné služby\""
          },
          {
            "type": "WebSearchItem",
            "query": "site:zakonyprolidi.cz/cs/1991-483 § 3 odst. 1 j) sluchovým postižením"
          },
          {
            "type": "WebSearchItem",
            "query": "https://www.zakonyprolidi.cz/cs/2001-231"
          },
          {
            "type": "WebSearchItem",
            "query": "'sluchovým postižením' in https://www.zakonyprolidi.cz/cs/1991-483"
          },
          {
            "type": "WebSearchItem",
            "query": "https://www.zakonyprolidi.cz/media2/file/2604/File82723.pdf?attachment-filename=8242021-2026-04-14-text-navrhu-8242130.pdf"
          },
          {
            "type": "WebSearchItem",
            "query": "site:odok.cz/portal/services/download/attachment KORNDT5GA7SG důvodová zpráva média veřejné služby"
          },
          {
            "type": "WebSearchItem",
            "query": "https://www.zakonyprolidi.cz/monitor/8242021.htm"
          },
          {
            "type": "WebSearchItem",
            "query": "https://www.zakonyprolidi.cz/media2/file/2604/File82724.pdf?attachment-filename=8242021-2026-04-14-duvodova-zprava-8242132.pdf"
          },
          {
            "type": "WebSearchItem",
            "query": "'15 %' in https://www.zakonyprolidi.cz/cs/2001-231"
          },
          {
            "type": "WebSearchItem",
            "query": "'přiměřených opatření' in https://www.zakonyprolidi.cz/cs/2001-231"
          },
          {
            "type": "WebSearchItem",
            "query": "https://informace.rozhlas.cz/spolecne-vyjadreni-ceskeho-rozhlasu-a-ceske-televize-k-vladnimu-navrhu-zakona-o-9610735"
          },
          {
            "type": "WebSearchItem",
            "query": "14. dubna 2026 média veřejné služby neslyšící Česká televize"
          },
          {
            "type": "WebSearchItem",
            "query": "https://www.irozhlas.cz/zpravy-domov/klempir-verejnopravni-media-nesloucime-zrusi-se-poplatky-media-prisla-o-cast_2604141450_mst"
          },
          {
            "type": "WebSearchItem",
            "query": "\"smyslovým postižením\" \"14. 4. 2026\" média veřejné služby"
          },
          {
            "type": "WebSearchItem",
            "query": "site:cun.cz média veřejné služby duben 2026 neslyšící"
          },
          {
            "type": "WebSearchItem",
            "query": "site:mk.gov.cz \"média veřejné služby\" \"14. 4. 2026\""
          },
          {
            "type": "WebSearchItem",
            "query": "https://www.ceskatelevize.cz/vse-o-ct/pro-media/verejnopravni-sluzba-dostupna-vsem-ct-spustila-nepretrzite-skryte-titulkovani-programu-ct24/"
          },
          {
            "type": "WebSearchItem",
            "query": "https://www.mk.gov.cz/novinky-a-media-cs-4/6412cs-ministr-kultury-podepsal-memorandum-o-zpusobu-naplnovani-verejne-sluzby-voblasti-televizniho-vysilani"
          },
          {
            "type": "WebSearchItem",
            "query": "\"František Talíř\" zákon o médiích veřejné služby 15. dubna 2026"
          },
          {
            "type": "WebSearchItem",
            "query": "https://www.zakonyprolidi.cz/cs/1991-483"
          },
          {
            "type": "AgentMessageItem",
            "text": "Mám dost materiálu z primárních právních zdrojů i z dobového zpravodajství před 17. dubnem 2026. Teď je sepíšu do `work/raw_sources.md` tak, aby bylo u každého zdroje jasné, zda spíš podporuje Talířovu charitativní interpretaci, nebo naopak vyvrací doslovné čtení jeho výroku."
          },
          {
            "type": "CompatFileChangeItem"
          },
          {
            "type": "AgentMessageItem",
            "text": "Zdroje jsou zapsané. Ještě kontroluji, že jsem omylem nezařadil nic po datu výroku a že je dobře oddělené, co podporuje charitativní interpretaci a co vyvrací jen doslovné čtení."
          },
          {
            "type": "CommandExecutionItem",
            "command": "/bin/bash -lc \"sed -n '1,260p' work/raw_sources.md\"",
            "exit_code": 0
          },
          {
            "type": "AgentMessageItem",
            "text": "Zdroje jsem zapsal do [work/raw_sources.md](/home/vilo/demagog/fact_check_v2/experiments/v2_gpt-5.4_20260421_113102/id24722/work/raw_sources.md).\n\nPro další krok jsou nejdůležitější dva směry důkazů: nový vládní návrh z 14. dubna 2026 skutečně obsahuje obecnou formulaci o dostupnosti vysílání pro osoby se smyslovým postižením, což oslabuje čistě doslovné čtení Talířova výroku; současně ale platná právní úprava České televize obsahuje mnohem konkrétnější a měřitelné povinnosti, včetně 70 % titulkovaných pořadů a 2 % pořadů v českém znakovém jazyce nebo se simultánním tlumočením, což naopak podporuje charitativní interpretaci o chybějící konkrétní garanci. ([zakonyprolidi.cz](https://www.zakonyprolidi.cz/media2/file/2604/File82723.pdf?attachment-filename=8242021-2026-04-14-text-navrhu-8242130.pdf))"
          }
        ]
      }
    },
    {
      "file": "step3_refine_log.json",
      "content": {
        "step": "step3_refine",
        "elapsed_seconds": 80.0,
        "prompt_length": 2274,
        "input_tokens": 835029,
        "cached_input_tokens": 506880,
        "output_tokens": 22230,
        "web_searches": 3,
        "final_response": "Refined seznam jsem zapsal do [work/refined_sources.md](/home/vilo/demagog/fact_check_v2/experiments/v2_gpt-5.4_20260421_113102/id24722/work/refined_sources.md).\n\nPro další krok stojí hlavní důkazní osa na čtyřech tier-1 primárních zdrojích: monitoru návrhu a důvodové zprávě k identifikaci projednávaného vládního návrhu, plus na textu nového návrhu a platném zákonu o České televizi pro srovnání obecné formulace o přístupnosti s dnešními konkrétními povinnostmi vůči osobám se sluchovým postižením. Sekundární iROZHLAS jsem proto nahradil primárními dokumenty a memorandum Ministerstva kultury vyřadil jako nadbytečný kontext. ",
        "items": [
          {
            "type": "ErrorItem"
          },
          {
            "type": "AgentMessageItem",
            "text": "Teď protřídím nasbírané zdroje podle tierů, ověřím, že pokrývají všechna dílčí tvrzení, a zkontroluji, jestli někde zbytečně nezůstala sekundární citace tam, kde už máme primární dokument. Pak zapíšu zúžený seznam do `work/refined_sources.md`."
          },
          {
            "type": "CommandExecutionItem",
            "command": "/bin/bash -lc \"sed -n '1,260p' work/raw_sources.md\"",
            "exit_code": 0
          },
          {
            "type": "CommandExecutionItem",
            "command": "/bin/bash -lc \"sed -n '1,220p' work/claim_interpretation.md\"",
            "exit_code": 0
          },
          {
            "type": "CommandExecutionItem",
            "command": "/bin/bash -lc \"sed -n '1,200p' guides/source_ranking.csv\"",
            "exit_code": 0
          },
          {
            "type": "WebSearchItem",
            "query": "https://www.zakonyprolidi.cz/monitor/8242021.htm"
          },
          {
            "type": "WebSearchItem",
            "query": "'smyslovým postižením' in https://www.zakonyprolidi.cz/media2/file/2604/File82723.pdf?attachment-filename=8242021-2026-04-14-text-navrhu-8242130.pdf"
          },
          {
            "type": "WebSearchItem",
            "query": "'Hlavním cílem návrhu zákona' in https://www.zakonyprolidi.cz/media2/file/2604/File82724.pdf?attachment-filename=8242021-2026-04-14-duvodova-zprava-8242132.pdf"
          },
          {
            "type": "AgentMessageItem",
            "text": "Ve refined list nechám jen zdroje, které mají skutečnou důkazní hodnotu pro právní srovnání. Sekundární iROZHLAS nahradím primárními dokumenty a memorandum ministerstva odložím jako nepodstatný kontext, protože samo neřeší, co přesně je nebo není v novém návrhu zákona."
          },
          {
            "type": "CompatFileChangeItem"
          },
          {
            "type": "AgentMessageItem",
            "text": "Refined seznam je hotový. Ještě ho rychle projdu, jestli v poznámkách není něco, co by si v dalším kroku protiřečilo, hlavně u druhého dílčího tvrzení o „tvorbě pro neslyšící“."
          },
          {
            "type": "CommandExecutionItem",
            "command": "/bin/bash -lc \"sed -n '1,320p' work/refined_sources.md\"",
            "exit_code": 0
          },
          {
            "type": "AgentMessageItem",
            "text": "Refined seznam jsem zapsal do [work/refined_sources.md](/home/vilo/demagog/fact_check_v2/experiments/v2_gpt-5.4_20260421_113102/id24722/work/refined_sources.md).\n\nPro další krok stojí hlavní důkazní osa na čtyřech tier-1 primárních zdrojích: monitoru návrhu a důvodové zprávě k identifikaci projednávaného vládního návrhu, plus na textu nového návrhu a platném zákonu o České televizi pro srovnání obecné formulace o přístupnosti s dnešními konkrétními povinnostmi vůči osobám se sluchovým postižením. Sekundární iROZHLAS jsem proto nahradil primárními dokumenty a memorandum Ministerstva kultury vyřadil jako nadbytečný kontext. "
          }
        ]
      }
    },
    {
      "file": "step4_draft_log.json",
      "content": {
        "step": "step4_draft",
        "elapsed_seconds": 93.6,
        "prompt_length": 2388,
        "input_tokens": 1214469,
        "cached_input_tokens": 854016,
        "output_tokens": 29050,
        "web_searches": 1,
        "final_response": "Draft jsem zapsal do [work/draft.md](/home/vilo/demagog/fact_check_v2/experiments/v2_gpt-5.4_20260421_113102/id24722/work/draft.md).\n\nText je postavený na verdiktu `zavádějící`: návrh zákona dostupnost pro osoby se smyslovým postižením výslovně zmiňuje, ale neopakuje dnešní konkrétní kvóty a povinnosti.",
        "items": [
          {
            "type": "ErrorItem"
          },
          {
            "type": "AgentMessageItem",
            "text": "Než budu psát samotný text, načtu si ještě stylový guide a dva publikované příklady, aby návrh seděl formátem Demagogu a nebyl jen věcně správný. Pak sepíšu draft s jedním jasným verdiktem a krátkým vysvětlením rozdílu mezi obecnou dostupností a konkrétní zákonnou garancí."
          },
          {
            "type": "CommandExecutionItem",
            "command": "/bin/bash -lc \"sed -n '1,260p' work/refined_sources.md\"",
            "exit_code": 0
          },
          {
            "type": "CommandExecutionItem",
            "command": "/bin/bash -lc \"sed -n '1,260p' guides/style_guide.md\"",
            "exit_code": 0
          },
          {
            "type": "CommandExecutionItem",
            "command": "/bin/bash -lc \"sed -n '1,220p' guides/examples.txt\"",
            "exit_code": 0
          },
          {
            "type": "WebSearchItem",
            "query": ""
          },
          {
            "type": "AgentMessageItem",
            "text": "Teď zapíšu draft v cílovém HTML formátu. Verdikt stavím jako „zavádějící“: Talíř vystihl, že návrh opouští dnešní konkrétní kvóty, ale jeho formulace zamlčuje, že nový text dostupnost pro osoby se smyslovým postižením přece jen výslovně obsahuje."
          },
          {
            "type": "CompatFileChangeItem"
          },
          {
            "type": "AgentMessageItem",
            "text": "Draft je zapsaný. Ještě kontroluji délku perexu a to, jestli závěr opravdu říká verdikt jen jednou a opírá se o rozdíl mezi obecnou a konkrétní garancí, ne o novou spekulaci."
          },
          {
            "type": "CommandExecutionItem",
            "command": "/bin/bash -lc \"sed -n '1,240p' work/draft.md\"",
            "exit_code": 0
          },
          {
            "type": "CommandExecutionItem",
            "command": "/bin/bash -lc \"python - <<'PY'\nfrom pathlib import Path\ntext=Path('work/draft.md').read_text()\nstart=text.split('<p class=\\\"perex\\\">',1)[1].split('</p>',1)[0]\nprint(len(start))\nprint(start)\nPY\"",
            "exit_code": 0
          },
          {
            "type": "AgentMessageItem",
            "text": "Našel jsem jen jednu stylistickou věc: relativní čas „letos v únoru“ je lepší nahradit přesným datem. Upravím zároveň lehce kostrbatou větu o tom, že návrh na neslyšící úplně nezapomíná."
          },
          {
            "type": "CompatFileChangeItem"
          },
          {
            "type": "AgentMessageItem",
            "text": "Draft jsem zapsal do [work/draft.md](/home/vilo/demagog/fact_check_v2/experiments/v2_gpt-5.4_20260421_113102/id24722/work/draft.md).\n\nText je postavený na verdiktu `zavádějící`: návrh zákona dostupnost pro osoby se smyslovým postižením výslovně zmiňuje, ale neopakuje dnešní konkrétní kvóty a povinnosti."
          }
        ]
      }
    },
    {
      "file": "step5_verify_log.json",
      "content": {
        "step": "step5_verify",
        "elapsed_seconds": 74.0,
        "prompt_length": 1226,
        "input_tokens": 1610137,
        "cached_input_tokens": 1204992,
        "output_tokens": 34203,
        "web_searches": 5,
        "final_response": "Verifikaci jsem zapsal do [work/verification.md](/home/vilo/demagog/fact_check_v2/experiments/v2_gpt-5.4_20260421_113102/id24722/work/verification.md).\n\nBěhem kontroly jsem opravil `work/draft.md` jen v jednom místě: doplnil jsem čísla stran u PDF citací. Finální výsledek checklistu je `PASS`.",
        "items": [
          {
            "type": "ErrorItem"
          },
          {
            "type": "AgentMessageItem",
            "text": "Nejdřív projdu checklist a draft proti formálním pravidlům. Pak udělám spot-check několika odkazů, a pokud něco neprojde, opravím jen dané místo v draftu a znovu přepočítám už jen selhané body."
          },
          {
            "type": "CommandExecutionItem",
            "command": "/bin/bash -lc \"sed -n '1,260p' work/draft.md\"",
            "exit_code": 0
          },
          {
            "type": "CommandExecutionItem",
            "command": "/bin/bash -lc \"sed -n '1,220p' guides/style_guide.md\"",
            "exit_code": 0
          },
          {
            "type": "CommandExecutionItem",
            "command": "/bin/bash -lc \"sed -n '1,120p' guides/source_ranking.csv\"",
            "exit_code": 0
          },
          {
            "type": "CommandExecutionItem",
            "command": "/bin/bash -lc \"sed -n '1,260p' guides/verification_checklist.md\"",
            "exit_code": 0
          },
          {
            "type": "WebSearchItem",
            "query": ""
          },
          {
            "type": "WebSearchItem",
            "query": "https://www.zakonyprolidi.cz/media2/file/2604/File82723.pdf?attachment-filename=8242021-2026-04-14-text-navrhu-8242130.pdf"
          },
          {
            "type": "WebSearchItem",
            "query": "https://www.zakonyprolidi.cz/cs/1991-483"
          },
          {
            "type": "WebSearchItem",
            "query": "'70 %' in https://www.ceskatelevize.cz/vse-o-ct/pro-media/verejnopravni-sluzba-dostupna-vsem-ct-spustila-nepretrzite-skryte-titulkovani-programu-ct24/"
          },
          {
            "type": "WebSearchItem",
            "query": "'původní českou audiovizuální' in https://www.zakonyprolidi.cz/media2/file/2604/File82723.pdf?attachment-filename=8242021-2026-04-14-text-navrhu-8242130.pdf"
          },
          {
            "type": "AgentMessageItem",
            "text": "V checklistu mi vyšel jeden konkrétní problém: u PDF odkazů chybí čísla stran. Teď doplním přesné strany k důvodové zprávě i k oběma pasážím z návrhu zákona a pak znovu přehodnotím už jen tento bod a link spot-check."
          },
          {
            "type": "CompatFileChangeItem"
          },
          {
            "type": "AgentMessageItem",
            "text": "Oprava je hotová a znovu jsem přeměřil právě selhaný bod i spot-check odkazů. Teď zapisuji finální checklist do `work/verification.md` už v pass stavu."
          },
          {
            "type": "CompatFileChangeItem"
          },
          {
            "type": "AgentMessageItem",
            "text": "Verifikaci jsem zapsal do [work/verification.md](/home/vilo/demagog/fact_check_v2/experiments/v2_gpt-5.4_20260421_113102/id24722/work/verification.md).\n\nBěhem kontroly jsem opravil `work/draft.md` jen v jednom místě: doplnil jsem čísla stran u PDF citací. Finální výsledek checklistu je `PASS`."
          }
        ]
      }
    },
    {
      "file": "step6_finalize_log.json",
      "content": {
        "step": "step6_finalize",
        "elapsed_seconds": 11.9,
        "prompt_length": 313,
        "input_tokens": 1794535,
        "cached_input_tokens": 1383168,
        "output_tokens": 34889,
        "web_searches": 0,
        "final_response": "Hotovo. Soubor [output/report.md](/home/vilo/demagog/fact_check_v2/experiments/v2_gpt-5.4_20260421_113102/id24722/output/report.md) je vytvořen a `work/verification.md` končí `## Result: PASS`.",
        "items": [
          {
            "type": "ErrorItem"
          },
          {
            "type": "AgentMessageItem",
            "text": "Nejdřív ověřím, že `work/verification.md` opravdu končí `## Result: PASS`, a pak přenesu finální report z draftu do `output/report.md` ve zadané obálce."
          },
          {
            "type": "CommandExecutionItem",
            "command": "/bin/bash -lc \"python - <<'PY'\nfrom pathlib import Path\nclaim = 'Garanci vysílání a tvorby pro neslyšící, to tam (ve vládním návrhu na zrušení koncesionářských poplatků, pozn. Demagog.cz) taky není.'\ndraft = Path('work/draft.md').read_text()\nout = '# Fact Check Report\\\\n\\\\n## Statement\\\\n' + claim + '\\\\n\\\\n## Report\\\\n' + draft + '\\\\n'\nPath('output/report.md').write_text(out)\nprint('written', len(out))\nPY\"",
            "exit_code": 0
          },
          {
            "type": "CommandExecutionItem",
            "command": "/bin/bash -lc \"sed -n '1,240p' work/draft.md\"",
            "exit_code": 0
          },
          {
            "type": "CommandExecutionItem",
            "command": "/bin/bash -lc 'tail -n 5 work/verification.md'",
            "exit_code": 0
          },
          {
            "type": "AgentMessageItem",
            "text": "Hotovo. Soubor [output/report.md](/home/vilo/demagog/fact_check_v2/experiments/v2_gpt-5.4_20260421_113102/id24722/output/report.md) je vytvořen a `work/verification.md` končí `## Result: PASS`."
          }
        ]
      }
    }
  ]
}