{
  "claim_id": "24705",
  "split": "v2",
  "source_experiment": "v2_gpt-5.4_20260410_190055",
  "source_md": "fact_check_v2/experiments/v2_gpt-5.4_20260410_190055/reports/report24705.md",
  "step_logs": [
    {
      "file": "step1_interpret_log.json",
      "content": {
        "step": "step1_interpret",
        "elapsed_seconds": 181.9,
        "prompt_length": 4627,
        "input_tokens": 199193,
        "cached_input_tokens": 117888,
        "output_tokens": 7703,
        "web_searches": 7,
        "final_response": "Interpretaci jsem zapsal do [work/claim_interpretation.md](/home/vilo/demagog/fact_check_v2/experiments/v2_gpt-5.4_20260410_190055/id24705/work/claim_interpretation.md).\n\nZvolil jsem jako hlavní výklad to, že Vondráček reaguje na alianční srovnání obranných výdajů, nejspíš na podíl výdajů na obranu k HDP podle NATO, a současně jsem poznamenal i užší alternativu přes český rozpočet na rok 2026.",
        "items": [
          {
            "type": "ErrorItem"
          },
          {
            "type": "AgentMessageItem",
            "text": "Začínám krok 1: nejdřív si projdu strukturu repozitáře a najdu případné průvodce pro interpretační krok, potom ověřím kontext výroku z pořadu a zapíšu interpretaci do `work/claim_interpretation.md`."
          },
          {
            "type": "CommandExecutionItem",
            "command": "/bin/bash -lc pwd",
            "exit_code": 0
          },
          {
            "type": "CommandExecutionItem",
            "command": "/bin/bash -lc 'rg --files'",
            "exit_code": 0
          },
          {
            "type": "CommandExecutionItem",
            "command": "/bin/bash -lc 'rg -n \"style guide|source ranking|interpret|claim_interpretation|Step 1|workflow|guide\" .'",
            "exit_code": 0
          },
          {
            "type": "AgentMessageItem",
            "text": "Teď načítám metodické podklady k interpretaci výroku a ověřím, jestli repo už neobsahuje připravené pracovní soubory. Pak doplním přesnou interpretaci v kontextu debaty o obranných výdajích."
          },
          {
            "type": "CommandExecutionItem",
            "command": "/bin/bash -lc \"sed -n '1,220p' guides/prirucka.md\"",
            "exit_code": 0
          },
          {
            "type": "CommandExecutionItem",
            "command": "/bin/bash -lc \"sed -n '1,180p' guides/style_guide.md\"",
            "exit_code": 0
          },
          {
            "type": "CommandExecutionItem",
            "command": "/bin/bash -lc 'ls -la work output'",
            "exit_code": 0
          },
          {
            "type": "AgentMessageItem",
            "text": "Metodika potvrzuje, že máme vybrat nejcharitativnější rozumnou interpretaci a držet se stavu známého ke dni výroku. Ještě si vytáhnu metadata k pořadu a pak krátce dohledám, k jakému ukazateli obranných výdajů se replika nejspíš vztahuje."
          },
          {
            "type": "CommandExecutionItem",
            "command": "/bin/bash -lc 'cat metadata.json'",
            "exit_code": 0
          },
          {
            "type": "CommandExecutionItem",
            "command": "/bin/bash -lc \"sed -n '1,220p' guides/source_ranking.csv\"",
            "exit_code": 0
          },
          {
            "type": "WebSearchItem",
            "query": "site:nato.int defence expenditure NATO 2024 estimates Belgium Italy Czech Republic April 2026"
          },
          {
            "type": "WebSearchItem",
            "query": "site:ceskatelevize.cz/porady/1096898594-udalosti-komentare/226411000370408/ Vondráček Belgie Itálie mají horší"
          },
          {
            "type": "WebSearchItem",
            "query": "\"nejhorší čísla ze zemí Severoatlantické aliance\" obrana Belgie Itálie"
          },
          {
            "type": "WebSearchItem",
            "query": "https://www.nato.int/content/dam/nato/webready/documents/finance/def-exp-2025-en.pdf"
          },
          {
            "type": "WebSearchItem",
            "query": "'Czechia' in https://www.nato.int/content/dam/nato/webready/documents/finance/def-exp-2025-en.pdf"
          },
          {
            "type": "WebSearchItem",
            "query": "https://www.nato.int/content/dam/nato/webready/documents/finance/def-exp-2025-en.pdf"
          },
          {
            "type": "WebSearchItem",
            "query": "site:vlada.cz obrana rozpočet stagnuje 2026 2 % HDP Česko"
          },
          {
            "type": "AgentMessageItem",
            "text": "Mám dost kontextu pro interpretaci. Do souboru teď zapíšu hlavní čtení výroku, alternativní výklady a plán hledání primárních zdrojů tak, aby další krok mohl rovnou navázat."
          },
          {
            "type": "CompatFileChangeItem"
          },
          {
            "type": "AgentMessageItem",
            "text": "Interpretace je zapsaná. Ještě ji rychle zkontroluji na místě a pak uzavřu krok stručným shrnutím toho, co bylo uloženo."
          },
          {
            "type": "CommandExecutionItem",
            "command": "/bin/bash -lc \"sed -n '1,240p' work/claim_interpretation.md\"",
            "exit_code": 0
          },
          {
            "type": "AgentMessageItem",
            "text": "Interpretaci jsem zapsal do [work/claim_interpretation.md](/home/vilo/demagog/fact_check_v2/experiments/v2_gpt-5.4_20260410_190055/id24705/work/claim_interpretation.md).\n\nZvolil jsem jako hlavní výklad to, že Vondráček reaguje na alianční srovnání obranných výdajů, nejspíš na podíl výdajů na obranu k HDP podle NATO, a současně jsem poznamenal i užší alternativu přes český rozpočet na rok 2026."
          }
        ]
      }
    },
    {
      "file": "step2_search_log.json",
      "content": {
        "step": "step2_search",
        "elapsed_seconds": 231.1,
        "prompt_length": 1771,
        "input_tokens": 551414,
        "cached_input_tokens": 331136,
        "output_tokens": 18659,
        "web_searches": 19,
        "final_response": "Zdroje jsem zapsal do [work/raw_sources.md](/home/vilo/demagog/fact_check_v2/experiments/v2_gpt-5.4_20260410_190055/id24705/work/raw_sources.md).\n\nSoubor teď obsahuje jak podpůrnou linii přes alianční data za rok 2024 a české materiály Ministerstva obrany, tak i protiargument přes novější alianční údaje z roku 2025 a z března 2026, plus český rozpočtový kontext pro alternativní interpretaci výroku. ([nato.int](https://www.nato.int/content/dam/nato/legacy-wcm/media_pdf/2024/6/pdf/240617-def-exp-2024-en.pdf))",
        "items": [
          {
            "type": "ErrorItem"
          },
          {
            "type": "AgentMessageItem",
            "text": "Teď navazuji krokem 2. Nejdřív znovu načtu interpretaci, potom systematicky dohledám primární i sekundární zdroje k oběma dílčím tvrzením a uložím je do `work/raw_sources.md`."
          },
          {
            "type": "CommandExecutionItem",
            "command": "/bin/bash -lc \"sed -n '1,220p' work/claim_interpretation.md\"",
            "exit_code": 0
          },
          {
            "type": "CommandExecutionItem",
            "command": "/bin/bash -lc \"sed -n '1,220p' guides/source_ranking.csv\"",
            "exit_code": 0
          },
          {
            "type": "WebSearchItem",
            "query": "site:nato.int \"Defence Expenditure of NATO Countries (2014-2024)\" Belgium Italy Czechia"
          },
          {
            "type": "WebSearchItem",
            "query": "https://www.nato.int/en/about-us/official-texts-and-resources/secretary-generals-annual-report/secretary-generals-annual-report-2025"
          },
          {
            "type": "WebSearchItem",
            "query": "https://www.nato.int/content/dam/nato/legacy-wcm/media_pdf/2024/6/pdf/240617-def-exp-2024-en.pdf"
          },
          {
            "type": "WebSearchItem",
            "query": "site:irozhlas.cz NATO výroční zpráva 2025 Belgie Itálie obrana 2 %"
          },
          {
            "type": "WebSearchItem",
            "query": "site:nato.int March 2026 all Allies are spending at least 2% of GDP on defence"
          },
          {
            "type": "WebSearchItem",
            "query": "https://www.nato.int/en/news-and-events/articles/news/2026/03/26/nato-secretary-generals-annual-report-shows-significant-increase-in-defence-investment-from-europe-and-canada"
          },
          {
            "type": "WebSearchItem",
            "query": "https://ct24.ceskatelevize.cz/clanek/ekonomika/vlada-neplanuje-zvysovat-vydaje-na-obranu-371059"
          },
          {
            "type": "WebSearchItem",
            "query": "https://mocr.mo.gov.cz/informacni-servis/zpravodajstvi/ceska-republika-splni-za-rok-2024-zavazek-vydavat-2--hdp-na-obranu-255877/"
          },
          {
            "type": "WebSearchItem",
            "query": "https://mocr.mo.gov.cz/informacni-servis/zpravodajstvi/ministri-obrany-nato-se-zamerili-na-odstraseni--proti-dronove-iniciativy--investice-do-obrany-a-podporu-ukrajine-260681/"
          },
          {
            "type": "WebSearchItem",
            "query": "https://mocr.mo.gov.cz/informacni-servis/zpravodajstvi/zakladni-informace-k-rozpoctu-mo-na-rok-2026-262251/"
          },
          {
            "type": "AgentMessageItem",
            "text": "Mám posbírané hlavní primární zdroje NATO a české rozpočtové materiály i několik veřejnoprávních článků, které ukazují i opačný výklad z jara 2026. Teď je převádím do `work/raw_sources.md` ve strukturované podobě pro další třídění."
          },
          {
            "type": "CompatFileChangeItem"
          },
          {
            "type": "AgentMessageItem",
            "text": "Zdroje jsou zapsané. Ještě je rychle zkontroluji, hlavně jestli je zachycená jak podpůrná linie přes data za rok 2024, tak protiargument přes aktuálnější alianční údaje z března 2026."
          },
          {
            "type": "CommandExecutionItem",
            "command": "/bin/bash -lc \"sed -n '1,260p' work/raw_sources.md\"",
            "exit_code": 0
          },
          {
            "type": "WebSearchItem",
            "query": "site:mocr.mo.gov.cz \"Ministři obrany NATO se zaměřili na odstrašení\" investice do obrany 2,3 % 2026"
          },
          {
            "type": "WebSearchItem",
            "query": ""
          },
          {
            "type": "WebSearchItem",
            "query": "site:ct24.ceskatelevize.cz \"Vláda neplánuje zvyšovat výdaje na obranu\""
          },
          {
            "type": "WebSearchItem",
            "query": "site:irozhlas.cz \"vydaje na obranu se kazdy rok zvysi o 0,2 procenta HDP\""
          },
          {
            "type": "WebSearchItem",
            "query": "\"def-exp-2025-en.pdf\" NATO 26 June 2025"
          },
          {
            "type": "WebSearchItem",
            "query": "https://www.nato.int/content/dam/nato/webready/documents/finance/def-exp-2025-en.pdf"
          },
          {
            "type": "WebSearchItem",
            "query": "site:mocr.mo.gov.cz \"Česká republika splní za rok 2024 závazek vydávat 2 % HDP na obranu\""
          },
          {
            "type": "AgentMessageItem",
            "text": "Ještě upravuji jeden detail u aliančního PDF za rok 2025, aby metadata a citovaný datový bod odpovídaly tomu, co je přímo v dokumentu vidět."
          },
          {
            "type": "CompatFileChangeItem"
          },
          {
            "type": "WebSearchItem",
            "query": "https://www.nato.int/en/news-and-events/articles/news/2026/03/26/nato-secretary-generals-annual-report-shows-significant-increase-in-defence-investment-from-europe-and-canada"
          },
          {
            "type": "WebSearchItem",
            "query": "'For the first time, all Allies reported defence expenditure' in https://www.nato.int/en/news-and-events/articles/news/2026/03/26/nato-secretary-generals-annual-report-shows-significant-increase-in-defence-investment-from-europe-and-canada"
          },
          {
            "type": "AgentMessageItem",
            "text": "Zdroje jsem zapsal do [work/raw_sources.md](/home/vilo/demagog/fact_check_v2/experiments/v2_gpt-5.4_20260410_190055/id24705/work/raw_sources.md).\n\nSoubor teď obsahuje jak podpůrnou linii přes alianční data za rok 2024 a české materiály Ministerstva obrany, tak i protiargument přes novější alianční údaje z roku 2025 a z března 2026, plus český rozpočtový kontext pro alternativní interpretaci výroku. ([nato.int](https://www.nato.int/content/dam/nato/legacy-wcm/media_pdf/2024/6/pdf/240617-def-exp-2024-en.pdf))"
          }
        ]
      }
    },
    {
      "file": "step3_refine_log.json",
      "content": {
        "step": "step3_refine",
        "elapsed_seconds": 102.7,
        "prompt_length": 2274,
        "input_tokens": 778957,
        "cached_input_tokens": 510976,
        "output_tokens": 25191,
        "web_searches": 0,
        "final_response": "Refinovaný seznam jsem zapsal do [work/refined_sources.md](/home/vilo/demagog/fact_check_v2/experiments/v2_gpt-5.4_20260410_190055/id24705/work/refined_sources.md).\n\nV seznamu zůstaly hlavně oficiální podklady NATO a Ministerstva obrany, mediální shrnutí jsem tam nechal jen jako nahrazené nebo odstraněné položky s vysvětlením.",
        "items": [
          {
            "type": "ErrorItem"
          },
          {
            "type": "AgentMessageItem",
            "text": "Teď čistím seznam zdrojů: zkontroluji dostupnost odkazů, jestli média jen nepřebírají oficiální podklady, a nechám jen to, co je pro finální odůvodnění opravdu nosné."
          },
          {
            "type": "CommandExecutionItem",
            "command": "/bin/bash -lc \"sed -n '1,260p' work/raw_sources.md\"",
            "exit_code": 0
          },
          {
            "type": "CommandExecutionItem",
            "command": "/bin/bash -lc \"sed -n '1,220p' guides/source_ranking.csv\"",
            "exit_code": 0
          },
          {
            "type": "CommandExecutionItem",
            "command": "/bin/bash -lc \"sed -n '1,220p' work/claim_interpretation.md\"",
            "exit_code": 0
          },
          {
            "type": "AgentMessageItem",
            "text": "Seznam jsem zúžil na nosné oficiální podklady a u mediálních položek doplňuji, čím jsou nahrazené. Zvlášť hlídám, aby zůstaly pokryté obě dílčí tvrzení i alternativní rozpočtový kontext."
          },
          {
            "type": "CompatFileChangeItem"
          },
          {
            "type": "AgentMessageItem",
            "text": "Refinovaný seznam je hotový. Ještě ho kontroluji, aby bylo jasně vidět, které mediální zdroje byly nahrazené primárními a které oficiální podklady zůstávají nosné pro další psaní."
          },
          {
            "type": "CommandExecutionItem",
            "command": "/bin/bash -lc \"sed -n '1,320p' work/refined_sources.md\"",
            "exit_code": 0
          },
          {
            "type": "AgentMessageItem",
            "text": "Refinovaný seznam jsem zapsal do [work/refined_sources.md](/home/vilo/demagog/fact_check_v2/experiments/v2_gpt-5.4_20260410_190055/id24705/work/refined_sources.md).\n\nV seznamu zůstaly hlavně oficiální podklady NATO a Ministerstva obrany, mediální shrnutí jsem tam nechal jen jako nahrazené nebo odstraněné položky s vysvětlením."
          }
        ]
      }
    },
    {
      "file": "step4_draft_log.json",
      "content": {
        "step": "step4_draft",
        "elapsed_seconds": 69.0,
        "prompt_length": 2388,
        "input_tokens": 1086017,
        "cached_input_tokens": 803456,
        "output_tokens": 29201,
        "web_searches": 0,
        "final_response": "Draft jsem zapsal do [work/draft.md](/home/vilo/demagog/fact_check_v2/experiments/v2_gpt-5.4_20260410_190055/id24705/work/draft.md).\n\nText je postavený na nejcharitativnější interpretaci výroku, ale současně vysvětluje i rozpočtový kontext, který v debatě zazníval.",
        "items": [
          {
            "type": "ErrorItem"
          },
          {
            "type": "AgentMessageItem",
            "text": "Než text sepíšu, ještě si rychle kalibruji tón na dvou hotových příkladech a pak rovnou připravím finální draft v demagogím formátu."
          },
          {
            "type": "CommandExecutionItem",
            "command": "/bin/bash -lc \"sed -n '1,220p' guides/style_guide.md\"",
            "exit_code": 0
          },
          {
            "type": "CommandExecutionItem",
            "command": "/bin/bash -lc \"sed -n '1,220p' guides/examples.txt\"",
            "exit_code": 0
          },
          {
            "type": "CommandExecutionItem",
            "command": "/bin/bash -lc \"sed -n '1,260p' work/refined_sources.md\"",
            "exit_code": 0
          },
          {
            "type": "AgentMessageItem",
            "text": "Mám vybranou osu textu: nejdřív vysvětlím, proč výrok čteme jako alianční srovnání, potom odliším starší data za rok 2024 od novějších údajů dostupných v době výroku. Teď to zapisuji do `work/draft.md` v požadovaném HTML formátu."
          },
          {
            "type": "CompatFileChangeItem"
          },
          {
            "type": "AgentMessageItem",
            "text": "Draft je zapsaný. Dělám ještě rychlou kontrolu stylu a struktury, hlavně jestli verdict padá jen jednou a odkazy sedí na klíčových slovech."
          },
          {
            "type": "CommandExecutionItem",
            "command": "/bin/bash -lc \"sed -n '1,240p' work/draft.md\"",
            "exit_code": 0
          },
          {
            "type": "AgentMessageItem",
            "text": "Draft jsem zapsal do [work/draft.md](/home/vilo/demagog/fact_check_v2/experiments/v2_gpt-5.4_20260410_190055/id24705/work/draft.md).\n\nText je postavený na nejcharitativnější interpretaci výroku, ale současně vysvětluje i rozpočtový kontext, který v debatě zazníval."
          }
        ]
      }
    },
    {
      "file": "step5_verify_log.json",
      "content": {
        "step": "step5_verify",
        "elapsed_seconds": 146.3,
        "prompt_length": 1226,
        "input_tokens": 1840046,
        "cached_input_tokens": 1486720,
        "output_tokens": 38492,
        "web_searches": 7,
        "final_response": "Ověření jsem zapsal do [work/verification.md](/home/vilo/demagog/fact_check_v2/experiments/v2_gpt-5.4_20260410_190055/id24705/work/verification.md).\n\nBěhem kontroly jsem ještě upravil [work/draft.md](/home/vilo/demagog/fact_check_v2/experiments/v2_gpt-5.4_20260410_190055/id24705/work/draft.md) a doplnil [work/refined_sources.md](/home/vilo/demagog/fact_check_v2/experiments/v2_gpt-5.4_20260410_190055/id24705/work/refined_sources.md) o tier-1 zdroj z ČT24 a čísla stran u citovaných PDF. Výsledek verifikace je `PASS`.",
        "items": [
          {
            "type": "ErrorItem"
          },
          {
            "type": "AgentMessageItem",
            "text": "Teď dělám formální kontrolu proti checklistu. Nejdřív načtu ověřovací pravidla a spot-checknu pár odkazů, pak sepíšu `work/verification.md` a opravím jen to, co by neprošlo."
          },
          {
            "type": "CommandExecutionItem",
            "command": "/bin/bash -lc \"sed -n '1,260p' guides/verification_checklist.md\"",
            "exit_code": 0
          },
          {
            "type": "CommandExecutionItem",
            "command": "/bin/bash -lc \"sed -n '1,240p' work/draft.md\"",
            "exit_code": 0
          },
          {
            "type": "CommandExecutionItem",
            "command": "/bin/bash -lc \"sed -n '1,220p' guides/source_ranking.csv\"",
            "exit_code": 0
          },
          {
            "type": "CommandExecutionItem",
            "command": "/bin/bash -lc \"sed -n '1,220p' guides/style_guide.md\"",
            "exit_code": 0
          },
          {
            "type": "WebSearchItem",
            "query": "https://www.nato.int/content/dam/nato/legacy-wcm/media_pdf/2024/6/pdf/240617-def-exp-2024-en.pdf"
          },
          {
            "type": "WebSearchItem",
            "query": "https://mocr.mo.gov.cz/informacni-servis/zpravodajstvi/ceska-republika-splni-za-rok-2024-zavazek-vydavat-2--hdp-na-obranu-255877/"
          },
          {
            "type": "WebSearchItem",
            "query": "site:ct24.ceskatelevize.cz NATO výroční zpráva 2025 všechny země 2 procenta březen 2026"
          },
          {
            "type": "WebSearchItem",
            "query": "https://ct24.ceskatelevize.cz/clanek/svet/ukazte-ze-zvysujete-vydaje-na-obranu-vyzval-sef-nato-clenske-zeme-371732"
          },
          {
            "type": "WebSearchItem",
            "query": "https://www.nato.int/content/dam/nato/webready/documents/finance/def-exp-2025-en.pdf"
          },
          {
            "type": "AgentMessageItem",
            "text": "Při checklistu se ukázaly dvě věci k dotažení: doplnit tier-1 oporu přímo do textu a zpřesnit citace PDF o čísla stran. Opravuji to teď v pracovních souborech i v draftu."
          },
          {
            "type": "CompatFileChangeItem"
          },
          {
            "type": "CompatFileChangeItem"
          },
          {
            "type": "CompatFileChangeItem"
          },
          {
            "type": "WebSearchItem",
            "query": "'Do oněch deseti zemí patří nyní například Belgie, Itálie'"
          },
          {
            "type": "WebSearchItem",
            "query": "'Všech 32 členů NATO loni za obranu utratilo v průměru 2,77 procenta HDP' in https://ct24.ceskatelevize.cz/clanek/svet/ukazte-ze-zvysujete-vydaje-na-obranu-vyzval-sef-nato-clenske-zeme-371732"
          },
          {
            "type": "AgentMessageItem",
            "text": "Kontrola už po opravách vychází čistě. Teď jen zapisuji formální vyhodnocení checklistu do `work/verification.md`, včetně poznámky, které odkazy jsem spot-checknul."
          },
          {
            "type": "CompatFileChangeItem"
          },
          {
            "type": "AgentMessageItem",
            "text": "Ověření je zapsané a draft už obsahuje i doplněné stránky u PDF a tier-1 oporu. Ještě rychle zkontroluji oba soubory, jestli je finální stav konzistentní."
          },
          {
            "type": "CommandExecutionItem",
            "command": "/bin/bash -lc \"sed -n '1,240p' work/draft.md\"",
            "exit_code": 0
          },
          {
            "type": "CommandExecutionItem",
            "command": "/bin/bash -lc \"sed -n '1,320p' work/refined_sources.md\"",
            "exit_code": 0
          },
          {
            "type": "CommandExecutionItem",
            "command": "/bin/bash -lc \"sed -n '1,260p' work/verification.md\"",
            "exit_code": 0
          },
          {
            "type": "AgentMessageItem",
            "text": "Ověření jsem zapsal do [work/verification.md](/home/vilo/demagog/fact_check_v2/experiments/v2_gpt-5.4_20260410_190055/id24705/work/verification.md).\n\nBěhem kontroly jsem ještě upravil [work/draft.md](/home/vilo/demagog/fact_check_v2/experiments/v2_gpt-5.4_20260410_190055/id24705/work/draft.md) a doplnil [work/refined_sources.md](/home/vilo/demagog/fact_check_v2/experiments/v2_gpt-5.4_20260410_190055/id24705/work/refined_sources.md) o tier-1 zdroj z ČT24 a čísla stran u citovaných PDF. Výsledek verifikace je `PASS`."
          }
        ]
      }
    },
    {
      "file": "step6_finalize_log.json",
      "content": {
        "step": "step6_finalize",
        "elapsed_seconds": 28.0,
        "prompt_length": 313,
        "input_tokens": 2154308,
        "cached_input_tokens": 1782272,
        "output_tokens": 40261,
        "web_searches": 0,
        "final_response": "Vytvořil jsem [output/report.md](/home/vilo/demagog/fact_check_v2/experiments/v2_gpt-5.4_20260410_190055/id24705/output/report.md).",
        "items": [
          {
            "type": "ErrorItem"
          },
          {
            "type": "AgentMessageItem",
            "text": "Finalizační krok: ověřím, že `work/verification.md` končí `PASS`, a pak přenesu hotový report z draftu do `output/report.md` v předepsané struktuře."
          },
          {
            "type": "CommandExecutionItem",
            "command": "/bin/bash -lc 'tail -n 5 work/verification.md'",
            "exit_code": 0
          },
          {
            "type": "CommandExecutionItem",
            "command": "/bin/bash -lc 'cat work/draft.md'",
            "exit_code": 0
          },
          {
            "type": "CommandExecutionItem",
            "command": "/bin/bash -lc 'cat metadata.json'",
            "exit_code": 0
          },
          {
            "type": "AgentMessageItem",
            "text": "Kontrola dopadla správně, `verification.md` končí `PASS`. Teď ukládám finální podobu do `output/report.md` přesně v předepsané struktuře."
          },
          {
            "type": "CompatFileChangeItem"
          },
          {
            "type": "AgentMessageItem",
            "text": "Vytvořil jsem [output/report.md](/home/vilo/demagog/fact_check_v2/experiments/v2_gpt-5.4_20260410_190055/id24705/output/report.md)."
          }
        ]
      }
    }
  ]
}