{
  "claim_id": "24695",
  "split": "v2",
  "source_experiment": "v2_gpt-5.4_20260410_190055",
  "source_md": "fact_check_v2/experiments/v2_gpt-5.4_20260410_190055/reports/report24695.md",
  "step_logs": [
    {
      "file": "step1_interpret_log.json",
      "content": {
        "step": "step1_interpret",
        "elapsed_seconds": 75.4,
        "prompt_length": 4794,
        "input_tokens": 117471,
        "cached_input_tokens": 70528,
        "output_tokens": 4801,
        "web_searches": 5,
        "final_response": "Soubor [work/claim_interpretation.md](/home/vilo/demagog/fact_check_v2/experiments/v2_gpt-5.4_20260410_190055/id24695/work/claim_interpretation.md) je hotový.\n\nJako hlavní interpretaci jsem zvolil lednovou schůzku nejvyšších ústavních činitelů na Hradě z 26. ledna 2026, protože sedí na složení účastníků i na část výroku o posunu kvůli jednání vlády a zpožděnému příjezdu. ([vlada.gov.cz](https://vlada.gov.cz/cz/media-centrum/tiskove-konference/tiskova-konference-po-jednani-vlady--26--ledna-2026-225025))",
        "items": [
          {
            "type": "ErrorItem"
          },
          {
            "type": "AgentMessageItem",
            "text": "Nejprve si ověřím strukturu pracovního adresáře a pak dohledám, k jaké konkrétní schůzce se výrok nejspíš vztahuje. Potom sepíšu interpretaci do `work/claim_interpretation.md`."
          },
          {
            "type": "CommandExecutionItem",
            "command": "/bin/bash -lc pwd",
            "exit_code": 0
          },
          {
            "type": "CommandExecutionItem",
            "command": "/bin/bash -lc 'rg --files'",
            "exit_code": 0
          },
          {
            "type": "WebSearchItem",
            "query": "site:ceskatelevize.cz Události komentáře 8. dubna 2026 Libor Vondráček Petr Pavel schůzka předseda Poslanecké sněmovny premiér prezident zrušil"
          },
          {
            "type": "AgentMessageItem",
            "text": "Mířím na lednovou schůzku nejvyšších ústavních činitelů na Hradě, protože přesně odpovídá složení účastníků i moderátorčině poznámce, že prezident předtím čekal. Ještě si ověřím formulace a časové vymezení z více zdrojů, pak to zapíšu do interpretačního souboru."
          },
          {
            "type": "WebSearchItem",
            "query": "https://www.irozhlas.cz/zpravy-domov/pavel-zrusil-schuzku-ustavnich-cinitelu-meli-jsme-nejnarocnejsi-vladu-od-vzniku_2601261727_adn"
          },
          {
            "type": "WebSearchItem",
            "query": "site:hrad.cz 26. ledna 2026 schůzka nejvyšších ústavních činitelů zrušena"
          },
          {
            "type": "AgentMessageItem",
            "text": "Mám dost kontextu k tomu, co budu ověřovat: nejspíš jde o schůzku nejvyšších ústavních činitelů plánovanou na 26. ledna 2026 na Pražském hradě. Teď zkontroluji pracovní soubory a rovnou připravím stručný interpretační dokument se sub-claimy, daty a search planem."
          },
          {
            "type": "CommandExecutionItem",
            "command": "/bin/bash -lc 'ls -la'",
            "exit_code": 0
          },
          {
            "type": "CommandExecutionItem",
            "command": "/bin/bash -lc 'find . -maxdepth 2 -type d | sort'",
            "exit_code": 0
          },
          {
            "type": "WebSearchItem",
            "query": "\"čekal\" Petr Pavel schůzka premiér předseda sněmovny leden 2026"
          },
          {
            "type": "WebSearchItem",
            "query": "https://vlada.gov.cz/cz/media-centrum/tiskove-konference/tiskova-konference-po-jednani-vlady--26--ledna-2026-225025"
          },
          {
            "type": "AgentMessageItem",
            "text": "Teď zapisuji interpretační soubor. Zaměřím ho na lednovou hradní schůzku nejvyšších ústavních činitelů a oddělím hlavní ověřitelnou tezi od doprovodných vysvětlení o posunu času a jednání vlády."
          },
          {
            "type": "CompatFileChangeItem"
          },
          {
            "type": "AgentMessageItem",
            "text": "Soubor je zapsaný. Ještě ho rychle zkontroluji, aby další krok dostal kompletní datové omezení a jasně vymezenou interpretaci."
          },
          {
            "type": "CommandExecutionItem",
            "command": "/bin/bash -lc \"sed -n '1,240p' work/claim_interpretation.md\"",
            "exit_code": 0
          },
          {
            "type": "AgentMessageItem",
            "text": "Soubor [work/claim_interpretation.md](/home/vilo/demagog/fact_check_v2/experiments/v2_gpt-5.4_20260410_190055/id24695/work/claim_interpretation.md) je hotový.\n\nJako hlavní interpretaci jsem zvolil lednovou schůzku nejvyšších ústavních činitelů na Hradě z 26. ledna 2026, protože sedí na složení účastníků i na část výroku o posunu kvůli jednání vlády a zpožděnému příjezdu. ([vlada.gov.cz](https://vlada.gov.cz/cz/media-centrum/tiskove-konference/tiskova-konference-po-jednani-vlady--26--ledna-2026-225025))"
          }
        ]
      }
    },
    {
      "file": "step2_search_log.json",
      "content": {
        "step": "step2_search",
        "elapsed_seconds": 188.3,
        "prompt_length": 1771,
        "input_tokens": 437968,
        "cached_input_tokens": 230912,
        "output_tokens": 14075,
        "web_searches": 19,
        "final_response": "Soubor [work/raw_sources.md](/home/vilo/demagog/fact_check_v2/experiments/v2_gpt-5.4_20260410_190055/id24695/work/raw_sources.md) je hotový.\n\nZapsal jsem 12 zdrojů v rámci okna do 8. dubna 2026, včetně primárních materiálů z `hrad.cz` a `vlada.gov.cz`, veřejnoprávních médií a několika protiargumentů z vládní a mediální strany k otázce, nakolik bylo zrušení čistě prezidentovým krokem. ([irozhlas.cz](https://www.irozhlas.cz/zpravy-domov/pavel-zrusil-schuzku-ustavnich-cinitelu-meli-jsme-nejnarocnejsi-vladu-od-vzniku_2601261727_adn))",
        "items": [
          {
            "type": "ErrorItem"
          },
          {
            "type": "AgentMessageItem",
            "text": "Navážu na interpretační soubor a teď budu sbírat širší sadu zdrojů ke všem netriviálním částem výroku, včetně zdrojů, které mohou tvrzení zpochybnit. Nejdřív si znovu načtu pracovní interpretaci a pak rozšířím rešerši o primární i sekundární zdroje."
          },
          {
            "type": "CommandExecutionItem",
            "command": "/bin/bash -lc \"sed -n '1,240p' work/claim_interpretation.md\"",
            "exit_code": 0
          },
          {
            "type": "CommandExecutionItem",
            "command": "/bin/bash -lc \"sed -n '1,240p' guides/source_ranking.csv\"",
            "exit_code": 0
          },
          {
            "type": "WebSearchItem",
            "query": "site:hrad.cz schůzka nejvyšších ústavních činitelů 26. ledna 2026 Petr Pavel"
          },
          {
            "type": "WebSearchItem",
            "query": "site:hrad.cz \"nebyli schopni dodržet čas\" Petr Pavel 26. ledna 2026"
          },
          {
            "type": "WebSearchItem",
            "query": "site:ct24.ceskatelevize.cz schůzka ústavních činitelů nepřišla omluva Hrad 26. ledna 2026"
          },
          {
            "type": "WebSearchItem",
            "query": "https://www.hrad.cz/cs/pro-media/tiskove-zpravy/aktualni-tiskove-zpravy/prezident-republiky-se-na-prazskem-hrade-setka-s-nejvyssimi-ustavnimi-ciniteli-19031"
          },
          {
            "type": "WebSearchItem",
            "query": "site:hrad.cz prezident republiky se na Pražském hradě setká s nejvyššími ústavními činiteli 26. ledna 2026"
          },
          {
            "type": "WebSearchItem",
            "query": "site:ct24.ceskatelevize.cz 26. ledna 2026 Hrad dorazili jen šéfové obou komor"
          },
          {
            "type": "WebSearchItem",
            "query": "site:ct24.ceskatelevize.cz \"Schůzky na Hradě ke koordinaci zahraniční politiky končí\""
          },
          {
            "type": "WebSearchItem",
            "query": "site:hrad.cz pravidelných schůzek 4–6 týdnů Babiš prezident navrhl 4. února 2026"
          },
          {
            "type": "WebSearchItem",
            "query": "site:hrad.cz 4. února 2026 prezident republiky přijal předsedu vlády Andreje Babiše"
          },
          {
            "type": "WebSearchItem",
            "query": "'omluv' in https://vlada.gov.cz/cz/media-centrum/tiskove-konference/tiskova-konference-po-jednani-vlady--26--ledna-2026-225025"
          },
          {
            "type": "WebSearchItem",
            "query": "site:hrad.cz zrušil schůzku nejvyšších ústavních činitelů únor březen 2026"
          },
          {
            "type": "WebSearchItem",
            "query": "https://ct24.ceskatelevize.cz/clanek/domaci/predstavy-jsou-odlisne-kritizoval-okamura-hradni-navrh-pred-schuzkou-369663"
          },
          {
            "type": "WebSearchItem",
            "query": "https://www.irozhlas.cz/zpravy-domov/prilis-mnoho-hlasu-v-zahranicni-politice-vlada-se-ve-vztahu-k-ukrajine-casto_2601120620_jgr"
          },
          {
            "type": "WebSearchItem",
            "query": "https://www.seznamzpravy.cz/clanek/domaci-politika-pavel-zrusil-schuzku-ustavnich-cinitelu-nezvladli-dodrzet-domluveny-cas-297369"
          },
          {
            "type": "WebSearchItem",
            "query": "\"nešlo o zrušení\" schůzka ústavních činitelů Petr Pavel 26. ledna 2026"
          },
          {
            "type": "AgentMessageItem",
            "text": "Mám dost materiálu z Hradu, vlády, veřejnoprávních médií i dalších redakcí. Teď z toho skládám `raw_sources.md` tak, aby byly oddělené přímé důkazy o zrušení schůzky, důkazy o posunu času a zdroje, které komplikují otázku politické odpovědnosti."
          },
          {
            "type": "CompatFileChangeItem"
          },
          {
            "type": "AgentMessageItem",
            "text": "Kontroluji teď samotné adresy a formulace v `raw_sources.md`, protože několik zdrojů jsem skládal z více nalezených záznamů a chci mít jistotu, že jsou URL i citace přesné."
          },
          {
            "type": "WebSearchItem",
            "query": "https://www.hrad.cz/cs/pro-media/tiskove-zpravy/aktualni-tiskove-zpravy/prezident-republiky-se-na-prazskem-hrade-setka-s-nejvyssimi-ustavnimi-ciniteli-19031"
          },
          {
            "type": "WebSearchItem",
            "query": "'zrušil schůzku' in https://www.seznamzpravy.cz/clanek/audio-podcast-ptam-se-ja-macinka-versus-prezident-kdo-prestrelil-sef-senatu-odpovida-297495"
          },
          {
            "type": "WebSearchItem",
            "query": "https://www.irozhlas.cz/zpravy-domov/pavel-zrusil-schuzku-ustavnich-cinitelu-meli-jsme-nejnarocnejsi-vladu-od-vzniku_2601261727_adn"
          },
          {
            "type": "WebSearchItem",
            "query": "\"schůzka se neuskutečnila\" prezident premiér Okamura 26. ledna 2026"
          },
          {
            "type": "AgentMessageItem",
            "text": "V těch zdrojích není silný přímý rozpor ohledně samotného finálního aktu zrušení, ale jsou tam materiály, které zpochybňují jednostranné připsání odpovědnosti prezidentovi. Ty teď v souboru výslovně označím jako protiargumenty, aby to bylo pro další krok čitelné."
          },
          {
            "type": "CompatFileChangeItem"
          },
          {
            "type": "CommandExecutionItem",
            "command": "/bin/bash -lc \"sed -n '1,260p' work/raw_sources.md\"",
            "exit_code": 0
          },
          {
            "type": "AgentMessageItem",
            "text": "Soubor [work/raw_sources.md](/home/vilo/demagog/fact_check_v2/experiments/v2_gpt-5.4_20260410_190055/id24695/work/raw_sources.md) je hotový.\n\nZapsal jsem 12 zdrojů v rámci okna do 8. dubna 2026, včetně primárních materiálů z `hrad.cz` a `vlada.gov.cz`, veřejnoprávních médií a několika protiargumentů z vládní a mediální strany k otázce, nakolik bylo zrušení čistě prezidentovým krokem. ([irozhlas.cz](https://www.irozhlas.cz/zpravy-domov/pavel-zrusil-schuzku-ustavnich-cinitelu-meli-jsme-nejnarocnejsi-vladu-od-vzniku_2601261727_adn))"
          }
        ]
      }
    },
    {
      "file": "step3_refine_log.json",
      "content": {
        "step": "step3_refine",
        "elapsed_seconds": 98.1,
        "prompt_length": 2274,
        "input_tokens": 630487,
        "cached_input_tokens": 382720,
        "output_tokens": 21114,
        "web_searches": 3,
        "final_response": "Soubor [work/refined_sources.md](/home/vilo/demagog/fact_check_v2/experiments/v2_gpt-5.4_20260410_190055/id24695/work/refined_sources.md) je hotový.\n\nPročistil jsem zdroje na převážně tier-1 primární oporu z `hrad.cz` a `vlada.gov.cz`, nechal jen několik mediálních potvrzení tam, kde doplňují složení účastníků nebo spornou interpretaci odpovědnosti. Hlavní metodická slabina zůstává u absolutního slova „poslední“: pro lednové zrušení je opora silná, ale úplně vyčerpávající důkaz absence všech pozdějších zrušených schůzek je slabší.",
        "items": [
          {
            "type": "ErrorItem"
          },
          {
            "type": "AgentMessageItem",
            "text": "Teď zdroje pročistím podle tierů, ověřím, které informace už kryjí primární materiály, a kde je to možné, nahradím média oficiálním zdrojem. Zároveň zkontroluji, že každý podstatný sub-claim má aspoň jednu použitelnou oporu."
          },
          {
            "type": "CommandExecutionItem",
            "command": "/bin/bash -lc \"sed -n '1,260p' work/raw_sources.md\"",
            "exit_code": 0
          },
          {
            "type": "CommandExecutionItem",
            "command": "/bin/bash -lc \"sed -n '1,260p' guides/source_ranking.csv\"",
            "exit_code": 0
          },
          {
            "type": "CommandExecutionItem",
            "command": "/bin/bash -lc \"sed -n '1,260p' work/claim_interpretation.md\"",
            "exit_code": 0
          },
          {
            "type": "WebSearchItem",
            "query": "https://www.hrad.cz/cs/pro-media/tiskove-zpravy/aktualni-tiskove-zpravy/prezident-republiky-se-na-prazskem-hrade-setka-s-nejvyssimi-ustavnimi-ciniteli-19031"
          },
          {
            "type": "WebSearchItem",
            "query": "'předseda Poslanecké sněmovny' in https://www.irozhlas.cz/zpravy-domov/pavel-zrusil-schuzku-ustavnich-cinitelu-meli-jsme-nejnarocnejsi-vladu-od-vzniku_2601261727_adn"
          },
          {
            "type": "WebSearchItem",
            "query": "site:hrad.cz zrušil schůzku ústavních činitelů únor 2026 Petr Pavel"
          },
          {
            "type": "AgentMessageItem",
            "text": "Mířím na užší, čistší sadu. Nechám hlavně primární záznam z Hradu a vlády, k němu jen tolik médií, kolik je potřeba pro složení účastníků a pro zachycení sporné interpretace z obou stran."
          },
          {
            "type": "CompatFileChangeItem"
          },
          {
            "type": "AgentMessageItem",
            "text": "Refined soubor je hotový. Ještě ho krátce projdu, jestli shrnutí správně odlišuje silné přímé důkazy od slabšího chronologického argumentu u slova „poslední“."
          },
          {
            "type": "CommandExecutionItem",
            "command": "/bin/bash -lc \"sed -n '1,320p' work/refined_sources.md\"",
            "exit_code": 0
          },
          {
            "type": "AgentMessageItem",
            "text": "Soubor [work/refined_sources.md](/home/vilo/demagog/fact_check_v2/experiments/v2_gpt-5.4_20260410_190055/id24695/work/refined_sources.md) je hotový.\n\nPročistil jsem zdroje na převážně tier-1 primární oporu z `hrad.cz` a `vlada.gov.cz`, nechal jen několik mediálních potvrzení tam, kde doplňují složení účastníků nebo spornou interpretaci odpovědnosti. Hlavní metodická slabina zůstává u absolutního slova „poslední“: pro lednové zrušení je opora silná, ale úplně vyčerpávající důkaz absence všech pozdějších zrušených schůzek je slabší."
          }
        ]
      }
    },
    {
      "file": "step4_draft_log.json",
      "content": {
        "step": "step4_draft",
        "elapsed_seconds": 43.7,
        "prompt_length": 2388,
        "input_tokens": 821642,
        "cached_input_tokens": 546688,
        "output_tokens": 24091,
        "web_searches": 0,
        "final_response": "Soubor [work/draft.md](/home/vilo/demagog/fact_check_v2/experiments/v2_gpt-5.4_20260410_190055/id24695/work/draft.md) je hotový.\n\nVerdikt jsem postavil jako `pravda`: přímé zdroje z Hradu a vlády potvrzují posun schůzky i to, že finální zrušení oznámil Hrad. Slabší místo zůstává u slova „poslední“, ale v nejcharitativnější veřejně ověřitelné interpretaci ho ještě drží následný přechod k bilaterálním jednáním.",
        "items": [
          {
            "type": "ErrorItem"
          },
          {
            "type": "AgentMessageItem",
            "text": "Než začnu psát samotný text, načtu si stylová pravidla a dva vzorové výstupy. Pak z nich poskládám kratší report s důrazem na rozdíl mezi samotným finálním zrušením schůzky a slabší oporou pro slovo „poslední“."
          },
          {
            "type": "CommandExecutionItem",
            "command": "/bin/bash -lc \"sed -n '1,260p' guides/style_guide.md\"",
            "exit_code": 0
          },
          {
            "type": "CommandExecutionItem",
            "command": "/bin/bash -lc \"sed -n '1,260p' work/refined_sources.md\"",
            "exit_code": 0
          },
          {
            "type": "CommandExecutionItem",
            "command": "/bin/bash -lc \"sed -n '1,260p' work/claim_interpretation.md\"",
            "exit_code": 0
          },
          {
            "type": "CommandExecutionItem",
            "command": "/bin/bash -lc \"sed -n '1,220p' guides/examples.txt\"",
            "exit_code": 0
          },
          {
            "type": "AgentMessageItem",
            "text": "Píšu teď samotný report. Zvolím stručný kontext, pak samostatně doložím složení schůzky a její časovou osu, a v závěru vysvětlím, proč je výrok v nejcharitativnější interpretaci pravdivý."
          },
          {
            "type": "CompatFileChangeItem"
          },
          {
            "type": "AgentMessageItem",
            "text": "Soubor [work/draft.md](/home/vilo/demagog/fact_check_v2/experiments/v2_gpt-5.4_20260410_190055/id24695/work/draft.md) je hotový.\n\nVerdikt jsem postavil jako `pravda`: přímé zdroje z Hradu a vlády potvrzují posun schůzky i to, že finální zrušení oznámil Hrad. Slabší místo zůstává u slova „poslední“, ale v nejcharitativnější veřejně ověřitelné interpretaci ho ještě drží následný přechod k bilaterálním jednáním."
          }
        ]
      }
    },
    {
      "file": "step5_verify_log.json",
      "content": {
        "step": "step5_verify",
        "elapsed_seconds": 104.7,
        "prompt_length": 1226,
        "input_tokens": 1394506,
        "cached_input_tokens": 1096960,
        "output_tokens": 32519,
        "web_searches": 2,
        "final_response": "Soubor [work/verification.md](/home/vilo/demagog/fact_check_v2/experiments/v2_gpt-5.4_20260410_190055/id24695/work/verification.md) je hotový a končí `PASS`.\n\nPři verifikaci jsem ještě upravil [work/draft.md](/home/vilo/demagog/fact_check_v2/experiments/v2_gpt-5.4_20260410_190055/id24695/work/draft.md), aby v něm nezůstaly slaběji opřené formulace a aby první zmínka o Liboru Vondráčkovi měla správně uvedenou roli.",
        "items": [
          {
            "type": "ErrorItem"
          },
          {
            "type": "AgentMessageItem",
            "text": "Teď draft projdu proti checklistu a udělám i reálný spot-check odkazů. Pokud něco neprojde, opravím rovnou jen dotčené místo v `work/draft.md` a pak znovu zkontroluji jen selhané body."
          },
          {
            "type": "CommandExecutionItem",
            "command": "/bin/bash -lc \"sed -n '1,220p' guides/source_ranking.csv\"",
            "exit_code": 0
          },
          {
            "type": "CommandExecutionItem",
            "command": "/bin/bash -lc \"sed -n '1,260p' guides/verification_checklist.md\"",
            "exit_code": 0
          },
          {
            "type": "CommandExecutionItem",
            "command": "/bin/bash -lc \"sed -n '1,220p' guides/style_guide.md\"",
            "exit_code": 0
          },
          {
            "type": "CommandExecutionItem",
            "command": "/bin/bash -lc \"sed -n '1,240p' work/draft.md\"",
            "exit_code": 0
          },
          {
            "type": "WebSearchItem",
            "query": "https://vlada.gov.cz/cz/media-centrum/tiskove-konference/tiskova-konference-po-jednani-vlady--26--ledna-2026-225025"
          },
          {
            "type": "AgentMessageItem",
            "text": "Našel jsem slabší místo v ověření: kontextová věta byla bez citace a závěr měl oporu spíš v naší rešerši než v explicitním zdroji. Opravím jen tyto části, aby všechny faktické výroky v draftu stály přímo na doložených odkazech."
          },
          {
            "type": "CompatFileChangeItem"
          },
          {
            "type": "AgentMessageItem",
            "text": "Oprava je hotová. Teď znovu přezkouším jen body, které byly sporné: oporu faktických vět v textu a spot-check odkazů, pak zapíšu finální checklist."
          },
          {
            "type": "CommandExecutionItem",
            "command": "/bin/bash -lc \"sed -n '1,240p' work/draft.md\"",
            "exit_code": 0
          },
          {
            "type": "CommandExecutionItem",
            "command": "/bin/bash -lc \"python - <<'PY'\nfrom bs4 import BeautifulSoup\nfrom pathlib import Path\ntext=Path('work/draft.md').read_text()\nstart=text.split('</p>',1)[0]\nfrom bs4 import BeautifulSoup\nsoup=BeautifulSoup(start+'</p>','html.parser')\nperex=soup.get_text()\nprint(len(perex))\nprint(perex)\nPY\"",
            "exit_code": 1
          },
          {
            "type": "AgentMessageItem",
            "text": "Kontrola perexu přes `bs4` tu spadla na chybějícím modulu, takže to dopočítám jednoduše bez závislostí a rovnou dokončím checklist."
          },
          {
            "type": "CommandExecutionItem",
            "command": "/bin/bash -lc \"python - <<'PY'\nimport re\nfrom pathlib import Path\ntext=Path('work/draft.md').read_text()\nperex=text.split('</p>',1)[0]\nplain=re.sub(r'<[\"'^>]+>'\"','',perex)\nprint(len(plain))\nprint(plain)\nPY\"",
            "exit_code": 0
          },
          {
            "type": "WebSearchItem",
            "query": "'Prezident republiky ruší dnešní schůzku Nejvyšších ústavních činitelů' in https://www.hrad.cz/cs/pro-media/tiskove-zpravy/aktualni-tiskove-zpravy/prezident-republiky-se-na-prazskem-hrade-setka-s-nejvyssimi-ustavnimi-ciniteli-19031"
          },
          {
            "type": "AgentMessageItem",
            "text": "Ještě jsem našel drobnou stylovou věc: po minulé úpravě se první zmínka o mluvčím přesunula až do závěru bez jeho role. Srovnám to jednou malou editací a pak už zapíšu finální PASS."
          },
          {
            "type": "CompatFileChangeItem"
          },
          {
            "type": "AgentMessageItem",
            "text": "Checklist teď uzavírám. Všechny body vycházejí jako splněné, včetně tří spot-checknutých odkazů, takže zapisuji finální verifikaci."
          },
          {
            "type": "CompatFileChangeItem"
          },
          {
            "type": "AgentMessageItem",
            "text": "Soubor [work/verification.md](/home/vilo/demagog/fact_check_v2/experiments/v2_gpt-5.4_20260410_190055/id24695/work/verification.md) je hotový a končí `PASS`.\n\nPři verifikaci jsem ještě upravil [work/draft.md](/home/vilo/demagog/fact_check_v2/experiments/v2_gpt-5.4_20260410_190055/id24695/work/draft.md), aby v něm nezůstaly slaběji opřené formulace a aby první zmínka o Liboru Vondráčkovi měla správně uvedenou roli."
          }
        ]
      }
    },
    {
      "file": "step6_finalize_log.json",
      "content": {
        "step": "step6_finalize",
        "elapsed_seconds": 20.8,
        "prompt_length": 313,
        "input_tokens": 1651919,
        "cached_input_tokens": 1343744,
        "output_tokens": 34054,
        "web_searches": 0,
        "final_response": "Soubor [output/report.md](/home/vilo/demagog/fact_check_v2/experiments/v2_gpt-5.4_20260410_190055/id24695/output/report.md) je vytvořen.",
        "items": [
          {
            "type": "ErrorItem"
          },
          {
            "type": "AgentMessageItem",
            "text": "Nejprve ověřím, že verifikace skutečně končí `## Result: PASS`, a pak zkopíruji finální report do `output/report.md` v požadované struktuře."
          },
          {
            "type": "CommandExecutionItem",
            "command": "/bin/bash -lc 'tail -n 5 work/verification.md'",
            "exit_code": 0
          },
          {
            "type": "CommandExecutionItem",
            "command": "/bin/bash -lc \"sed -n '1,240p' work/draft.md\"",
            "exit_code": 0
          },
          {
            "type": "AgentMessageItem",
            "text": "Verifikace končí `PASS`. Teď zapisuji finální výstup do `output/report.md` přesně v požadovaném formátu."
          },
          {
            "type": "CompatFileChangeItem"
          },
          {
            "type": "AgentMessageItem",
            "text": "Soubor [output/report.md](/home/vilo/demagog/fact_check_v2/experiments/v2_gpt-5.4_20260410_190055/id24695/output/report.md) je vytvořen."
          }
        ]
      }
    }
  ]
}