{
  "claim_id": "24704",
  "split": "v2",
  "source_experiment": "v2_gpt-5.4_20260410_190055",
  "source_md": "fact_check_v2/experiments/v2_gpt-5.4_20260410_190055/reports/report24704.md",
  "step_logs": [
    {
      "file": "step1_interpret_log.json",
      "content": {
        "step": "step1_interpret",
        "elapsed_seconds": 102.0,
        "prompt_length": 4973,
        "input_tokens": 191756,
        "cached_input_tokens": 125696,
        "output_tokens": 5880,
        "web_searches": 10,
        "final_response": "Interpretaci jsem zapsal do [work/claim_interpretation.md](/home/vilo/demagog/fact_check_v2/experiments/v2_gpt-5.4_20260410_190055/id24704/work/claim_interpretation.md).\n\nHlavní ověřovaná interpretace v souboru je, že Výborný mluví o rozpočtu na obranu pro rok 2026 po zásahu současné vlády, a že pro další krok bude potřeba sledovat jak nominální kapitolu Ministerstva obrany, tak obranné výdaje v metodice NATO jako podíl na HDP.",
        "items": [
          {
            "type": "ErrorItem"
          },
          {
            "type": "AgentMessageItem",
            "text": "Nejprve si ověřím strukturu pracovního adresáře a potom dohledám kontext pořadu a sporné části výroku, abych zapsal interpretaci do `work/claim_interpretation.md`."
          },
          {
            "type": "CommandExecutionItem",
            "command": "/bin/bash -lc pwd",
            "exit_code": 0
          },
          {
            "type": "CommandExecutionItem",
            "command": "/bin/bash -lc 'rg --files'",
            "exit_code": 0
          },
          {
            "type": "AgentMessageItem",
            "text": "Teď načtu stručné metodické podklady, aby interpretace odpovídala místnímu workflow, a pak dohledám přesné datum a kontext pořadu."
          },
          {
            "type": "CommandExecutionItem",
            "command": "/bin/bash -lc \"sed -n '1,220p' guides/prirucka.md\"",
            "exit_code": 0
          },
          {
            "type": "CommandExecutionItem",
            "command": "/bin/bash -lc \"sed -n '1,220p' guides/style_guide.md\"",
            "exit_code": 0
          },
          {
            "type": "WebSearchItem",
            "query": "site:ceskatelevize.cz Události komentáře 8. dubna 2026 Marek Výborný prezident summit NATO rozpočet na obranu"
          },
          {
            "type": "WebSearchItem",
            "query": "site:ceskatelevize.cz/porady/1096898594-udalosti-komentare/226411000370408/"
          },
          {
            "type": "WebSearchItem",
            "query": "https://www.ceskatelevize.cz/porady/1096898594-udalosti-komentare/226411000370408/"
          },
          {
            "type": "WebSearchItem",
            "query": "https://www.ceskatelevize.cz/porady/1096898594-udalosti-komentare/226411000370408/cast/1180354/"
          },
          {
            "type": "WebSearchItem",
            "query": "before:2026-04-09 site:ct24.ceskatelevize.cz vláda neplánuje zvyšovat výdaje na obranu 1,8 procenta HDP březen 2026"
          },
          {
            "type": "WebSearchItem",
            "query": "before:2026-04-09 schválený rozpočet 2026 ministerstvo obrany 2025 2026 miliard státní rozpočet"
          },
          {
            "type": "WebSearchItem",
            "query": "https://mocr.mo.gov.cz/informacni-servis/zpravodajstvi/zakladni-informace-k-rozpoctu-mo-na-rok-2026-262251/"
          },
          {
            "type": "AgentMessageItem",
            "text": "Kontext je už jasnější: výrok padl 8. dubna 2026 v části o summitu NATO a nejspíš míří na obranné výdaje Česka po schválení rozpočtu na rok 2026, nikoli na libovolný historický vývoj. Ještě si ověřím pracovní adresář `work/` a pak zapíšu interpretaci včetně alternativního výkladu, že jde buď o nominální kapitolu obrany, nebo o obranné výdaje v metodice NATO jako podíl na HDP."
          },
          {
            "type": "CommandExecutionItem",
            "command": "/bin/bash -lc 'mkdir -p work output && ls -la work'",
            "exit_code": 0
          },
          {
            "type": "CommandExecutionItem",
            "command": "/bin/bash -lc 'ls -la'",
            "exit_code": 0
          },
          {
            "type": "WebSearchItem",
            "query": "before:2026-04-09 site:mfcr.cz státní rozpočet 2026 ministerstvo obrany 2026 2025"
          },
          {
            "type": "WebSearchItem",
            "query": "https://www.mfcr.cz/cs/ministerstvo/media/tiskove-zpravy/2026/mf-zrevidovalo-rozpocet-na-rok-2026-62672"
          },
          {
            "type": "WebSearchItem",
            "query": "before:2026-04-09 site:psp.cz zákon o státním rozpočtu České republiky na rok 2026 pdf obrana"
          },
          {
            "type": "AgentMessageItem",
            "text": "Mám dost podkladů k interpretaci. Zapíšu teď strukturovaný rozbor: hlavní ověřovaná interpretace bude, že Výborný mluví o rozpočtu na obranu pro rok 2026 po zásahu současné vlády, přičemž relevantní budou jak nominální výdaje kapitoly obrany, tak obranné výdaje v metodice NATO jako podíl na HDP."
          },
          {
            "type": "CompatFileChangeItem"
          },
          {
            "type": "AgentMessageItem",
            "text": "Soubor je zapsaný. Ještě ho rychle zkontroluji, aby byl kompletní a navazoval na další krok."
          },
          {
            "type": "CommandExecutionItem",
            "command": "/bin/bash -lc \"sed -n '1,240p' work/claim_interpretation.md\"",
            "exit_code": 0
          },
          {
            "type": "AgentMessageItem",
            "text": "Interpretaci jsem zapsal do [work/claim_interpretation.md](/home/vilo/demagog/fact_check_v2/experiments/v2_gpt-5.4_20260410_190055/id24704/work/claim_interpretation.md).\n\nHlavní ověřovaná interpretace v souboru je, že Výborný mluví o rozpočtu na obranu pro rok 2026 po zásahu současné vlády, a že pro další krok bude potřeba sledovat jak nominální kapitolu Ministerstva obrany, tak obranné výdaje v metodice NATO jako podíl na HDP."
          }
        ]
      }
    },
    {
      "file": "step2_search_log.json",
      "content": {
        "step": "step2_search",
        "elapsed_seconds": 506.8,
        "prompt_length": 1771,
        "input_tokens": 484170,
        "cached_input_tokens": 274304,
        "output_tokens": 17426,
        "web_searches": 19,
        "final_response": "Zdroje jsem zapsal do [work/raw_sources.md](/home/vilo/demagog/fact_check_v2/experiments/v2_gpt-5.4_20260410_190055/id24704/work/raw_sources.md).\n\nSoubor teď obsahuje primární podklady z `mfcr.cz`, `vlada.gov.cz` a `nato.int` i doplňkové veřejnoprávní zdroje z `ct24.ceskatelevize.cz` a `irozhlas.cz`, včetně zdrojů, které výrok podporují i zpochybňují.",
        "items": [
          {
            "type": "ErrorItem"
          },
          {
            "type": "AgentMessageItem",
            "text": "Načtu teď předchozí interpretaci a začnu systematickým sběrem zdrojů: nejdřív primární dokumenty k rozpočtu 2025/2026 a k výdajům NATO, potom veřejnoprávní a další média kvůli kontextu i protiargumentům."
          },
          {
            "type": "CommandExecutionItem",
            "command": "/bin/bash -lc \"sed -n '1,220p' guides/source_ranking.csv\"",
            "exit_code": 0
          },
          {
            "type": "CommandExecutionItem",
            "command": "/bin/bash -lc \"sed -n '1,240p' work/claim_interpretation.md\"",
            "exit_code": 0
          },
          {
            "type": "WebSearchItem",
            "query": "site:mfcr.cz státní rozpočet 2026 ministerstvo obrany 2025 2026 175,8 154,4"
          },
          {
            "type": "WebSearchItem",
            "query": "site:zakonyprolidi.cz zákon o státním rozpočtu České republiky na rok 2025"
          },
          {
            "type": "WebSearchItem",
            "query": "site:zakonyprolidi.cz \"Zákon o státním rozpočtu České republiky na rok 2025\" \"2025 Sb.\""
          },
          {
            "type": "WebSearchItem",
            "query": "site:irozhlas.cz rozpočet 2026 obrana 21 miliard leden 2026"
          },
          {
            "type": "WebSearchItem",
            "query": "site:irozhlas.cz obrana rozpočet 2026 154,4 175,8"
          },
          {
            "type": "WebSearchItem",
            "query": "site:vlada.gov.cz 2,2 % HDP obrana 2026 0,2 procenta ročně 2025"
          },
          {
            "type": "WebSearchItem",
            "query": "site:psp.cz 2026 státní rozpočet obrana 155 790 421 937"
          },
          {
            "type": "WebSearchItem",
            "query": "https://www.mfcr.cz/cs/ministerstvo/media/tiskove-zpravy/2026/mf-zrevidovalo-rozpocet-na-rok-2026-62672"
          },
          {
            "type": "WebSearchItem",
            "query": "'Czech Republic' in https://www.nato.int/content/dam/nato/webready/documents/finance/def-exp-2025-en.pdf"
          },
          {
            "type": "WebSearchItem",
            "query": "site:ct24.ceskatelevize.cz NATO výroční zpráva 2025 2,00 Česko březen 2026"
          },
          {
            "type": "WebSearchItem",
            "query": "'2,35' in https://www.mfcr.cz/cs/ministerstvo/media/tiskove-zpravy/2025/vlada-schvalila-navrh-statniho-rozpoctu-na-rok-202-61433"
          },
          {
            "type": "WebSearchItem",
            "query": "https://vlada.gov.cz/assets/media-centrum/aktualne/Usneseni-Poslanecke-snemovny-135--schuze-zahajene-26--3--2025.pdf"
          },
          {
            "type": "WebSearchItem",
            "query": "https://www.zakonyprolidi.cz/cs/2025-232"
          },
          {
            "type": "WebSearchItem",
            "query": "site:nato.int \"Defence Expenditure of NATO Countries (2014-2025)\" date"
          },
          {
            "type": "WebSearchItem",
            "query": "https://ct24.ceskatelevize.cz/clanek/ekonomika/vlada-neplanuje-zvysovat-vydaje-na-obranu-371059"
          },
          {
            "type": "WebSearchItem",
            "query": "https://www.nato.int/en/news-and-events/articles/news/2025/08/28/defence-expenditure-of-nato-countries-2014-2025"
          },
          {
            "type": "WebSearchItem",
            "query": "https://www.mfcr.cz/cs/ministerstvo/media/tiskove-zpravy/2026/mf-zrevidovalo-rozpocet-na-rok-2026-62672"
          },
          {
            "type": "WebSearchItem",
            "query": "https://vlada.gov.cz/cz/media-centrum/aktualne/premier-fiala-prihlasili-jsme-se-k-odpovednosti-za-bezpecnost--za-modernizaci-armady-a-za-posilovani-obranyschopnosti-ceska-218987/"
          },
          {
            "type": "WebSearchItem",
            "query": ""
          },
          {
            "type": "AgentMessageItem",
            "text": "Mám už dost reprezentativní sadu zdrojů z MF, Úřadu vlády, NATO a veřejnoprávních médií. Do `work/raw_sources.md` teď zapíšu jak podpůrné, tak zpochybňující podklady, aby další krok mohl vybrat nejsilnější evidenci pro jednotlivé interpretace výroku."
          },
          {
            "type": "CompatFileChangeItem"
          },
          {
            "type": "AgentMessageItem",
            "text": "Soubor je hotový; ještě ověřím, že struktura a pole odpovídají zadání a že jsou tam zdroje pro podporu i pro zpochybnění výroku."
          },
          {
            "type": "CommandExecutionItem",
            "command": "/bin/bash -lc \"sed -n '1,260p' work/raw_sources.md\"",
            "exit_code": 0
          },
          {
            "type": "AgentMessageItem",
            "text": "Zdroje jsem zapsal do [work/raw_sources.md](/home/vilo/demagog/fact_check_v2/experiments/v2_gpt-5.4_20260410_190055/id24704/work/raw_sources.md).\n\nSoubor teď obsahuje primární podklady z `mfcr.cz`, `vlada.gov.cz` a `nato.int` i doplňkové veřejnoprávní zdroje z `ct24.ceskatelevize.cz` a `irozhlas.cz`, včetně zdrojů, které výrok podporují i zpochybňují."
          }
        ]
      }
    },
    {
      "file": "step3_refine_log.json",
      "content": {
        "step": "step3_refine",
        "elapsed_seconds": 158.1,
        "prompt_length": 2274,
        "input_tokens": 781073,
        "cached_input_tokens": 477440,
        "output_tokens": 27790,
        "web_searches": 11,
        "final_response": "Refinovaný seznam jsem zapsal do [work/refined_sources.md](/home/vilo/demagog/fact_check_v2/experiments/v2_gpt-5.4_20260410_190055/id24704/work/refined_sources.md).\n\nSilnější mediální zdroje jsem tam buď nahradil primárními dokumenty, nebo vyřadil jako redundantní. V souhrnu jsou zvýrazněné dvě věci pro další krok: rozdíl mezi kapitolou Ministerstva obrany a širšími obrannými výdaji v metodice NATO, a rozpor mezi částkou z vládní tiskovky a částkou ve vyhlášeném zákoně o rozpočtu.",
        "items": [
          {
            "type": "ErrorItem"
          },
          {
            "type": "AgentMessageItem",
            "text": "Nejprve projdu nasbírané zdroje proti žebříčku kvality a ověřím dostupnost odkazů. Pak je zredukuju na silné primární podklady a jen tam, kde to dává smysl, nechám veřejnoprávní média jako doplňující kontext."
          },
          {
            "type": "CommandExecutionItem",
            "command": "/bin/bash -lc \"sed -n '1,220p' guides/source_ranking.csv\"",
            "exit_code": 0
          },
          {
            "type": "CommandExecutionItem",
            "command": "/bin/bash -lc \"sed -n '1,260p' work/raw_sources.md\"",
            "exit_code": 0
          },
          {
            "type": "CommandExecutionItem",
            "command": "/bin/bash -lc \"sed -n '1,220p' work/claim_interpretation.md\"",
            "exit_code": 0
          },
          {
            "type": "WebSearchItem",
            "query": "https://www.mfcr.cz/cs/ministerstvo/media/tiskove-zpravy/2025/vlada-schvalila-navrh-statniho-rozpoctu-na-rok-202-61433"
          },
          {
            "type": "WebSearchItem",
            "query": "https://www.mfcr.cz/cs/ministerstvo/media/tiskove-zpravy/2025/vlada-schvalila-navrh-statniho-rozpoctu-na-rok-202-61433"
          },
          {
            "type": "WebSearchItem",
            "query": "'2,35 % HDP' in https://www.mfcr.cz/cs/ministerstvo/media/tiskove-zpravy/2025/vlada-schvalila-navrh-statniho-rozpoctu-na-rok-202-61433"
          },
          {
            "type": "WebSearchItem",
            "query": "site:psp.cz 154,8 miliardy ministerstvo obrany schválený rozpočet 2026"
          },
          {
            "type": "WebSearchItem",
            "query": "site:psp.cz 1,73 procenta HDP ministerstvo obrany 2026"
          },
          {
            "type": "WebSearchItem",
            "query": "site:mf.gov.cz 1,73 % HDP kapitolní sešit obrana 2026 pdf"
          },
          {
            "type": "WebSearchItem",
            "query": "https://mf.gov.cz/cs/ministerstvo/media/v-mediich/2026/reakce-ministerstva-financi-na-stanovisko-narodni-63276"
          },
          {
            "type": "WebSearchItem",
            "query": "https://www.zakonyprolidi.cz/cs/2026-38"
          },
          {
            "type": "WebSearchItem",
            "query": "'Ukazatele kapitoly 307 Ministerstvo obrany' in https://www.zakonyprolidi.cz/cs/2026-38"
          },
          {
            "type": "WebSearchItem",
            "query": "'2,06 % HDP' in https://mf.gov.cz/cs/ministerstvo/media/v-mediich/2026/reakce-ministerstva-financi-na-stanovisko-narodni-63276"
          },
          {
            "type": "WebSearchItem",
            "query": "\"reakce ministerstva financi na stanovisko Narodni rozpoctove rady c. 1/2026\" \"13. 3. 2026\""
          },
          {
            "type": "AgentMessageItem",
            "text": "V rafinované sadě nechám hlavně primární a zákonné zdroje. Veřejnoprávní články, které jen přepisují stejné údaje, vyřadím nebo nahradím, a zvlášť označím dvě metodické věci: anglické NATO zdroje a rozpor mezi tiskovkou vlády a později vyhlášeným zákonem o rozpočtu."
          },
          {
            "type": "CompatFileChangeItem"
          },
          {
            "type": "AgentMessageItem",
            "text": "Refinovaný seznam je zapsaný. Ještě ho krátce zkontroluji kvůli konzistenci statusů a tomu, aby v souhrnu bylo jasně vidět, že všechny hlavní podtvrzení mají pokrytí."
          },
          {
            "type": "CommandExecutionItem",
            "command": "/bin/bash -lc \"sed -n '1,320p' work/refined_sources.md\"",
            "exit_code": 0
          },
          {
            "type": "AgentMessageItem",
            "text": "Refinovaný seznam jsem zapsal do [work/refined_sources.md](/home/vilo/demagog/fact_check_v2/experiments/v2_gpt-5.4_20260410_190055/id24704/work/refined_sources.md).\n\nSilnější mediální zdroje jsem tam buď nahradil primárními dokumenty, nebo vyřadil jako redundantní. V souhrnu jsou zvýrazněné dvě věci pro další krok: rozdíl mezi kapitolou Ministerstva obrany a širšími obrannými výdaji v metodice NATO, a rozpor mezi částkou z vládní tiskovky a částkou ve vyhlášeném zákoně o rozpočtu."
          }
        ]
      }
    },
    {
      "file": "step4_draft_log.json",
      "content": {
        "step": "step4_draft",
        "elapsed_seconds": 65.4,
        "prompt_length": 2388,
        "input_tokens": 1097875,
        "cached_input_tokens": 764032,
        "output_tokens": 32030,
        "web_searches": 0,
        "final_response": "Draft jsem zapsal do [work/draft.md](/home/vilo/demagog/fact_check_v2/experiments/v2_gpt-5.4_20260410_190055/id24704/work/draft.md).\n\nText je postavený na primárních zdrojích z `mfcr.cz`, `vlada.gov.cz`, `psp.cz` a `zakonyprolidi.cz` a pracuje s hlavní interpretační nuancí: vláda rozpočet na rok 2026 proti původnímu návrhu snížila, zatímco samotná kapitola Ministerstva obrany meziročně v zásadě stagnuje.",
        "items": [
          {
            "type": "ErrorItem"
          },
          {
            "type": "AgentMessageItem",
            "text": "Než sepíšu draft, načtu si ještě styl a dva příklady z `guides/examples.txt`, aby text seděl formátem Demagogu a nebyl zbytečně dlouhý ani přepsaný do poznámek."
          },
          {
            "type": "CommandExecutionItem",
            "command": "/bin/bash -lc \"sed -n '1,260p' guides/style_guide.md\"",
            "exit_code": 0
          },
          {
            "type": "CommandExecutionItem",
            "command": "/bin/bash -lc \"sed -n '1,320p' work/refined_sources.md\"",
            "exit_code": 0
          },
          {
            "type": "CommandExecutionItem",
            "command": "/bin/bash -lc \"sed -n '1,260p' guides/examples.txt\"",
            "exit_code": 0
          },
          {
            "type": "AgentMessageItem",
            "text": "Mám dost podkladů i kalibraci stylu. Do draftu teď sepíšu stručné odůvodnění s důrazem na dvě roviny: vláda rozpočet na rok 2026 proti původnímu návrhu skutečně snížila a samotná kapitola Ministerstva obrany meziročně prakticky neroste."
          },
          {
            "type": "CompatFileChangeItem"
          },
          {
            "type": "AgentMessageItem",
            "text": "Draft je zapsaný. Ještě ho rychle projdu kvůli délce perexu, HTML struktuře a tomu, aby verdikt zazněl jen jednou a odpovídal důkazům."
          },
          {
            "type": "CommandExecutionItem",
            "command": "/bin/bash -lc \"sed -n '1,260p' work/draft.md\"",
            "exit_code": 0
          },
          {
            "type": "AgentMessageItem",
            "text": "Draft jsem zapsal do [work/draft.md](/home/vilo/demagog/fact_check_v2/experiments/v2_gpt-5.4_20260410_190055/id24704/work/draft.md).\n\nText je postavený na primárních zdrojích z `mfcr.cz`, `vlada.gov.cz`, `psp.cz` a `zakonyprolidi.cz` a pracuje s hlavní interpretační nuancí: vláda rozpočet na rok 2026 proti původnímu návrhu snížila, zatímco samotná kapitola Ministerstva obrany meziročně v zásadě stagnuje."
          }
        ]
      }
    },
    {
      "file": "step5_verify_log.json",
      "content": {
        "step": "step5_verify",
        "elapsed_seconds": 71.1,
        "prompt_length": 1226,
        "input_tokens": 1564151,
        "cached_input_tokens": 1214848,
        "output_tokens": 36695,
        "web_searches": 2,
        "final_response": "Ověření jsem zapsal do [work/verification.md](/home/vilo/demagog/fact_check_v2/experiments/v2_gpt-5.4_20260410_190055/id24704/work/verification.md).\n\nPři kontrole jsem ještě zpřesnil odkazování u zákona a stenozáznamu v [work/draft.md](/home/vilo/demagog/fact_check_v2/experiments/v2_gpt-5.4_20260410_190055/id24704/work/draft.md). Výsledek checklistu je `PASS`.",
        "items": [
          {
            "type": "ErrorItem"
          },
          {
            "type": "AgentMessageItem",
            "text": "Načtu checklist a draft proti němu projdu bod po bodu. Pokud někde něco neprojde, upravím jen problematické místo v draftu a ověřím znovu jen selhané body."
          },
          {
            "type": "CommandExecutionItem",
            "command": "/bin/bash -lc \"sed -n '1,260p' guides/verification_checklist.md\"",
            "exit_code": 0
          },
          {
            "type": "CommandExecutionItem",
            "command": "/bin/bash -lc \"sed -n '1,260p' work/draft.md\"",
            "exit_code": 0
          },
          {
            "type": "CommandExecutionItem",
            "command": "/bin/bash -lc \"sed -n '1,260p' guides/style_guide.md\"",
            "exit_code": 0
          },
          {
            "type": "WebSearchItem",
            "query": "https://www.mfcr.cz/cs/ministerstvo/media/tiskove-zpravy/2026/mf-zrevidovalo-rozpocet-na-rok-2026-62672"
          },
          {
            "type": "WebSearchItem",
            "query": "'Snížení výdajů na obranu v kapitole Ministerstvo obrany o 21 mld. Kč' in https://www.mfcr.cz/cs/ministerstvo/media/tiskove-zpravy/2026/mf-zrevidovalo-rozpocet-na-rok-2026-62672"
          },
          {
            "type": "AgentMessageItem",
            "text": "V checklistu mi nevychází žádný zásadní věcný problém, ale zpřesním dvě citace u dlouhých dokumentů, aby bylo jasnější, kde přesně v nich daná informace leží."
          },
          {
            "type": "CompatFileChangeItem"
          },
          {
            "type": "AgentMessageItem",
            "text": "Teď zapíšu checklistové ověření. Po drobném zpřesnění citace u zákona a stenozáznamu už nevychází žádný bod, který by draft blokoval."
          },
          {
            "type": "CompatFileChangeItem"
          },
          {
            "type": "AgentMessageItem",
            "text": "Ověření je zapsané a všechny body checklistu po úpravě citace procházejí. Ještě ho jen zběžně otevřu, ať je výstup kompletní a končí `PASS`."
          },
          {
            "type": "CommandExecutionItem",
            "command": "/bin/bash -lc 'tail -n 8 work/verification.md'",
            "exit_code": 0
          },
          {
            "type": "AgentMessageItem",
            "text": "Ověření jsem zapsal do [work/verification.md](/home/vilo/demagog/fact_check_v2/experiments/v2_gpt-5.4_20260410_190055/id24704/work/verification.md).\n\nPři kontrole jsem ještě zpřesnil odkazování u zákona a stenozáznamu v [work/draft.md](/home/vilo/demagog/fact_check_v2/experiments/v2_gpt-5.4_20260410_190055/id24704/work/draft.md). Výsledek checklistu je `PASS`."
          }
        ]
      }
    },
    {
      "file": "step6_finalize_log.json",
      "content": {
        "step": "step6_finalize",
        "elapsed_seconds": 20.3,
        "prompt_length": 313,
        "input_tokens": 1851182,
        "cached_input_tokens": 1495680,
        "output_tokens": 38277,
        "web_searches": 0,
        "final_response": "Hotovo.",
        "items": [
          {
            "type": "ErrorItem"
          },
          {
            "type": "AgentMessageItem",
            "text": "Nejprve potvrdím, že ověření končí `## Result: PASS`, a potom přenesu finální text z draftu do `output/report.md` v požadované struktuře."
          },
          {
            "type": "CommandExecutionItem",
            "command": "/bin/bash -lc 'tail -n 5 work/verification.md'",
            "exit_code": 0
          },
          {
            "type": "CommandExecutionItem",
            "command": "/bin/bash -lc \"sed -n '1,260p' work/draft.md\"",
            "exit_code": 0
          },
          {
            "type": "AgentMessageItem",
            "text": "Ověření končí `PASS`. Zapíšu teď finální report do `output/report.md` přesně v požadované struktuře."
          },
          {
            "type": "CompatFileChangeItem"
          },
          {
            "type": "AgentMessageItem",
            "text": "Hotovo."
          }
        ]
      }
    }
  ]
}