{
  "claim_id": "24701",
  "split": "v2",
  "source_experiment": "v2_gpt-5.4_20260410_190055",
  "source_md": "fact_check_v2/experiments/v2_gpt-5.4_20260410_190055/reports/report24701.md",
  "step_logs": [
    {
      "file": "step1_interpret_log.json",
      "content": {
        "step": "step1_interpret",
        "elapsed_seconds": 103.5,
        "prompt_length": 4540,
        "input_tokens": 187554,
        "cached_input_tokens": 90752,
        "output_tokens": 5188,
        "web_searches": 9,
        "final_response": "Interpretaci jsem zapsal do [work/claim_interpretation.md](/home/vilo/demagog/fact_check_v2/experiments/v2_gpt-5.4_20260410_190055/id24701/work/claim_interpretation.md).\n\nJako hlavní ověřovanou interpretaci jsem nastavil charitativní čtení, že Výborný tvrdí: Petr Macinka prezidenta opakovaně veřejně označuje za opozici nebo za jejího představitele; „neustále“ bereme jako rétorickou zkratku pro „opakovaně“, ne doslova.",
        "items": [
          {
            "type": "ErrorItem"
          },
          {
            "type": "AgentMessageItem",
            "text": "Prověřím kontext kroku 1 a zapíšu interpretaci tvrzení do `work/claim_interpretation.md`. Nejdřív si načtu strukturu repozitáře a případné lokální podklady pro tento workflow, pak omezeně dohledám, jak se tvrzení nejspíš vztahuje k výrokům Petra Macinky."
          },
          {
            "type": "CommandExecutionItem",
            "command": "/bin/bash -lc pwd",
            "exit_code": 0
          },
          {
            "type": "CommandExecutionItem",
            "command": "/bin/bash -lc 'rg --files'",
            "exit_code": 0
          },
          {
            "type": "AgentMessageItem",
            "text": "V repozitáři jsou jen obecné metodické soubory, takže si rychle načtu příručku a stylové pokyny, ať je výstup v očekávané podobě. Potom ověřím, jaký konkrétní význam má v tomto kontextu zmínka o Petru Macinkovi a „lídrovi opozice“."
          },
          {
            "type": "CommandExecutionItem",
            "command": "/bin/bash -lc \"sed -n '1,220p' guides/prirucka.md\"",
            "exit_code": 0
          },
          {
            "type": "CommandExecutionItem",
            "command": "/bin/bash -lc \"sed -n '1,220p' guides/style_guide.md\"",
            "exit_code": 0
          },
          {
            "type": "WebSearchItem",
            "query": "\"lídrem opozice\" Petr Macinka prezident"
          },
          {
            "type": "WebSearchItem",
            "query": "https://www.ceskatelevize.cz/porady/1096898594-udalosti-komentare/226411000370408/"
          },
          {
            "type": "WebSearchItem",
            "query": "site:irozhlas.cz Macinka prezident lídr opozice"
          },
          {
            "type": "WebSearchItem",
            "query": "https://www.irozhlas.cz/zpravy-domov/macinka-prezident-pavel-se-chova-jako-lidr-opozice-budu-ho-ignorovat-na-summitu_2602011342_hrk"
          },
          {
            "type": "WebSearchItem",
            "query": "site:irozhlas.cz Macinka \"opoziční prezident\""
          },
          {
            "type": "AgentMessageItem",
            "text": "Mám už dost kontextu k tomu, co bude předmětem ověření: nejde o to, zda prezident skutečně je „lídr opozice“, ale zda Petr Macinka takové označení opakovaně používal. Ještě si zkontroluji lokální metadata a pak sepíšu strukturovanou interpretaci s datovým oknem a plánem hledání."
          },
          {
            "type": "CommandExecutionItem",
            "command": "/bin/bash -lc \"sed -n '1,220p' metadata.json\"",
            "exit_code": 0
          },
          {
            "type": "CommandExecutionItem",
            "command": "/bin/bash -lc 'ls -la'",
            "exit_code": 0
          },
          {
            "type": "WebSearchItem",
            "query": "\"nepojede mluvit za opozici na summit NATO\" Macinka"
          },
          {
            "type": "WebSearchItem",
            "query": "site:demagog.cz Macinka \"lídr opozice\" prezident"
          },
          {
            "type": "WebSearchItem",
            "query": "https://ct24.ceskatelevize.cz/clanek/domaci/na-summitu-nato-cesko-zastoupi-babis-macinka-a-zuna-s-pavlem-vlada-nepocita-372059"
          },
          {
            "type": "WebSearchItem",
            "query": "\"nikoli představitel opozice, což je prezident Petr Pavel\" Macinka"
          },
          {
            "type": "AgentMessageItem",
            "text": "Sepíšu teď interpretaci tak, aby další krok mohl rovnou hledat primární doklady Macinkových veřejných výroků. Zaměřím ji na charitativní čtení: „neustále“ jako opakovaně, ne doslova bez přestání."
          },
          {
            "type": "CompatFileChangeItem"
          },
          {
            "type": "AgentMessageItem",
            "text": "Interpretace je zapsaná. Ještě ji rychle zkontroluji v souboru, jestli obsahuje všechny povinné části pro navazující krok."
          },
          {
            "type": "CommandExecutionItem",
            "command": "/bin/bash -lc \"sed -n '1,240p' work/claim_interpretation.md\"",
            "exit_code": 0
          },
          {
            "type": "AgentMessageItem",
            "text": "Interpretaci jsem zapsal do [work/claim_interpretation.md](/home/vilo/demagog/fact_check_v2/experiments/v2_gpt-5.4_20260410_190055/id24701/work/claim_interpretation.md).\n\nJako hlavní ověřovanou interpretaci jsem nastavil charitativní čtení, že Výborný tvrdí: Petr Macinka prezidenta opakovaně veřejně označuje za opozici nebo za jejího představitele; „neustále“ bereme jako rétorickou zkratku pro „opakovaně“, ne doslova."
          }
        ]
      }
    },
    {
      "file": "step2_search_log.json",
      "content": {
        "step": "step2_search",
        "elapsed_seconds": 192.8,
        "prompt_length": 1771,
        "input_tokens": 547981,
        "cached_input_tokens": 273024,
        "output_tokens": 15078,
        "web_searches": 24,
        "final_response": "Zdroje jsem zapsal do [work/raw_sources.md](/home/vilo/demagog/fact_check_v2/experiments/v2_gpt-5.4_20260410_190055/id24701/work/raw_sources.md).\n\nSoučasně jsem rozšířil začátek relevantního okna v [work/claim_interpretation.md](/home/vilo/demagog/fact_check_v2/experiments/v2_gpt-5.4_20260410_190055/id24701/work/claim_interpretation.md), protože prosinec 2025 přinesl užitečný protiindikátor: Macinka tehdy ještě mluvil o koordinaci a shodě s prezidentem. V surových zdrojích teď jsou jak přímé podpůrné citace z února až dubna 2026, tak i podklady, které oslabují silnější čtení slova „neustále“.",
        "items": [
          {
            "type": "ErrorItem"
          },
          {
            "type": "AgentMessageItem",
            "text": "Načtu interpretaci z kroku 1 a pak posbírám širší sadu zdrojů k oběma netriviálním podtvrzením, včetně případných protiindicií. Přednost dostanou primární záznamy Macinkových výroků a veřejnoprávní přepisy, ne samotná hodnotící vyjádření jiných aktérů."
          },
          {
            "type": "CommandExecutionItem",
            "command": "/bin/bash -lc \"sed -n '1,220p' work/claim_interpretation.md\"",
            "exit_code": 0
          },
          {
            "type": "CommandExecutionItem",
            "command": "/bin/bash -lc \"sed -n '1,120p' guides/source_ranking.csv\"",
            "exit_code": 0
          },
          {
            "type": "WebSearchItem",
            "query": "site:ct24.ceskatelevize.cz Petr Macinka opozice Pavel prezident"
          },
          {
            "type": "WebSearchItem",
            "query": "site:irozhlas.cz Macinka \"prezident se situuje do role lídra opozice\""
          },
          {
            "type": "WebSearchItem",
            "query": "\"Člena opozice tam nechci\" Macinka iROZHLAS"
          },
          {
            "type": "WebSearchItem",
            "query": "https://ct24.ceskatelevize.cz/clanek/domaci/ministr-zahranici-macinka-je-hostem-otazek-vaclava-moravce-369862/"
          },
          {
            "type": "WebSearchItem",
            "query": "site:ct24.ceskatelevize.cz Macinka Interview ČT24 prezident opozice"
          },
          {
            "type": "WebSearchItem",
            "query": "Petr Macinka Pavel nechci konflikt opozice prezident"
          },
          {
            "type": "WebSearchItem",
            "query": "https://www.irozhlas.cz/zpravy-domov/macinka-prezident-pavel-se-chova-jako-lidr-opozice-budu-ho-ignorovat-na-summitu_2602011342_hrk"
          },
          {
            "type": "WebSearchItem",
            "query": "site:youtube.com Petr Macinka Xaver TV opozice prezident Pavel duben 2026"
          },
          {
            "type": "AgentMessageItem",
            "text": "Narazil jsem na užitečný protiindikátor z prosince 2025: krátce po jednání na Hradě Macinka mluvil o koordinaci a o tom, že neočekává zásadní rozdíly mezi vládou a prezidentem. To rozšiřuje relevantní začátek okna, protože pro posouzení slova „neustále“ je užitečné vidět i to, kdy se ten rámec vůbec začal objevovat."
          },
          {
            "type": "CompatFileChangeItem"
          },
          {
            "type": "WebSearchItem",
            "query": "\"nikoli představitel opozice, což je prezident Petr Pavel\""
          },
          {
            "type": "WebSearchItem",
            "query": "\"lídra opozice\" Macinka ČT24 OVM"
          },
          {
            "type": "WebSearchItem",
            "query": "https://www.irozhlas.cz/zpravy-domov/macinka-prezident-pavel-se-chova-jako-lidr-opozice-budu-ho-ignorovat-na-summitu_2602011342_hrk"
          },
          {
            "type": "WebSearchItem",
            "query": "https://ct24.ceskatelevize.cz/clanek/domaci/prezident-na-hrade-prijal-kandidata-do-cela-diplomacie-macinku-367916"
          },
          {
            "type": "WebSearchItem",
            "query": "site:ct24.ceskatelevize.cz Macinka summit NATO prezident opozice duben 2026"
          },
          {
            "type": "WebSearchItem",
            "query": "https://www.seznamzpravy.cz/clanek/domaci-politika-na-summit-nato-pojede-babis-macinka-a-zuna-s-prezidentem-nepocitaji-303325"
          },
          {
            "type": "WebSearchItem",
            "query": "site:ct24.ceskatelevize.cz Letná opozice jejich lídra prezidenta Pavla Macinka březen 2026"
          },
          {
            "type": "WebSearchItem",
            "query": "https://www.ceskenoviny.cz/zpravy/macinka-demokracii-ohrozuji-skupiny-neschopne-prijmout-vysledky-voleb/2802485"
          },
          {
            "type": "WebSearchItem",
            "query": "https://ct24.ceskatelevize.cz/clanek/domaci/na-summitu-nato-cesko-zastoupi-babis-macinka-a-zuna-s-pavlem-vlada-nepocita-372059"
          },
          {
            "type": "WebSearchItem",
            "query": "site:ct24.ceskatelevize.cz Macinka koordinace s prezidentem leden 2026"
          },
          {
            "type": "WebSearchItem",
            "query": "\"Já bych si nikdy nedovolil v zahraničí kritizovat prezidenta republiky, přestože ho považuji za lídra opozice\" Macinka"
          },
          {
            "type": "WebSearchItem",
            "query": "https://www.ceskenoviny.cz/zpravy/macinkovi-se-zpravy-na-hrad-nepovedly-rekl-babis/2783247"
          },
          {
            "type": "WebSearchItem",
            "query": "\"31. března 2026\" Macinka opozice prezident zahraniční politika"
          },
          {
            "type": "WebSearchItem",
            "query": "site:ceskenoviny.cz Macinka shoda prezident leden 2026"
          },
          {
            "type": "WebSearchItem",
            "query": "https://www.ceskenoviny.cz/zpravy/ministr-macinka-bude-jednat-v-bruselu-se-sefem-nato-i-sefkou-unijni-diplomacie/2778588"
          },
          {
            "type": "WebSearchItem",
            "query": "https://www.ceskenoviny.cz/zpravy/2801159"
          },
          {
            "type": "AgentMessageItem",
            "text": "Mám dost materiálu na surový soupis zdrojů. Zapíšu podporující i oslabující podklady, hlavně přímé citace z veřejnoprávních výstupů a několik časových kotev, které ukazují, kdy se ten narativ objevil a jak se opakoval."
          },
          {
            "type": "CompatFileChangeItem"
          },
          {
            "type": "AgentMessageItem",
            "text": "Surové zdroje jsou zapsané. Ještě zkontroluji, že u každého záznamu nechybí datum, vztah k podtvrzení a směr evidence."
          },
          {
            "type": "CommandExecutionItem",
            "command": "/bin/bash -lc \"sed -n '1,260p' work/raw_sources.md\"",
            "exit_code": 0
          },
          {
            "type": "AgentMessageItem",
            "text": "Zdroje jsem zapsal do [work/raw_sources.md](/home/vilo/demagog/fact_check_v2/experiments/v2_gpt-5.4_20260410_190055/id24701/work/raw_sources.md).\n\nSoučasně jsem rozšířil začátek relevantního okna v [work/claim_interpretation.md](/home/vilo/demagog/fact_check_v2/experiments/v2_gpt-5.4_20260410_190055/id24701/work/claim_interpretation.md), protože prosinec 2025 přinesl užitečný protiindikátor: Macinka tehdy ještě mluvil o koordinaci a shodě s prezidentem. V surových zdrojích teď jsou jak přímé podpůrné citace z února až dubna 2026, tak i podklady, které oslabují silnější čtení slova „neustále“."
          }
        ]
      }
    },
    {
      "file": "step3_refine_log.json",
      "content": {
        "step": "step3_refine",
        "elapsed_seconds": 94.7,
        "prompt_length": 2274,
        "input_tokens": 767218,
        "cached_input_tokens": 446080,
        "output_tokens": 21206,
        "web_searches": 3,
        "final_response": "Refinované zdroje jsem zapsal do [work/refined_sources.md](/home/vilo/demagog/fact_check_v2/experiments/v2_gpt-5.4_20260410_190055/id24701/work/refined_sources.md).\n\nVyřadil jsem dvě slabší duplicity: `publico.cz` jsem nahradil tier-1 zdrojem z ČT24 a `Seznam Zprávy` jsem ponechal jen jako nahrazený záznam, protože stejné tvrzení máme z tier-1 ČT24. Pro oba netriviální sub-claimy teď zůstává dostatečné krytí z tier-1 zdrojů a žádný ponechaný zdroj není po datu výroku.",
        "items": [
          {
            "type": "ErrorItem"
          },
          {
            "type": "AgentMessageItem",
            "text": "Teď pročistím zdroje podle rankingů, ověřím odkazy a nahradím slabší položky lepšími verzemi tam, kde to jde. Zvlášť se podívám na Publico a na to, zda existuje přímější zdroj k OVM nebo k citacím převzatým přes ČTK."
          },
          {
            "type": "CommandExecutionItem",
            "command": "/bin/bash -lc \"sed -n '1,220p' work/claim_interpretation.md\"",
            "exit_code": 0
          },
          {
            "type": "CommandExecutionItem",
            "command": "/bin/bash -lc \"sed -n '1,120p' guides/source_ranking.csv\"",
            "exit_code": 0
          },
          {
            "type": "CommandExecutionItem",
            "command": "/bin/bash -lc \"sed -n '1,260p' work/raw_sources.md\"",
            "exit_code": 0
          },
          {
            "type": "WebSearchItem",
            "query": "site:ceskatelevize.cz \"Prezident se tím, co dělá, situuje do role lídra opozice\""
          },
          {
            "type": "WebSearchItem",
            "query": "site:mzv.gov.cz Macinka tisková konference Rutte 28. ledna 2026 summit NATO prezident"
          },
          {
            "type": "AgentMessageItem",
            "text": "Refinovaný seznam zúžím na nejsilnější a nejčistší oporu pro obě podtvrzení. Slabší duplicity vyřadím nebo nahradím tierově lepšími odkazy, aby další krok nestál na zbytečně sekundárních citacích."
          },
          {
            "type": "CompatFileChangeItem"
          },
          {
            "type": "WebSearchItem",
            "query": "https://ct24.ceskatelevize.cz/clanek/domaci/ministr-zahranici-macinka-je-hostem-otazek-vaclava-moravce-369862"
          },
          {
            "type": "AgentMessageItem",
            "text": "Refinovaný soubor je hotový; rychle ověřím, že shrnutí na konci sedí s ponechanými zdroji a že náhradní zdroje jsou skutečně zaznamenané."
          },
          {
            "type": "CommandExecutionItem",
            "command": "/bin/bash -lc \"sed -n '1,320p' work/refined_sources.md\"",
            "exit_code": 0
          },
          {
            "type": "AgentMessageItem",
            "text": "Refinované zdroje jsem zapsal do [work/refined_sources.md](/home/vilo/demagog/fact_check_v2/experiments/v2_gpt-5.4_20260410_190055/id24701/work/refined_sources.md).\n\nVyřadil jsem dvě slabší duplicity: `publico.cz` jsem nahradil tier-1 zdrojem z ČT24 a `Seznam Zprávy` jsem ponechal jen jako nahrazený záznam, protože stejné tvrzení máme z tier-1 ČT24. Pro oba netriviální sub-claimy teď zůstává dostatečné krytí z tier-1 zdrojů a žádný ponechaný zdroj není po datu výroku."
          }
        ]
      }
    },
    {
      "file": "step4_draft_log.json",
      "content": {
        "step": "step4_draft",
        "elapsed_seconds": 55.4,
        "prompt_length": 2388,
        "input_tokens": 1039583,
        "cached_input_tokens": 694784,
        "output_tokens": 24861,
        "web_searches": 0,
        "final_response": "Draft jsem zapsal do [work/draft.md](/home/vilo/demagog/fact_check_v2/experiments/v2_gpt-5.4_20260410_190055/id24701/work/draft.md).\n\nVerdikt jsem postavil jako `pravda`: při charitativním čtení slova „neustále“ jako „opakovaně“ máme několik samostatných Macinkových výroků z 1. února, 21. března a 4. dubna 2026. Zároveň jsem v těle textu ponechal i nuanci, že doslovné čtení „neustále“ by bylo přehnané.",
        "items": [
          {
            "type": "ErrorItem"
          },
          {
            "type": "AgentMessageItem",
            "text": "Načtu si ještě styl a dva reálné příklady, aby draft seděl tónem i strukturou. Pak sepíšu krátké odůvodnění s důrazem na to, že „neustále“ čteme jako opakovaně, ne doslova nepřetržitě."
          },
          {
            "type": "CommandExecutionItem",
            "command": "/bin/bash -lc \"sed -n '1,220p' guides/style_guide.md\"",
            "exit_code": 0
          },
          {
            "type": "CommandExecutionItem",
            "command": "/bin/bash -lc \"sed -n '1,260p' work/refined_sources.md\"",
            "exit_code": 0
          },
          {
            "type": "CommandExecutionItem",
            "command": "/bin/bash -lc \"sed -n '1,220p' guides/examples.txt\"",
            "exit_code": 0
          },
          {
            "type": "CommandExecutionItem",
            "command": "/bin/bash -lc \"sed -n '1,220p' work/claim_interpretation.md\"",
            "exit_code": 0
          },
          {
            "type": "AgentMessageItem",
            "text": "Draft postavím jako krátké odůvodnění s jedním kontextovým odstavcem, dvěma důkazními odstavci, jedním nuančním odstavcem a závěrem. Dám pozor, aby byl verdict jen v posledním odstavci a odkazy seděly na klíčová slova."
          },
          {
            "type": "CompatFileChangeItem"
          },
          {
            "type": "AgentMessageItem",
            "text": "Draft je sepsaný. Ještě ho rychle projdu kvůli délce odstavců, perexu a tomu, zda závěr obsahuje verdict jen jednou."
          },
          {
            "type": "CommandExecutionItem",
            "command": "/bin/bash -lc \"sed -n '1,240p' work/draft.md\"",
            "exit_code": 0
          },
          {
            "type": "AgentMessageItem",
            "text": "Draft jsem zapsal do [work/draft.md](/home/vilo/demagog/fact_check_v2/experiments/v2_gpt-5.4_20260410_190055/id24701/work/draft.md).\n\nVerdikt jsem postavil jako `pravda`: při charitativním čtení slova „neustále“ jako „opakovaně“ máme několik samostatných Macinkových výroků z 1. února, 21. března a 4. dubna 2026. Zároveň jsem v těle textu ponechal i nuanci, že doslovné čtení „neustále“ by bylo přehnané."
          }
        ]
      }
    },
    {
      "file": "step5_verify_log.json",
      "content": {
        "step": "step5_verify",
        "elapsed_seconds": 51.1,
        "prompt_length": 1226,
        "input_tokens": 1287753,
        "cached_input_tokens": 921856,
        "output_tokens": 27795,
        "web_searches": 2,
        "final_response": "Verifikaci jsem zapsal do [work/verification.md](/home/vilo/demagog/fact_check_v2/experiments/v2_gpt-5.4_20260410_190055/id24701/work/verification.md).\n\nChecklist vyšel bez failů, takže `work/draft.md` jsem už dál neupravoval. Spot-check prošly tři odkazy a na konci verifikace je `## Result: PASS`.",
        "items": [
          {
            "type": "ErrorItem"
          },
          {
            "type": "AgentMessageItem",
            "text": "Načtu checklist a projdu draft bod po bodu. U odkazů udělám reálný spot-check na několika citovaných linkách, a pokud něco neprojde, upravím jen konkrétní místo v draftu."
          },
          {
            "type": "CommandExecutionItem",
            "command": "/bin/bash -lc \"sed -n '1,260p' guides/verification_checklist.md\"",
            "exit_code": 0
          },
          {
            "type": "CommandExecutionItem",
            "command": "/bin/bash -lc \"sed -n '1,220p' guides/style_guide.md\"",
            "exit_code": 0
          },
          {
            "type": "CommandExecutionItem",
            "command": "/bin/bash -lc \"sed -n '1,220p' work/draft.md\"",
            "exit_code": 0
          },
          {
            "type": "CommandExecutionItem",
            "command": "/bin/bash -lc \"sed -n '1,120p' guides/source_ranking.csv\"",
            "exit_code": 0
          },
          {
            "type": "WebSearchItem",
            "query": "https://ct24.ceskatelevize.cz/clanek/domaci/ministr-zahranici-macinka-je-hostem-otazek-vaclava-moravce-369862"
          },
          {
            "type": "WebSearchItem",
            "query": "'lídra, prezidenta Petra Pavla' in https://www.ceskenoviny.cz/zpravy/macinka-demokracii-ohrozuji-skupiny-neschopne-prijmout-vysledky-voleb/2802485"
          },
          {
            "type": "AgentMessageItem",
            "text": "Checklist vychází čistě. Zapíšu verifikaci bod po bodu včetně stručného záznamu o spot-checku odkazů."
          },
          {
            "type": "CompatFileChangeItem"
          },
          {
            "type": "AgentMessageItem",
            "text": "Verifikaci jsem zapsal do [work/verification.md](/home/vilo/demagog/fact_check_v2/experiments/v2_gpt-5.4_20260410_190055/id24701/work/verification.md).\n\nChecklist vyšel bez failů, takže `work/draft.md` jsem už dál neupravoval. Spot-check prošly tři odkazy a na konci verifikace je `## Result: PASS`."
          }
        ]
      }
    },
    {
      "file": "step6_finalize_log.json",
      "content": {
        "step": "step6_finalize",
        "elapsed_seconds": 61.9,
        "prompt_length": 313,
        "input_tokens": 1535697,
        "cached_input_tokens": 1165184,
        "output_tokens": 29432,
        "web_searches": 0,
        "final_response": "Hotovo. Finální report je v [output/report.md](/home/vilo/demagog/fact_check_v2/experiments/v2_gpt-5.4_20260410_190055/id24701/output/report.md).",
        "items": [
          {
            "type": "ErrorItem"
          },
          {
            "type": "AgentMessageItem",
            "text": "Zkontroluji, že verifikace končí `PASS`, a potom složím finální výstup do `output/report.md` z původního znění výroku a schváleného draftu."
          },
          {
            "type": "CommandExecutionItem",
            "command": "/bin/bash -lc 'tail -n 20 work/verification.md'",
            "exit_code": 0
          },
          {
            "type": "CommandExecutionItem",
            "command": "/bin/bash -lc \"sed -n '1,220p' work/draft.md\"",
            "exit_code": 0
          },
          {
            "type": "CommandExecutionItem",
            "command": "/bin/bash -lc \"python - <<'PY'\nimport json\nwith open('metadata.json') as f:\n    data=json.load(f)\nprint(data['claim'])\nPY\"",
            "exit_code": 0
          },
          {
            "type": "AgentMessageItem",
            "text": "Verifikace končí `## Result: PASS`. Zapíšu finální report do výstupního souboru v požadované struktuře."
          },
          {
            "type": "CompatFileChangeItem"
          },
          {
            "type": "AgentMessageItem",
            "text": "Hotovo. Finální report je v [output/report.md](/home/vilo/demagog/fact_check_v2/experiments/v2_gpt-5.4_20260410_190055/id24701/output/report.md)."
          }
        ]
      }
    }
  ]
}