{
  "claim_id": "24687",
  "split": "v2",
  "source_experiment": "v2_gpt-5.4_20260402_164100",
  "source_md": "fact_check_v2/experiments/v2_gpt-5.4_20260402_164100/reports/report24687.md",
  "step_logs": [
    {
      "file": "step1_interpret_log.json",
      "content": {
        "step": "step1_interpret",
        "elapsed_seconds": 68.9,
        "prompt_length": 1987,
        "input_tokens": 186138,
        "cached_input_tokens": 105216,
        "output_tokens": 4208,
        "web_searches": 3,
        "final_response": "Interpretaci jsem zapsal do [work/claim_interpretation.md](/home/vilo/demagog/fact_check_v2/experiments/v2_gpt-5.4_20260402_164100/id24687/work/claim_interpretation.md).\n\nSoubor obsahuje rozklad výroku na dílčí tvrzení, hlavní interpretaci k ověření, datum výroku `19. 3. 2026`, navržené časové okno `1. 1. 2025 až 19. 3. 2026`, plán hledání primárních zdrojů a oddělení nefaktické části o „migrační krizi“ od ověřitelného tvrzení o počtu Ukrajinců v ČR.",
        "items": [
          {
            "type": "AgentMessageItem",
            "text": "I’m locating the actual claim inputs and any step-specific guide files first, then I’ll write the interpretation artifact to `work/claim_interpretation.md`."
          },
          {
            "type": "CommandExecutionItem",
            "command": "/bin/bash -lc 'pwd && rg --files .'",
            "exit_code": 0
          },
          {
            "type": "CommandExecutionItem",
            "command": "/bin/bash -lc \"rg -n \\\"\\\\{claim\\\\}|claim_interpretation|Step 1|speaker|source|context\\\" -S .\"",
            "exit_code": 0
          },
          {
            "type": "AgentMessageItem",
            "text": "I found the real inputs in `metadata.json`. Next I’m reading the claim metadata and the core guide files that constrain how this pipeline treats sources and report style."
          },
          {
            "type": "CommandExecutionItem",
            "command": "/bin/bash -lc \"sed -n '1,220p' guides/style_guide.md\"",
            "exit_code": 0
          },
          {
            "type": "CommandExecutionItem",
            "command": "/bin/bash -lc \"sed -n '1,220p' metadata.json\"",
            "exit_code": 0
          },
          {
            "type": "CommandExecutionItem",
            "command": "/bin/bash -lc \"sed -n '1,120p' guides/source_ranking.csv\"",
            "exit_code": 0
          },
          {
            "type": "WebSearchItem",
            "query": "site:mvcr.cz statistiky Ukrajinci dočasná ochrana cizinci březen 2026 mvcr"
          },
          {
            "type": "WebSearchItem",
            "query": "site:mvcr.cz \"Ukrajinci\" \"dočasná ochrana\" \"březen\""
          },
          {
            "type": "WebSearchItem",
            "query": "site:mvcr.gov.cz Ukrajinci v ČR statistika dočasná ochrana"
          },
          {
            "type": "AgentMessageItem",
            "text": "The context is clear enough that I don’t need more browsing for interpretation. I’m preparing the artifact now, focusing on the likely measurable reading of “máme 400 000 Ukrajinců” and separating that from the non-verifiable “migrační krize” framing."
          },
          {
            "type": "CommandExecutionItem",
            "command": "/bin/bash -lc 'ls -la'",
            "exit_code": 0
          },
          {
            "type": "CommandExecutionItem",
            "command": "/bin/bash -lc 'mkdir -p work output && ls -la work output'",
            "exit_code": 0
          },
          {
            "type": "AgentMessageItem",
            "text": "I have the interpretation scoped. I’m writing `work/claim_interpretation.md` with explicit subclaims, the ambiguity around whether “Ukrajinci” means all Ukrainian nationals or specifically people under temporary protection, and a search window anchored to the 2026-03-19 claim date."
          },
          {
            "type": "FileChangeItem"
          },
          {
            "type": "AgentMessageItem",
            "text": "The step artifact is written. I’m doing a quick readback to ensure the file contains the required sections and dates before I close this step."
          },
          {
            "type": "CommandExecutionItem",
            "command": "/bin/bash -lc \"sed -n '1,240p' work/claim_interpretation.md\"",
            "exit_code": 0
          },
          {
            "type": "AgentMessageItem",
            "text": "Interpretaci jsem zapsal do [work/claim_interpretation.md](/home/vilo/demagog/fact_check_v2/experiments/v2_gpt-5.4_20260402_164100/id24687/work/claim_interpretation.md).\n\nSoubor obsahuje rozklad výroku na dílčí tvrzení, hlavní interpretaci k ověření, datum výroku `19. 3. 2026`, navržené časové okno `1. 1. 2025 až 19. 3. 2026`, plán hledání primárních zdrojů a oddělení nefaktické části o „migrační krizi“ od ověřitelného tvrzení o počtu Ukrajinců v ČR."
          }
        ]
      }
    },
    {
      "file": "step2_search_log.json",
      "content": {
        "step": "step2_search",
        "elapsed_seconds": 204.0,
        "prompt_length": 1693,
        "input_tokens": 485913,
        "cached_input_tokens": 254464,
        "output_tokens": 15648,
        "web_searches": 31,
        "final_response": "Zdroje jsem zapsal do [work/raw_sources.md](/home/vilo/demagog/fact_check_v2/experiments/v2_gpt-5.4_20260402_164100/id24687/work/raw_sources.md).\n\nSoubor obsahuje 10 zdrojů v rámci platného okna do `19. 3. 2026`, včetně oficiálních materiálů MVČR, veřejnoprávních médií a doplňkových mediálních zdrojů. Hlavní rozpor v nich je jasný: oficiální statistiky dávají počet všech Ukrajinců v ČR výrazně nad 400 tisíc, zatímco počty uprchlíků s dočasnou ochranou se skutečně pohybují kolem 400 tisíc.",
        "items": [
          {
            "type": "AgentMessageItem",
            "text": "I’m moving into source collection now. I’ll start with MVCR and CZSO for the underlying numbers, then add public-service and quality media coverage that either matches or challenges the “400 000 Ukrajinců” figure."
          },
          {
            "type": "WebSearchItem",
            "query": "site:mvcr.gov.cz Ukrajina dočasná ochrana statistiky březen 2026"
          },
          {
            "type": "WebSearchItem",
            "query": "site:mvcr.gov.cz OAMP statistiky dočasná ochrana Ukrajinci 2026"
          },
          {
            "type": "WebSearchItem",
            "query": "\"dočasnou ochranu\" \"Ukrajiny\" \"397 400\""
          },
          {
            "type": "WebSearchItem",
            "query": "\"612\" \"Ukrajinců\" Česko ministerstvo vnitra"
          },
          {
            "type": "WebSearchItem",
            "query": "site:mvcr.gov.cz \"612 953\" Ukrajinců"
          },
          {
            "type": "WebSearchItem",
            "query": "site:mvcr.gov.cz \"dočasná ochrana\" \"Ukrajiny\" \"nedělní půlnoci\""
          },
          {
            "type": "WebSearchItem",
            "query": "site:data.mvcr.gov.cz Ukrajina dočasná ochrana"
          },
          {
            "type": "WebSearchItem",
            "query": "\"Zpráva o situaci v oblasti migrace a integrace cizinců\" 2025 pdf"
          },
          {
            "type": "WebSearchItem",
            "query": "https://mv.gov.cz/migrace/clanek/zpravy-o-situaci-v-oblasti-migrace-a-integrace-cizincu-v-cr.aspx"
          },
          {
            "type": "WebSearchItem",
            "query": "https://mv.gov.cz/migrace/clanek/clanek/vyrocni-zpravy-o-situaci-v-oblasti-migrace-a-integrace.aspx"
          },
          {
            "type": "WebSearchItem",
            "query": "https://www.mvcr.cz/clanek/cizinci-s-povolenym-pobytem.aspx"
          },
          {
            "type": "WebSearchItem",
            "query": ""
          },
          {
            "type": "WebSearchItem",
            "query": "\"02-2026-tab-internet-stav-k-28-02-2026\""
          },
          {
            "type": "WebSearchItem",
            "query": "site:ceskenoviny.cz Ukrajinců v Česku 400 tisíc březen 2026"
          },
          {
            "type": "WebSearchItem",
            "query": "https://vlada.gov.cz/cz/media-centrum/aktualne/vysledky-jednani-vlady-23--cervence-2025-220887/"
          },
          {
            "type": "WebSearchItem",
            "query": "\"612 953\" \"státních příslušníků Ukrajiny\""
          },
          {
            "type": "WebSearchItem",
            "query": "https://www.ceska-justice.cz/app/uploads/2026/02/ctvrtletni-zprava-o-migraci-iv-2025-1.pdf"
          },
          {
            "type": "WebSearchItem",
            "query": "'612 953' in https://www.ceska-justice.cz/app/uploads/2026/02/ctvrtletni-zprava-o-migraci-iv-2025-1.pdf"
          },
          {
            "type": "WebSearchItem",
            "query": "\"400 083\" \"dočasnou ochranu\""
          },
          {
            "type": "WebSearchItem",
            "query": "\"k únoru 2026\" evidováno přes 398.000 osob ukrajinské národnosti s dočasnou ochranou"
          },
          {
            "type": "WebSearchItem",
            "query": "site:irozhlas.cz \"400 083\" Ukrajina Česku"
          },
          {
            "type": "WebSearchItem",
            "query": "site:ceskenoviny.cz hranice 400 000 uprchlíků Ukrajina Česko březen 2026"
          },
          {
            "type": "WebSearchItem",
            "query": "https://www.irozhlas.cz/ekonomika/ukrajinsti-uprchlici-zvysuji-cechum-mzdy-delaji-praci-kterou-mistni-nechteji_2601300600_med"
          },
          {
            "type": "WebSearchItem",
            "query": "https://ct24.ceskatelevize.cz/clanek/domaci/dodavky-pomoci-ukrajine-jsou-cim-dal-nebezpecnejsi-uvadeji-humanitarni-organizace-370465"
          },
          {
            "type": "WebSearchItem",
            "query": "https://ct24.ceskatelevize.cz/clanek/domaci/dodavky-pomoci-ukrajine-jsou-cim-dal-nebezpecnejsi-uvadeji-humanitarni-organizace-370465"
          },
          {
            "type": "WebSearchItem",
            "query": "https://www.ceska-justice.cz/2026/02/cizinci-v-cesku-ukrajinci/"
          },
          {
            "type": "WebSearchItem",
            "query": "https://www.novinky.cz/clanek/domaci-uprchliku-z-ukrajiny-je-v-cesku-400-tisic-dal-prichazeji-i-mladi-muzi-40563968"
          },
          {
            "type": "WebSearchItem",
            "query": "site:mv.gov.cz \"ČTVRTLETNÍ ZPRÁVA O MIGRACI\" \"IV. 2025\""
          },
          {
            "type": "WebSearchItem",
            "query": "https://mv.gov.cz/migrace/clanek/ctvrtletni-zprava-o-migraci-za-iv-ctvrtleti-2025.aspx"
          },
          {
            "type": "WebSearchItem",
            "query": ""
          },
          {
            "type": "WebSearchItem",
            "query": "'2026' in https://mv.gov.cz/migrace/clanek/ctvrtletni-zprava-o-migraci-za-iv-ctvrtleti-2025.aspx"
          },
          {
            "type": "AgentMessageItem",
            "text": "I have enough material to write the raw source log. The evidence already splits cleanly between two readings: official migration stats put all Ukrainians in ČR well above 400 000, while refugee / temporary-protection counts stay around 393–400 thousand."
          },
          {
            "type": "AgentMessageItem",
            "text": "I’m writing `work/raw_sources.md` now with both official MV data and secondary coverage, explicitly marking which sources support the temporary-protection reading and which contradict the broader “all Ukrainians in ČR” reading."
          },
          {
            "type": "FileChangeItem"
          },
          {
            "type": "AgentMessageItem",
            "text": "The raw source log is written. I’m checking it once for completeness and internal consistency, mainly the date window and the support/contradict labels tied to the two competing interpretations."
          },
          {
            "type": "CommandExecutionItem",
            "command": "/bin/bash -lc \"sed -n '1,260p' work/raw_sources.md\"",
            "exit_code": 0
          },
          {
            "type": "AgentMessageItem",
            "text": "Zdroje jsem zapsal do [work/raw_sources.md](/home/vilo/demagog/fact_check_v2/experiments/v2_gpt-5.4_20260402_164100/id24687/work/raw_sources.md).\n\nSoubor obsahuje 10 zdrojů v rámci platného okna do `19. 3. 2026`, včetně oficiálních materiálů MVČR, veřejnoprávních médií a doplňkových mediálních zdrojů. Hlavní rozpor v nich je jasný: oficiální statistiky dávají počet všech Ukrajinců v ČR výrazně nad 400 tisíc, zatímco počty uprchlíků s dočasnou ochranou se skutečně pohybují kolem 400 tisíc."
          }
        ]
      }
    },
    {
      "file": "step3_refine_log.json",
      "content": {
        "step": "step3_refine",
        "elapsed_seconds": 90.2,
        "prompt_length": 2274,
        "input_tokens": 687746,
        "cached_input_tokens": 407168,
        "output_tokens": 22309,
        "web_searches": 8,
        "final_response": "Refinovaný seznam jsem zapsal do [work/refined_sources.md](/home/vilo/demagog/fact_check_v2/experiments/v2_gpt-5.4_20260402_164100/id24687/work/refined_sources.md).\n\nVýsledek je zúžený na pět použitelných zdrojů: tři přímé oficiální dokumenty MVČR a dva tier-1 mediální zdroje pro únorové údaje blízké datu výroku. Slabší nebo duplicitní položky jsem v souboru označil jako `replaced` nebo `removed`, včetně důvodu a náhrady.",
        "items": [
          {
            "type": "AgentMessageItem",
            "text": "I’m pruning the source set now against the ranking guide and replacing secondary items where the underlying official statistic is available directly. The main goal is to end with a compact set that still covers both interpretations with tier-1 evidence."
          },
          {
            "type": "WebSearchItem",
            "query": "site:mv.gov.cz \"393 056\" \"dočasných ochran\""
          },
          {
            "type": "WebSearchItem",
            "query": "'612 953' in https://mv.gov.cz/migration/ViewFile.aspx?docid=22551132"
          },
          {
            "type": "WebSearchItem",
            "query": "site:mv.gov.cz \"ČTVRTLETNÍ ZPRÁVA O MIGRACI I. 2025\""
          },
          {
            "type": "WebSearchItem",
            "query": "site:mv.gov.cz dočasná ochrana únor 2026 398 000 mv"
          },
          {
            "type": "WebSearchItem",
            "query": "https://mv.gov.cz/volby/clanek/statistika-v-souvislosti-s-valkou-na-ukrajine-archiv-2026.aspx"
          },
          {
            "type": "WebSearchItem",
            "query": ""
          },
          {
            "type": "WebSearchItem",
            "query": ""
          },
          {
            "type": "WebSearchItem",
            "query": "site:mv.gov.cz \"391 009\" \"ČTVRTLETNÍ ZPRÁVA\" migraci"
          },
          {
            "type": "AgentMessageItem",
            "text": "I’ve narrowed the set to the sources worth carrying forward into drafting: mainly official MVČR quarterly migration reports plus two tier-1 media items for near-real-time February figures. I’m recording replacements and removals explicitly so the next step can cite the strongest links only."
          },
          {
            "type": "FileChangeItem"
          },
          {
            "type": "AgentMessageItem",
            "text": "The refined source set is written. I’m doing one last read to make sure the replacements are explicit enough and that the summary clearly states there’s full coverage for the only non-trivial sub-claim."
          },
          {
            "type": "CommandExecutionItem",
            "command": "/bin/bash -lc \"sed -n '1,320p' work/refined_sources.md\"",
            "exit_code": 0
          },
          {
            "type": "AgentMessageItem",
            "text": "Refinovaný seznam jsem zapsal do [work/refined_sources.md](/home/vilo/demagog/fact_check_v2/experiments/v2_gpt-5.4_20260402_164100/id24687/work/refined_sources.md).\n\nVýsledek je zúžený na pět použitelných zdrojů: tři přímé oficiální dokumenty MVČR a dva tier-1 mediální zdroje pro únorové údaje blízké datu výroku. Slabší nebo duplicitní položky jsem v souboru označil jako `replaced` nebo `removed`, včetně důvodu a náhrady."
          }
        ]
      }
    },
    {
      "file": "step4_draft_log.json",
      "content": {
        "step": "step4_draft",
        "elapsed_seconds": 46.8,
        "prompt_length": 1887,
        "input_tokens": 1001256,
        "cached_input_tokens": 689792,
        "output_tokens": 25817,
        "web_searches": 0,
        "final_response": "Draft jsem zapsal do [work/draft.md](/home/vilo/demagog/fact_check_v2/experiments/v2_gpt-5.4_20260402_164100/id24687/work/draft.md).\n\nDrží se jen zdrojů z `work/refined_sources.md`, má perex pod limitem, čtyři krátké odstavce v HTML a staví verdikt na charitativní, ale v kontextu obhajitelné interpretaci výroku jako odkazu na uprchlíky s dočasnou ochranou.",
        "items": [
          {
            "type": "AgentMessageItem",
            "text": "I’ve got the source picture. Before drafting, I’m re-reading the style guide and two sample reports to match Demagog’s tone and paragraph structure, then I’ll write the report in HTML to `work/draft.md`."
          },
          {
            "type": "CommandExecutionItem",
            "command": "/bin/bash -lc \"sed -n '1,220p' work/refined_sources.md\"",
            "exit_code": 0
          },
          {
            "type": "CommandExecutionItem",
            "command": "/bin/bash -lc \"sed -n '1,220p' work/claim_interpretation.md\"",
            "exit_code": 0
          },
          {
            "type": "CommandExecutionItem",
            "command": "/bin/bash -lc \"sed -n '1,220p' guides/examples.txt\"",
            "exit_code": 0
          },
          {
            "type": "AgentMessageItem",
            "text": "I have the structure. I’m writing a short Demagog-style draft that acknowledges the wording ambiguity, separates “všichni Ukrajinci v ČR” from “uprchlíci s dočasnou ochranou,” and resolves it using the interview context."
          },
          {
            "type": "FileChangeItem"
          },
          {
            "type": "AgentMessageItem",
            "text": "The draft is in place. I’m doing a final pass for the Demagog-specific constraints: short paragraphs, link placement on key words, no extra verdict mentions, and no sourcing outside `refined_sources.md`."
          },
          {
            "type": "CommandExecutionItem",
            "command": "/bin/bash -lc \"sed -n '1,220p' work/draft.md\"",
            "exit_code": 0
          },
          {
            "type": "AgentMessageItem",
            "text": "Draft jsem zapsal do [work/draft.md](/home/vilo/demagog/fact_check_v2/experiments/v2_gpt-5.4_20260402_164100/id24687/work/draft.md).\n\nDrží se jen zdrojů z `work/refined_sources.md`, má perex pod limitem, čtyři krátké odstavce v HTML a staví verdikt na charitativní, ale v kontextu obhajitelné interpretaci výroku jako odkazu na uprchlíky s dočasnou ochranou."
          }
        ]
      }
    },
    {
      "file": "step5_verify_log.json",
      "content": {
        "step": "step5_verify",
        "elapsed_seconds": 104.3,
        "prompt_length": 1226,
        "input_tokens": 1524079,
        "cached_input_tokens": 1144832,
        "output_tokens": 33326,
        "web_searches": 11,
        "final_response": "Ověření jsem zapsal do [work/verification.md](/home/vilo/demagog/fact_check_v2/experiments/v2_gpt-5.4_20260402_164100/id24687/work/verification.md).\n\nBěhem kontroly jsem našel jeden konkrétní problém: u citací z PDF chyběly odkazy na strany. To jsem opravil přímo v [work/draft.md](/home/vilo/demagog/fact_check_v2/experiments/v2_gpt-5.4_20260402_164100/id24687/work/draft.md). Po opravě prošly všechny položky checklistu a `verification.md` končí `## Result: PASS`.",
        "items": [
          {
            "type": "AgentMessageItem",
            "text": "I’m running the draft against the verification checklist now. I’ll spot-check the cited links directly and only patch the draft if a specific checklist item actually fails."
          },
          {
            "type": "CommandExecutionItem",
            "command": "/bin/bash -lc \"sed -n '1,220p' work/draft.md\"",
            "exit_code": 0
          },
          {
            "type": "CommandExecutionItem",
            "command": "/bin/bash -lc \"sed -n '1,240p' guides/verification_checklist.md\"",
            "exit_code": 0
          },
          {
            "type": "CommandExecutionItem",
            "command": "/bin/bash -lc \"sed -n '1,220p' guides/source_ranking.csv\"",
            "exit_code": 0
          },
          {
            "type": "WebSearchItem",
            "query": ""
          },
          {
            "type": "WebSearchItem",
            "query": ""
          },
          {
            "type": "WebSearchItem",
            "query": "https://mv.gov.cz/migration/ViewFile.aspx?docid=22551132"
          },
          {
            "type": "WebSearchItem",
            "query": "'593 922' in https://mv.gov.cz/migrace/soubor/ctvrtletni-zprava-o-migraci-iii-2025.aspx"
          },
          {
            "type": "WebSearchItem",
            "query": "'držitelů dočasné ochrany' in https://mv.gov.cz/SCRIPT/ViewFile.aspx?docid=22528872"
          },
          {
            "type": "WebSearchItem",
            "query": "https://www.irozhlas.cz/zpravy-domov/cesko-dalo-na-davky-a-pomoc-uprchlikum-z-ukrajiny-pres-62-miliard-vetsina-penez_2502230720_mst"
          },
          {
            "type": "WebSearchItem",
            "query": "'398.000' in https://www.ceskenoviny.cz/zpravy/organizace-loni-pomohly-880000-ukrajincu-cesi-vybrali-od-invaze-34-mld-kc/2788120"
          },
          {
            "type": "AgentMessageItem",
            "text": "I found one concrete issue: the PDF citations in the draft were missing page references. I’m patching only those citations now, then I’ll complete the checklist with the link spot-check results."
          },
          {
            "type": "FileChangeItem"
          },
          {
            "type": "WebSearchItem",
            "query": "https://www.irozhlas.cz/zpravy-domov/cesko-dalo-na-davky-a-pomoc-uprchlikum-z-ukrajiny-pres-62-miliard-vetsina-penez_2502230720_mst"
          },
          {
            "type": "WebSearchItem",
            "query": "'612 953'"
          },
          {
            "type": "WebSearchItem",
            "query": "https://mv.gov.cz/migration/ViewFile.aspx?docid=22551132"
          },
          {
            "type": "WebSearchItem",
            "query": "'391 009' in https://mv.gov.cz/migrace/soubor/ctvrtletni-zprava-o-migraci-iii-2025.aspx"
          },
          {
            "type": "AgentMessageItem",
            "text": "I fixed the only substantive checklist failure by adding page references to the PDF citations. I’m writing the full verification log now, including the three link spot-checks I actually opened and matched against the cited claims."
          },
          {
            "type": "FileChangeItem"
          },
          {
            "type": "AgentMessageItem",
            "text": "The checklist is complete and all items pass after the PDF citation fix. I’m doing a quick readback of `work/verification.md` and the patched draft so this step closes cleanly."
          },
          {
            "type": "CommandExecutionItem",
            "command": "/bin/bash -lc \"sed -n '1,260p' work/verification.md\"",
            "exit_code": 0
          },
          {
            "type": "CommandExecutionItem",
            "command": "/bin/bash -lc \"sed -n '1,220p' work/draft.md\"",
            "exit_code": 0
          },
          {
            "type": "AgentMessageItem",
            "text": "Ověření jsem zapsal do [work/verification.md](/home/vilo/demagog/fact_check_v2/experiments/v2_gpt-5.4_20260402_164100/id24687/work/verification.md).\n\nBěhem kontroly jsem našel jeden konkrétní problém: u citací z PDF chyběly odkazy na strany. To jsem opravil přímo v [work/draft.md](/home/vilo/demagog/fact_check_v2/experiments/v2_gpt-5.4_20260402_164100/id24687/work/draft.md). Po opravě prošly všechny položky checklistu a `verification.md` končí `## Result: PASS`."
          }
        ]
      }
    },
    {
      "file": "step6_finalize_log.json",
      "content": {
        "step": "step6_finalize",
        "elapsed_seconds": 26.1,
        "prompt_length": 313,
        "input_tokens": 1829763,
        "cached_input_tokens": 1435904,
        "output_tokens": 34947,
        "web_searches": 0,
        "final_response": "Výstup je uložen v [output/report.md](/home/vilo/demagog/fact_check_v2/experiments/v2_gpt-5.4_20260402_164100/id24687/output/report.md).",
        "items": [
          {
            "type": "AgentMessageItem",
            "text": "I’m finalizing the artifact now: first confirming `work/verification.md` ends with `## Result: PASS`, then I’ll copy the verified draft into `output/report.md` under the required headings with the original claim text."
          },
          {
            "type": "CommandExecutionItem",
            "command": "/bin/bash -lc 'tail -n 5 work/verification.md'",
            "exit_code": 0
          },
          {
            "type": "CommandExecutionItem",
            "command": "/bin/bash -lc \"sed -n '1,220p' metadata.json\"",
            "exit_code": 0
          },
          {
            "type": "CommandExecutionItem",
            "command": "/bin/bash -lc \"sed -n '1,220p' work/draft.md\"",
            "exit_code": 0
          },
          {
            "type": "AgentMessageItem",
            "text": "`work/verification.md` ends with `## Result: PASS`. I’m writing the finalized deliverable to `output/report.md` now with the original claim and the verified report body."
          },
          {
            "type": "FileChangeItem"
          },
          {
            "type": "AgentMessageItem",
            "text": "Výstup je uložen v [output/report.md](/home/vilo/demagog/fact_check_v2/experiments/v2_gpt-5.4_20260402_164100/id24687/output/report.md)."
          }
        ]
      }
    }
  ]
}