{
  "claim_id": "24717",
  "split": "v2",
  "source_experiment": "v2_gpt-5.4_20260421_113102",
  "source_md": "fact_check_v2/experiments/v2_gpt-5.4_20260421_113102/reports/report24717.md",
  "step_logs": [
    {
      "file": "step1_interpret_log.json",
      "content": {
        "step": "step1_interpret",
        "elapsed_seconds": 61.3,
        "prompt_length": 4489,
        "input_tokens": 129712,
        "cached_input_tokens": 91136,
        "output_tokens": 3466,
        "web_searches": 3,
        "final_response": "Analýzu jsem zapsal do [work/claim_interpretation.md](/home/vilo/demagog/fact_check_v2/experiments/v2_gpt-5.4_20260421_113102/id24717/work/claim_interpretation.md).\n\nPro další krok je nastavená pracovní interpretace, že Talíř mluví o souhrnném týdenním dosahu regionálních stanic Českého rozhlasu, což odpovídá i tomu, jak Český rozhlas podobná data veřejně publikuje; datum výroku je 17. dubna 2026. ",
        "items": [
          {
            "type": "ErrorItem"
          },
          {
            "type": "AgentMessageItem",
            "text": "Vyložím nejprve přesné zadání a ověřím datum i kontext výroku ve zdrojovém pořadu, abych zvolil nejpravděpodobnější interpretaci. Pak zapíšu strukturovanou analýzu do `work/claim_interpretation.md`."
          },
          {
            "type": "WebSearchItem",
            "query": "site:plus.rozhlas.cz koncesionářské poplatky jsou zastaralé platí je hlavně senioři zní z SPD opozice 9610185"
          },
          {
            "type": "WebSearchItem",
            "query": "https://plus.rozhlas.cz/koncesionarske-poplatky-jsou-zastarale-plati-je-hlavne-seniori-zni-z-spd-opozice-9610185"
          },
          {
            "type": "WebSearchItem",
            "query": "'milion posluchačů týdně' in https://plus.rozhlas.cz/koncesionarske-poplatky-jsou-zastarale-plati-je-hlavne-seniori-zni-z-spd-opozice-9610185"
          },
          {
            "type": "AgentMessageItem",
            "text": "Mám potvrzené datum výroku i přepis relevantní pasáže. Teď doplním pracovní interpretaci tak, aby v dalším kroku bylo jasné, že jde nejspíš o souhrnný týdenní dosah regionálních stanic Českého rozhlasu, ne o jednu konkrétní stanici."
          },
          {
            "type": "CommandExecutionItem",
            "command": "/bin/bash -lc pwd",
            "exit_code": 0
          },
          {
            "type": "CommandExecutionItem",
            "command": "/bin/bash -lc \"rg --files work output . | sed 's#\"'^./##'\"' | sort\"",
            "exit_code": 0
          },
          {
            "type": "AgentMessageItem",
            "text": "Zapíšu teď interpretaci do pracovního souboru a nastavím důkazní rámec pro další krok: přesné datum výroku, rozumné časové okno a vyhledávací dotazy k oficiálním datům Radioprojektu."
          },
          {
            "type": "CommandExecutionItem",
            "command": "/bin/bash -lc 'mkdir -p work'",
            "exit_code": 0
          },
          {
            "type": "CompatFileChangeItem"
          },
          {
            "type": "AgentMessageItem",
            "text": "Soubor je vytvořený. Ještě zkontroluji, že v něm jsou správně zapsané interpretace a časové omezení, aby další krok mohl rovnou navázat."
          },
          {
            "type": "CommandExecutionItem",
            "command": "/bin/bash -lc \"sed -n '1,240p' work/claim_interpretation.md\"",
            "exit_code": 0
          },
          {
            "type": "AgentMessageItem",
            "text": "Analýzu jsem zapsal do [work/claim_interpretation.md](/home/vilo/demagog/fact_check_v2/experiments/v2_gpt-5.4_20260421_113102/id24717/work/claim_interpretation.md).\n\nPro další krok je nastavená pracovní interpretace, že Talíř mluví o souhrnném týdenním dosahu regionálních stanic Českého rozhlasu, což odpovídá i tomu, jak Český rozhlas podobná data veřejně publikuje; datum výroku je 17. dubna 2026. "
          }
        ]
      }
    },
    {
      "file": "step2_search_log.json",
      "content": {
        "step": "step2_search",
        "elapsed_seconds": 130.2,
        "prompt_length": 1771,
        "input_tokens": 396623,
        "cached_input_tokens": 226688,
        "output_tokens": 10538,
        "web_searches": 14,
        "final_response": "Zdroje jsem zapsal do [work/raw_sources.md](/home/vilo/demagog/fact_check_v2/experiments/v2_gpt-5.4_20260421_113102/id24717/work/raw_sources.md).\n\nSoubor obsahuje podpůrné i problematizační podklady: starší oficiální data ČRo z 15. května 2024 uvádějí u regionálních stanic 761 tisíc týdenních posluchačů, zatímco po přechodu Radioprojektu na hybridní měření oficiální materiály ČRo z roku 2025 a 2026 uvádějí zhruba 1,109 až 1,167 milionu týdně; doplnil jsem i zdroje vysvětlující metodickou změnu, protože je pro další hodnocení zásadní. ([informace.rozhlas.cz](https://informace.rozhlas.cz/poslechovost-stanic-ceskeho-rozhlasu-je-na-vzestupu-9235114))",
        "items": [
          {
            "type": "ErrorItem"
          },
          {
            "type": "AgentMessageItem",
            "text": "Nejprve načtu interpretaci z předchozího kroku a pak projdu primární zdroje k poslechovosti Českého rozhlasu, hlavně výsledky Radioprojektu a materiály samotného ČRo. Záměrně dohledám i možné rozporné nebo metodicky problematické zdroje."
          },
          {
            "type": "CommandExecutionItem",
            "command": "/bin/bash -lc \"sed -n '1,220p' work/claim_interpretation.md\"",
            "exit_code": 0
          },
          {
            "type": "WebSearchItem",
            "query": "site:informace.rozhlas.cz \"regionální stanice ČRo\" \"týdenní dosah\""
          },
          {
            "type": "WebSearchItem",
            "query": "site:informace.rozhlas.cz Radioprojekt regionální stanice ČRo 2024 týdenní dosah"
          },
          {
            "type": "WebSearchItem",
            "query": "https://informace.rozhlas.cz/novy-radioprojekt-prinesl-vyrazne-navyseni-tydenniho-dosahu-vysilani-ceskeho-9449518"
          },
          {
            "type": "WebSearchItem",
            "query": "\"Regionální stanice\" \"ČRo\" \"týdenní\" \"2024\" \"1. pololetí\""
          },
          {
            "type": "WebSearchItem",
            "query": "https://informace.rozhlas.cz/novy-radioprojekt-prinesl-vyrazne-navyseni-tydenniho-dosahu-vysilani-ceskeho-9449518"
          },
          {
            "type": "WebSearchItem",
            "query": "'2025' in https://informace.rozhlas.cz/novy-radioprojekt-prinesl-vyrazne-navyseni-tydenniho-dosahu-vysilani-ceskeho-9449518"
          },
          {
            "type": "WebSearchItem",
            "query": "https://informace.rozhlas.cz/cesky-rozhlas-drzi-rekordni-pozici-na-trhu-7973007"
          },
          {
            "type": "WebSearchItem",
            "query": "'Regionální stanice' in https://informace.rozhlas.cz/radiozurnal-je-v-dennim-poslechu-znovu-nejposlouchanejsi-stanici-rekordni-9596762"
          },
          {
            "type": "WebSearchItem",
            "query": "https://rada.rozhlas.cz/sites/default/files/documents/6271a1b7a6a77f0b87f62b90b20bb620.pdf"
          },
          {
            "type": "WebSearchItem",
            "query": "site:digital.rozhlas.cz regionální stanice 763 týdenní posluchačů"
          },
          {
            "type": "WebSearchItem",
            "query": "https://informace.rozhlas.cz/poslechovost-stanic-ceskeho-rozhlasu-je-na-vzestupu-9235114"
          },
          {
            "type": "WebSearchItem",
            "query": "https://www.mediaguru.cz/clanky/2025/04/nova-data-nejposlouchanejsi-jsou-radiozurnal-impuls-i-blanik/"
          },
          {
            "type": "WebSearchItem",
            "query": "'2025' in https://informace.rozhlas.cz/radiozurnal-zustava-v-dennim-poslechu-jednickou-na-trhu-9537430"
          },
          {
            "type": "WebSearchItem",
            "query": "'2024' in https://informace.rozhlas.cz/poslechovost-stanic-ceskeho-rozhlasu-je-na-vzestupu-9235114"
          },
          {
            "type": "AgentMessageItem",
            "text": "Mám dost podkladů z oficiálních stránek ČRo, Radioprojektu a jednoho oborového média k metodice. Teď je zapíšu do `work/raw_sources.md` tak, aby bylo vidět i to, že starší data z roku 2024 ukazují nižší týdenní zásah a že srovnání komplikuje přechod na hybridní měření."
          },
          {
            "type": "CompatFileChangeItem"
          },
          {
            "type": "AgentMessageItem",
            "text": "Zdrojový soubor je zapsaný. Ještě ho rychle kontroluji, hlavně že každý záznam obsahuje datum, vztah k dílčím tvrzením a jasné odlišení mezi podporou a metodickým kontextem."
          },
          {
            "type": "CommandExecutionItem",
            "command": "/bin/bash -lc \"sed -n '1,260p' work/raw_sources.md\"",
            "exit_code": 0
          },
          {
            "type": "AgentMessageItem",
            "text": "Zdroje jsem zapsal do [work/raw_sources.md](/home/vilo/demagog/fact_check_v2/experiments/v2_gpt-5.4_20260421_113102/id24717/work/raw_sources.md).\n\nSoubor obsahuje podpůrné i problematizační podklady: starší oficiální data ČRo z 15. května 2024 uvádějí u regionálních stanic 761 tisíc týdenních posluchačů, zatímco po přechodu Radioprojektu na hybridní měření oficiální materiály ČRo z roku 2025 a 2026 uvádějí zhruba 1,109 až 1,167 milionu týdně; doplnil jsem i zdroje vysvětlující metodickou změnu, protože je pro další hodnocení zásadní. ([informace.rozhlas.cz](https://informace.rozhlas.cz/poslechovost-stanic-ceskeho-rozhlasu-je-na-vzestupu-9235114))"
          }
        ]
      }
    },
    {
      "file": "step3_refine_log.json",
      "content": {
        "step": "step3_refine",
        "elapsed_seconds": 126.1,
        "prompt_length": 2274,
        "input_tokens": 632547,
        "cached_input_tokens": 382208,
        "output_tokens": 18354,
        "web_searches": 7,
        "final_response": "Refinovaný seznam jsem zapsal do [work/refined_sources.md](/home/vilo/demagog/fact_check_v2/experiments/v2_gpt-5.4_20260421_113102/id24717/work/refined_sources.md).\n\nJako hlavní důkazní základ zůstaly první-stranové materiály Českého rozhlasu: starší kontrastní údaj 761 tisíc týdně z 15. května 2024, potom 1,114 milionu z 9. dubna 2025, 1,109 milionu u „souhrnu regionálních stanic“ z 28. května 2025 a 1,167 milionu z 8. ledna 2026. Sekundární články z MediaGuru jsem nahradil primárními zdroji a přímým dokumentem Radioprojektu z webu MEDIAN; u komerčních profilů ČRo jsem doplnil, že jsou použitelné jen podpůrně. ([informace.rozhlas.cz](https://informace.rozhlas.cz/novy-radioprojekt-prinesl-vyrazne-navyseni-tydenniho-dosahu-vysilani-ceskeho-9449518))",
        "items": [
          {
            "type": "ErrorItem"
          },
          {
            "type": "AgentMessageItem",
            "text": "Nejprve porovnám sesbírané zdroje s rankingem domén a ověřím, které z nich mají zůstat jako důkazní základ. Pak případně nahradím média přímými primárními zdroji a doplním poznámky o metodických a časových limitech."
          },
          {
            "type": "CommandExecutionItem",
            "command": "/bin/bash -lc \"sed -n '1,260p' work/raw_sources.md\"",
            "exit_code": 0
          },
          {
            "type": "CommandExecutionItem",
            "command": "/bin/bash -lc \"sed -n '1,260p' work/claim_interpretation.md\"",
            "exit_code": 0
          },
          {
            "type": "CommandExecutionItem",
            "command": "/bin/bash -lc \"sed -n '1,260p' guides/source_ranking.csv\"",
            "exit_code": 0
          },
          {
            "type": "WebSearchItem",
            "query": "site:radioprojekt.cz metodika hybridní měření Radioprojekt 2025"
          },
          {
            "type": "WebSearchItem",
            "query": "https://www.median.eu/cs/wp-content/uploads/2025/05/Tiskova_zprava_Radioprojekt_1kv_2025.pdf"
          },
          {
            "type": "WebSearchItem",
            "query": "'1167' in https://www.median.eu/cs/wp-content/uploads/2025/11/RP_prezentace_3kv_2025_03.pdf"
          },
          {
            "type": "WebSearchItem",
            "query": "https://informace.rozhlas.cz/poslechovost-stanic-ceskeho-rozhlasu-je-na-vzestupu-9235114"
          },
          {
            "type": "WebSearchItem",
            "query": "https://informace.rozhlas.cz/radiozurnal-zustava-v-dennim-poslechu-jednickou-na-trhu-9537430"
          },
          {
            "type": "WebSearchItem",
            "query": "https://informace.rozhlas.cz/cesky-rozhlas-navysil-podil-na-rozhlasovem-trhu-radiozurnal-zustava-jednickou-na-9483157"
          },
          {
            "type": "WebSearchItem",
            "query": "https://informace.rozhlas.cz/novy-radioprojekt-prinesl-vyrazne-navyseni-tydenniho-dosahu-vysilani-ceskeho-9449518"
          },
          {
            "type": "AgentMessageItem",
            "text": "Refinuji seznam na skutečně nosné zdroje. Vyhazuji sekundární články tam, kde totéž říká přímo Český rozhlas nebo oficiální dokument Radioprojektu, a u komerčních profilů ČRo doplním poznámku, že jsou použitelné jen podpůrně."
          },
          {
            "type": "CompatFileChangeItem"
          },
          {
            "type": "AgentMessageItem",
            "text": "Refinovaný seznam je zapsaný. Ještě ověřím, že summary správně označuje hlavní důkazní zdroje a že u nahrazených položek jsou jasně uvedené náhrady."
          },
          {
            "type": "CommandExecutionItem",
            "command": "/bin/bash -lc \"sed -n '1,320p' work/refined_sources.md\"",
            "exit_code": 0
          },
          {
            "type": "AgentMessageItem",
            "text": "Refinovaný seznam jsem zapsal do [work/refined_sources.md](/home/vilo/demagog/fact_check_v2/experiments/v2_gpt-5.4_20260421_113102/id24717/work/refined_sources.md).\n\nJako hlavní důkazní základ zůstaly první-stranové materiály Českého rozhlasu: starší kontrastní údaj 761 tisíc týdně z 15. května 2024, potom 1,114 milionu z 9. dubna 2025, 1,109 milionu u „souhrnu regionálních stanic“ z 28. května 2025 a 1,167 milionu z 8. ledna 2026. Sekundární články z MediaGuru jsem nahradil primárními zdroji a přímým dokumentem Radioprojektu z webu MEDIAN; u komerčních profilů ČRo jsem doplnil, že jsou použitelné jen podpůrně. ([informace.rozhlas.cz](https://informace.rozhlas.cz/novy-radioprojekt-prinesl-vyrazne-navyseni-tydenniho-dosahu-vysilani-ceskeho-9449518))"
          }
        ]
      }
    },
    {
      "file": "step4_draft_log.json",
      "content": {
        "step": "step4_draft",
        "elapsed_seconds": 76.0,
        "prompt_length": 2388,
        "input_tokens": 991103,
        "cached_input_tokens": 713856,
        "output_tokens": 23091,
        "web_searches": 0,
        "final_response": "Draft jsem zapsal do [work/draft.md](/home/vilo/demagog/fact_check_v2/experiments/v2_gpt-5.4_20260421_113102/id24717/work/draft.md).\n\nText míří k verdiktu `pravda`: stojí hlavně na tom, že Český rozhlas před datem výroku uváděl u souhrnu regionálních stanic týdenní dosah 1,109 milionu a později 1,167 milionu posluchačů, přičemž zároveň vysvětluje změny metodiky Radioprojektu. ([informace.rozhlas.cz](https://informace.rozhlas.cz/cesky-rozhlas-navysil-podil-na-rozhlasovem-trhu-radiozurnal-zustava-jednickou-na-9483157))",
        "items": [
          {
            "type": "ErrorItem"
          },
          {
            "type": "AgentMessageItem",
            "text": "Nejprve načtu stylová pravidla a dva vzorové texty, abych draft držel v přesném formátu Demagogu. Pak z refinovaných zdrojů složím stručný report s jedním jasným verdiktem."
          },
          {
            "type": "CommandExecutionItem",
            "command": "/bin/bash -lc \"sed -n '1,260p' guides/style_guide.md\"",
            "exit_code": 0
          },
          {
            "type": "CommandExecutionItem",
            "command": "/bin/bash -lc \"sed -n '1,220p' work/claim_interpretation.md\"",
            "exit_code": 0
          },
          {
            "type": "CommandExecutionItem",
            "command": "/bin/bash -lc \"sed -n '1,240p' guides/examples.txt\"",
            "exit_code": 0
          },
          {
            "type": "CommandExecutionItem",
            "command": "/bin/bash -lc \"sed -n '1,320p' work/refined_sources.md\"",
            "exit_code": 0
          },
          {
            "type": "AgentMessageItem",
            "text": "Sepisuji draft v demagogovém formátu. Verdikt stavím na tom, že oficiální údaje ČRo před datem výroku uvádějí u souhrnu regionálních stanic týdenní dosah nad jedním milionem a zároveň je potřeba stručně vysvětlit změnu metodiky."
          },
          {
            "type": "CompatFileChangeItem"
          },
          {
            "type": "AgentMessageItem",
            "text": "Draft je zapsaný. Zkontroluji ještě perex, délku odstavců a to, že verdikt padá jen jednou v závěru."
          },
          {
            "type": "CommandExecutionItem",
            "command": "/bin/bash -lc \"sed -n '1,240p' work/draft.md\"",
            "exit_code": 0
          },
          {
            "type": "AgentMessageItem",
            "text": "Upravuji ještě draft tak, aby v těle nezůstala necitovaná kontextová věta a aby první zmínka o politikovi byla v plném tvaru. Přidám i oporu do perexu."
          },
          {
            "type": "CompatFileChangeItem"
          },
          {
            "type": "AgentMessageItem",
            "text": "Draft je upravený. Ještě jednou ho čtu jako finální kontrolu stylu a citací."
          },
          {
            "type": "CommandExecutionItem",
            "command": "/bin/bash -lc \"sed -n '1,240p' work/draft.md\"",
            "exit_code": 0
          },
          {
            "type": "AgentMessageItem",
            "text": "Draft jsem zapsal do [work/draft.md](/home/vilo/demagog/fact_check_v2/experiments/v2_gpt-5.4_20260421_113102/id24717/work/draft.md).\n\nText míří k verdiktu `pravda`: stojí hlavně na tom, že Český rozhlas před datem výroku uváděl u souhrnu regionálních stanic týdenní dosah 1,109 milionu a později 1,167 milionu posluchačů, přičemž zároveň vysvětluje změny metodiky Radioprojektu. ([informace.rozhlas.cz](https://informace.rozhlas.cz/cesky-rozhlas-navysil-podil-na-rozhlasovem-trhu-radiozurnal-zustava-jednickou-na-9483157))"
          }
        ]
      }
    },
    {
      "file": "step5_verify_log.json",
      "content": {
        "step": "step5_verify",
        "elapsed_seconds": 84.0,
        "prompt_length": 1226,
        "input_tokens": 1373643,
        "cached_input_tokens": 1076224,
        "output_tokens": 28471,
        "web_searches": 1,
        "final_response": "Ověření jsem zapsal do [work/verification.md](/home/vilo/demagog/fact_check_v2/experiments/v2_gpt-5.4_20260421_113102/id24717/work/verification.md).\n\nBěhem kontroly jsem v [work/draft.md](/home/vilo/demagog/fact_check_v2/experiments/v2_gpt-5.4_20260421_113102/id24717/work/draft.md) doplnil stranu u PDF a stručně vysvětlil metodické pojmy. Po opravě prošly všechny položky checklistu, takže výsledek je `PASS`.",
        "items": [
          {
            "type": "ErrorItem"
          },
          {
            "type": "AgentMessageItem",
            "text": "Nejprve projdu checklist bod po bodu a spot-checknu odkazy proti citovaným údajům. Pokud něco neprojde, opravím jen konkrétní místo v draftu a znovu přehodnotím selhané body."
          },
          {
            "type": "CommandExecutionItem",
            "command": "/bin/bash -lc \"sed -n '1,260p' guides/verification_checklist.md\"",
            "exit_code": 0
          },
          {
            "type": "CommandExecutionItem",
            "command": "/bin/bash -lc \"sed -n '1,260p' guides/style_guide.md\"",
            "exit_code": 0
          },
          {
            "type": "CommandExecutionItem",
            "command": "/bin/bash -lc \"sed -n '1,240p' work/draft.md\"",
            "exit_code": 0
          },
          {
            "type": "CommandExecutionItem",
            "command": "/bin/bash -lc \"sed -n '1,260p' guides/source_ranking.csv\"",
            "exit_code": 0
          },
          {
            "type": "WebSearchItem",
            "query": "https://informace.rozhlas.cz/cesky-rozhlas-navysil-podil-na-rozhlasovem-trhu-radiozurnal-zustava-jednickou-na-9483157"
          },
          {
            "type": "AgentMessageItem",
            "text": "V draftu ještě opravím dvě malé věci, které by v checklistu byly hraniční: doplním stránku u PDF a vysvětlím metodické pojmy přímo v textu. Zároveň přepíšu jednu formulaci do objektivnější podoby."
          },
          {
            "type": "CompatFileChangeItem"
          },
          {
            "type": "AgentMessageItem",
            "text": "Opravy jsou hotové. Teď zapíšu samotné ověření proti checklistu a zohledním i spot-check tří odkazů, které jsem už proti zdrojům otevřel."
          },
          {
            "type": "CommandExecutionItem",
            "command": "/bin/bash -lc \"sed -n '1,240p' work/draft.md\"",
            "exit_code": 0
          },
          {
            "type": "CompatFileChangeItem"
          },
          {
            "type": "AgentMessageItem",
            "text": "Ověření jsem zapsal do [work/verification.md](/home/vilo/demagog/fact_check_v2/experiments/v2_gpt-5.4_20260421_113102/id24717/work/verification.md).\n\nBěhem kontroly jsem v [work/draft.md](/home/vilo/demagog/fact_check_v2/experiments/v2_gpt-5.4_20260421_113102/id24717/work/draft.md) doplnil stranu u PDF a stručně vysvětlil metodické pojmy. Po opravě prošly všechny položky checklistu, takže výsledek je `PASS`."
          }
        ]
      }
    },
    {
      "file": "step6_finalize_log.json",
      "content": {
        "step": "step6_finalize",
        "elapsed_seconds": 27.5,
        "prompt_length": 313,
        "input_tokens": 1683969,
        "cached_input_tokens": 1377920,
        "output_tokens": 30172,
        "web_searches": 0,
        "final_response": "Vytvořil jsem [output/report.md](/home/vilo/demagog/fact_check_v2/experiments/v2_gpt-5.4_20260421_113102/id24717/output/report.md).",
        "items": [
          {
            "type": "ErrorItem"
          },
          {
            "type": "AgentMessageItem",
            "text": "Nejprve ověřím, že verifikace skutečně končí `## Result: PASS`, a potom přenesu finální draft do `output/report.md` v požadovaném obalu."
          },
          {
            "type": "CommandExecutionItem",
            "command": "/bin/bash -lc 'tail -n 5 work/verification.md'",
            "exit_code": 0
          },
          {
            "type": "CommandExecutionItem",
            "command": "/bin/bash -lc \"sed -n '1,240p' work/draft.md\"",
            "exit_code": 0
          },
          {
            "type": "AgentMessageItem",
            "text": "Verifikace končí `PASS`. Teď vytvářím finální výstupní soubor v `output/report.md` přesně s původním zněním výroku a ověřeným reportem."
          },
          {
            "type": "CommandExecutionItem",
            "command": "/bin/bash -lc 'mkdir -p output'",
            "exit_code": 0
          },
          {
            "type": "CompatFileChangeItem"
          },
          {
            "type": "AgentMessageItem",
            "text": "Vytvořil jsem [output/report.md](/home/vilo/demagog/fact_check_v2/experiments/v2_gpt-5.4_20260421_113102/id24717/output/report.md)."
          }
        ]
      }
    }
  ]
}