{
  "claim_id": "24681",
  "split": "v2",
  "source_experiment": "v2_gpt-5.4_20260402_164100",
  "source_md": "fact_check_v2/experiments/v2_gpt-5.4_20260402_164100/reports/report24681.md",
  "step_logs": [
    {
      "file": "step1_interpret_log.json",
      "content": {
        "step": "step1_interpret",
        "elapsed_seconds": 51.3,
        "prompt_length": 1987,
        "input_tokens": 98940,
        "cached_input_tokens": 81152,
        "output_tokens": 3180,
        "web_searches": 0,
        "final_response": "Interpretace je zapsaná v [work/claim_interpretation.md](/home/vilo/demagog/fact_check_v2/experiments/v2_gpt-5.4_20260402_164100/id24681/work/claim_interpretation.md).\n\nZvolil jsem charitativní výklad, že Rakušan netvrdí, že pohonné hmoty jsou vždy jedním z úplně nejsilnějších inflačních faktorů, ale že jde o významný proinflační faktor, zvlášť v kontextu možného cenového šoku. Datum výroku jsem určil na 19. března 2026 a pro další krok nastavil vyhledávací okno od 1. ledna 2024 do 19. března 2026.",
        "items": [
          {
            "type": "AgentMessageItem",
            "text": "I’m reading the step inputs and the workspace to locate the actual claim metadata, then I’ll write the interpretation artifact to `work/claim_interpretation.md`."
          },
          {
            "type": "CommandExecutionItem",
            "command": "/bin/bash -lc pwd",
            "exit_code": 0
          },
          {
            "type": "CommandExecutionItem",
            "command": "/bin/bash -lc 'rg --files'",
            "exit_code": 0
          },
          {
            "type": "CommandExecutionItem",
            "command": "/bin/bash -lc \"find .. -name AGENTS.md -o -path './work/*' -maxdepth 3\"",
            "exit_code": 0
          },
          {
            "type": "AgentMessageItem",
            "text": "The prompt placeholders weren’t filled inline, so I’m pulling the actual claim data from the workspace metadata before drafting the interpretation."
          },
          {
            "type": "CommandExecutionItem",
            "command": "/bin/bash -lc \"sed -n '1,220p' metadata.json\"",
            "exit_code": 0
          },
          {
            "type": "CommandExecutionItem",
            "command": "/bin/bash -lc \"sed -n '1,220p' AGENTS.md\"",
            "exit_code": 0
          },
          {
            "type": "AgentMessageItem",
            "text": "I have the claim text now. The statement is partly factual and partly fuzzy because of “jeden z těch zásadních”, so I’m pinning down the verifiable core and setting a defensible evidence window for the next step."
          },
          {
            "type": "CommandExecutionItem",
            "command": "/bin/bash -lc 'ls -la'",
            "exit_code": 0
          },
          {
            "type": "CommandExecutionItem",
            "command": "/bin/bash -lc 'mkdir -p work output && ls -la work'",
            "exit_code": 0
          },
          {
            "type": "AgentMessageItem",
            "text": "I’m writing the interpretation file now. It will isolate the factual core, flag the fuzzy wording, and give step 2 concrete source targets and search queries."
          },
          {
            "type": "FileChangeItem"
          },
          {
            "type": "CommandExecutionItem",
            "command": "/bin/bash -lc \"sed -n '1,240p' work/claim_interpretation.md\"",
            "exit_code": 0
          },
          {
            "type": "AgentMessageItem",
            "text": "Interpretace je zapsaná v [work/claim_interpretation.md](/home/vilo/demagog/fact_check_v2/experiments/v2_gpt-5.4_20260402_164100/id24681/work/claim_interpretation.md).\n\nZvolil jsem charitativní výklad, že Rakušan netvrdí, že pohonné hmoty jsou vždy jedním z úplně nejsilnějších inflačních faktorů, ale že jde o významný proinflační faktor, zvlášť v kontextu možného cenového šoku. Datum výroku jsem určil na 19. března 2026 a pro další krok nastavil vyhledávací okno od 1. ledna 2024 do 19. března 2026."
          }
        ]
      }
    },
    {
      "file": "step2_search_log.json",
      "content": {
        "step": "step2_search",
        "elapsed_seconds": 190.0,
        "prompt_length": 1693,
        "input_tokens": 346475,
        "cached_input_tokens": 194304,
        "output_tokens": 12900,
        "web_searches": 23,
        "final_response": "Zdroje jsem zapsal do [work/raw_sources.md](/home/vilo/demagog/fact_check_v2/experiments/v2_gpt-5.4_20260402_164100/id24681/work/raw_sources.md).\n\nSoubor obsahuje mix primárních zdrojů z ČSÚ a ČNB i podpůrný aktuální kontext z ČT24, ČTK/ČeskýchNovin a Seznam Zpráv, včetně zdrojů, které tvrzení spíše podporují, i těch, které ukazují opačný efekt pohonných hmot na inflaci v části období.",
        "items": [
          {
            "type": "AgentMessageItem",
            "text": "I’m reading the interpretation artifact and the source-ranking guide, then I’ll search primary sources first and collect both supporting and contrary material into `work/raw_sources.md`."
          },
          {
            "type": "CommandExecutionItem",
            "command": "/bin/bash -lc \"sed -n '1,240p' work/claim_interpretation.md\"",
            "exit_code": 0
          },
          {
            "type": "CommandExecutionItem",
            "command": "/bin/bash -lc \"sed -n '1,220p' guides/source_ranking.csv\"",
            "exit_code": 0
          },
          {
            "type": "WebSearchItem",
            "query": "site:czso.cz pohonné hmoty inflace benzín 2024 2025 ČSÚ"
          },
          {
            "type": "WebSearchItem",
            "query": "site:czso.cz inflace pohonné hmoty 2025 ČSÚ komentář"
          },
          {
            "type": "WebSearchItem",
            "query": "site:czso.cz indexy spotřebitelských cen pohonné hmoty 2025"
          },
          {
            "type": "WebSearchItem",
            "query": "site:czso.cz \"spotřebitelské ceny\" \"pohonné hmoty\" \"2026\""
          },
          {
            "type": "WebSearchItem",
            "query": "site:cnb.cz \"pohonné hmoty\" \"inflace\" \"zpráva o měnové politice\""
          },
          {
            "type": "WebSearchItem",
            "query": "site:ec.europa.eu eurostat Czechia HICP weights fuels 2025"
          },
          {
            "type": "WebSearchItem",
            "query": "site:cnb.cz cnblog pohonné hmoty inflace 2025"
          },
          {
            "type": "WebSearchItem",
            "query": "site:irozhlas.cz pohonné hmoty inflace benzín ekonom inflace 2025 2026"
          },
          {
            "type": "WebSearchItem",
            "query": "site:czso.cz \"únoru 2026\" \"pohonné hmoty\" inflace"
          },
          {
            "type": "WebSearchItem",
            "query": "\"Meziročně klesly ceny v dopravě, kde zlevnily pohonné hmoty a oleje\""
          },
          {
            "type": "WebSearchItem",
            "query": "site:czso.cz \"setreni-prumernych-cen-vybranych-vyrobku-pohonne-hmoty-a-topne-oleje-casove-rady\""
          },
          {
            "type": "WebSearchItem",
            "query": "site:irozhlas.cz analytici pohonné hmoty inflace březen 2026"
          },
          {
            "type": "WebSearchItem",
            "query": "https://www.cnb.cz/export/sites/cnb/cs/menova-politika/.galleries/zpravy_o_menove_politice/2025/jaro_2025/download/zomp_2025_jaro.pdf"
          },
          {
            "type": "WebSearchItem",
            "query": "https://www.cnb.cz/cs/verejnost/servis-pro-media/komentare-cnb-ke-zverejnenym-statistickym-udajum-o-inflaci-a-hdp/Inflace-se-v-cervnu-2024-vratila-na-2-cil-CNB?trk=public_post_comment-text"
          },
          {
            "type": "WebSearchItem",
            "query": "'2024' in https://www.cnb.cz/cs/menova-politika/zpravy-o-menove-politice/boxy-a-clanky/Neprizniva-struktura-cenoveho-rustu"
          },
          {
            "type": "WebSearchItem",
            "query": "https://www.cnb.cz/export/sites/cnb/cs/menova-politika/.galleries/zpravy_o_menove_politice/2025/jaro_2025/download/zomp_2025_jaro.pdf"
          },
          {
            "type": "WebSearchItem",
            "query": "site:ct24.ceskatelevize.cz válka Blízký východ pohonné hmoty inflace březen 2026"
          },
          {
            "type": "WebSearchItem",
            "query": "https://ct24.ceskatelevize.cz/clanek/ekonomika/inflace-v-lednu-zpomalila-na-16-procenta-byla-nejnizsi-za-devet-let-369994/"
          },
          {
            "type": "WebSearchItem",
            "query": "https://csu.gov.cz/rychle-informace/predbezny-odhad-indexu-spotrebitelskych-cen-leden-2026"
          },
          {
            "type": "WebSearchItem",
            "query": "https://csu.gov.cz/rychle-informace/predbezny-odhad-indexu-spotrebitelskych-cen-unor-2025"
          },
          {
            "type": "WebSearchItem",
            "query": "https://csu.gov.cz/rychle-informace/predbezny-odhad-indexu-spotrebitelskych-cen-unor-2026"
          },
          {
            "type": "WebSearchItem",
            "query": "https://csu.gov.cz/rychle-informace/predbezny-odhad-indexu-spotrebitelskych-cen-brezen-2025"
          },
          {
            "type": "WebSearchItem",
            "query": "https://csu.gov.cz/rychle-informace/predbezny-odhad-indexu-spotrebitelskych-cen-cerven-2025"
          },
          {
            "type": "AgentMessageItem",
            "text": "I have enough material now: official ČSÚ and ČNB sources give both sides of the picture, and I’ve added current March 2026 media/expert context around the Middle East shock. I’m writing the raw source inventory to `work/raw_sources.md`."
          },
          {
            "type": "FileChangeItem"
          },
          {
            "type": "CommandExecutionItem",
            "command": "/bin/bash -lc \"sed -n '1,260p' work/raw_sources.md\"",
            "exit_code": 0
          },
          {
            "type": "AgentMessageItem",
            "text": "Zdroje jsem zapsal do [work/raw_sources.md](/home/vilo/demagog/fact_check_v2/experiments/v2_gpt-5.4_20260402_164100/id24681/work/raw_sources.md).\n\nSoubor obsahuje mix primárních zdrojů z ČSÚ a ČNB i podpůrný aktuální kontext z ČT24, ČTK/ČeskýchNovin a Seznam Zpráv, včetně zdrojů, které tvrzení spíše podporují, i těch, které ukazují opačný efekt pohonných hmot na inflaci v části období."
          }
        ]
      }
    },
    {
      "file": "step3_refine_log.json",
      "content": {
        "step": "step3_refine",
        "elapsed_seconds": 67.7,
        "prompt_length": 2274,
        "input_tokens": 523207,
        "cached_input_tokens": 340992,
        "output_tokens": 18076,
        "web_searches": 1,
        "final_response": "Refinovaný seznam je v [work/refined_sources.md](/home/vilo/demagog/fact_check_v2/experiments/v2_gpt-5.4_20260402_164100/id24681/work/refined_sources.md).\n\nNeodstraňoval jsem žádný zdroj kvůli kvalitě, protože všechny spadají do tier 1 nebo 2. V poznámkách jsem ale odlišil silné primární důkazy od slabších kontextových zdrojů a výslovně zachytil, že pro část období existují i relevantní protiargumenty: pohonné hmoty tehdy inflaci spíše tlumily.",
        "items": [
          {
            "type": "AgentMessageItem",
            "text": "I’m validating the raw list against the ranking guide and checking which media items can stand on their own versus which should yield to primary sources. Then I’ll write a cleaned `work/refined_sources.md` with status notes per source."
          },
          {
            "type": "CommandExecutionItem",
            "command": "/bin/bash -lc \"sed -n '1,260p' work/raw_sources.md\"",
            "exit_code": 0
          },
          {
            "type": "CommandExecutionItem",
            "command": "/bin/bash -lc \"sed -n '1,220p' work/claim_interpretation.md\"",
            "exit_code": 0
          },
          {
            "type": "CommandExecutionItem",
            "command": "/bin/bash -lc \"sed -n '1,220p' guides/source_ranking.csv\"",
            "exit_code": 0
          },
          {
            "type": "WebSearchItem",
            "query": "https://www.cnb.cz/cs/verejnost/servis-pro-media/komentare-cnb-ke-zverejnenym-statistickym-udajum-o-inflaci-a-hdp/Inflace-se-v-unoru-2025-snizila-na-27-/"
          },
          {
            "type": "AgentMessageItem",
            "text": "The main cleanup point is not domain quality but evidentiary strength: several tier-1 sources are only contextual, while the ČNB materials are the stronger direct evidence on whether fuel prices were pushing or damping inflation. I’m reflecting that in the notes so the drafting step can lean on the right sources."
          },
          {
            "type": "FileChangeItem"
          },
          {
            "type": "CommandExecutionItem",
            "command": "/bin/bash -lc \"sed -n '1,320p' work/refined_sources.md\"",
            "exit_code": 0
          },
          {
            "type": "AgentMessageItem",
            "text": "Refinovaný seznam je v [work/refined_sources.md](/home/vilo/demagog/fact_check_v2/experiments/v2_gpt-5.4_20260402_164100/id24681/work/refined_sources.md).\n\nNeodstraňoval jsem žádný zdroj kvůli kvalitě, protože všechny spadají do tier 1 nebo 2. V poznámkách jsem ale odlišil silné primární důkazy od slabších kontextových zdrojů a výslovně zachytil, že pro část období existují i relevantní protiargumenty: pohonné hmoty tehdy inflaci spíše tlumily."
          }
        ]
      }
    },
    {
      "file": "step4_draft_log.json",
      "content": {
        "step": "step4_draft",
        "elapsed_seconds": 126.9,
        "prompt_length": 1887,
        "input_tokens": 821004,
        "cached_input_tokens": 619264,
        "output_tokens": 24609,
        "web_searches": 0,
        "final_response": "Draft report je zapsaný v [work/draft.md](/home/vilo/demagog/fact_check_v2/experiments/v2_gpt-5.4_20260402_164100/id24681/work/draft.md).\n\nSměřuji ho k verdiktu `zavádějící`: zdroje potvrzují, že pohonné hmoty mohou inflaci zvyšovat, zvlášť při cenovém šoku, ale oficiální materiály ČNB a ČSÚ zároveň ukazují, že v relevantní části období ji spíše tlumily.",
        "items": [
          {
            "type": "AgentMessageItem",
            "text": "I’m switching from source collection to writing mode now. First I’m reading the house style and a couple of real examples so the draft matches Demagog’s format and tone before I write `work/draft.md`."
          },
          {
            "type": "CommandExecutionItem",
            "command": "/bin/bash -lc \"sed -n '1,260p' guides/style_guide.md\"",
            "exit_code": 0
          },
          {
            "type": "CommandExecutionItem",
            "command": "/bin/bash -lc \"sed -n '1,260p' guides/examples.txt\"",
            "exit_code": 0
          },
          {
            "type": "AgentMessageItem",
            "text": "I’ve got the angle. The draft will acknowledge the real inflation channel through fuel prices, but the conclusion will hinge on the overstatement: official data show fuels were often damping inflation in the relevant period, not clearly one of its main drivers overall."
          },
          {
            "type": "FileChangeItem"
          },
          {
            "type": "CommandExecutionItem",
            "command": "/bin/bash -lc \"sed -n '1,220p' work/draft.md\"",
            "exit_code": 0
          },
          {
            "type": "AgentMessageItem",
            "text": "I spotted one avoidable weakness: the first paragraph leaned on the debate context rather than only on cited evidence. I’m tightening that now so the draft is cleaner for the verification step."
          },
          {
            "type": "FileChangeItem"
          },
          {
            "type": "AgentMessageItem",
            "text": "Draft report je zapsaný v [work/draft.md](/home/vilo/demagog/fact_check_v2/experiments/v2_gpt-5.4_20260402_164100/id24681/work/draft.md).\n\nSměřuji ho k verdiktu `zavádějící`: zdroje potvrzují, že pohonné hmoty mohou inflaci zvyšovat, zvlášť při cenovém šoku, ale oficiální materiály ČNB a ČSÚ zároveň ukazují, že v relevantní části období ji spíše tlumily."
          }
        ]
      }
    },
    {
      "file": "step5_verify_log.json",
      "content": {
        "step": "step5_verify",
        "elapsed_seconds": 88.8,
        "prompt_length": 1226,
        "input_tokens": 1131051,
        "cached_input_tokens": 891776,
        "output_tokens": 31147,
        "web_searches": 3,
        "final_response": "Ověření je zapsané v [work/verification.md](/home/vilo/demagog/fact_check_v2/experiments/v2_gpt-5.4_20260402_164100/id24681/work/verification.md).\n\nPři kontrole selhal jen jeden formální bod: u PDF citací chyběly strany. To jsem v [work/draft.md](/home/vilo/demagog/fact_check_v2/experiments/v2_gpt-5.4_20260402_164100/id24681/work/draft.md) opravil, znovu přehodnotil checklist a finální výsledek je `PASS`.",
        "items": [
          {
            "type": "AgentMessageItem",
            "text": "I’m running the draft against the verification checklist now and I’ll spot-check a few cited links directly before deciding whether anything in `work/draft.md` needs correction."
          },
          {
            "type": "CommandExecutionItem",
            "command": "/bin/bash -lc \"sed -n '1,240p' work/draft.md\"",
            "exit_code": 0
          },
          {
            "type": "CommandExecutionItem",
            "command": "/bin/bash -lc \"sed -n '1,260p' guides/verification_checklist.md\"",
            "exit_code": 0
          },
          {
            "type": "CommandExecutionItem",
            "command": "/bin/bash -lc \"sed -n '1,260p' guides/style_guide.md\"",
            "exit_code": 0
          },
          {
            "type": "CommandExecutionItem",
            "command": "/bin/bash -lc \"sed -n '1,220p' guides/source_ranking.csv\"",
            "exit_code": 0
          },
          {
            "type": "WebSearchItem",
            "query": "https://www.cnb.cz/cs/verejnost/servis-pro-media/komentare-cnb-ke-zverejnenym-statistickym-udajum-o-inflaci-a-hdp/Inflace-se-v-cervnu-2024-vratila-na-2-cil-CNB"
          },
          {
            "type": "WebSearchItem",
            "query": "'3,51 %*' in https://www.cnb.cz/export/sites/cnb/cs/menova-politika/.galleries/zpravy_o_menove_politice/2025/jaro_2025/download/zomp_2025_jaro.pdf"
          },
          {
            "type": "AgentMessageItem",
            "text": "One checklist item needs a fix: the PDF citations need page numbers. I’m correcting just those references, then I’ll record the final checklist with everything marked against the updated draft."
          },
          {
            "type": "FileChangeItem"
          },
          {
            "type": "WebSearchItem",
            "query": "'3,51 %' in https://www.cnb.cz/export/sites/cnb/cs/menova-politika/.galleries/zpravy_o_menove_politice/2025/jaro_2025/download/zomp_2025_jaro.pdf"
          },
          {
            "type": "AgentMessageItem",
            "text": "The only substantive issue was the missing page numbers for PDF citations, and that’s now fixed in the draft. I’m writing the full checklist evaluation to `work/verification.md` with the updated status."
          },
          {
            "type": "FileChangeItem"
          },
          {
            "type": "AgentMessageItem",
            "text": "Ověření je zapsané v [work/verification.md](/home/vilo/demagog/fact_check_v2/experiments/v2_gpt-5.4_20260402_164100/id24681/work/verification.md).\n\nPři kontrole selhal jen jeden formální bod: u PDF citací chyběly strany. To jsem v [work/draft.md](/home/vilo/demagog/fact_check_v2/experiments/v2_gpt-5.4_20260402_164100/id24681/work/draft.md) opravil, znovu přehodnotil checklist a finální výsledek je `PASS`."
          }
        ]
      }
    },
    {
      "file": "step6_finalize_log.json",
      "content": {
        "step": "step6_finalize",
        "elapsed_seconds": 24.5,
        "prompt_length": 313,
        "input_tokens": 1447586,
        "cached_input_tokens": 1198464,
        "output_tokens": 33103,
        "web_searches": 0,
        "final_response": "Hotovo. Finální soubor je v [output/report.md](/home/vilo/demagog/fact_check_v2/experiments/v2_gpt-5.4_20260402_164100/id24681/output/report.md).",
        "items": [
          {
            "type": "AgentMessageItem",
            "text": "I’m doing the final handoff now: first I’ll confirm the verification result is `PASS`, then I’ll copy the finalized draft into `output/report.md` with the required wrapper and the original claim text."
          },
          {
            "type": "CommandExecutionItem",
            "command": "/bin/bash -lc 'tail -n 5 work/verification.md'",
            "exit_code": 0
          },
          {
            "type": "CommandExecutionItem",
            "command": "/bin/bash -lc \"sed -n '1,220p' work/draft.md\"",
            "exit_code": 0
          },
          {
            "type": "CommandExecutionItem",
            "command": "/bin/bash -lc \"python - <<'PY'\nimport json\nwith open('metadata.json') as f:\n    data=json.load(f)\nprint(data['claim'])\nPY\"",
            "exit_code": 0
          },
          {
            "type": "AgentMessageItem",
            "text": "Verification ends with `## Result: PASS`. I’m writing the final deliverable to `output/report.md` now."
          },
          {
            "type": "FileChangeItem"
          },
          {
            "type": "CommandExecutionItem",
            "command": "/bin/bash -lc \"sed -n '1,220p' output/report.md\"",
            "exit_code": 0
          },
          {
            "type": "AgentMessageItem",
            "text": "Hotovo. Finální soubor je v [output/report.md](/home/vilo/demagog/fact_check_v2/experiments/v2_gpt-5.4_20260402_164100/id24681/output/report.md)."
          }
        ]
      }
    }
  ]
}