{
  "claim_id": "24713",
  "split": "v2",
  "source_experiment": "v2_gpt-5.4_20260421_113102",
  "source_md": "fact_check_v2/experiments/v2_gpt-5.4_20260421_113102/reports/report24713.md",
  "step_logs": [
    {
      "file": "step1_interpret_log.json",
      "content": {
        "step": "step1_interpret",
        "elapsed_seconds": 75.4,
        "prompt_length": 4300,
        "input_tokens": 138092,
        "cached_input_tokens": 95872,
        "output_tokens": 4263,
        "web_searches": 3,
        "final_response": "Interpretaci jsem zapsal do [claim_interpretation.md](/home/vilo/demagog/fact_check_v2/experiments/v2_gpt-5.4_20260421_113102/id24713/work/claim_interpretation.md).\n\nKlíčové nastavení pro další krok: jako hlavní výklad jsem zvolil, že Nerušil mluví o podílu zpravodajství a publicistiky na celkové programové produkci ČT a ČRo, nejspíš měřené vysílacím objemem; datum výroku jsem stanovil na 17. dubna 2026 podle zdrojového článku. ([plus.rozhlas.cz](https://plus.rozhlas.cz/koncesionarske-poplatky-jsou-zastarale-plati-je-hlavne-seniori-zni-z-spd-opozice-9610185))",
        "items": [
          {
            "type": "ErrorItem"
          },
          {
            "type": "AgentMessageItem",
            "text": "Nejprve si ověřím přesné znění a kontext výroku ze zdrojového článku, potom sepíšu interpretaci a plán hledání do `work/claim_interpretation.md`."
          },
          {
            "type": "WebSearchItem",
            "query": "site:plus.rozhlas.cz koncesionarske poplatky jsou zastarale plati je hlavne seniori zni z SPD opozice 9610185"
          },
          {
            "type": "WebSearchItem",
            "query": "https://plus.rozhlas.cz/koncesionarske-poplatky-jsou-zastarale-plati-je-hlavne-seniori-zni-z-spd-opozice-9610185"
          },
          {
            "type": "AgentMessageItem",
            "text": "Mám potvrzené přesné datum i formulaci výroku ze zdroje. Teď rozkládám tvrzení na ověřitelné části a připravím interpretační soubor tak, aby navazující hledání mohlo jít rovnou po primárních zdrojích."
          },
          {
            "type": "CommandExecutionItem",
            "command": "/bin/bash -lc pwd",
            "exit_code": 0
          },
          {
            "type": "CommandExecutionItem",
            "command": "/bin/bash -lc \"rg --files work output . | sed 's#\"'^./##'\"' | sort\"",
            "exit_code": 0
          },
          {
            "type": "WebSearchItem",
            "query": "site:cro.cz výroční zpráva Český rozhlas slovesná tvorba zpravodajství publicistika podíl"
          },
          {
            "type": "AgentMessageItem",
            "text": "Zapisuju interpretační soubor. Zaměřím ho na to, že klíčová ověřitelná část je podíl zpravodajství a publicistiky na celkové produkci ČT a ČRo, zatímco příklady typu archiv nebo fonotéka slouží spíš jako ilustrace zbytku činnosti, ne jako přesně měřená kategorie."
          },
          {
            "type": "CommandExecutionItem",
            "command": "/bin/bash -lc 'mkdir -p work'",
            "exit_code": 0
          },
          {
            "type": "CommandExecutionItem",
            "command": "/bin/bash -lc 'test -d work && echo work_exists'",
            "exit_code": 0
          },
          {
            "type": "CompatFileChangeItem"
          },
          {
            "type": "AgentMessageItem",
            "text": "Soubor je zapsaný. Ještě ho rychle kontroluji, aby navazující krok dostal jednoznačné datum výroku, interpretační prioritu a konkrétní seznam primárních zdrojů."
          },
          {
            "type": "CommandExecutionItem",
            "command": "/bin/bash -lc \"sed -n '1,240p' work/claim_interpretation.md\"",
            "exit_code": 0
          },
          {
            "type": "AgentMessageItem",
            "text": "Interpretaci jsem zapsal do [claim_interpretation.md](/home/vilo/demagog/fact_check_v2/experiments/v2_gpt-5.4_20260421_113102/id24713/work/claim_interpretation.md).\n\nKlíčové nastavení pro další krok: jako hlavní výklad jsem zvolil, že Nerušil mluví o podílu zpravodajství a publicistiky na celkové programové produkci ČT a ČRo, nejspíš měřené vysílacím objemem; datum výroku jsem stanovil na 17. dubna 2026 podle zdrojového článku. ([plus.rozhlas.cz](https://plus.rozhlas.cz/koncesionarske-poplatky-jsou-zastarale-plati-je-hlavne-seniori-zni-z-spd-opozice-9610185))"
          }
        ]
      }
    },
    {
      "file": "step2_search_log.json",
      "content": {
        "step": "step2_search",
        "elapsed_seconds": 250.8,
        "prompt_length": 1771,
        "input_tokens": 518395,
        "cached_input_tokens": 270336,
        "output_tokens": 15735,
        "web_searches": 25,
        "final_response": "Zdrojový sběr jsem zapsal do [raw_sources.md](/home/vilo/demagog/fact_check_v2/experiments/v2_gpt-5.4_20260421_113102/id24713/work/raw_sources.md).\n\nSoubor kombinuje podpůrné i zpochybňující podklady: na jedné straně materiály o široké nezpravodajské nabídce ČRo a o archivu, na druhé straně zdroje ukazující silné a samostatně organizované zpravodajské pilíře ČT24, Radiožurnálu, Plusu a iROZHLASu. ([ceskatelevize.cz](https://www.ceskatelevize.cz/vse-o-ct/pro-media/ct24-slavi-20-let-nejsledovanejsi-verejnopravni-zpravodajsky-program-v-evrope-provazi-divaky-v-dobrem-i-ve-zlem/))",
        "items": [
          {
            "type": "ErrorItem"
          },
          {
            "type": "AgentMessageItem",
            "text": "Teď navážu na interpretační soubor a vytáhnu širší sadu zdrojů, hlavně výroční zprávy a oficiální statistiky ČT a ČRo. Budu schválně sbírat i materiály, které Nerušilovu „pětinu“ spíš zpochybňují, ne jen podpůrné."
          },
          {
            "type": "CommandExecutionItem",
            "command": "/bin/bash -lc \"sed -n '1,220p' work/claim_interpretation.md\"",
            "exit_code": 0
          },
          {
            "type": "WebSearchItem",
            "query": "site:ceskatelevize.cz výroční zpráva o činnosti 2024 pdf zpravodajství publicistika"
          },
          {
            "type": "WebSearchItem",
            "query": "https://www.ceskatelevize.cz/vse-o-ct/hospodareni-a-financni-situace/vyrocni-zpravy/"
          },
          {
            "type": "WebSearchItem",
            "query": "'### 2024' in https://www.ceskatelevize.cz/vse-o-ct/hospodareni-a-financni-situace/vyrocni-zpravy/"
          },
          {
            "type": "WebSearchItem",
            "query": "'### 2023' in https://www.ceskatelevize.cz/vse-o-ct/hospodareni-a-financni-situace/vyrocni-zpravy/"
          },
          {
            "type": "WebSearchItem",
            "query": "https://www.ceskatelevize.cz/vse-o-ct/api/media/documents/CT-VZ2024.pdf/"
          },
          {
            "type": "WebSearchItem",
            "query": "'zpravodajství' in https://www.ceskatelevize.cz/vse-o-ct/api/media/documents/CT-VZ2024.pdf/"
          },
          {
            "type": "WebSearchItem",
            "query": ""
          },
          {
            "type": "WebSearchItem",
            "query": "https://rada.rozhlas.cz/vyrocni-zprava-ceskeho-rozhlasu-o-cinnosti-a-hospodareni-ceskeho-rozhlasu-za-rok-9505705"
          },
          {
            "type": "WebSearchItem",
            "query": ""
          },
          {
            "type": "WebSearchItem",
            "query": "\"Výroční zpráva Českého rozhlasu\" 2024 pdf \"slovesná tvorba\""
          },
          {
            "type": "WebSearchItem",
            "query": "site:ceskatelevize.cz \"V roce 2024 odvysílala\" \"zpravodajství\" \"hodin\""
          },
          {
            "type": "WebSearchItem",
            "query": "'Hry, četby, povídky' in https://informace.rozhlas.cz/sites/default/files/documents/09db47f0393d4a2af358dec59a7a6e65.pdf"
          },
          {
            "type": "WebSearchItem",
            "query": "site:informace.rozhlas.cz archivní a programové fondy Český rozhlas 2024"
          },
          {
            "type": "WebSearchItem",
            "query": "site:mujrozhlas.cz \"Hry, četby, povídky\" Český rozhlas"
          },
          {
            "type": "WebSearchItem",
            "query": "https://informace.rozhlas.cz/sites/default/files/documents/873d7272de1ea27813738251c0bfba9e.pdf"
          },
          {
            "type": "WebSearchItem",
            "query": "site:seznamzpravy.cz Česká televize zpravodajství publicistika procento vysílání 2024"
          },
          {
            "type": "WebSearchItem",
            "query": "'402 074' in https://www.ceskatelevize.cz/vse-o-ct/api/media/documents/CT-VZ2024.pdf/"
          },
          {
            "type": "WebSearchItem",
            "query": ""
          },
          {
            "type": "WebSearchItem",
            "query": "calculator: (365183+181948)/(365183+181948+690931+462648+257594+174466+115498+31375+8300+165425)"
          },
          {
            "type": "WebSearchItem",
            "query": "'Archiv a programové fondy' in https://www.ceskatelevize.cz/vse-o-ct/api/media/documents/CT-VZ2024.pdf/"
          },
          {
            "type": "WebSearchItem",
            "query": "https://www.ceskatelevize.cz/vse-o-ct/pro-media/ct24-slavi-20-let-nejsledovanejsi-verejnopravni-zpravodajsky-program-v-evrope-provazi-divaky-v-dobrem-i-ve-zlem/"
          },
          {
            "type": "WebSearchItem",
            "query": "https://www.seznamzpravy.cz/clanek/domaci-zivot-v-cesku-ceska-televize-hleda-uspory-zrejme-omezi-vyrobu-nekterych-poradu-270917"
          },
          {
            "type": "WebSearchItem",
            "query": "'Hudba tvoří zhruba polovinu' in https://informace.rozhlas.cz/sites/default/files/documents/09db47f0393d4a2af358dec59a7a6e65.pdf"
          },
          {
            "type": "WebSearchItem",
            "query": "https://informace.rozhlas.cz/sites/default/files/documents/873d7272de1ea27813738251c0bfba9e.pdf"
          },
          {
            "type": "WebSearchItem",
            "query": "https://informace.rozhlas.cz/dokumentace-vysilani-ceskoslovenskeho-a-ceskeho-rozhlasu-8932695"
          },
          {
            "type": "AgentMessageItem",
            "text": "Zdrojový sběr je hotový, teď ho převádím do `work/raw_sources.md`. Nechávám v něm jak podpůrné materiály pro širší než čistě zpravodajskou roli ČRo/ČT, tak i zdroje, které Nerušilovu formulaci spíš zpochybňují nebo ji nechávají otevřenou podle zvolené metriky."
          },
          {
            "type": "CompatFileChangeItem"
          },
          {
            "type": "AgentMessageItem",
            "text": "Soubor je zapsaný. Ještě kontroluji, že každá položka má vazbu na dílčí tvrzení a že v seznamu zůstaly jak podpůrné, tak zpochybňující zdroje, aby další krok nemusel dohledávat protiváhu dodatečně."
          },
          {
            "type": "CommandExecutionItem",
            "command": "/bin/bash -lc \"sed -n '1,260p' work/raw_sources.md\"",
            "exit_code": 0
          },
          {
            "type": "AgentMessageItem",
            "text": "Zdrojový sběr jsem zapsal do [raw_sources.md](/home/vilo/demagog/fact_check_v2/experiments/v2_gpt-5.4_20260421_113102/id24713/work/raw_sources.md).\n\nSoubor kombinuje podpůrné i zpochybňující podklady: na jedné straně materiály o široké nezpravodajské nabídce ČRo a o archivu, na druhé straně zdroje ukazující silné a samostatně organizované zpravodajské pilíře ČT24, Radiožurnálu, Plusu a iROZHLASu. ([ceskatelevize.cz](https://www.ceskatelevize.cz/vse-o-ct/pro-media/ct24-slavi-20-let-nejsledovanejsi-verejnopravni-zpravodajsky-program-v-evrope-provazi-divaky-v-dobrem-i-ve-zlem/))"
          }
        ]
      }
    },
    {
      "file": "step3_refine_log.json",
      "content": {
        "step": "step3_refine",
        "elapsed_seconds": 108.4,
        "prompt_length": 2274,
        "input_tokens": 772852,
        "cached_input_tokens": 445312,
        "output_tokens": 22263,
        "web_searches": 5,
        "final_response": "Refined seznam jsem zapsal do [refined_sources.md](/home/vilo/demagog/fact_check_v2/experiments/v2_gpt-5.4_20260421_113102/id24713/work/refined_sources.md).\n\nSekundární článek ze Seznam Zpráv jsem nahradil primárním rozpočtem ČT a v seznamu jsem nechal hlavně oficiální materiály ČT a ČRo; zároveň jsem označil zdroje, u nichž chybí explicitní datum zveřejnění PDF, a v závěru jsem vypsal dvě slabiny pokrytí: chybějící společnou metriku za ČT+ČRo a zatím nepřímo doložený výraz „fonotéka“. ([ceskatelevize.cz](https://www.ceskatelevize.cz/vse-o-ct/api/media/documents/Rozpocet_CT_2024.pdf))",
        "items": [
          {
            "type": "ErrorItem"
          },
          {
            "type": "AgentMessageItem",
            "text": "Teď zdroje pročistím podle rankingu a dohledám náhrady tam, kde je v seznamu jen sekundární nebo slabší odkaz. Priorita je dostat hlavní tvrzení co nejvíc na oficiální ČT/ČRo podklady a nechat sekundární média jen tam, kde skutečně přinášejí něco navíc."
          },
          {
            "type": "CommandExecutionItem",
            "command": "/bin/bash -lc \"sed -n '1,260p' work/raw_sources.md\"",
            "exit_code": 0
          },
          {
            "type": "CommandExecutionItem",
            "command": "/bin/bash -lc \"sed -n '1,220p' work/claim_interpretation.md\"",
            "exit_code": 0
          },
          {
            "type": "CommandExecutionItem",
            "command": "/bin/bash -lc \"sed -n '1,240p' guides/source_ranking.csv\"",
            "exit_code": 0
          },
          {
            "type": "WebSearchItem",
            "query": "site:ceskatelevize.cz rozpočet 2024 zpravodajství publicistika ČT pdf"
          },
          {
            "type": "WebSearchItem",
            "query": "https://www.ceskatelevize.cz/vse-o-ct/hospodareni-a-financni-situace/rozpocet/"
          },
          {
            "type": "WebSearchItem",
            "query": "'Rozpočet_ČT_2024' in https://www.ceskatelevize.cz/vse-o-ct/hospodareni-a-financni-situace/rozpocet/"
          },
          {
            "type": "WebSearchItem",
            "query": "https://www.mujrozhlas.cz/tip-mujrozhlas/hrabe-monte-christo-2803657"
          },
          {
            "type": "WebSearchItem",
            "query": "'Archivní materiály a knihy z fondů Českého rozhlasu jsou na vyžádání dostupné veřejnosti.' in https://informace.rozhlas.cz/apf"
          },
          {
            "type": "AgentMessageItem",
            "text": "Teď to zahušťuji do menšího, obhajitelného seznamu. Vypadávají duplicity a sekundární článek ze Seznamu nahradím oficiálním rozpočtem ČT, protože ten už mám dohledaný přímo."
          },
          {
            "type": "CompatFileChangeItem"
          },
          {
            "type": "AgentMessageItem",
            "text": "Refined seznam je zapsaný. Kontroluji hlavně, že je v něm jasně vidět, co z raw seznamu bylo nahrazeno primárním zdrojem, co zůstává jen s datovou nejistotou a kde ještě chybí přesnější opora pro slovo „fonotéka“."
          },
          {
            "type": "CommandExecutionItem",
            "command": "/bin/bash -lc \"sed -n '1,320p' work/refined_sources.md\"",
            "exit_code": 0
          },
          {
            "type": "AgentMessageItem",
            "text": "Refined seznam jsem zapsal do [refined_sources.md](/home/vilo/demagog/fact_check_v2/experiments/v2_gpt-5.4_20260421_113102/id24713/work/refined_sources.md).\n\nSekundární článek ze Seznam Zpráv jsem nahradil primárním rozpočtem ČT a v seznamu jsem nechal hlavně oficiální materiály ČT a ČRo; zároveň jsem označil zdroje, u nichž chybí explicitní datum zveřejnění PDF, a v závěru jsem vypsal dvě slabiny pokrytí: chybějící společnou metriku za ČT+ČRo a zatím nepřímo doložený výraz „fonotéka“. ([ceskatelevize.cz](https://www.ceskatelevize.cz/vse-o-ct/api/media/documents/Rozpocet_CT_2024.pdf))"
          }
        ]
      }
    },
    {
      "file": "step4_draft_log.json",
      "content": {
        "step": "step4_draft",
        "elapsed_seconds": 103.1,
        "prompt_length": 2388,
        "input_tokens": 1178972,
        "cached_input_tokens": 824704,
        "output_tokens": 28283,
        "web_searches": 0,
        "final_response": "Draft jsem zapsal do [draft.md](/home/vilo/demagog/fact_check_v2/experiments/v2_gpt-5.4_20260421_113102/id24713/work/draft.md).\n\nText je postavený jako verdict `neoveritelna`: potvrzuje doloženou existenci slovesné tvorby a archivu v ČRo, ale zároveň vysvětluje, že dostupné oficiální zdroje neumí spolehlivě vyčíslit Nerušilovu „zhruba pětinu“ za ČRo a ČT dohromady.",
        "items": [
          {
            "type": "ErrorItem"
          },
          {
            "type": "AgentMessageItem",
            "text": "Než sepíšu draft, načtu styl a dva reálné příklady, abych nepřenesl do textu vlastní formát. Pak už napíšu krátký report v demagogovském rytmu a podle toho, co zatím zdroje skutečně unesou."
          },
          {
            "type": "CommandExecutionItem",
            "command": "/bin/bash -lc \"sed -n '1,260p' work/refined_sources.md\"",
            "exit_code": 0
          },
          {
            "type": "CommandExecutionItem",
            "command": "/bin/bash -lc \"sed -n '1,220p' work/claim_interpretation.md\"",
            "exit_code": 0
          },
          {
            "type": "CommandExecutionItem",
            "command": "/bin/bash -lc \"sed -n '1,260p' guides/style_guide.md\"",
            "exit_code": 0
          },
          {
            "type": "CommandExecutionItem",
            "command": "/bin/bash -lc \"sed -n '1,260p' guides/examples.txt\"",
            "exit_code": 0
          },
          {
            "type": "AgentMessageItem",
            "text": "Podklady už stačí na draft bez dalšího dohledávání. Píšu ho jako „neoveritelna“: část výroku o archivu a slovesné tvorbě oporu má, ale kvantifikaci „zhruba pětina“ za ČT a ČRo dohromady dostupné oficiální zdroje přímo nepotvrzují ani nevyvracejí."
          },
          {
            "type": "CompatFileChangeItem"
          },
          {
            "type": "AgentMessageItem",
            "text": "Draft je zapsaný. Ještě ho rychle projdu kvůli dvěma věcem: délce perexu a tomu, jestli v závěru není verdict opřený o něco, co předchozí odstavce neunesou."
          },
          {
            "type": "CommandExecutionItem",
            "command": "/bin/bash -lc \"python - <<'PY'\nfrom pathlib import Path\nimport re\ntext = Path('work/draft.md').read_text()\nm = re.search(r'<p class=\\\"perex\\\">(.*?)</p>', text)\nprint(len(m.group(1)))\nprint(m.group(1))\nPY\"",
            "exit_code": 0
          },
          {
            "type": "CommandExecutionItem",
            "command": "/bin/bash -lc \"sed -n '1,220p' work/draft.md\"",
            "exit_code": 0
          },
          {
            "type": "AgentMessageItem",
            "text": "Narazil jsem na jednu formální věc: v draftu byly markdownové odkazy uvnitř HTML, ale příklady i styl chtějí čisté HTML anchor tagy. To teď opravím, zároveň zkrátím texty odkazů na klíčová slova."
          },
          {
            "type": "CompatFileChangeItem"
          },
          {
            "type": "CommandExecutionItem",
            "command": "/bin/bash -lc \"sed -n '1,220p' work/draft.md\"",
            "exit_code": 0
          },
          {
            "type": "AgentMessageItem",
            "text": "Draft jsem zapsal do [draft.md](/home/vilo/demagog/fact_check_v2/experiments/v2_gpt-5.4_20260421_113102/id24713/work/draft.md).\n\nText je postavený jako verdict `neoveritelna`: potvrzuje doloženou existenci slovesné tvorby a archivu v ČRo, ale zároveň vysvětluje, že dostupné oficiální zdroje neumí spolehlivě vyčíslit Nerušilovu „zhruba pětinu“ za ČRo a ČT dohromady."
          }
        ]
      }
    },
    {
      "file": "step5_verify_log.json",
      "content": {
        "step": "step5_verify",
        "elapsed_seconds": 118.2,
        "prompt_length": 1226,
        "input_tokens": 1746199,
        "cached_input_tokens": 1343744,
        "output_tokens": 35350,
        "web_searches": 4,
        "final_response": "Verifikaci jsem zapsal do [verification.md](/home/vilo/demagog/fact_check_v2/experiments/v2_gpt-5.4_20260421_113102/id24713/work/verification.md) a po kontrole jsem upravil i [draft.md](/home/vilo/demagog/fact_check_v2/experiments/v2_gpt-5.4_20260421_113102/id24713/work/draft.md).\n\nOpravy byly jen cílené: doplnil jsem stránky u PDF odkazů a odstranil úvodní odstavec, který byl zbytečně blízko parafrázi výroku. Výsledek checklistu je `PASS`.",
        "items": [
          {
            "type": "ErrorItem"
          },
          {
            "type": "AgentMessageItem",
            "text": "Nejdřív projdu checklist bod po bodu a zkusím draft zlomit stejným způsobem, jako by to dělal editor. Kde něco neprojde, opravím jen ten konkrétní problém a pak přetestuju jen selhané body."
          },
          {
            "type": "CommandExecutionItem",
            "command": "/bin/bash -lc \"sed -n '1,240p' work/draft.md\"",
            "exit_code": 0
          },
          {
            "type": "CommandExecutionItem",
            "command": "/bin/bash -lc \"sed -n '1,240p' guides/source_ranking.csv\"",
            "exit_code": 0
          },
          {
            "type": "CommandExecutionItem",
            "command": "/bin/bash -lc \"sed -n '1,220p' guides/style_guide.md\"",
            "exit_code": 0
          },
          {
            "type": "CommandExecutionItem",
            "command": "/bin/bash -lc \"sed -n '1,260p' guides/verification_checklist.md\"",
            "exit_code": 0
          },
          {
            "type": "WebSearchItem",
            "query": "https://www.ceskatelevize.cz/vse-o-ct/api/media/documents/Rozpocet_CT_2024.pdf"
          },
          {
            "type": "WebSearchItem",
            "query": "'365 183' in https://www.ceskatelevize.cz/vse-o-ct/api/media/documents/Rozpocet_CT_2024.pdf"
          },
          {
            "type": "WebSearchItem",
            "query": "https://informace.rozhlas.cz/sites/default/files/documents/09db47f0393d4a2af358dec59a7a6e65.pdf"
          },
          {
            "type": "WebSearchItem",
            "query": "'ČRo Radiožurnál a ČRo Plus společně vysílaly Hlavní zprávy' in https://informace.rozhlas.cz/sites/default/files/documents/09db47f0393d4a2af358dec59a7a6e65.pdf"
          },
          {
            "type": "AgentMessageItem",
            "text": "Při checklistu mi vychází dvě drobné, ale opravitelné slabiny: u PDF odkazů chybí stránky a úvodní kontextový odstavec je spíš parafráze výroku než přidaná hodnota. Opravím obojí a pak přetestuju jen tyto body."
          },
          {
            "type": "CompatFileChangeItem"
          },
          {
            "type": "CommandExecutionItem",
            "command": "/bin/bash -lc \"sed -n '1,220p' work/draft.md\"",
            "exit_code": 0
          },
          {
            "type": "AgentMessageItem",
            "text": "Checklist teď po opravách vychází čistě. Sepisuju formální verifikaci do `work/verification.md`, včetně toho, které tři odkazy jsem opravdu otevřel a zkontroloval proti citovaným pasážím."
          },
          {
            "type": "CompatFileChangeItem"
          },
          {
            "type": "AgentMessageItem",
            "text": "V kontrolním souboru ještě upravuji jednu větu, která měla nepřesnou formulaci o počtu odstavců. Obsahově je vše v pořádku, jen to chci mít čisté i formálně."
          },
          {
            "type": "CompatFileChangeItem"
          },
          {
            "type": "AgentMessageItem",
            "text": "Verifikaci jsem zapsal do [verification.md](/home/vilo/demagog/fact_check_v2/experiments/v2_gpt-5.4_20260421_113102/id24713/work/verification.md) a po kontrole jsem upravil i [draft.md](/home/vilo/demagog/fact_check_v2/experiments/v2_gpt-5.4_20260421_113102/id24713/work/draft.md).\n\nOpravy byly jen cílené: doplnil jsem stránky u PDF odkazů a odstranil úvodní odstavec, který byl zbytečně blízko parafrázi výroku. Výsledek checklistu je `PASS`."
          }
        ]
      }
    },
    {
      "file": "step6_finalize_log.json",
      "content": {
        "step": "step6_finalize",
        "elapsed_seconds": 31.0,
        "prompt_length": 313,
        "input_tokens": 2192223,
        "cached_input_tokens": 1778048,
        "output_tokens": 37177,
        "web_searches": 0,
        "final_response": "Hotovo.",
        "items": [
          {
            "type": "ErrorItem"
          },
          {
            "type": "AgentMessageItem",
            "text": "Nejdřív ověřím, že verifikace skutečně končí `## Result: PASS`, a pak přenesu finální report z draftu do `output/report.md` ve formátu požadovaném pipeline."
          },
          {
            "type": "CommandExecutionItem",
            "command": "/bin/bash -lc 'tail -n 5 work/verification.md'",
            "exit_code": 0
          },
          {
            "type": "CommandExecutionItem",
            "command": "/bin/bash -lc \"sed -n '1,220p' work/draft.md\"",
            "exit_code": 0
          },
          {
            "type": "AgentMessageItem",
            "text": "Verifikace končí správně `PASS`. Teď jen zapisuju finální artefakt do `output/report.md` přesně ve struktuře, kterou očekává další krok pipeline."
          },
          {
            "type": "CommandExecutionItem",
            "command": "/bin/bash -lc 'mkdir -p output'",
            "exit_code": 0
          },
          {
            "type": "CompatFileChangeItem"
          },
          {
            "type": "CommandExecutionItem",
            "command": "/bin/bash -lc \"sed -n '1,240p' output/report.md\"",
            "exit_code": 0
          },
          {
            "type": "AgentMessageItem",
            "text": "Hotovo."
          }
        ]
      }
    }
  ]
}