{
  "claim_id": "24718",
  "split": "v2",
  "source_experiment": "v2_gpt-5.4_20260421_113102",
  "source_md": "fact_check_v2/experiments/v2_gpt-5.4_20260421_113102/reports/report24718.md",
  "step_logs": [
    {
      "file": "step1_interpret_log.json",
      "content": {
        "step": "step1_interpret",
        "elapsed_seconds": 109.0,
        "prompt_length": 3621,
        "input_tokens": 194047,
        "cached_input_tokens": 99072,
        "output_tokens": 5424,
        "web_searches": 8,
        "final_response": "Analýzu jsem zapsal do [work/claim_interpretation.md](/home/vilo/demagog/fact_check_v2/experiments/v2_gpt-5.4_20260421_113102/id24718/work/claim_interpretation.md).\n\nJako hlavní interpretaci jsem nastavil, že Talíř míří na rozpor mezi páteční schůzkou 10. dubna 2026, po níž ČT mluvila o další debatě v pracovní skupině, a úterním 14. dubna 2026 představením hotového návrhu zákona; datum samotného výroku je 17. dubna 2026. ([plus.rozhlas.cz](https://plus.rozhlas.cz/koncesionarske-poplatky-jsou-zastarale-plati-je-hlavne-seniori-zni-z-spd-opozice-9610185))",
        "items": [
          {
            "type": "ErrorItem"
          },
          {
            "type": "AgentMessageItem",
            "text": "Nejprve si projdu strukturu repozitáře a ověřím, kam zapsat výstup. Pak dohledám jen tolik kontextu k výroku, abych určil jeho nejpravděpodobnější interpretaci a rozpadl ho na ověřitelné části."
          },
          {
            "type": "CommandExecutionItem",
            "command": "/bin/bash -lc 'pwd && rg --files .'",
            "exit_code": 0
          },
          {
            "type": "AgentMessageItem",
            "text": "Základní soubory mám, teď ověřím pracovní adresáře a vytáhnu krátký kontext k výroku: kdy přesně zazněl, jaký „návrh“ Talíř zjevně myslí a jestli sedí časová osa pátek–úterý."
          },
          {
            "type": "CommandExecutionItem",
            "command": "/bin/bash -lc 'ls -la'",
            "exit_code": 0
          },
          {
            "type": "CommandExecutionItem",
            "command": "/bin/bash -lc \"sed -n '1,220p' metadata.json\"",
            "exit_code": 0
          },
          {
            "type": "WebSearchItem",
            "query": "site:plus.rozhlas.cz 9610185 koncesionářské poplatky Oto Klempíř Talíř 17. dubna 2026"
          },
          {
            "type": "WebSearchItem",
            "query": "https://ct24.ceskatelevize.cz/clanek/domaci/klempir-predstavuje-zakony-ke-zmenam-rozhlasovych-a-televiznich-poplatku-372365/"
          },
          {
            "type": "WebSearchItem",
            "query": "site:plus.rozhlas.cz koncesionářské poplatky jsou zastaralé platí je hlavně senioři zní z SPD opozice plus rozhlas 17.4.2026"
          },
          {
            "type": "WebSearchItem",
            "query": "site:mk.gov.cz Oto Klempíř návrh zákona média veřejné služby 14. dubna 2026"
          },
          {
            "type": "WebSearchItem",
            "query": "Blesk Oto Klempíř úterý 14. dubna 2026 poplatky Blesk rozhovor"
          },
          {
            "type": "WebSearchItem",
            "query": "https://plus.rozhlas.cz/koncesionarske-poplatky-jsou-zastarale-plati-je-hlavne-seniori-zni-z-spd-opozice-9610185"
          },
          {
            "type": "WebSearchItem",
            "query": "site:rozhlas.cz Zavoral oficiální prohlášení Klempíř změna názoru 16. dubna 2026"
          },
          {
            "type": "WebSearchItem",
            "query": "https://www.ceskatelevize.cz/vse-o-ct/pro-media/prohlaseni-generalniho-reditele-ct-hynka-chudarka-po-jednani-s-ministrem-kultury-oto-klempirem/"
          },
          {
            "type": "AgentMessageItem",
            "text": "Kontext je dostatečný: výrok zjevně míří na otočku mezi schůzkami ministra s řediteli ČT a ČRo v pátek 10. dubna 2026 a představením vládního návrhu v úterý 14. dubna 2026. Teď to sepíšu do interpretačního souboru tak, aby další krok mohl rovnou hledat primární podklady."
          },
          {
            "type": "CompatFileChangeItem"
          },
          {
            "type": "AgentMessageItem",
            "text": "Soubor je zapsaný. Ještě rychle zkontroluji, že struktura odpovídá zadání a nic podstatného nechybí."
          },
          {
            "type": "CommandExecutionItem",
            "command": "/bin/bash -lc \"sed -n '1,260p' work/claim_interpretation.md\"",
            "exit_code": 0
          },
          {
            "type": "AgentMessageItem",
            "text": "Analýzu jsem zapsal do [work/claim_interpretation.md](/home/vilo/demagog/fact_check_v2/experiments/v2_gpt-5.4_20260421_113102/id24718/work/claim_interpretation.md).\n\nJako hlavní interpretaci jsem nastavil, že Talíř míří na rozpor mezi páteční schůzkou 10. dubna 2026, po níž ČT mluvila o další debatě v pracovní skupině, a úterním 14. dubna 2026 představením hotového návrhu zákona; datum samotného výroku je 17. dubna 2026. ([plus.rozhlas.cz](https://plus.rozhlas.cz/koncesionarske-poplatky-jsou-zastarale-plati-je-hlavne-seniori-zni-z-spd-opozice-9610185))"
          }
        ]
      }
    },
    {
      "file": "step2_search_log.json",
      "content": {
        "step": "step2_search",
        "elapsed_seconds": 162.7,
        "prompt_length": 1771,
        "input_tokens": 511145,
        "cached_input_tokens": 258688,
        "output_tokens": 12786,
        "web_searches": 17,
        "final_response": "Zdroje jsem zapsal do [work/raw_sources.md](/home/vilo/demagog/fact_check_v2/experiments/v2_gpt-5.4_20260421_113102/id24718/work/raw_sources.md).\n\nSoubor teď obsahuje hlavně oficiální vyjádření ČT a ČRo z 10. a 14. dubna 2026, zpravodajské shrnutí z ČT24 a iROZHLASu a také PDF vládního návrhu zákona s datem 13. dubna 2026. Přidal jsem i zdroj, který oslabuje přísně doslovnou verzi výroku: už 10. dubna ČT24 citovala ministra, že ředitelům představil hlavní teze nového zákona a že návrh po schválení koaliční radou pošle do standardního legislativního procesu. ([fs2-ct24.ceskatelevize.cz](https://fs2-ct24.ceskatelevize.cz/file/MGNiOTljODg2MWFlYTE1NHyJiUQKWk5-wL1tkJI13FCQ-sxF5bF5bhgR5lkM3367tFhqIZZEKEezrwhshq-n-17__zCGmyULnlZ-9CpUW-g.pdf))",
        "items": [
          {
            "type": "ErrorItem"
          },
          {
            "type": "AgentMessageItem",
            "text": "Teď navážu na interpretační soubor a budu sbírat hrubé podklady ke každému netriviálnímu tvrzení, včetně zdrojů, které Talířovu interpretaci zpochybňují. Začnu oficiálními vyjádřeními ČT, ČRo a ministerstva, pak doplním zpravodajské a případně databázové zdroje."
          },
          {
            "type": "CommandExecutionItem",
            "command": "/bin/bash -lc \"sed -n '1,220p' guides/source_ranking.csv\"",
            "exit_code": 0
          },
          {
            "type": "CommandExecutionItem",
            "command": "/bin/bash -lc \"sed -n '1,240p' work/claim_interpretation.md\"",
            "exit_code": 0
          },
          {
            "type": "WebSearchItem",
            "query": "site:ceskatelevize.cz pro media prohlaseni generalniho reditele ct po jednani s ministrem klempirem 10. dubna 2026"
          },
          {
            "type": "WebSearchItem",
            "query": "site:ceskatelevize.cz Chudárek úterní návrh neodpovídá páteční schůzce 15. dubna 2026"
          },
          {
            "type": "WebSearchItem",
            "query": "site:mk.gov.cz média veřejné služby Klempíř 14. dubna 2026 poplatky"
          },
          {
            "type": "WebSearchItem",
            "query": "Oto Klempíř ředitelé měli návrh už v pátek duben 2026"
          },
          {
            "type": "WebSearchItem",
            "query": "site:irozhlas.cz 10. dubna 2026 Klempíř Zavoral Chudárek financování státní rozpočet"
          },
          {
            "type": "WebSearchItem",
            "query": "https://www.ceskatelevize.cz/vse-o-ct/pro-media/prohlaseni-generalniho-reditele-ct-hynka-chudarka-po-jednani-s-ministrem-kultury-oto-klempirem/"
          },
          {
            "type": "WebSearchItem",
            "query": "'pracovní skupina' in https://vlada.gov.cz/cz/urad-vlady/poskytovani-informaci/poskytnute-informace-na-zadost/informace-tykajici-se-uradu-vlady-cr-226094/"
          },
          {
            "type": "WebSearchItem",
            "query": "site:mkcr.cz Oto Klempíř 14. 4. 2026 tisková konference poplatky"
          },
          {
            "type": "WebSearchItem",
            "query": "site:seznamzpravy.cz Klempíř Chudárek Zavoral 10. dubna 2026 poplatky"
          },
          {
            "type": "WebSearchItem",
            "query": "https://informace.rozhlas.cz/vyjadreni-generalniho-reditele-ceskeho-rozhlasu-zavorala-po-tiskove-konferenci-9609532"
          },
          {
            "type": "WebSearchItem",
            "query": "https://informace.rozhlas.cz/spolecne-vyjadreni-ceskeho-rozhlasu-a-ceske-televize-k-vladnimu-navrhu-zakona-o-9610735"
          },
          {
            "type": "WebSearchItem",
            "query": "https://www.ceskatelevize.cz/vse-o-ct/pro-media/reakce-vedeni-ceske-televize-na-predstaveny-navrh-zakona-o-mediich-verejne-sluzby/"
          },
          {
            "type": "WebSearchItem",
            "query": "https://fs2-ct24.ceskatelevize.cz/file/MGNiOTljODg2MWFlYTE1NHyJiUQKWk5-wL1tkJI13FCQ-sxF5bF5bhgR5lkM3367tFhqIZZEKEezrwhshq-n-17__zCGmyULnlZ-9CpUW-g.pdf"
          },
          {
            "type": "WebSearchItem",
            "query": "https://www.seznamzpravy.cz/clanek/domaci-politika-verejnopravni-media-vyzvala-ministra-kultury-k-diskuzi-o-jejich-financovani-298042"
          },
          {
            "type": "WebSearchItem",
            "query": "https://www.ceskatelevize.cz/vse-o-ct/pro-media/spolecne-prohlaseni-gr/"
          },
          {
            "type": "WebSearchItem",
            "query": ""
          },
          {
            "type": "WebSearchItem",
            "query": "site:informace.rozhlas.cz vyjádření generálního ředitele ČRo po jednání s novým ministrem kultury Klempířem 16. leden 2026"
          },
          {
            "type": "AgentMessageItem",
            "text": "Mám pokryté páteční schůzky, úterní představení návrhu i předchozí kontext z února. Do hrubého souboru teď dám jak podpůrné zdroje z ČT/ČRo a návrhu zákona, tak i zdroje, které oslabují přísně doslovnou interpretaci výroku tím, že už v pátek popisovaly hlavní teze chystaného zákona."
          },
          {
            "type": "CompatFileChangeItem"
          },
          {
            "type": "AgentMessageItem",
            "text": "Hrubé zdroje jsou zapsané. Ještě ověřím, že metadata a označení podpory/rozporu sedí a že jsem nepřetáhl nic za datum výroku."
          },
          {
            "type": "CommandExecutionItem",
            "command": "/bin/bash -lc \"sed -n '1,260p' work/raw_sources.md\"",
            "exit_code": 0
          },
          {
            "type": "AgentMessageItem",
            "text": "Zdroje jsem zapsal do [work/raw_sources.md](/home/vilo/demagog/fact_check_v2/experiments/v2_gpt-5.4_20260421_113102/id24718/work/raw_sources.md).\n\nSoubor teď obsahuje hlavně oficiální vyjádření ČT a ČRo z 10. a 14. dubna 2026, zpravodajské shrnutí z ČT24 a iROZHLASu a také PDF vládního návrhu zákona s datem 13. dubna 2026. Přidal jsem i zdroj, který oslabuje přísně doslovnou verzi výroku: už 10. dubna ČT24 citovala ministra, že ředitelům představil hlavní teze nového zákona a že návrh po schválení koaliční radou pošle do standardního legislativního procesu. ([fs2-ct24.ceskatelevize.cz](https://fs2-ct24.ceskatelevize.cz/file/MGNiOTljODg2MWFlYTE1NHyJiUQKWk5-wL1tkJI13FCQ-sxF5bF5bhgR5lkM3367tFhqIZZEKEezrwhshq-n-17__zCGmyULnlZ-9CpUW-g.pdf))"
          }
        ]
      }
    },
    {
      "file": "step3_refine_log.json",
      "content": {
        "step": "step3_refine",
        "elapsed_seconds": 133.4,
        "prompt_length": 2274,
        "input_tokens": 745222,
        "cached_input_tokens": 427648,
        "output_tokens": 19796,
        "web_searches": 6,
        "final_response": "Refinovaný seznam jsem zapsal do [work/refined_sources.md](/home/vilo/demagog/fact_check_v2/experiments/v2_gpt-5.4_20260421_113102/id24718/work/refined_sources.md).\n\nJádro teď stojí na primárních vyjádřeních ČT a ČRo z 10. a 14. dubna 2026 a na textu samotného návrhu zákona. Vyřadil jsem redundantní článek z iROZHLASu a ponechal jeden rozporný sekundární zdroj z ČT24, protože doplňuje, že už 10. dubna ministr mluvil o hlavních tezích zákona a o dalším legislativním postupu. PDF návrhu jsem ponechal jako `flagged`, protože jde o zrcadlenou kopii dokumentu hostovanou přes ČT24 CDN, nikoli nalezený oficiální vládní repozitář.",
        "items": [
          {
            "type": "ErrorItem"
          },
          {
            "type": "AgentMessageItem",
            "text": "Teď zdroje pročistím podle kvality a zkusím nahradit mediální přepisy přímými podklady tam, kde to jde. Zaměřím se hlavně na dva body: lepší primární oporu pro úterní návrh zákona a ověření, jestli k pátečním tezím ministra existuje něco lepšího než citace přes ČTK."
          },
          {
            "type": "CommandExecutionItem",
            "command": "/bin/bash -lc \"sed -n '1,260p' work/raw_sources.md\"",
            "exit_code": 0
          },
          {
            "type": "CommandExecutionItem",
            "command": "/bin/bash -lc \"sed -n '1,220p' guides/source_ranking.csv\"",
            "exit_code": 0
          },
          {
            "type": "CommandExecutionItem",
            "command": "/bin/bash -lc \"sed -n '1,220p' work/claim_interpretation.md\"",
            "exit_code": 0
          },
          {
            "type": "WebSearchItem",
            "query": "site:vlada.gov.cz \"ZÁKON o médiích veřejné služby\" 13. 4. 2026"
          },
          {
            "type": "WebSearchItem",
            "query": ""
          },
          {
            "type": "WebSearchItem",
            "query": "https://ct24.ceskatelevize.cz/clanek/domaci/klempir-predstavuje-zakony-ke-zmenam-rozhlasovych-a-televiznich-poplatku-372365/"
          },
          {
            "type": "WebSearchItem",
            "query": "https://www.ceskatelevize.cz/vse-o-ct/pro-media/prohlaseni-generalniho-reditele-ct-hynka-chudarka-po-jednani-s-ministrem-kultury-oto-klempirem/"
          },
          {
            "type": "WebSearchItem",
            "query": "https://www.ceskatelevize.cz/vse-o-ct/pro-media/reakce-vedeni-ceske-televize-na-predstaveny-navrh-zakona-o-mediich-verejne-sluzby/"
          },
          {
            "type": "WebSearchItem",
            "query": "'Teprve pak je představím' in https://www.seznamzpravy.cz/clanek/domaci-politika-verejnopravni-media-vyzvala-ministra-kultury-k-diskuzi-o-jejich-financovani-298042"
          },
          {
            "type": "AgentMessageItem",
            "text": "Primární kostra je jasná: páteční schůzky stojí hlavně na oficiálních vyjádřeních ČT a ČRo, úterní krok na reakci ČT, Zavoralově vyjádření a textu návrhu zákona. V rafinované verzi proto odfiltruju redundantní článek z iROZHLASu a u PDF výslovně označím, že jde o zrcadlený oficiální dokument, ne nalezený vládní repozitář."
          },
          {
            "type": "CompatFileChangeItem"
          },
          {
            "type": "AgentMessageItem",
            "text": "Refinovaná verze je zapsaná. Zkontroluji ještě, že statusy a shrnutí pokrytí odpovídají tomu, co budeme potřebovat v draftu."
          },
          {
            "type": "CommandExecutionItem",
            "command": "/bin/bash -lc \"sed -n '1,320p' work/refined_sources.md\"",
            "exit_code": 0
          },
          {
            "type": "AgentMessageItem",
            "text": "Refinovaný seznam jsem zapsal do [work/refined_sources.md](/home/vilo/demagog/fact_check_v2/experiments/v2_gpt-5.4_20260421_113102/id24718/work/refined_sources.md).\n\nJádro teď stojí na primárních vyjádřeních ČT a ČRo z 10. a 14. dubna 2026 a na textu samotného návrhu zákona. Vyřadil jsem redundantní článek z iROZHLASu a ponechal jeden rozporný sekundární zdroj z ČT24, protože doplňuje, že už 10. dubna ministr mluvil o hlavních tezích zákona a o dalším legislativním postupu. PDF návrhu jsem ponechal jako `flagged`, protože jde o zrcadlenou kopii dokumentu hostovanou přes ČT24 CDN, nikoli nalezený oficiální vládní repozitář."
          }
        ]
      }
    },
    {
      "file": "step4_draft_log.json",
      "content": {
        "step": "step4_draft",
        "elapsed_seconds": 79.9,
        "prompt_length": 2388,
        "input_tokens": 985527,
        "cached_input_tokens": 646912,
        "output_tokens": 24666,
        "web_searches": 0,
        "final_response": "Draft jsem zapsal do [work/draft.md](/home/vilo/demagog/fact_check_v2/experiments/v2_gpt-5.4_20260421_113102/id24718/work/draft.md).\n\nV návrhu zatím vychází verdikt `zavádějící`: páteční schůzka opravdu skončila řečmi o další debatě a pracovní skupině, ale už tehdy podle dostupných zdrojů zazněly i hlavní teze chystaného zákona. Talíř tedy vystihl konflikt kolem úterního návrhu, přehání ale míru náhlého obratu mezi 10. a 14. dubnem 2026. citeturn0search0turn0search1turn1search7",
        "items": [
          {
            "type": "ErrorItem"
          },
          {
            "type": "AgentMessageItem",
            "text": "Než začnu psát samotný text, načtu si stylová pravidla a dva hotové příklady, ať draft odpovídá formátu Demagogu. Pak ho sepíšu už jen z refinovaných zdrojů bez doplňování nových podkladů, pokud nenarazím na mezeru."
          },
          {
            "type": "CommandExecutionItem",
            "command": "/bin/bash -lc \"sed -n '1,260p' work/refined_sources.md\"",
            "exit_code": 0
          },
          {
            "type": "CommandExecutionItem",
            "command": "/bin/bash -lc \"sed -n '1,260p' work/claim_interpretation.md\"",
            "exit_code": 0
          },
          {
            "type": "CommandExecutionItem",
            "command": "/bin/bash -lc \"sed -n '1,260p' guides/style_guide.md\"",
            "exit_code": 0
          },
          {
            "type": "CommandExecutionItem",
            "command": "/bin/bash -lc \"python - <<'PY'\nfrom pathlib import Path\np=Path('guides/examples.txt')\ntext=p.read_text()\nparts=[x.strip() for x in text.split('\\\\n---\\\\n') if x.strip()]\nfor i,part in enumerate(parts[:2],1):\n    print(f'### EXAMPLE {i}\\\\n{part[:5000]}\\\\n')\nPY\"",
            "exit_code": 0
          },
          {
            "type": "AgentMessageItem",
            "text": "Podklady stačí. V draftu postavím verdikt na tom, že Talíř popisuje reálnou časovou posloupnost i konflikt s ČT, ale zamlčuje, že už v pátek ministr představil hlavní teze zákona a avizoval standardní legislativní postup."
          },
          {
            "type": "CompatFileChangeItem"
          },
          {
            "type": "AgentMessageItem",
            "text": "Draft je zapsaný. Ještě rychle zkontroluji délku perexu a to, že v textu není nic mimo stylová pravidla nebo mimo sadu refinovaných zdrojů."
          },
          {
            "type": "CommandExecutionItem",
            "command": "/bin/bash -lc \"python - <<'PY'\nfrom pathlib import Path\nimport re\ntext=Path('work/draft.md').read_text()\nperex=re.search(r'<p class=\\\"perex\\\">(.*?)</p>', text, re.S).group(1)\nprint('PEREX_LEN', len(perex))\nprint(text)\nPY\"",
            "exit_code": 0
          },
          {
            "type": "AgentMessageItem",
            "text": "Draft jsem zapsal do [work/draft.md](/home/vilo/demagog/fact_check_v2/experiments/v2_gpt-5.4_20260421_113102/id24718/work/draft.md).\n\nV návrhu zatím vychází verdikt `zavádějící`: páteční schůzka opravdu skončila řečmi o další debatě a pracovní skupině, ale už tehdy podle dostupných zdrojů zazněly i hlavní teze chystaného zákona. Talíř tedy vystihl konflikt kolem úterního návrhu, přehání ale míru náhlého obratu mezi 10. a 14. dubnem 2026. citeturn0search0turn0search1turn1search7"
          }
        ]
      }
    },
    {
      "file": "step5_verify_log.json",
      "content": {
        "step": "step5_verify",
        "elapsed_seconds": 98.0,
        "prompt_length": 1226,
        "input_tokens": 1379365,
        "cached_input_tokens": 1006208,
        "output_tokens": 31098,
        "web_searches": 3,
        "final_response": "Verifikaci jsem zapsal do [work/verification.md](/home/vilo/demagog/fact_check_v2/experiments/v2_gpt-5.4_20260421_113102/id24718/work/verification.md).\n\nBěhem kontroly jsem upravil [work/draft.md](/home/vilo/demagog/fact_check_v2/experiments/v2_gpt-5.4_20260421_113102/id24718/work/draft.md): doplnil jsem roli speakerovi při první zmínce a u PDF odkazu přidal konkrétní stránku. Po opětovném vyhodnocení prošly všechny body checklistu a výsledek je `PASS`.",
        "items": [
          {
            "type": "ErrorItem"
          },
          {
            "type": "AgentMessageItem",
            "text": "Teď draft projdu proti checklistu a udělám i reálný spot-check odkazů. Pokud něco neprojde, opravím jen konkrétní místo v draftu a pak znovu zhodnotím jen selhané body."
          },
          {
            "type": "CommandExecutionItem",
            "command": "/bin/bash -lc \"sed -n '1,260p' work/draft.md\"",
            "exit_code": 0
          },
          {
            "type": "CommandExecutionItem",
            "command": "/bin/bash -lc \"sed -n '1,220p' guides/source_ranking.csv\"",
            "exit_code": 0
          },
          {
            "type": "CommandExecutionItem",
            "command": "/bin/bash -lc \"sed -n '1,240p' guides/style_guide.md\"",
            "exit_code": 0
          },
          {
            "type": "CommandExecutionItem",
            "command": "/bin/bash -lc \"sed -n '1,260p' guides/verification_checklist.md\"",
            "exit_code": 0
          },
          {
            "type": "WebSearchItem",
            "query": "https://www.ceskatelevize.cz/vse-o-ct/pro-media/prohlaseni-generalniho-reditele-ct-hynka-chudarka-po-jednani-s-ministrem-kultury-oto-klempirem/"
          },
          {
            "type": "WebSearchItem",
            "query": "'představil zákon' in https://ct24.ceskatelevize.cz/clanek/domaci/klempir-predstavuje-zakony-ke-zmenam-rozhlasovych-a-televiznich-poplatku-372365/"
          },
          {
            "type": "AgentMessageItem",
            "text": "V checklistu mi zatím vyčnívají dvě technické věci: odkaz na PDF má mít konkrétní stránku a první odstavec může být čistší, když v něm zůstane jen doložené dění po páteční schůzce. Opravím jen tohle a pak už zapíšu verifikační záznam."
          },
          {
            "type": "CompatFileChangeItem"
          },
          {
            "type": "WebSearchItem",
            "query": "https://fs2-ct24.ceskatelevize.cz/file/MGNiOTljODg2MWFlYTE1NHyJiUQKWk5-wL1tkJI13FCQ-sxF5bF5bhgR5lkM3367tFhqIZZEKEezrwhshq-n-17__zCGmyULnlZ-9CpUW-g.pdf"
          },
          {
            "type": "AgentMessageItem",
            "text": "Ještě jedna drobná stylistická věc: první zmínka o speakerovi má obsahovat i roli. Dám ji přímo do perexu, ať je checklist čistý."
          },
          {
            "type": "CompatFileChangeItem"
          },
          {
            "type": "AgentMessageItem",
            "text": "Checklist je po úpravách čistý. Zapíšu verifikaci včetně toho, které tři odkazy jsem spot-checknul proti obsahu."
          },
          {
            "type": "CompatFileChangeItem"
          },
          {
            "type": "AgentMessageItem",
            "text": "Verifikaci jsem zapsal do [work/verification.md](/home/vilo/demagog/fact_check_v2/experiments/v2_gpt-5.4_20260421_113102/id24718/work/verification.md).\n\nBěhem kontroly jsem upravil [work/draft.md](/home/vilo/demagog/fact_check_v2/experiments/v2_gpt-5.4_20260421_113102/id24718/work/draft.md): doplnil jsem roli speakerovi při první zmínce a u PDF odkazu přidal konkrétní stránku. Po opětovném vyhodnocení prošly všechny body checklistu a výsledek je `PASS`."
          }
        ]
      }
    },
    {
      "file": "step6_finalize_log.json",
      "content": {
        "step": "step6_finalize",
        "elapsed_seconds": 146.8,
        "prompt_length": 313,
        "input_tokens": 1613690,
        "cached_input_tokens": 1232512,
        "output_tokens": 32954,
        "web_searches": 0,
        "final_response": "Vytvořil jsem [output/report.md](/home/vilo/demagog/fact_check_v2/experiments/v2_gpt-5.4_20260421_113102/id24718/output/report.md).",
        "items": [
          {
            "type": "ErrorItem"
          },
          {
            "type": "AgentMessageItem",
            "text": "Ověřím finální stav verifikace a pak složím výsledný soubor v `output/` z původního výroku a schváleného draftu."
          },
          {
            "type": "CommandExecutionItem",
            "command": "/bin/bash -lc 'tail -n 5 work/verification.md'",
            "exit_code": 0
          },
          {
            "type": "CommandExecutionItem",
            "command": "/bin/bash -lc \"sed -n '1,220p' work/draft.md\"",
            "exit_code": 0
          },
          {
            "type": "CommandExecutionItem",
            "command": "/bin/bash -lc \"python - <<'PY'\nimport json\nfrom pathlib import Path\nmeta=json.loads(Path('metadata.json').read_text())\nprint(meta['claim'])\nPY\"",
            "exit_code": 0
          },
          {
            "type": "AgentMessageItem",
            "text": "Verifikace končí `PASS`. Zapisuji finální report do `output/report.md` přesně ve struktuře, kterou zadání požaduje."
          },
          {
            "type": "CompatFileChangeItem"
          },
          {
            "type": "AgentMessageItem",
            "text": "Vytvořil jsem [output/report.md](/home/vilo/demagog/fact_check_v2/experiments/v2_gpt-5.4_20260421_113102/id24718/output/report.md)."
          }
        ]
      }
    }
  ]
}