{
  "claim_id": "24682",
  "split": "v2",
  "source_experiment": "v2_gpt-5.4_20260402_164100",
  "source_md": "fact_check_v2/experiments/v2_gpt-5.4_20260402_164100/reports/report24682.md",
  "step_logs": [
    {
      "file": "step1_interpret_log.json",
      "content": {
        "step": "step1_interpret",
        "elapsed_seconds": 83.7,
        "prompt_length": 1987,
        "input_tokens": 117638,
        "cached_input_tokens": 88064,
        "output_tokens": 5349,
        "web_searches": 2,
        "final_response": "Interpretace je zapsaná v [work/claim_interpretation.md](/home/vilo/demagog/fact_check_v2/experiments/v2_gpt-5.4_20260402_164100/id24682/work/claim_interpretation.md).\n\nZvolil jsem charitativní interpretaci, že výrok míří na opakovanou veřejnou linku Babiše/ANO: Fialova vláda vztahy se Slovenskem poškodila, zatímco oni je obnovili nebo mají velmi dobré. Evidence window jsem nastavil na `2024-03-01` až `2026-03-19`.",
        "items": [
          {
            "type": "AgentMessageItem",
            "text": "Interpreting the claim requires finding the concrete input for `{claim}`, `{speaker}`, `{source}`, and `{context}` in this run, then I’ll write the analysis artifact to `work/claim_interpretation.md`."
          },
          {
            "type": "CommandExecutionItem",
            "command": "/bin/bash -lc pwd",
            "exit_code": 0
          },
          {
            "type": "CommandExecutionItem",
            "command": "/bin/bash -lc 'rg --files .'",
            "exit_code": 0
          },
          {
            "type": "CommandExecutionItem",
            "command": "/bin/bash -lc \"rg -n \\\"\\\\{claim\\\\}|\\\\{speaker\\\\}|\\\\{source\\\\}|\\\\{context\\\\}|claim\\\" .\"",
            "exit_code": 0
          },
          {
            "type": "AgentMessageItem",
            "text": "The template variables are unresolved in the prompt, but the run metadata contains the actual claim payload. I’m reading that now and will derive the interpretation from it."
          },
          {
            "type": "CommandExecutionItem",
            "command": "/bin/bash -lc \"sed -n '1,220p' metadata.json\"",
            "exit_code": 0
          },
          {
            "type": "WebSearchItem",
            "query": "Babiš Fialova vláda vztahy se Slovenskem deformovala vztahy Slovensko mezivládní konzultace"
          },
          {
            "type": "WebSearchItem",
            "query": "ANO kritika Fialova vláda vztahy se Slovenskem zhoršila deformovala od začátku Havlíček Babiš"
          },
          {
            "type": "AgentMessageItem",
            "text": "I have the claim payload and enough context to pin down the likely meaning: this is mainly about whether Babiš/ANO publicly framed Fiala as the one who worsened Czech-Slovak relations while presenting their own ties as strong and quickly repairable. I’m writing that interpretation now, including the evidence window and concrete source/search plan for step 2."
          },
          {
            "type": "CommandExecutionItem",
            "command": "/bin/bash -lc 'mkdir -p work'",
            "exit_code": 0
          },
          {
            "type": "CommandExecutionItem",
            "command": "/bin/bash -lc \"test -f work/claim_interpretation.md && sed -n '1,220p' work/claim_interpretation.md || true\"",
            "exit_code": 0
          },
          {
            "type": "AgentMessageItem",
            "text": "I’m making one interpretive choice explicit in the artifact: “od začátku” is too vague to test literally, so I’m converting it into a reasonable evidence window and focusing on the underlying factual messaging, not the rhetorical phrasing."
          },
          {
            "type": "FileChangeItem"
          },
          {
            "type": "CommandExecutionItem",
            "command": "/bin/bash -lc \"sed -n '1,260p' work/claim_interpretation.md\"",
            "exit_code": 0
          },
          {
            "type": "AgentMessageItem",
            "text": "Interpretace je zapsaná v [work/claim_interpretation.md](/home/vilo/demagog/fact_check_v2/experiments/v2_gpt-5.4_20260402_164100/id24682/work/claim_interpretation.md).\n\nZvolil jsem charitativní interpretaci, že výrok míří na opakovanou veřejnou linku Babiše/ANO: Fialova vláda vztahy se Slovenskem poškodila, zatímco oni je obnovili nebo mají velmi dobré. Evidence window jsem nastavil na `2024-03-01` až `2026-03-19`."
          }
        ]
      }
    },
    {
      "file": "step2_search_log.json",
      "content": {
        "step": "step2_search",
        "elapsed_seconds": 140.6,
        "prompt_length": 1693,
        "input_tokens": 335937,
        "cached_input_tokens": 181248,
        "output_tokens": 14438,
        "web_searches": 18,
        "final_response": "Zdrojová rešerše je zapsaná v [work/raw_sources.md](/home/vilo/demagog/fact_check_v2/experiments/v2_gpt-5.4_20260402_164100/id24682/work/raw_sources.md).\n\nDo souboru jsem dal 11 zdrojů v povoleném okně do `2026-03-19`, včetně oficiálních českých a slovenských vládních zdrojů, veřejnoprávních médií i protichůdných/context zdrojů.",
        "items": [
          {
            "type": "AgentMessageItem",
            "text": "I’m reading the step-1 interpretation and then I’ll collect a broad source set across official Czech/Slovak government pages, public broadcasters, and reputable media, staying داخل the 2024-03-01 to 2026-03-19 window."
          },
          {
            "type": "CommandExecutionItem",
            "command": "/bin/bash -lc \"sed -n '1,260p' work/claim_interpretation.md\"",
            "exit_code": 0
          },
          {
            "type": "CommandExecutionItem",
            "command": "/bin/bash -lc \"test -f work/raw_sources.md && sed -n '1,260p' work/raw_sources.md || true\"",
            "exit_code": 0
          },
          {
            "type": "WebSearchItem",
            "query": "site:vlada.gov.cz Slovensko Babiš Fiala vztahy 2024 2025"
          },
          {
            "type": "WebSearchItem",
            "query": "site:irozhlas.cz Babiš Slovensko Fiala vztahy 2024 2025"
          },
          {
            "type": "WebSearchItem",
            "query": "site:hnuti-ano.cz Slovensko Fiala vztahy Babiš Havlíček"
          },
          {
            "type": "WebSearchItem",
            "query": "\"ničí česko-slovenské vztahy\" Babiš"
          },
          {
            "type": "WebSearchItem",
            "query": "https://vlada.gov.cz/cz/media-centrum/aktualne/premier-babis-v-bratislave-obnovime-spolecne-zasedani-vlad-cr-a-slovenska--224751/"
          },
          {
            "type": "WebSearchItem",
            "query": "site:vlada.gov.cz Slovensko mezivládní konzultace zrušení březen 2024 Fiala"
          },
          {
            "type": "WebSearchItem",
            "query": "site:vlada.gov.sk Babiš Bratislava 8. januára 2026 česká vláda Slovensko konzultácie"
          },
          {
            "type": "WebSearchItem",
            "query": "https://www.vlada.gov.sk/tlacove-spravy/robert-fico-budeme-pokracovat-v-spolocnych-rokovaniach-slovenskej-a-ceskej-vlady/"
          },
          {
            "type": "WebSearchItem",
            "query": "site:irozhlas.cz Babiš obnoví konzultace se Slovenskem 2025"
          },
          {
            "type": "WebSearchItem",
            "query": "site:hnuti-ano.cz \"Slovensko\" \"Fiala\" \"vztahy\""
          },
          {
            "type": "WebSearchItem",
            "query": "https://www.irozhlas.cz/zpravy-domov/babis-jednal-se-slovenskym-ministrem-o-migracnim-paktu-navrhl-obnovu-fungovani_2510161739_fso"
          },
          {
            "type": "WebSearchItem",
            "query": "https://www.seznamzpravy.cz/clanek/domaci-babis-by-v-pripade-ucasti-ano-ve-vlade-obnovil-konzultace-se-slovenskem-268123"
          },
          {
            "type": "WebSearchItem",
            "query": "https://vlada.gov.cz/cz/media-centrum/aktualne/premier-babis-v-bratislave-obnovime-spolecne-zasedani-vlad-cr-a-slovenska--224751/"
          },
          {
            "type": "WebSearchItem",
            "query": "https://vlada.gov.cz/cz/clenove-vlady/pri-uradu-vlady/martin_dvorak/v_mediich/ct24-slovensko-se-odklani-od-zakladnich-hodnot--ceska-vlada-nema-vuli-posilovat-nadstandardni-vztahy--rika-dvorak-212364/"
          },
          {
            "type": "WebSearchItem",
            "query": "https://www.seznamzpravy.cz/clanek/domaci-politika-cesko-slovensko-vzajemne-vztahy-271273"
          },
          {
            "type": "AgentMessageItem",
            "text": "I have a usable mix now: official Czech and Slovak government pages, public-service reporting, and several media articles with direct Babiš/Fiala quotes from 2024 to 2026. I’m writing the raw source inventory with both supportive and contradictory/context sources, all kept within the claim-date window."
          },
          {
            "type": "FileChangeItem"
          },
          {
            "type": "AgentMessageItem",
            "text": "I’ve written the source inventory. I’m doing one pass over the saved file now to catch any metadata mistakes before stopping, especially dates and URLs."
          },
          {
            "type": "CommandExecutionItem",
            "command": "/bin/bash -lc \"sed -n '1,260p' work/raw_sources.md\"",
            "exit_code": 0
          },
          {
            "type": "WebSearchItem",
            "query": "https://vlada.gov.cz/cz/media-centrum/aktualne/premier-babis-v-bratislave-obnovime-spolecne-zasedani-vlad-cr-a-slovenska--224751/"
          },
          {
            "type": "WebSearchItem",
            "query": "https://www.vlada.gov.sk/tlacove-spravy/robert-fico-budeme-pokracovat-v-spolocnych-rokovaniach-slovenskej-a-ceskej-vlady/"
          },
          {
            "type": "WebSearchItem",
            "query": "https://www.seznamzpravy.cz/clanek/domaci-babis-by-v-pripade-ucasti-ano-ve-vlade-obnovil-konzultace-se-slovenskem-268123"
          },
          {
            "type": "AgentMessageItem",
            "text": "Zdrojová rešerše je zapsaná v [work/raw_sources.md](/home/vilo/demagog/fact_check_v2/experiments/v2_gpt-5.4_20260402_164100/id24682/work/raw_sources.md).\n\nDo souboru jsem dal 11 zdrojů v povoleném okně do `2026-03-19`, včetně oficiálních českých a slovenských vládních zdrojů, veřejnoprávních médií i protichůdných/context zdrojů."
          }
        ]
      }
    },
    {
      "file": "step3_refine_log.json",
      "content": {
        "step": "step3_refine",
        "elapsed_seconds": 128.2,
        "prompt_length": 2274,
        "input_tokens": 570930,
        "cached_input_tokens": 350720,
        "output_tokens": 23490,
        "web_searches": 6,
        "final_response": "Refinovaný seznam zdrojů je zapsaný v [work/refined_sources.md](/home/vilo/demagog/fact_check_v2/experiments/v2_gpt-5.4_20260402_164100/id24682/work/refined_sources.md).\n\nNahradil jsem slabší duplicity silnějšími zdroji, doplnil tier-1 oporu pro hlavní skutkové jádro a u každé položky doplnil stav, tier a poznámky k validaci.",
        "items": [
          {
            "type": "AgentMessageItem",
            "text": "I’m checking the raw inventory against the ranking guide now, then I’ll replace weaker media items with stronger sources where possible and validate the URLs before saving the refined list."
          },
          {
            "type": "CommandExecutionItem",
            "command": "/bin/bash -lc \"sed -n '1,260p' work/raw_sources.md\"",
            "exit_code": 0
          },
          {
            "type": "CommandExecutionItem",
            "command": "/bin/bash -lc \"sed -n '1,220p' work/claim_interpretation.md\"",
            "exit_code": 0
          },
          {
            "type": "CommandExecutionItem",
            "command": "/bin/bash -lc \"sed -n '1,220p' guides/source_ranking.csv\"",
            "exit_code": 0
          },
          {
            "type": "WebSearchItem",
            "query": "https://zpravy.aktualne.cz/domaci/fiala-vymenil-slovaky-za-ukrajince-babis/r~8afa8098dd3411ee9af20cc47ab5f122/"
          },
          {
            "type": "WebSearchItem",
            "query": "site:irozhlas.cz Babiš Fiala Slovensko vztahy ničí mezivládní konzultace březen 2024"
          },
          {
            "type": "WebSearchItem",
            "query": "https://ct24.ceskatelevize.cz/clanek/domaci/zive-poslanci-budou-resit-energeticky-zakon-a-platy-politiku-354680"
          },
          {
            "type": "WebSearchItem",
            "query": "site:ct24.ceskatelevize.cz Andrej Babiš zrušení mezivládních konzultací zásadní chyba Slovensko vztahy"
          },
          {
            "type": "WebSearchItem",
            "query": "https://ct24.ceskatelevize.cz/clanek/svet/fiala-prijal-lidra-slovenske-opozice-slovensko-neni-jen-fico-vzkazal-simecka-346910/"
          },
          {
            "type": "WebSearchItem",
            "query": "https://www.irozhlas.cz/zpravy-domov/cesko-opet-prohlubuje-vztahy-se-slovenskem-ministri-dostali-od-babise-befelem-se_2602120500_jgr"
          },
          {
            "type": "AgentMessageItem",
            "text": "I found a stronger tier-1 support source from ČT24 for the core accusation against Fiala, so I’m folding that into the refined set and demoting the weaker duplicative media pieces."
          },
          {
            "type": "FileChangeItem"
          },
          {
            "type": "AgentMessageItem",
            "text": "The refined set is saved. I’m checking the final artifact once to make sure the kept/replaced/removed statuses line up with the summary and the tier logic."
          },
          {
            "type": "CommandExecutionItem",
            "command": "/bin/bash -lc \"sed -n '1,340p' work/refined_sources.md\"",
            "exit_code": 0
          },
          {
            "type": "AgentMessageItem",
            "text": "Refinovaný seznam zdrojů je zapsaný v [work/refined_sources.md](/home/vilo/demagog/fact_check_v2/experiments/v2_gpt-5.4_20260402_164100/id24682/work/refined_sources.md).\n\nNahradil jsem slabší duplicity silnějšími zdroji, doplnil tier-1 oporu pro hlavní skutkové jádro a u každé položky doplnil stav, tier a poznámky k validaci."
          }
        ]
      }
    },
    {
      "file": "step4_draft_log.json",
      "content": {
        "step": "step4_draft",
        "elapsed_seconds": 64.7,
        "prompt_length": 1887,
        "input_tokens": 930778,
        "cached_input_tokens": 681088,
        "output_tokens": 28221,
        "web_searches": 0,
        "final_response": "Návrh fact-checku je zapsaný v [work/draft.md](/home/vilo/demagog/fact_check_v2/experiments/v2_gpt-5.4_20260402_164100/id24682/work/draft.md).\n\nDržel jsem se jen zdrojů z `work/refined_sources.md`, použil krátký perex a pět krátkých HTML odstavců v demagogovském stylu.",
        "items": [
          {
            "type": "AgentMessageItem",
            "text": "I’m loading the style guide and a couple of finished examples now, then I’ll draft the report directly in Demagog’s format and keep it constrained to the refined source set."
          },
          {
            "type": "CommandExecutionItem",
            "command": "/bin/bash -lc \"sed -n '1,260p' work/refined_sources.md\"",
            "exit_code": 0
          },
          {
            "type": "CommandExecutionItem",
            "command": "/bin/bash -lc \"sed -n '1,240p' guides/style_guide.md\"",
            "exit_code": 0
          },
          {
            "type": "CommandExecutionItem",
            "command": "/bin/bash -lc \"sed -n '1,220p' guides/examples.txt\"",
            "exit_code": 0
          },
          {
            "type": "AgentMessageItem",
            "text": "I have the verdict and structure. I’m writing a short perex plus five tight HTML paragraphs, keeping the links on key words and ending with a single explicit verdict sentence."
          },
          {
            "type": "FileChangeItem"
          },
          {
            "type": "AgentMessageItem",
            "text": "The draft is in place. I’m making one small language cleanup now so the verdict sentence stays natural Czech while still using the required verdict label."
          },
          {
            "type": "FileChangeItem"
          },
          {
            "type": "CommandExecutionItem",
            "command": "/bin/bash -lc \"sed -n '1,220p' work/draft.md\"",
            "exit_code": 0
          },
          {
            "type": "AgentMessageItem",
            "text": "Návrh fact-checku je zapsaný v [work/draft.md](/home/vilo/demagog/fact_check_v2/experiments/v2_gpt-5.4_20260402_164100/id24682/work/draft.md).\n\nDržel jsem se jen zdrojů z `work/refined_sources.md`, použil krátký perex a pět krátkých HTML odstavců v demagogovském stylu."
          }
        ]
      }
    },
    {
      "file": "step5_verify_log.json",
      "content": {
        "step": "step5_verify",
        "elapsed_seconds": 54.5,
        "prompt_length": 1226,
        "input_tokens": 1193633,
        "cached_input_tokens": 921856,
        "output_tokens": 31932,
        "web_searches": 2,
        "final_response": "Ověření je zapsané v [work/verification.md](/home/vilo/demagog/fact_check_v2/experiments/v2_gpt-5.4_20260402_164100/id24682/work/verification.md).\n\nChecklist vyšel bez dalších oprav, takže soubor končí `## Result: PASS`.",
        "items": [
          {
            "type": "AgentMessageItem",
            "text": "I’m running the draft against the checklist item by item now. I’ll spot-check a few cited links directly and, if anything fails, patch only the affected sentence instead of rewriting the whole piece."
          },
          {
            "type": "CommandExecutionItem",
            "command": "/bin/bash -lc \"sed -n '1,260p' work/draft.md\"",
            "exit_code": 0
          },
          {
            "type": "CommandExecutionItem",
            "command": "/bin/bash -lc \"sed -n '1,220p' guides/style_guide.md\"",
            "exit_code": 0
          },
          {
            "type": "CommandExecutionItem",
            "command": "/bin/bash -lc \"sed -n '1,260p' guides/verification_checklist.md\"",
            "exit_code": 0
          },
          {
            "type": "CommandExecutionItem",
            "command": "/bin/bash -lc \"sed -n '1,220p' guides/source_ranking.csv\"",
            "exit_code": 0
          },
          {
            "type": "WebSearchItem",
            "query": "https://vlada.gov.cz/cz/media-centrum/aktualne/premier-babis-v-bratislave-obnovime-spolecne-zasedani-vlad-cr-a-slovenska--224751/"
          },
          {
            "type": "WebSearchItem",
            "query": "'Samozřejmě' in https://www.seznamzpravy.cz/clanek/domaci-babis-by-v-pripade-ucasti-ano-ve-vlade-obnovil-konzultace-se-slovenskem-268123"
          },
          {
            "type": "AgentMessageItem",
            "text": "I don’t see a substantive evidence problem in the draft. I’m writing the checklist evaluation now, including the three link spot-checks I verified directly."
          },
          {
            "type": "FileChangeItem"
          },
          {
            "type": "AgentMessageItem",
            "text": "Ověření je zapsané v [work/verification.md](/home/vilo/demagog/fact_check_v2/experiments/v2_gpt-5.4_20260402_164100/id24682/work/verification.md).\n\nChecklist vyšel bez dalších oprav, takže soubor končí `## Result: PASS`."
          }
        ]
      }
    },
    {
      "file": "step6_finalize_log.json",
      "content": {
        "step": "step6_finalize",
        "elapsed_seconds": 25.9,
        "prompt_length": 313,
        "input_tokens": 1555133,
        "cached_input_tokens": 1275648,
        "output_tokens": 33988,
        "web_searches": 0,
        "final_response": "Vytvořil jsem [output/report.md](/home/vilo/demagog/fact_check_v2/experiments/v2_gpt-5.4_20260402_164100/id24682/output/report.md).",
        "items": [
          {
            "type": "AgentMessageItem",
            "text": "I’m confirming the verification result and then writing the final artifact to `output/report.md` with the original claim and the approved report body."
          },
          {
            "type": "CommandExecutionItem",
            "command": "/bin/bash -lc 'tail -n 20 work/verification.md'",
            "exit_code": 0
          },
          {
            "type": "CommandExecutionItem",
            "command": "/bin/bash -lc \"sed -n '1,220p' work/draft.md\"",
            "exit_code": 0
          },
          {
            "type": "CommandExecutionItem",
            "command": "/bin/bash -lc \"sed -n '1,80p' metadata.json\"",
            "exit_code": 0
          },
          {
            "type": "AgentMessageItem",
            "text": "Verification ends with `## Result: PASS`, so I’m emitting the final deliverable exactly as requested."
          },
          {
            "type": "CommandExecutionItem",
            "command": "/bin/bash -lc 'mkdir -p output'",
            "exit_code": 0
          },
          {
            "type": "CommandExecutionItem",
            "command": "/bin/bash -lc \"test -f output/report.md && sed -n '1,220p' output/report.md || true\"",
            "exit_code": 0
          },
          {
            "type": "FileChangeItem"
          },
          {
            "type": "AgentMessageItem",
            "text": "Vytvořil jsem [output/report.md](/home/vilo/demagog/fact_check_v2/experiments/v2_gpt-5.4_20260402_164100/id24682/output/report.md)."
          }
        ]
      }
    }
  ]
}