{
  "claim_id": "24716",
  "split": "v2",
  "source_experiment": "v2_gpt-5.4_20260421_113102",
  "source_md": "fact_check_v2/experiments/v2_gpt-5.4_20260421_113102/reports/report24716.md",
  "step_logs": [
    {
      "file": "step1_interpret_log.json",
      "content": {
        "step": "step1_interpret",
        "elapsed_seconds": 82.1,
        "prompt_length": 3883,
        "input_tokens": 129877,
        "cached_input_tokens": 77824,
        "output_tokens": 4606,
        "web_searches": 4,
        "final_response": "Interpretaci jsem zapsal do [work/claim_interpretation.md](/home/vilo/demagog/fact_check_v2/experiments/v2_gpt-5.4_20260421_113102/id24716/work/claim_interpretation.md).\n\nSoubor obsahuje rozpad výroku na dílčí tvrzení, zvolenou interpretaci, datum výroku `17. dubna 2026`, časové omezení zdrojů a plán hledání primárně ve slovenské legislativě a parlamentních materiálech.",
        "items": [
          {
            "type": "ErrorItem"
          },
          {
            "type": "AgentMessageItem",
            "text": "Nejprve si projdu strukturu repozitáře a ověřím, jestli v `work/` už něco není, abych interpretaci zapsal do správného souboru a držel se místních instrukcí."
          },
          {
            "type": "CommandExecutionItem",
            "command": "/bin/bash -lc pwd",
            "exit_code": 0
          },
          {
            "type": "CommandExecutionItem",
            "command": "/bin/bash -lc 'rg --files'",
            "exit_code": 0
          },
          {
            "type": "AgentMessageItem",
            "text": "V repozitáři jsou i metodické podklady; pro tento krok nepotřebuji styl finálního verdiktu, ale ověřím ještě metadata a připravím si přesné datum výroku, než dohledám slovenský kontext."
          },
          {
            "type": "CommandExecutionItem",
            "command": "/bin/bash -lc 'ls -la'",
            "exit_code": 0
          },
          {
            "type": "CommandExecutionItem",
            "command": "/bin/bash -lc \"sed -n '1,220p' metadata.json\"",
            "exit_code": 0
          },
          {
            "type": "WebSearchItem",
            "query": "Slovensko 0,17 % HDP verejnoprávne médiá o tretinu srazili 2024 RTVS STVR"
          },
          {
            "type": "WebSearchItem",
            "query": "site:slov-lex.sk 0,17 % HDP RTVS zákon 2023 Slovensko"
          },
          {
            "type": "WebSearchItem",
            "query": "https://static.slov-lex.sk/static/SK/ZZ/2023/242/vyhlasene_znenie.html"
          },
          {
            "type": "WebSearchItem",
            "query": "site:slov-lex.sk RTVS 0,12 % HDP 530/2023 vyhlásené znenie"
          },
          {
            "type": "AgentMessageItem",
            "text": "Mám už potvrzený nejpravděpodobnější referent výroku: Talíř zjevně naráží na slovenské financování RTVS/STVR, kde zákon nejprve nastavil `0,17 % HDP` a konsolidační novela to krátce nato změnila na `nejméně 0,12 % HDP`. Teď sepíšu interpretaci tak, aby v dalším kroku šlo cíleně dohledat primární legislativní zdroje a časovou osu změny."
          },
          {
            "type": "AgentMessageItem",
            "text": "Zapisuji interpretaci do `work/claim_interpretation.md`. Zaměřím ji na ověřitelná tvrzení, vyloženou nejasnost kolem rétorického „lusknutím prstu“ a konkrétní plán hledání v slovenské legislativě a rozpočtových materiálech."
          },
          {
            "type": "CompatFileChangeItem"
          },
          {
            "type": "AgentMessageItem",
            "text": "Interpretace je zapsaná. Ještě rychle ověřím, že soubor obsahuje všechny požadované sekce a přesná data pro další krok pipeline."
          },
          {
            "type": "CommandExecutionItem",
            "command": "/bin/bash -lc \"sed -n '1,240p' work/claim_interpretation.md\"",
            "exit_code": 0
          },
          {
            "type": "AgentMessageItem",
            "text": "Interpretaci jsem zapsal do [work/claim_interpretation.md](/home/vilo/demagog/fact_check_v2/experiments/v2_gpt-5.4_20260421_113102/id24716/work/claim_interpretation.md).\n\nSoubor obsahuje rozpad výroku na dílčí tvrzení, zvolenou interpretaci, datum výroku `17. dubna 2026`, časové omezení zdrojů a plán hledání primárně ve slovenské legislativě a parlamentních materiálech."
          }
        ]
      }
    },
    {
      "file": "step2_search_log.json",
      "content": {
        "step": "step2_search",
        "elapsed_seconds": 217.9,
        "prompt_length": 1771,
        "input_tokens": 593724,
        "cached_input_tokens": 350464,
        "output_tokens": 16023,
        "web_searches": 19,
        "final_response": "Zdroje jsem zapsal do [work/raw_sources.md](/home/vilo/demagog/fact_check_v2/experiments/v2_gpt-5.4_20260421_113102/id24716/work/raw_sources.md).\n\nSoubor obsahuje širší sadu primárních i doplňkových zdrojů: slovenské zákony `242/2023` a `530/2023`, důvodovou zprávu, rozpočtové podklady parlamentu a RTVS i mediální kontext. Jsou tam i zdroje, které výrok nuancují, hlavně že původní návrh počítal s `0,15 % HDP` a že novela s `0,12 %` zároveň ponechala možnost navýšení rozpočtovým opatřením.",
        "items": [
          {
            "type": "ErrorItem"
          },
          {
            "type": "AgentMessageItem",
            "text": "Nejdřív si znovu načtu interpretaci z `work/claim_interpretation.md` a pak projdu slovenské zákony, parlamentní tisky a rozpočtové materiály. Cílem je nasbírat širší sadu primárních i doplňkových zdrojů včetně těch, které výrok spíš oslabují nebo nuancují."
          },
          {
            "type": "CommandExecutionItem",
            "command": "/bin/bash -lc \"sed -n '1,260p' work/claim_interpretation.md\"",
            "exit_code": 0
          },
          {
            "type": "CommandExecutionItem",
            "command": "/bin/bash -lc \"sed -n '1,220p' guides/source_ranking.csv\"",
            "exit_code": 0
          },
          {
            "type": "WebSearchItem",
            "query": "site:slov-lex.sk RTVS 0,17 % HDP 2023"
          },
          {
            "type": "WebSearchItem",
            "query": "site:static.slov-lex.sk 242/2023 RTVS 0,17"
          },
          {
            "type": "WebSearchItem",
            "query": "https://static.slov-lex.sk/static/SK/ZZ/2023/242/vyhlasene_znenie.html"
          },
          {
            "type": "WebSearchItem",
            "query": "'242/2023 Z. z.' in https://static.slov-lex.sk/static/SK/ZZ/2023/242/vyhlasene_znenie.html"
          },
          {
            "type": "WebSearchItem",
            "query": "site:nrsr.sk RTVS 0,17 0,12 dôvodová správa 2023 PDF"
          },
          {
            "type": "WebSearchItem",
            "query": "https://www.culture.gov.sk/ministerstvo/medialny-servis/aktuality-ministerstva-kultury/ministerstvo-kultury-prichadza-s-riesenim-financovania-rtvs/"
          },
          {
            "type": "WebSearchItem",
            "query": "'30. júna 2023' in https://www.culture.gov.sk/ministerstvo/medialny-servis/aktuality-ministerstva-kultury/ministerstvo-kultury-prichadza-s-riesenim-financovania-rtvs/"
          },
          {
            "type": "WebSearchItem",
            "query": "site:slov-lex.sk 530/2023 Z. z. dátum schválenia vyhlásenia"
          },
          {
            "type": "WebSearchItem",
            "query": "https://static.slov-lex.sk/static/SK/ZZ/2023/530/vyhlasene_znenie.html"
          },
          {
            "type": "WebSearchItem",
            "query": "'Návrh rozpočtu RTVS na rok 2024' in https://www.rtvs.org/media/a542/file/item/sk/0002/rozpocet_rtvs_2024.UCcF.pdf"
          },
          {
            "type": "WebSearchItem",
            "query": "site:mediahub.sk RTVS 0,12 nie je strop 2024"
          },
          {
            "type": "WebSearchItem",
            "query": "'Bratislava' in https://www.nrsr.sk/web/Dynamic/DocumentPreview.aspx?DocID=528597"
          },
          {
            "type": "WebSearchItem",
            "query": "site:nrsr.sk DocumentPreview 530/2023 RTVS 0,12 dôvodová správa 2023"
          },
          {
            "type": "WebSearchItem",
            "query": "site:vlada.gov.sk RTVS 0,12 2023 verejné financie"
          },
          {
            "type": "WebSearchItem",
            "query": "'Bratislava' in https://www.nrsr.sk/web/Dynamic/Download.aspx?DocID=537552"
          },
          {
            "type": "WebSearchItem",
            "query": "https://www.aktuality.sk/clanok/jOlfyss/rtvs-bude-dostavat-statny-prispevok-vo-vyske-017-percent-hdp/"
          },
          {
            "type": "WebSearchItem",
            "query": "https://www.culture.gov.sk/ministerstvo/medialny-servis/aktuality-ministerstva-kultury/ministerstvo-kultury-prichadza-s-riesenim-financovania-rtvs/"
          },
          {
            "type": "WebSearchItem",
            "query": "'najmenej 0,12 %' in https://static.slov-lex.sk/static/SK/ZZ/2023/530/vyhlasene_znenie.html"
          },
          {
            "type": "AgentMessageItem",
            "text": "Mám už pohromadě zákonné znění, důvodovou zprávu, rozpočtové podklady i interní materiály RTVS. Do `work/raw_sources.md` teď zapisuji širší sadu zdrojů tak, aby další krok mohl vybrat nejsilnější primární důkazy i nuance, které výrok oslabují."
          },
          {
            "type": "CompatFileChangeItem"
          },
          {
            "type": "WebSearchItem",
            "query": "'7. februára 2024'"
          },
          {
            "type": "AgentMessageItem",
            "text": "Zdroje jsou zapsané; ještě kontroluji výsledný soubor, hlavně jestli má u každé položky URL, datum, vazbu na dílčí tvrzení a stručný citát pro další selekci."
          },
          {
            "type": "CommandExecutionItem",
            "command": "/bin/bash -lc \"sed -n '1,260p' work/raw_sources.md\"",
            "exit_code": 0
          },
          {
            "type": "AgentMessageItem",
            "text": "Jeden detail zpřesňuji: u rozpočtového PDF RTVS nemám z dokumentu jistý konkrétní den zveřejnění, takže datum upravím na ověřený měsíc, aby ve zdrojích nezůstal nepodložený údaj."
          },
          {
            "type": "CompatFileChangeItem"
          },
          {
            "type": "AgentMessageItem",
            "text": "Zdroje jsem zapsal do [work/raw_sources.md](/home/vilo/demagog/fact_check_v2/experiments/v2_gpt-5.4_20260421_113102/id24716/work/raw_sources.md).\n\nSoubor obsahuje širší sadu primárních i doplňkových zdrojů: slovenské zákony `242/2023` a `530/2023`, důvodovou zprávu, rozpočtové podklady parlamentu a RTVS i mediální kontext. Jsou tam i zdroje, které výrok nuancují, hlavně že původní návrh počítal s `0,15 % HDP` a že novela s `0,12 %` zároveň ponechala možnost navýšení rozpočtovým opatřením."
          }
        ]
      }
    },
    {
      "file": "step3_refine_log.json",
      "content": {
        "step": "step3_refine",
        "elapsed_seconds": 490.7,
        "prompt_length": 2274,
        "input_tokens": 904944,
        "cached_input_tokens": 595840,
        "output_tokens": 22594,
        "web_searches": 5,
        "final_response": "Zpřesněný seznam jsem zapsal do [work/refined_sources.md](/home/vilo/demagog/fact_check_v2/experiments/v2_gpt-5.4_20260421_113102/id24716/work/refined_sources.md).\n\nSekundární článek z `aktuality.sk` jsem označil jako nahrazený primárními zdroji. Nosné důkazy teď stojí hlavně na slovenské legislativě, parlamentních dokumentech a materiálech RTVS; slabší rozpočtový PDF zdroj zůstal jen jako kontext a je označený jako `flagged`.",
        "items": [
          {
            "type": "ErrorItem"
          },
          {
            "type": "AgentMessageItem",
            "text": "Teď dělám čistku zdrojů: projdu `raw_sources.md` proti rankingu domén, ověřím odkazy a u sekundárních položek rozhodnu, jestli je nahradit primárním zdrojem. Na konci zůstane jen sada, která jde bezpečně použít v dalším kroku."
          },
          {
            "type": "CommandExecutionItem",
            "command": "/bin/bash -lc \"sed -n '1,260p' work/raw_sources.md\"",
            "exit_code": 0
          },
          {
            "type": "CommandExecutionItem",
            "command": "/bin/bash -lc \"sed -n '1,220p' work/claim_interpretation.md\"",
            "exit_code": 0
          },
          {
            "type": "CommandExecutionItem",
            "command": "/bin/bash -lc \"sed -n '1,220p' guides/source_ranking.csv\"",
            "exit_code": 0
          },
          {
            "type": "WebSearchItem",
            "query": "https://www.culture.gov.sk/ministerstvo/medialny-servis/aktuality-ministerstva-kultury/ministerstvo-kultury-prichadza-s-riesenim-financovania-rtvs/"
          },
          {
            "type": "WebSearchItem",
            "query": "https://www.nrsr.sk/web/Dynamic/Download.aspx?DocID=537552"
          },
          {
            "type": "WebSearchItem",
            "query": "'7. februára 2024' in https://www.rtvs.org/media/a542/file/item/sk/0002/rozpocet_rtvs_2024.UCcF.pdf"
          },
          {
            "type": "WebSearchItem",
            "query": "'14. apríl 2023' in https://www.nrsr.sk/web/Dynamic/DocumentPreview.aspx?DocID=528597"
          },
          {
            "type": "WebSearchItem",
            "query": "'0,17 % z hrubého domáceho produktu' in https://static.slov-lex.sk/static/SK/ZZ/2023/242/vyhlasene_znenie.html"
          },
          {
            "type": "AgentMessageItem",
            "text": "V refinu zůstanu přísný: sekundární článek z Aktualitas nahradím primárními dokumenty a u zdrojů z oficiálních slovenských institucí doplním ruční tier, protože v místním CSV nejsou. U slabších kontextových položek je nechám jen jako doplněk, ne jako nosný důkaz."
          },
          {
            "type": "CompatFileChangeItem"
          },
          {
            "type": "AgentMessageItem",
            "text": "Refined seznam je hotový. Ještě rychle kontroluji, že u každé položky sedí status a že shrnutí na konci jasně říká, co je pokryté primárními zdroji a co zůstává jen rétorickou částí výroku."
          },
          {
            "type": "CommandExecutionItem",
            "command": "/bin/bash -lc \"sed -n '1,320p' work/refined_sources.md\"",
            "exit_code": 0
          },
          {
            "type": "AgentMessageItem",
            "text": "Opravuji ještě drobný překlep v závěrečném shrnutí, ať je podklad čistý pro další psaní."
          },
          {
            "type": "CompatFileChangeItem"
          },
          {
            "type": "AgentMessageItem",
            "text": "Zpřesněný seznam jsem zapsal do [work/refined_sources.md](/home/vilo/demagog/fact_check_v2/experiments/v2_gpt-5.4_20260421_113102/id24716/work/refined_sources.md).\n\nSekundární článek z `aktuality.sk` jsem označil jako nahrazený primárními zdroji. Nosné důkazy teď stojí hlavně na slovenské legislativě, parlamentních dokumentech a materiálech RTVS; slabší rozpočtový PDF zdroj zůstal jen jako kontext a je označený jako `flagged`."
          }
        ]
      }
    },
    {
      "file": "step4_draft_log.json",
      "content": {
        "step": "step4_draft",
        "elapsed_seconds": 97.8,
        "prompt_length": 2388,
        "input_tokens": 1335648,
        "cached_input_tokens": 997760,
        "output_tokens": 29301,
        "web_searches": 0,
        "final_response": "Draft reportu jsem zapsal do [work/draft.md](/home/vilo/demagog/fact_check_v2/experiments/v2_gpt-5.4_20260421_113102/id24716/work/draft.md).\n\nVerdikt v draftu vychází jako `pravda`: zákonná garance `0,17 % HDP` pro RTVS opravdu platila od července 2023 a od ledna 2024 ji novela snížila na `0,12 % HDP`. V textu zároveň zůstává uvedeno, že „o třetinu“ je jen přibližné a že nové minimum neznamenalo absolutní strop.",
        "items": [
          {
            "type": "ErrorItem"
          },
          {
            "type": "AgentMessageItem",
            "text": "Teď přepínám z rešerše do psaní. Nejprve si načtu stylová pravidla a dva vzorové texty, pak z nich složím krátký report s jedním jasným verdiktem a jen inline odkazy na klíčových slovech."
          },
          {
            "type": "CommandExecutionItem",
            "command": "/bin/bash -lc \"sed -n '1,260p' guides/style_guide.md\"",
            "exit_code": 0
          },
          {
            "type": "CommandExecutionItem",
            "command": "/bin/bash -lc \"sed -n '1,240p' guides/examples.txt\"",
            "exit_code": 0
          },
          {
            "type": "CommandExecutionItem",
            "command": "/bin/bash -lc \"sed -n '1,320p' work/refined_sources.md\"",
            "exit_code": 0
          },
          {
            "type": "CommandExecutionItem",
            "command": "/bin/bash -lc \"sed -n '1,240p' work/claim_interpretation.md\"",
            "exit_code": 0
          },
          {
            "type": "AgentMessageItem",
            "text": "Píšu samotný draft. Verdikt stavím na jádru výroku: zákonná garance `0,17 % HDP` byla skutečně zavedena a o půl roku později snížena na `0,12 %`, zatímco rétorické „ze dne na den“ a nepřesná „třetina“ vysvětlím jako menší zjednodušení."
          },
          {
            "type": "CompatFileChangeItem"
          },
          {
            "type": "AgentMessageItem",
            "text": "Draft mám, ale ještě upravuji technický detail: v těle musí být čisté HTML odkazy, ne markdown. Bez toho by text neodpovídal příkladům ani stylu Demagogu."
          },
          {
            "type": "CompatFileChangeItem"
          },
          {
            "type": "AgentMessageItem",
            "text": "Ještě dělám poslední stylové doladění: odkazy přehazuji z názvů institucí na samotné informačně nosné výrazy, aby to sedělo s demagogovským stylem inline citací."
          },
          {
            "type": "CompatFileChangeItem"
          },
          {
            "type": "AgentMessageItem",
            "text": "Draft je hotový. Ještě ho jen rychle čtu jako celek, abych zkontroloval délku perexu, konzistenci verdiktu a že se v textu verdict objeví jen jednou na konci."
          },
          {
            "type": "CommandExecutionItem",
            "command": "/bin/bash -lc \"sed -n '1,220p' work/draft.md\"",
            "exit_code": 0
          },
          {
            "type": "AgentMessageItem",
            "text": "Draft reportu jsem zapsal do [work/draft.md](/home/vilo/demagog/fact_check_v2/experiments/v2_gpt-5.4_20260421_113102/id24716/work/draft.md).\n\nVerdikt v draftu vychází jako `pravda`: zákonná garance `0,17 % HDP` pro RTVS opravdu platila od července 2023 a od ledna 2024 ji novela snížila na `0,12 % HDP`. V textu zároveň zůstává uvedeno, že „o třetinu“ je jen přibližné a že nové minimum neznamenalo absolutní strop."
          }
        ]
      }
    },
    {
      "file": "step5_verify_log.json",
      "content": {
        "step": "step5_verify",
        "elapsed_seconds": 91.5,
        "prompt_length": 1226,
        "input_tokens": 1718085,
        "cached_input_tokens": 1341568,
        "output_tokens": 34623,
        "web_searches": 4,
        "final_response": "Ověření jsem zapsal do [work/verification.md](/home/vilo/demagog/fact_check_v2/experiments/v2_gpt-5.4_20260421_113102/id24716/work/verification.md).\n\nPři kontrole neprošla jen jedna položka: u dvou PDF odkazů chyběly stránky. To jsem opravil přímo v [work/draft.md](/home/vilo/demagog/fact_check_v2/experiments/v2_gpt-5.4_20260421_113102/id24716/work/draft.md) a po opětovném vyhodnocení už checklist vychází celý jako `PASS`.",
        "items": [
          {
            "type": "ErrorItem"
          },
          {
            "type": "AgentMessageItem",
            "text": "Teď dělám kontrolní průchod proti checklistu. Nejprve načtu ověřovací pravidla a draft, pak skutečně zkontroluji několik odkazů a pokud něco neprojde, opravím jen konkrétní slabé místo v `work/draft.md`."
          },
          {
            "type": "CommandExecutionItem",
            "command": "/bin/bash -lc \"sed -n '1,260p' guides/verification_checklist.md\"",
            "exit_code": 0
          },
          {
            "type": "CommandExecutionItem",
            "command": "/bin/bash -lc \"sed -n '1,220p' guides/style_guide.md\"",
            "exit_code": 0
          },
          {
            "type": "CommandExecutionItem",
            "command": "/bin/bash -lc \"sed -n '1,220p' guides/source_ranking.csv\"",
            "exit_code": 0
          },
          {
            "type": "CommandExecutionItem",
            "command": "/bin/bash -lc \"sed -n '1,240p' work/draft.md\"",
            "exit_code": 0
          },
          {
            "type": "WebSearchItem",
            "query": "https://www.nrsr.sk/web/Dynamic/Download.aspx?DocID=537552"
          },
          {
            "type": "WebSearchItem",
            "query": "'nárokovateľný príspevok pre RTVS na rok 2024 vo výške 132 mil. eur' in https://www.nrsr.sk/web/Dynamic/Download.aspx?DocID=537552"
          },
          {
            "type": "WebSearchItem",
            "query": "https://www.nrsr.sk/web/Dynamic/DocumentPreview.aspx?DocID=528597"
          },
          {
            "type": "WebSearchItem",
            "query": "'0,17 % z hrubého domáceho produktu' in https://static.slov-lex.sk/static/SK/ZZ/2023/242/vyhlasene_znenie.html"
          },
          {
            "type": "AgentMessageItem",
            "text": "Checklist odhalil jeden konkrétní problém: u dvou PDF odkazů chyběly stránky. To opravím přímo v draftu a pak doplním finální ověření položek včetně skutečně zkontrolovaných odkazů."
          },
          {
            "type": "CompatFileChangeItem"
          },
          {
            "type": "AgentMessageItem",
            "text": "Ověření po opravě PDF citací vychází čistě. Do `work/verification.md` teď zapisuji kompletní checklist s krátkým zdůvodněním každé položky a se spot-checkem tří odkazů."
          },
          {
            "type": "CompatFileChangeItem"
          },
          {
            "type": "AgentMessageItem",
            "text": "Ověření jsem zapsal do [work/verification.md](/home/vilo/demagog/fact_check_v2/experiments/v2_gpt-5.4_20260421_113102/id24716/work/verification.md).\n\nPři kontrole neprošla jen jedna položka: u dvou PDF odkazů chyběly stránky. To jsem opravil přímo v [work/draft.md](/home/vilo/demagog/fact_check_v2/experiments/v2_gpt-5.4_20260421_113102/id24716/work/draft.md) a po opětovném vyhodnocení už checklist vychází celý jako `PASS`."
          }
        ]
      }
    },
    {
      "file": "step6_finalize_log.json",
      "content": {
        "step": "step6_finalize",
        "elapsed_seconds": 28.1,
        "prompt_length": 313,
        "input_tokens": 1985864,
        "cached_input_tokens": 1603456,
        "output_tokens": 36311,
        "web_searches": 0,
        "final_response": "Hotovo.",
        "items": [
          {
            "type": "ErrorItem"
          },
          {
            "type": "AgentMessageItem",
            "text": "Teď jen uzavřu pipeline: ověřím, že `work/verification.md` končí `PASS`, a pak přenesu finální draft do `output/report.md` se zadanou obálkou."
          },
          {
            "type": "CommandExecutionItem",
            "command": "/bin/bash -lc 'tail -n 5 work/verification.md'",
            "exit_code": 0
          },
          {
            "type": "CommandExecutionItem",
            "command": "/bin/bash -lc \"sed -n '1,220p' work/draft.md\"",
            "exit_code": 0
          },
          {
            "type": "CommandExecutionItem",
            "command": "/bin/bash -lc \"python - <<'PY'\nimport json\nwith open('metadata.json') as f:\n    print(json.load(f)['claim'])\nPY\"",
            "exit_code": 0
          },
          {
            "type": "AgentMessageItem",
            "text": "Ověření končí `## Result: PASS`. Přenáším teď hotový text do výstupního souboru v požadovaném formátu."
          },
          {
            "type": "CompatFileChangeItem"
          },
          {
            "type": "AgentMessageItem",
            "text": "Hotovo."
          }
        ]
      }
    }
  ]
}