{
  "claim_id": "24709",
  "split": "v2",
  "source_experiment": "v2_gpt-5.4_20260421_113102",
  "source_md": "fact_check_v2/experiments/v2_gpt-5.4_20260421_113102/reports/report24709.md",
  "step_logs": [
    {
      "file": "step1_interpret_log.json",
      "content": {
        "step": "step1_interpret",
        "elapsed_seconds": 120.0,
        "prompt_length": 3785,
        "input_tokens": 233031,
        "cached_input_tokens": 152832,
        "output_tokens": 5619,
        "web_searches": 7,
        "final_response": "Analýzu jsem zapsal do [work/claim_interpretation.md](/home/vilo/demagog/fact_check_v2/experiments/v2_gpt-5.4_20260421_113102/id24709/work/claim_interpretation.md).",
        "items": [
          {
            "type": "ErrorItem"
          },
          {
            "type": "AgentMessageItem",
            "text": "Nejdřív si ověřím strukturu repozitáře a případné lokální instrukce pro tento krok, pak krátce dohledám, jak přesně je tvrzení míněno a k jakému datu ho mám vztáhnout."
          },
          {
            "type": "CommandExecutionItem",
            "command": "/bin/bash -lc 'pwd && rg --files .'",
            "exit_code": 0
          },
          {
            "type": "CommandExecutionItem",
            "command": "/bin/bash -lc \"find .. -maxdepth 3 -name AGENTS.md -o -name '*guide*' -o -name 'README*'\"",
            "exit_code": 0
          },
          {
            "type": "AgentMessageItem",
            "text": "Našel jsem jen lokální instrukce a sadu průvodců. Teď čtu AGENTS a stručné metodické podklady, aby výstup do `work/claim_interpretation.md` odpovídal formátu pipeline."
          },
          {
            "type": "CommandExecutionItem",
            "command": "/bin/bash -lc \"sed -n '1,220p' AGENTS.md\"",
            "exit_code": 0
          },
          {
            "type": "CommandExecutionItem",
            "command": "/bin/bash -lc \"sed -n '1,220p' guides/source_ranking.csv\"",
            "exit_code": 0
          },
          {
            "type": "CommandExecutionItem",
            "command": "/bin/bash -lc \"sed -n '1,220p' guides/prirucka.md\"",
            "exit_code": 0
          },
          {
            "type": "WebSearchItem",
            "query": "https://plus.rozhlas.cz/koncesionarske-poplatky-jsou-zastarale-plati-je-hlavne-seniori-zni-z-spd-opozice-9610185"
          },
          {
            "type": "WebSearchItem",
            "query": "European Union member states broadcasting licence fee public service media 2025 official"
          },
          {
            "type": "WebSearchItem",
            "query": "https://www.ebu.ch/files/live/sites/ebu/files/Publications/MIS/members_only/funding/EBU-MIS_Licence_Fee_2020_public.pdf"
          },
          {
            "type": "WebSearchItem",
            "query": "Josef Nerušil koncesionářský poplatek třetina členských států Evropské unie"
          },
          {
            "type": "AgentMessageItem",
            "text": "Z kontextu je zatím zřejmé, že „u něj“ odkazuje na model financování veřejnoprávních médií přes koncesionářský poplatek. Dohledávám ještě, jestli SPD a média v té debatě tímto pojmem myslí klasický domácnostní poplatek, nebo i širší veřejnoprávní daň."
          },
          {
            "type": "WebSearchItem",
            "query": "https://plus.rozhlas.cz/nerusil-poplatky-jsou-zastarale-nechceme-verejnopravni-media-trapit-ale-prevest-9604994"
          },
          {
            "type": "WebSearchItem",
            "query": "site:ebu.ch licence fee 2024 public version EU countries"
          },
          {
            "type": "WebSearchItem",
            "query": "https://www.publicmediaalliance.org/about-us/what-is-psm/psm-funding-models/"
          },
          {
            "type": "AgentMessageItem",
            "text": "Mám už dost kontextu na interpretaci. Sepíšu teď pracovní závěr: tvrzení nejspíš míří na podíl států EU, které ještě financují veřejnoprávní média přes klasický poplatek/odvod placený domácnostmi, přičemž sporné bude hlavně to, zda do stejné kategorie počítat i veřejnoprávní daň nebo domácnostní levy."
          },
          {
            "type": "AgentMessageItem",
            "text": "Teď vytvořím samotný artefakt v `work/claim_interpretation.md`. Před zápisem ještě zkontroluju, jestli už v `work/` něco není, abych na nic nešlápl."
          },
          {
            "type": "CommandExecutionItem",
            "command": "/bin/bash -lc 'find work -maxdepth 2 -type f | sort'",
            "exit_code": 0
          },
          {
            "type": "CommandExecutionItem",
            "command": "/bin/bash -lc 'test -d work && echo work_exists || echo no_work_dir'",
            "exit_code": 0
          },
          {
            "type": "CompatFileChangeItem"
          },
          {
            "type": "AgentMessageItem",
            "text": "Výstup je zapsaný. Ještě ho rychle kontroluju, jestli obsahuje všechny povinné části pro další krok pipeline a správná data pro časové omezení hledání."
          },
          {
            "type": "CommandExecutionItem",
            "command": "/bin/bash -lc \"sed -n '1,240p' work/claim_interpretation.md\"",
            "exit_code": 0
          },
          {
            "type": "AgentMessageItem",
            "text": "Analýzu jsem zapsal do [work/claim_interpretation.md](/home/vilo/demagog/fact_check_v2/experiments/v2_gpt-5.4_20260421_113102/id24709/work/claim_interpretation.md)."
          }
        ]
      }
    },
    {
      "file": "step2_search_log.json",
      "content": {
        "step": "step2_search",
        "elapsed_seconds": 295.6,
        "prompt_length": 1771,
        "input_tokens": 654657,
        "cached_input_tokens": 361472,
        "output_tokens": 17331,
        "web_searches": 25,
        "final_response": "Zdroje jsem zapsal do [work/raw_sources.md](/home/vilo/demagog/fact_check_v2/experiments/v2_gpt-5.4_20260421_113102/id24709/work/raw_sources.md).",
        "items": [
          {
            "type": "ErrorItem"
          },
          {
            "type": "AgentMessageItem",
            "text": "Začínám druhý krok čtením `work/claim_interpretation.md`, pak si postavím pracovní seznam států a dohledám zdroje k hraničním případům, které budou rozhodovat o počtu."
          },
          {
            "type": "CommandExecutionItem",
            "command": "/bin/bash -lc \"sed -n '1,240p' work/claim_interpretation.md\"",
            "exit_code": 0
          },
          {
            "type": "CommandExecutionItem",
            "command": "/bin/bash -lc \"python - <<'PY'\neu = ['Austria','Belgium','Bulgaria','Croatia','Cyprus','Czech Republic','Denmark','Estonia','Finland','France','Germany','Greece','Hungary','Ireland','Italy','Latvia','Lithuania','Luxembourg','Malta','Netherlands','Poland','Portugal','Romania','Slovakia','Slovenia','Spain','Sweden']\nprint('\\\\n'.join(eu))\nPY\"",
            "exit_code": 0
          },
          {
            "type": "WebSearchItem",
            "query": "2024 EBU public service media funding licence fee Europe pdf"
          },
          {
            "type": "WebSearchItem",
            "query": "https://www.publicmediaalliance.org/about-us/what-is-psm/psm-funding-models/"
          },
          {
            "type": "WebSearchItem",
            "query": "https://researchbriefings.files.parliament.uk/documents/CBP-8101/CBP-8101.pdf"
          },
          {
            "type": "WebSearchItem",
            "query": "https://researchbriefings.files.parliament.uk/documents/CBP-8101/CBP-8101.pdf"
          },
          {
            "type": "WebSearchItem",
            "query": "\"EBU\" \"Public Version: Licence Fee\" pdf February 2025"
          },
          {
            "type": "WebSearchItem",
            "query": "site:rundfunkbeitrag.de Rundfunkbeitrag households official"
          },
          {
            "type": "WebSearchItem",
            "query": "site:rundfunkbeitrag.de rundfunkbeitrag wohnung official faq"
          },
          {
            "type": "WebSearchItem",
            "query": "site:culture.gouv.fr contribution à l'audiovisuel public supprimée 2022 officiel"
          },
          {
            "type": "WebSearchItem",
            "query": "site:slov-lex.sk STVR financovanie štátny rozpočet zákon"
          },
          {
            "type": "WebSearchItem",
            "query": "\"Navrhuje sa zrušenie úhrady za služby verejnosti\" site:nrsr.sk"
          },
          {
            "type": "WebSearchItem",
            "query": "site:vero.fi yle tax official english 2025"
          },
          {
            "type": "WebSearchItem",
            "query": "site:vero.fi yle tax official"
          },
          {
            "type": "WebSearchItem",
            "query": "site:ct.cz tv poplatek official 2025"
          },
          {
            "type": "WebSearchItem",
            "query": "site:ceskatelevize.cz tv poplatek 2025 official"
          },
          {
            "type": "WebSearchItem",
            "query": "site:ertnews.gr ανταποδοτικό τέλος ΕΡΤ official 2025"
          },
          {
            "type": "WebSearchItem",
            "query": "site:company.ert.gr annual report fee electricity 2024 pdf"
          },
          {
            "type": "WebSearchItem",
            "query": "site:rtp.pt relatório e contas 2024 contribuição audiovisual pdf"
          },
          {
            "type": "WebSearchItem",
            "query": "Denmark public service fee tax official 2025"
          },
          {
            "type": "WebSearchItem",
            "query": "https://www.culture.gouv.fr/fr/content/download/368172/pdf_file/R%C3%A9forme%20du%20financement%20de%20l%27audiovisuel%20public.pdf?inLanguage=fre-FR&version=1"
          },
          {
            "type": "WebSearchItem",
            "query": "site:orf.beitrag.at ORF-Beitrag FAQ 2025"
          },
          {
            "type": "WebSearchItem",
            "query": "site:citizensinformation.ie television licence Ireland 2025"
          },
          {
            "type": "WebSearchItem",
            "query": "site:rtve.es annual report 2024 financiación RTVE tasa operadores pdf"
          },
          {
            "type": "WebSearchItem",
            "query": "Cyprus public broadcaster funding licence fee official 2025"
          },
          {
            "type": "WebSearchItem",
            "query": "https://cdn.epra.org/organisations/documents/7/original/Profile_CY_2025.pdf?1760000263="
          },
          {
            "type": "WebSearchItem",
            "query": "site:err.ee annual report 2024 funding state budget"
          },
          {
            "type": "AgentMessageItem",
            "text": "Mám už reprezentativní sadu zdrojů: souhrnný evropský přehled, několik oficiálních stránek států, které poplatek vybírají, a několik oficiálních zdrojů k zemím, které přešly na jiný model. Teď to zapisuju do `work/raw_sources.md` v jednotném formátu, aby na to šlo navázat při třídění."
          },
          {
            "type": "CompatFileChangeItem"
          },
          {
            "type": "AgentMessageItem",
            "text": "Zdroje jsou zapsané. Ještě kontroluju, že v seznamu jsou jak podpůrné, tak i hraniční či širší interpretační zdroje, aby další krok měl z čeho vybírat."
          },
          {
            "type": "CommandExecutionItem",
            "command": "/bin/bash -lc \"sed -n '1,320p' work/raw_sources.md\"",
            "exit_code": 0
          },
          {
            "type": "AgentMessageItem",
            "text": "Zdroje jsem zapsal do [work/raw_sources.md](/home/vilo/demagog/fact_check_v2/experiments/v2_gpt-5.4_20260421_113102/id24709/work/raw_sources.md)."
          }
        ]
      }
    },
    {
      "file": "step3_refine_log.json",
      "content": {
        "step": "step3_refine",
        "elapsed_seconds": 278.9,
        "prompt_length": 2274,
        "input_tokens": 997551,
        "cached_input_tokens": 584576,
        "output_tokens": 28339,
        "web_searches": 11,
        "final_response": "Refinovaný seznam jsem zapsal do [work/refined_sources.md](/home/vilo/demagog/fact_check_v2/experiments/v2_gpt-5.4_20260421_113102/id24709/work/refined_sources.md).",
        "items": [
          {
            "type": "ErrorItem"
          },
          {
            "type": "AgentMessageItem",
            "text": "Teď dělám třídění zdrojů: nejdřív znovu načtu `raw_sources`, `source_ranking.csv` a datumové omezení, potom vyhodím slabší položky a tam, kde to jde, nahradím média nebo neurčitě datované stránky přesnějšími primárními zdroji."
          },
          {
            "type": "CommandExecutionItem",
            "command": "/bin/bash -lc \"sed -n '1,320p' work/raw_sources.md\"",
            "exit_code": 0
          },
          {
            "type": "CommandExecutionItem",
            "command": "/bin/bash -lc \"sed -n '1,240p' guides/source_ranking.csv\"",
            "exit_code": 0
          },
          {
            "type": "CommandExecutionItem",
            "command": "/bin/bash -lc \"sed -n '1,200p' work/claim_interpretation.md\"",
            "exit_code": 0
          },
          {
            "type": "WebSearchItem",
            "query": "https://orf.beitrag.at/fileadmin/user_upload/Documents/Folder_FAQ.pdf"
          },
          {
            "type": "WebSearchItem",
            "query": "'Contribuição para o audiovisual' in https://www.rtp.pt/noticias/economia/orcamento-do-estado-o-guia-para-perceber-a-proposta-do-governo_954162"
          },
          {
            "type": "WebSearchItem",
            "query": "site:rtp.pt relatório e contas 2024 contribuição audiovisual pdf"
          },
          {
            "type": "WebSearchItem",
            "query": "https://cdn-images.rtp.pt/mcm/pdf/e36/e36a1286a3cd86f1b7d32129d68a753c1.pdf"
          },
          {
            "type": "WebSearchItem",
            "query": "https://www.nrsr.sk/web/Dynamic/DocumentPreview.aspx?DocID=515610"
          },
          {
            "type": "WebSearchItem",
            "query": "https://researchbriefings.files.parliament.uk/documents/CBP-8101/CBP-8101.pdf"
          },
          {
            "type": "WebSearchItem",
            "query": "'If you have a television, you must have a TV Licence' in https://www.gov.ie/en/department-of-culture-communications-and-sport/services/buy-a-television-licence/"
          },
          {
            "type": "WebSearchItem",
            "query": "https://skatteverket.se/privat/skatter/arbeteochinkomst/askattsedelochskattetabeller/publicserviceavgift.4.22501d9e166a8cb399f31dd.html"
          },
          {
            "type": "WebSearchItem",
            "query": "'Personkunder betalar rundradioskatt' in https://www.vero.fi/sv/skatteforvaltningen/nyhetsrummet/presentations_och_undervisningsmateria/yleskatt/"
          },
          {
            "type": "WebSearchItem",
            "query": "'l’a supprimée en août 2022' in https://www.culture.gouv.fr/fr/content/download/368172/pdf_file/R%C3%A9forme%20du%20financement%20de%20l%27audiovisuel%20public.pdf?inLanguage=fre-FR&version=1"
          },
          {
            "type": "WebSearchItem",
            "query": "'Published' in https://researchbriefings.files.parliament.uk/documents/CBP-8101/CBP-8101.pdf"
          },
          {
            "type": "AgentMessageItem",
            "text": "Vyřazuju dvě slabší položky: starý portugalský článek mimo časové okno a slovenský parlamentní preview, který je už v zásadě nahrazen přesnějším textem zákona. Zbytek nechávám buď jako jádrové důkazy, nebo jako kontext k širší interpretaci, a doplňuju stav, tier a poznámky."
          },
          {
            "type": "CompatFileChangeItem"
          },
          {
            "type": "AgentMessageItem",
            "text": "Refinovaný seznam je zapsaný. Ještě ho rychle projdu, zda jsou správně označené náhrady a jestli závěrečné shrnutí odpovídá tomu, co jsme skutečně nechali jako použitelné důkazy."
          },
          {
            "type": "CommandExecutionItem",
            "command": "/bin/bash -lc \"sed -n '1,360p' work/refined_sources.md\"",
            "exit_code": 0
          },
          {
            "type": "AgentMessageItem",
            "text": "Refinovaný seznam jsem zapsal do [work/refined_sources.md](/home/vilo/demagog/fact_check_v2/experiments/v2_gpt-5.4_20260421_113102/id24709/work/refined_sources.md)."
          }
        ]
      }
    },
    {
      "file": "step4_draft_log.json",
      "content": {
        "step": "step4_draft",
        "elapsed_seconds": 67.2,
        "prompt_length": 2388,
        "input_tokens": 1313323,
        "cached_input_tokens": 868992,
        "output_tokens": 32219,
        "web_searches": 0,
        "final_response": "Draft jsem zapsal do [work/draft.md](/home/vilo/demagog/fact_check_v2/experiments/v2_gpt-5.4_20260421_113102/id24709/work/draft.md).",
        "items": [
          {
            "type": "ErrorItem"
          },
          {
            "type": "AgentMessageItem",
            "text": "Než sepíšu odůvodnění, načtu si stylový guide a dva hotové příklady. Potřebuju sladit nejen tón, ale i přesnou strukturu HTML a to, jak Demagog skládá shrnutí a závěrečný verdikt."
          },
          {
            "type": "CommandExecutionItem",
            "command": "/bin/bash -lc \"sed -n '1,260p' guides/style_guide.md\"",
            "exit_code": 0
          },
          {
            "type": "CommandExecutionItem",
            "command": "/bin/bash -lc \"sed -n '1,260p' guides/examples.txt\"",
            "exit_code": 0
          },
          {
            "type": "CommandExecutionItem",
            "command": "/bin/bash -lc \"sed -n '1,360p' work/refined_sources.md\"",
            "exit_code": 0
          },
          {
            "type": "AgentMessageItem",
            "text": "Mám jasno v závěru: při užší, pro českou debatu přirozené interpretaci vychází deset zemí z 27, tedy asi 37 %. Teď sepíšu draft tak, aby bylo z textu jasné jak jsme s tímto číslem pracovali i proč jsme do stejné kategorie nezařadili švédskou a finskou daň."
          },
          {
            "type": "CompatFileChangeItem"
          },
          {
            "type": "AgentMessageItem",
            "text": "Draft je zapsaný. Ještě ho kontroluju proti stylovým pravidlům: délku perexu, počet odstavců, jediné vyslovení verdiktu a to, že všechny odkazy sedí na klíčových slovech."
          },
          {
            "type": "CommandExecutionItem",
            "command": "/bin/bash -lc \"sed -n '1,220p' work/draft.md\"",
            "exit_code": 0
          },
          {
            "type": "AgentMessageItem",
            "text": "Draft jsem zapsal do [work/draft.md](/home/vilo/demagog/fact_check_v2/experiments/v2_gpt-5.4_20260421_113102/id24709/work/draft.md)."
          }
        ]
      }
    },
    {
      "file": "step5_verify_log.json",
      "content": {
        "step": "step5_verify",
        "elapsed_seconds": 126.9,
        "prompt_length": 1226,
        "input_tokens": 2154578,
        "cached_input_tokens": 1671936,
        "output_tokens": 40910,
        "web_searches": 5,
        "final_response": "Ověření jsem zapsal do [work/verification.md](/home/vilo/demagog/fact_check_v2/experiments/v2_gpt-5.4_20260421_113102/id24709/work/verification.md). Při kontrole jsem ještě upravil [work/draft.md](/home/vilo/demagog/fact_check_v2/experiments/v2_gpt-5.4_20260421_113102/id24709/work/draft.md), aby všechny PDF citace obsahovaly čísla stran.",
        "items": [
          {
            "type": "ErrorItem"
          },
          {
            "type": "AgentMessageItem",
            "text": "Začínám kontrolu checklistem. Nejdřív načtu samotný checklist a draft, pak spot-checknu několik odkazů a opravím jen to, co skutečně neprojde."
          },
          {
            "type": "CommandExecutionItem",
            "command": "/bin/bash -lc \"sed -n '1,260p' guides/verification_checklist.md\"",
            "exit_code": 0
          },
          {
            "type": "CommandExecutionItem",
            "command": "/bin/bash -lc \"sed -n '1,260p' guides/style_guide.md\"",
            "exit_code": 0
          },
          {
            "type": "CommandExecutionItem",
            "command": "/bin/bash -lc \"sed -n '1,220p' work/draft.md\"",
            "exit_code": 0
          },
          {
            "type": "WebSearchItem",
            "query": ""
          },
          {
            "type": "WebSearchItem",
            "query": "'Selected countries in Europe with a licence fee' in https://researchbriefings.files.parliament.uk/documents/CBP-8101/CBP-8101.pdf"
          },
          {
            "type": "WebSearchItem",
            "query": "'Seit dem 1. Jänner 2024 wird der Österreichische Rundfunk (ORF) durch den ORF-Beitrag finanziert.' in https://orf.beitrag.at/fileadmin/user_upload/Documents/Folder_FAQ.pdf"
          },
          {
            "type": "WebSearchItem",
            "query": "'Fra 1. januar 2022 vil der herefter ikke være hjemmel for DR til at opkræve medielicens' in https://www.retsinformation.dk/api/pdf/203270"
          },
          {
            "type": "WebSearchItem",
            "query": "'If you have a television, you must have a TV Licence' in https://www.gov.ie/en/department-of-culture-communications-and-sport/services/buy-a-television-licence/"
          },
          {
            "type": "AgentMessageItem",
            "text": "Našel jsem jeden skutečný problém: u PDF odkazů chybí čísla stran. To opravím přímo v draftu, zbytek zatím vypadá průchozí."
          },
          {
            "type": "AgentMessageItem",
            "text": "Patch nesedl kvůli drobné odchylce v řádku. Načtu přesné znění a opravím jen ty dvě věty s PDF odkazy."
          },
          {
            "type": "CommandExecutionItem",
            "command": "/bin/bash -lc \"sed -n '1,120p' work/draft.md\"",
            "exit_code": 0
          },
          {
            "type": "CompatFileChangeItem"
          },
          {
            "type": "CommandExecutionItem",
            "command": "/bin/bash -lc \"python - <<'PY'\nfrom bs4 import BeautifulSoup\ntext=open('work/draft.md').read()\nstart=text.split('</p>')[0]\nfrom re import sub\nclean=sub('<[\"'^>]+>'\"','',start)\nprint(clean)\nprint(len(clean))\nPY\"",
            "exit_code": 1
          },
          {
            "type": "AgentMessageItem",
            "text": "Ještě dopočítám délku perexu bez HTML, ať mám jistotu, že nepřesahuje limit. Pak sepíšu finální checklist."
          },
          {
            "type": "CommandExecutionItem",
            "command": "/bin/bash -lc \"python - <<'PY'\nimport re\ntext=open('work/draft.md').read().split('</p>')[0]\nclean=re.sub(r'<[\"'^>]+>'\"','',text)\nprint(clean)\nprint(len(clean))\nPY\"",
            "exit_code": 0
          },
          {
            "type": "CompatFileChangeItem"
          },
          {
            "type": "AgentMessageItem",
            "text": "Ověření jsem zapsal do [work/verification.md](/home/vilo/demagog/fact_check_v2/experiments/v2_gpt-5.4_20260421_113102/id24709/work/verification.md). Při kontrole jsem ještě upravil [work/draft.md](/home/vilo/demagog/fact_check_v2/experiments/v2_gpt-5.4_20260421_113102/id24709/work/draft.md), aby všechny PDF citace obsahovaly čísla stran."
          }
        ]
      }
    },
    {
      "file": "step6_finalize_log.json",
      "content": {
        "step": "step6_finalize",
        "elapsed_seconds": 26.2,
        "prompt_length": 313,
        "input_tokens": 2457166,
        "cached_input_tokens": 1962112,
        "output_tokens": 42682,
        "web_searches": 0,
        "final_response": "Hotovo.",
        "items": [
          {
            "type": "ErrorItem"
          },
          {
            "type": "AgentMessageItem",
            "text": "Nejdřív ověřím, že `verification.md` skutečně končí `## Result: PASS`, a pak přenesu finální text do `output/report.md` v požadovaném wrapperu."
          },
          {
            "type": "CommandExecutionItem",
            "command": "/bin/bash -lc 'tail -n 5 work/verification.md'",
            "exit_code": 0
          },
          {
            "type": "CommandExecutionItem",
            "command": "/bin/bash -lc \"sed -n '1,220p' work/draft.md\"",
            "exit_code": 0
          },
          {
            "type": "AgentMessageItem",
            "text": "Kontrola prošla, `verification.md` končí `## Result: PASS`. Teď zapisuju finální report do `output/report.md` přesně v požadovaném formátu."
          },
          {
            "type": "CompatFileChangeItem"
          },
          {
            "type": "AgentMessageItem",
            "text": "Hotovo."
          }
        ]
      }
    }
  ]
}