{
  "claim_id": "24683",
  "split": "v2",
  "source_experiment": "v2_gpt-5.4_20260402_164100",
  "source_md": "fact_check_v2/experiments/v2_gpt-5.4_20260402_164100/reports/report24683.md",
  "step_logs": [
    {
      "file": "step1_interpret_log.json",
      "content": {
        "step": "step1_interpret",
        "elapsed_seconds": 92.5,
        "prompt_length": 1987,
        "input_tokens": 143256,
        "cached_input_tokens": 125440,
        "output_tokens": 5899,
        "web_searches": 0,
        "final_response": "Analýzu jsem zapsal do [work/claim_interpretation.md](/home/vilo/demagog/fact_check_v2/experiments/v2_gpt-5.4_20260402_164100/id24683/work/claim_interpretation.md).\n\nJádro interpretace je nastavené charitativně: nebudeme ověřovat, zda mají všechny resorty vnitra v EU doslova stejně pojmenovanou „krizovou komunikační skupinu“, ale zda je specializovaná krizová komunikace na těchto resortech běžným institucionálním standardem. Datum výroku je uvedeno jako 19. března 2026 a vyhledávací okno začíná 1. ledna 2022.",
        "items": [
          {
            "type": "AgentMessageItem",
            "text": "I’m reading the step inputs and workspace first so I can locate the actual claim data, any required guides, and the target file for this step."
          },
          {
            "type": "CommandExecutionItem",
            "command": "/bin/bash -lc pwd",
            "exit_code": 0
          },
          {
            "type": "CommandExecutionItem",
            "command": "/bin/bash -lc \"find .. -name AGENTS.md -o -name '*guide*' -o -path '../*work*' -maxdepth 3\"",
            "exit_code": 0
          },
          {
            "type": "CommandExecutionItem",
            "command": "/bin/bash -lc 'rg --files'",
            "exit_code": 0
          },
          {
            "type": "AgentMessageItem",
            "text": "I found the workspace skeleton and the actual claim data is likely in `metadata.json`. I’m reading that plus the main guide so I can produce the interpretation in the required format."
          },
          {
            "type": "CommandExecutionItem",
            "command": "/bin/bash -lc \"sed -n '1,220p' metadata.json\"",
            "exit_code": 0
          },
          {
            "type": "CommandExecutionItem",
            "command": "/bin/bash -lc 'ls -la work'",
            "exit_code": 0
          },
          {
            "type": "CommandExecutionItem",
            "command": "/bin/bash -lc \"sed -n '1,260p' guides/prirucka.md\"",
            "exit_code": 0
          },
          {
            "type": "AgentMessageItem",
            "text": "The claim data is in `metadata.json`; the statement was made on 19 March 2026 in an interview for TN.cz. I’m checking one completed neighboring example to mirror the expected Step 1 structure before writing the file."
          },
          {
            "type": "CommandExecutionItem",
            "command": "/bin/bash -lc \"sed -n '1,220p' ../id24684/work/claim_interpretation.md\"",
            "exit_code": 0
          },
          {
            "type": "CommandExecutionItem",
            "command": "/bin/bash -lc \"sed -n '1,220p' ../id24682/work/claim_interpretation.md\"",
            "exit_code": 0
          },
          {
            "type": "AgentMessageItem",
            "text": "Mám dost kontextu k interpretaci. Zapisuji pracovní soubor tak, aby v dalším kroku bylo jasné, co je doslovné jádro výroku, co je už hodnotící nadsázka a jaké zdroje mají přijít na řadu."
          },
          {
            "type": "FileChangeItem"
          },
          {
            "type": "AgentMessageItem",
            "text": "Soubor je zapsaný. Ještě ho rychle kontroluji, aby byl připravený pro další krok bez chyb ve struktuře nebo datech."
          },
          {
            "type": "CommandExecutionItem",
            "command": "/bin/bash -lc \"sed -n '1,260p' work/claim_interpretation.md\"",
            "exit_code": 0
          },
          {
            "type": "AgentMessageItem",
            "text": "Analýzu jsem zapsal do [work/claim_interpretation.md](/home/vilo/demagog/fact_check_v2/experiments/v2_gpt-5.4_20260402_164100/id24683/work/claim_interpretation.md).\n\nJádro interpretace je nastavené charitativně: nebudeme ověřovat, zda mají všechny resorty vnitra v EU doslova stejně pojmenovanou „krizovou komunikační skupinu“, ale zda je specializovaná krizová komunikace na těchto resortech běžným institucionálním standardem. Datum výroku je uvedeno jako 19. března 2026 a vyhledávací okno začíná 1. ledna 2022."
          }
        ]
      }
    },
    {
      "file": "step2_search_log.json",
      "content": {
        "step": "step2_search",
        "elapsed_seconds": 229.1,
        "prompt_length": 1693,
        "input_tokens": 445714,
        "cached_input_tokens": 298368,
        "output_tokens": 18409,
        "web_searches": 26,
        "final_response": "Zdroje jsem zapsal do [work/raw_sources.md](/home/vilo/demagog/fact_check_v2/experiments/v2_gpt-5.4_20260402_164100/id24683/work/raw_sources.md).\n\nSoubor obsahuje širší sadu primárních i sekundárních zdrojů pro obě netriviální dílčí tvrzení, včetně materiálů, které Rakušanův výrok podporují, i zdrojů, které zpochybňují jeho přísnější interpretaci.",
        "items": [
          {
            "type": "AgentMessageItem",
            "text": "Čtu interpretaci z kroku 1 a pak jdu široce po primárních zdrojích k českému Ministerstvu vnitra i k resortům vnitra v dalších státech EU. Současně hledám i proti-příklady, ne jen potvrzující materiály."
          },
          {
            "type": "CommandExecutionItem",
            "command": "/bin/bash -lc \"sed -n '1,260p' work/claim_interpretation.md\"",
            "exit_code": 0
          },
          {
            "type": "CommandExecutionItem",
            "command": "/bin/bash -lc \"sed -n '1,220p' guides/source_ranking.csv\"",
            "exit_code": 0
          },
          {
            "type": "WebSearchItem",
            "query": "site:mvcr.cz \"Krizový informační tým\" Ministerstvo vnitra"
          },
          {
            "type": "WebSearchItem",
            "query": "site:mvcr.cz \"Krizový informační tým\""
          },
          {
            "type": "WebSearchItem",
            "query": "\"Krizový informační tým\" ministerstvo vnitra"
          },
          {
            "type": "WebSearchItem",
            "query": "site:mv.gov.cz \"72 hodin\" pdf"
          },
          {
            "type": "WebSearchItem",
            "query": "site:bmi.bund.de Krisenkommunikation BMI"
          },
          {
            "type": "WebSearchItem",
            "query": "BMI Krisenkommunikation site:bmi.bund.de"
          },
          {
            "type": "WebSearchItem",
            "query": "site:gov.ie \"crisis communications\" \"Department of Justice\""
          },
          {
            "type": "WebSearchItem",
            "query": "\"Krizový informační tým\" ministerstvo vnitra zrušení tiskové oddělení PR"
          },
          {
            "type": "WebSearchItem",
            "query": "site:mv.gov.cz \"oddělení tisku\" \"Krizový informační tým\""
          },
          {
            "type": "WebSearchItem",
            "query": "site:bmi.gv.at Krisenkommunikation Innenministerium"
          },
          {
            "type": "WebSearchItem",
            "query": "site:intermin.fi \"crisis communication\" ministry of the interior"
          },
          {
            "type": "WebSearchItem",
            "query": "site:72h.gov.cz \"Příručka 72 hodin\""
          },
          {
            "type": "WebSearchItem",
            "query": "https://mv.gov.cz/clanek/krizovy-informacni-tym-ministerstva-vnitra.aspx"
          },
          {
            "type": "WebSearchItem",
            "query": "https://www.interieur.gouv.fr/ministere/secretariat-general/delegation-a-l-information-et-a-la-communication"
          },
          {
            "type": "WebSearchItem",
            "query": "https://mv.gov.cz/clanek/ministerstvo-vnitra-zahajilo-distribuci-5-2-milionu-prirucek-72-hodin-do-domacnosti-v-ceske-republice.aspx"
          },
          {
            "type": "WebSearchItem",
            "query": "'2025' in https://mv.gov.cz/clanek/ministerstvo-vnitra-zahajilo-distribuci-5-2-milionu-prirucek-72-hodin-do-domacnosti-v-ceske-republice.aspx"
          },
          {
            "type": "WebSearchItem",
            "query": "site:gov.si \"Nacionalni center za krizno upravljanje\""
          },
          {
            "type": "WebSearchItem",
            "query": "site:mv.gov.cz KRIT školy bombové výhrůžky"
          },
          {
            "type": "WebSearchItem",
            "query": "site:72h.gov.cz \"Zpracoval Krizový informační tým\""
          },
          {
            "type": "WebSearchItem",
            "query": "site:bmi.gv.at \"Krisenkommunikation\" Innenministerium pdf"
          },
          {
            "type": "WebSearchItem",
            "query": "https://www.bmi.gv.at/113/Sektion_I/Gruppe_I_C/Abteilung_I_C_10/Referat_I_C_10_a.aspx"
          },
          {
            "type": "WebSearchItem",
            "query": "https://ct24.ceskatelevize.cz/clanek/domaci/vnitro-zrusilo-krizovy-informacni-tym-pomahal-i-pri-povodnich-371423"
          },
          {
            "type": "WebSearchItem",
            "query": "'Uhr' in https://www.bmi.gv.at/113/Sektion_I/Gruppe_I_C/Abteilung_I_C_10/Referat_I_C_10_a.aspx"
          },
          {
            "type": "WebSearchItem",
            "query": "site:gov.pl/mswia komunikacja kryzysowa"
          },
          {
            "type": "WebSearchItem",
            "query": "https://www.gov.pl/web/mswia/departament-ochrony-ludnosci-i-zarzadzania-kryzysowego"
          },
          {
            "type": "WebSearchItem",
            "query": ""
          },
          {
            "type": "AgentMessageItem",
            "text": "Mám dost materiálu z primárních zdrojů i z veřejnoprávních a seriózních médií. Zapisuji je do `work/raw_sources.md` včetně protiargumentů k přísnější interpretaci výroku."
          },
          {
            "type": "FileChangeItem"
          },
          {
            "type": "AgentMessageItem",
            "text": "Soubor se zdroji je zapsaný. Kontroluji ještě formát a to, že jsem zachytil jak podpůrné, tak problematické zdroje pro další výběr v kroku 3."
          },
          {
            "type": "CommandExecutionItem",
            "command": "/bin/bash -lc \"sed -n '1,320p' work/raw_sources.md\"",
            "exit_code": 0
          },
          {
            "type": "AgentMessageItem",
            "text": "Zdroje jsem zapsal do [work/raw_sources.md](/home/vilo/demagog/fact_check_v2/experiments/v2_gpt-5.4_20260402_164100/id24683/work/raw_sources.md).\n\nSoubor obsahuje širší sadu primárních i sekundárních zdrojů pro obě netriviální dílčí tvrzení, včetně materiálů, které Rakušanův výrok podporují, i zdrojů, které zpochybňují jeho přísnější interpretaci."
          }
        ]
      }
    },
    {
      "file": "step3_refine_log.json",
      "content": {
        "step": "step3_refine",
        "elapsed_seconds": 90.6,
        "prompt_length": 2274,
        "input_tokens": 637211,
        "cached_input_tokens": 450432,
        "output_tokens": 24770,
        "web_searches": 3,
        "final_response": "Refinovaný seznam jsem zapsal do [work/refined_sources.md](/home/vilo/demagog/fact_check_v2/experiments/v2_gpt-5.4_20260402_164100/id24683/work/refined_sources.md).\n\nVyřadil jsem duplicitní mediální zdroje, nechal hlavně přímé oficiální podklady a označil slabší místa: hlavně cizojazyčné zdroje k mezinárodnímu srovnání a několik oficiálních dokumentů bez zjevného data publikace. Pro obě netriviální dílčí tvrzení ale zůstávají použitelné zdroje.",
        "items": [
          {
            "type": "AgentMessageItem",
            "text": "Teď zdroje čistím podle kvality, nahrazuji sekundární materiály tam, kde už mám přímý primární podklad, a ověřuji problematické odkazy a data."
          },
          {
            "type": "WebSearchItem",
            "query": "https://www.72h.gov.cz/assets/docs/citizen/72%20hodin%20-%20Jak%20se%20p%C5%99ipravit%20na%20krizov%C3%A9%20situace%20a%20spole%C4%8Dn%C4%9B%20je%20zvl%C3%A1dnout_.pdf"
          },
          {
            "type": "WebSearchItem",
            "query": "https://www.72h.gov.cz/public/files/2025-09/KPS-Naruseni-dodavek-plynu-a-tepla-v1.2.pdf"
          },
          {
            "type": "WebSearchItem",
            "query": "https://www.gov.si/drzavni-organi/ministrstva/ministrstvo-za-notranje-zadeve/o-ministrstvu/sluzba-za-odnose-z-javnostmi/"
          },
          {
            "type": "AgentMessageItem",
            "text": "Výběr už je zúžený. V `refined_sources.md` nechám hlavně přímé oficiální podklady a duplicitní mediální zdroje označím jako nahrazené nebo odstraněné."
          },
          {
            "type": "FileChangeItem"
          },
          {
            "type": "AgentMessageItem",
            "text": "Refinovaný seznam je hotový. Ještě ho rychle kontroluji, aby bylo jasné, které zdroje zůstávají jako nosné a které jsem vyřadil nebo ponechal jen s výhradou."
          },
          {
            "type": "CommandExecutionItem",
            "command": "/bin/bash -lc \"sed -n '1,360p' work/refined_sources.md\"",
            "exit_code": 0
          },
          {
            "type": "AgentMessageItem",
            "text": "Refinovaný seznam jsem zapsal do [work/refined_sources.md](/home/vilo/demagog/fact_check_v2/experiments/v2_gpt-5.4_20260402_164100/id24683/work/refined_sources.md).\n\nVyřadil jsem duplicitní mediální zdroje, nechal hlavně přímé oficiální podklady a označil slabší místa: hlavně cizojazyčné zdroje k mezinárodnímu srovnání a několik oficiálních dokumentů bez zjevného data publikace. Pro obě netriviální dílčí tvrzení ale zůstávají použitelné zdroje."
          }
        ]
      }
    },
    {
      "file": "step4_draft_log.json",
      "content": {
        "step": "step4_draft",
        "elapsed_seconds": 51.1,
        "prompt_length": 1887,
        "input_tokens": 938974,
        "cached_input_tokens": 726400,
        "output_tokens": 28216,
        "web_searches": 0,
        "final_response": "Draft jsem zapsal do [work/draft.md](/home/vilo/demagog/fact_check_v2/experiments/v2_gpt-5.4_20260402_164100/id24683/work/draft.md).\n\nText drží styl Demagogu, používá jen zdroje z `refined_sources.md` a směřuje k verdiktu `zavádějící`: český KRIT i zahraniční příklady existují, ale tvrzení o modelu rozšířeném „snad po celé Evropské unii“ dostupné podklady nepokrývají.",
        "items": [
          {
            "type": "AgentMessageItem",
            "text": "Nejdřív načtu styl a dva hotové příklady, abych držel tón Demagogu a napsal draft rovnou v publikovatelné podobě. Pak poskládám odůvodnění jen ze zdrojů, které už prošly filtrem."
          },
          {
            "type": "CommandExecutionItem",
            "command": "/bin/bash -lc \"sed -n '1,260p' work/refined_sources.md\"",
            "exit_code": 0
          },
          {
            "type": "CommandExecutionItem",
            "command": "/bin/bash -lc \"sed -n '1,260p' guides/examples.txt\"",
            "exit_code": 0
          },
          {
            "type": "CommandExecutionItem",
            "command": "/bin/bash -lc \"sed -n '1,260p' work/claim_interpretation.md\"",
            "exit_code": 0
          },
          {
            "type": "CommandExecutionItem",
            "command": "/bin/bash -lc \"sed -n '1,260p' guides/style_guide.md\"",
            "exit_code": 0
          },
          {
            "type": "AgentMessageItem",
            "text": "Mám jasno i o verdiktu. Píšu krátký draft ve stylu Demagogu: nejdřív kontext zrušení KRIT, pak české a zahraniční důkazy, nakonec vysvětlení, proč je problém hlavně v příliš širokém zobecnění."
          },
          {
            "type": "FileChangeItem"
          },
          {
            "type": "AgentMessageItem",
            "text": "Draft je zapsaný. Dívám se ještě na hotový text kvůli délce perexu a tomu, jestli se verdikt opírá přesně o to, co skutečně máme doložené."
          },
          {
            "type": "CommandExecutionItem",
            "command": "/bin/bash -lc \"sed -n '1,220p' work/draft.md\"",
            "exit_code": 0
          },
          {
            "type": "AgentMessageItem",
            "text": "Draft jsem zapsal do [work/draft.md](/home/vilo/demagog/fact_check_v2/experiments/v2_gpt-5.4_20260402_164100/id24683/work/draft.md).\n\nText drží styl Demagogu, používá jen zdroje z `refined_sources.md` a směřuje k verdiktu `zavádějící`: český KRIT i zahraniční příklady existují, ale tvrzení o modelu rozšířeném „snad po celé Evropské unii“ dostupné podklady nepokrývají."
          }
        ]
      }
    },
    {
      "file": "step5_verify_log.json",
      "content": {
        "step": "step5_verify",
        "elapsed_seconds": 67.8,
        "prompt_length": 1226,
        "input_tokens": 1387612,
        "cached_input_tokens": 1157888,
        "output_tokens": 33101,
        "web_searches": 2,
        "final_response": "Ověření jsem zapsal do [work/verification.md](/home/vilo/demagog/fact_check_v2/experiments/v2_gpt-5.4_20260402_164100/id24683/work/verification.md) a během kontroly jsem upravil [work/draft.md](/home/vilo/demagog/fact_check_v2/experiments/v2_gpt-5.4_20260402_164100/id24683/work/draft.md), aby prošel checklistem bez výhrad.\n\nVýsledek verifikace je `PASS`.",
        "items": [
          {
            "type": "AgentMessageItem",
            "text": "Teď dělám čistě kontrolu proti checklistu. Pokud něco neprojde, opravím jen konkrétní slabé místo v draftu a znovu ověřím právě ten bod."
          },
          {
            "type": "CommandExecutionItem",
            "command": "/bin/bash -lc \"sed -n '1,260p' work/draft.md\"",
            "exit_code": 0
          },
          {
            "type": "CommandExecutionItem",
            "command": "/bin/bash -lc \"sed -n '1,260p' guides/verification_checklist.md\"",
            "exit_code": 0
          },
          {
            "type": "CommandExecutionItem",
            "command": "/bin/bash -lc \"sed -n '1,260p' guides/style_guide.md\"",
            "exit_code": 0
          },
          {
            "type": "CommandExecutionItem",
            "command": "/bin/bash -lc \"sed -n '1,220p' guides/source_ranking.csv\"",
            "exit_code": 0
          },
          {
            "type": "WebSearchItem",
            "query": "https://mv.gov.cz/gdpr/docDetail.aspx?docid=22554714&doctype=ART"
          },
          {
            "type": "WebSearchItem",
            "query": "'KOMUNIKAČNÍ DOPORUČENÍ' in https://mv.gov.cz/clanek/krizovy-informacni-tym-ministerstva-vnitra.aspx"
          },
          {
            "type": "AgentMessageItem",
            "text": "Našel jsem dvě technické slabiny proti checklistu: zbytečné odkazy na PDF bez čísla stránky a jednu příliš volnou interpretační větu v úvodu. Opravuji jen tyto části, zdrojový základ se nemění."
          },
          {
            "type": "FileChangeItem"
          },
          {
            "type": "AgentMessageItem",
            "text": "Teď už je draft čistší. Znovu kontroluji jen body, které předtím hrozily pádem: oporu každé věty ve zdroji a pravidlo pro odkazy na PDF."
          },
          {
            "type": "CommandExecutionItem",
            "command": "/bin/bash -lc \"sed -n '1,220p' work/draft.md\"",
            "exit_code": 0
          },
          {
            "type": "AgentMessageItem",
            "text": "Všechny body už vypadají čistě. Zapisuji finální kontrolní protokol s tím, co jsem skutečně spot-checknul na odkazech."
          },
          {
            "type": "FileChangeItem"
          },
          {
            "type": "AgentMessageItem",
            "text": "Ověření jsem zapsal do [work/verification.md](/home/vilo/demagog/fact_check_v2/experiments/v2_gpt-5.4_20260402_164100/id24683/work/verification.md) a během kontroly jsem upravil [work/draft.md](/home/vilo/demagog/fact_check_v2/experiments/v2_gpt-5.4_20260402_164100/id24683/work/draft.md), aby prošel checklistem bez výhrad.\n\nVýsledek verifikace je `PASS`."
          }
        ]
      }
    },
    {
      "file": "step6_finalize_log.json",
      "content": {
        "step": "step6_finalize",
        "elapsed_seconds": 20.1,
        "prompt_length": 313,
        "input_tokens": 1671838,
        "cached_input_tokens": 1432064,
        "output_tokens": 34747,
        "web_searches": 0,
        "final_response": "Hotovo. Finální výstup je v [output/report.md](/home/vilo/demagog/fact_check_v2/experiments/v2_gpt-5.4_20260402_164100/id24683/output/report.md).",
        "items": [
          {
            "type": "AgentMessageItem",
            "text": "Kontroluji závěr verifikace a pak skládám finální výstup do `output/report.md` z původního výroku a schváleného draftu."
          },
          {
            "type": "CommandExecutionItem",
            "command": "/bin/bash -lc 'tail -n 5 work/verification.md'",
            "exit_code": 0
          },
          {
            "type": "CommandExecutionItem",
            "command": "/bin/bash -lc \"sed -n '1,80p' metadata.json\"",
            "exit_code": 0
          },
          {
            "type": "CommandExecutionItem",
            "command": "/bin/bash -lc \"sed -n '1,220p' work/draft.md\"",
            "exit_code": 0
          },
          {
            "type": "CommandExecutionItem",
            "command": "/bin/bash -lc 'mkdir -p output && ls -la output'",
            "exit_code": 0
          },
          {
            "type": "AgentMessageItem",
            "text": "Verifikace končí `PASS`. Zapisuji finální report do výstupní složky přesně ve požadovaném formátu."
          },
          {
            "type": "FileChangeItem"
          },
          {
            "type": "AgentMessageItem",
            "text": "Hotovo. Finální výstup je v [output/report.md](/home/vilo/demagog/fact_check_v2/experiments/v2_gpt-5.4_20260402_164100/id24683/output/report.md)."
          }
        ]
      }
    }
  ]
}