{
  "claim_id": "24685",
  "split": "v2",
  "source_experiment": "v2_gpt-5.4_20260402_164100",
  "source_md": "fact_check_v2/experiments/v2_gpt-5.4_20260402_164100/reports/report24685.md",
  "step_logs": [
    {
      "file": "step1_interpret_log.json",
      "content": {
        "step": "step1_interpret",
        "elapsed_seconds": 83.5,
        "prompt_length": 1987,
        "input_tokens": 162450,
        "cached_input_tokens": 120448,
        "output_tokens": 4720,
        "web_searches": 3,
        "final_response": "Interpretaci jsem zapsal do [work/claim_interpretation.md](/home/vilo/demagog/fact_check_v2/experiments/v2_gpt-5.4_20260402_164100/id24685/work/claim_interpretation.md).\n\nZvolená pracovní interpretace je: Rakušan netvrdí nutně doslovné doručení do každé jednotlivé schránky bez výjimky, ale plošnou celostátní distribuci brožury do domácností / schránek v ČR, přičemž Krizový informační tým měl projekt řídit nebo za něj nést odpovědnost. Datum výroku jsem stanovil na 19. března 2026 a vyhledávací okno od 1. ledna 2024 do 19. března 2026.",
        "items": [
          {
            "type": "AgentMessageItem",
            "text": "I’m locating the actual claim inputs and any step-specific guide files first, then I’ll write the interpretation artifact to `work/claim_interpretation.md`."
          },
          {
            "type": "CommandExecutionItem",
            "command": "/bin/bash -lc pwd",
            "exit_code": 0
          },
          {
            "type": "CommandExecutionItem",
            "command": "/bin/bash -lc 'rg -n \"claim|speaker|source|context|interpret\" .'",
            "exit_code": 0
          },
          {
            "type": "CommandExecutionItem",
            "command": "/bin/bash -lc 'rg --files'",
            "exit_code": 0
          },
          {
            "type": "AgentMessageItem",
            "text": "I found the actual claim payload in `metadata.json`. I’m reading that plus the handbook guidance now, then I’ll map the claim into checkable sub-claims and set the evidence window."
          },
          {
            "type": "CommandExecutionItem",
            "command": "/bin/bash -lc \"sed -n '1,120p' metadata.json\"",
            "exit_code": 0
          },
          {
            "type": "CommandExecutionItem",
            "command": "/bin/bash -lc \"sed -n '1,140p' guides/prirucka.md\"",
            "exit_code": 0
          },
          {
            "type": "WebSearchItem",
            "query": "site:mv.gov.cz 72 hodin brožurka schránky krizový informační tým ministerstvo vnitra"
          },
          {
            "type": "WebSearchItem",
            "query": "https://mv.gov.cz/bsmv/clanek/prirucku-72-hodin-si-precetly-temer-4-miliony-cechu-kampan-posilila-povedomi-o-krizove-pripravenosti.aspx"
          },
          {
            "type": "WebSearchItem",
            "query": "site:demagog.cz \"72 hodin\" \"Krizový informační tým\""
          },
          {
            "type": "AgentMessageItem",
            "text": "The core interpretation is narrowing down: this is not about whether every single mailbox was literally reached, but whether the brochure was distributed as a nationwide all-household campaign, and whether the Krizový informační tým was the responsible project team rather than the physical distributor. I’m writing the artifact on that basis."
          },
          {
            "type": "CommandExecutionItem",
            "command": "/bin/bash -lc 'ls -la'",
            "exit_code": 0
          },
          {
            "type": "CommandExecutionItem",
            "command": "/bin/bash -lc 'mkdir -p work output && ls -la work'",
            "exit_code": 0
          },
          {
            "type": "AgentMessageItem",
            "text": "I’ve got the interpretation and search boundaries set. Next I’m writing `work/claim_interpretation.md` with the selected charitable reading and the primary-source plan for step 2."
          },
          {
            "type": "FileChangeItem"
          },
          {
            "type": "CommandExecutionItem",
            "command": "/bin/bash -lc \"sed -n '1,240p' work/claim_interpretation.md\"",
            "exit_code": 0
          },
          {
            "type": "AgentMessageItem",
            "text": "Interpretaci jsem zapsal do [work/claim_interpretation.md](/home/vilo/demagog/fact_check_v2/experiments/v2_gpt-5.4_20260402_164100/id24685/work/claim_interpretation.md).\n\nZvolená pracovní interpretace je: Rakušan netvrdí nutně doslovné doručení do každé jednotlivé schránky bez výjimky, ale plošnou celostátní distribuci brožury do domácností / schránek v ČR, přičemž Krizový informační tým měl projekt řídit nebo za něj nést odpovědnost. Datum výroku jsem stanovil na 19. března 2026 a vyhledávací okno od 1. ledna 2024 do 19. března 2026."
          }
        ]
      }
    },
    {
      "file": "step2_search_log.json",
      "content": {
        "step": "step2_search",
        "elapsed_seconds": 197.1,
        "prompt_length": 1693,
        "input_tokens": 522938,
        "cached_input_tokens": 344448,
        "output_tokens": 14738,
        "web_searches": 21,
        "final_response": "Zdroje jsem zapsal do [work/raw_sources.md](/home/vilo/demagog/fact_check_v2/experiments/v2_gpt-5.4_20260402_164100/id24685/work/raw_sources.md).\n\nSoubor obsahuje 12 zdrojů, převážně primární materiály z `mv.gov.cz`, `nen.nipez.cz` a `smlouvy.gov.cz`, doplněné o veřejnoprávní média. Zahrnul jsem i zdroje, které oslabují doslovnou formulaci „do každé schránky“, protože zakázkové dokumenty mluví spíš o distribuci „do co nejvyššího počtu obydlí“ než o stoprocentním pokrytí bez výjimek.",
        "items": [
          {
            "type": "AgentMessageItem",
            "text": "I’m moving into source collection now. First I’m re-reading the interpretation file and source ranking, then I’ll pull a broad set of primary and secondary sources covering existence, distribution scale, and the team’s role, including skeptical ones."
          },
          {
            "type": "CommandExecutionItem",
            "command": "/bin/bash -lc \"sed -n '1,120p' guides/source_ranking.csv\"",
            "exit_code": 0
          },
          {
            "type": "CommandExecutionItem",
            "command": "/bin/bash -lc \"sed -n '1,220p' work/claim_interpretation.md\"",
            "exit_code": 0
          },
          {
            "type": "WebSearchItem",
            "query": "site:mv.gov.cz \"72 hodin\" Ministerstvo vnitra brožura"
          },
          {
            "type": "WebSearchItem",
            "query": "site:72h.gov.cz příručka 72 hodin pdf"
          },
          {
            "type": "WebSearchItem",
            "query": "site:irozhlas.cz \"72 hodin\" příručka Ministerstvo vnitra"
          },
          {
            "type": "WebSearchItem",
            "query": "site:irozhlas.cz Metnar Krizový informační tým 100 milionů 72 hodin"
          },
          {
            "type": "WebSearchItem",
            "query": "site:mv.gov.cz \"Krizový informační tým\" MV 106 72 hodin"
          },
          {
            "type": "WebSearchItem",
            "query": "site:smlouvy.gov.cz 34493721 72 hodin tisk"
          },
          {
            "type": "WebSearchItem",
            "query": "site:nen.nipez.cz tisk příručky 72 hodin"
          },
          {
            "type": "WebSearchItem",
            "query": "https://mv.gov.cz/clanek/ministerstvo-vnitra-zahajilo-distribuci-5-2-milionu-prirucek-72-hodin-do-domacnosti-v-ceske-republice.aspx"
          },
          {
            "type": "WebSearchItem",
            "query": "https://www.72h.gov.cz/cs/o-projektu"
          },
          {
            "type": "WebSearchItem",
            "query": "https://nen.nipez.cz/verejne-zakazky/detail-zakazky/N006-25-V00031154/vysledek"
          },
          {
            "type": "WebSearchItem",
            "query": "site:nen.nipez.cz/N006-25-V00025294/vysledek"
          },
          {
            "type": "WebSearchItem",
            "query": "'2025' in https://mv.gov.cz/npo/clanek/avizo-ministerstvo-vnitra-a-hasicsky-zachranny-sbor-cr-spousti-projekt-72-hodin-prakticka-prirucka-pro-zvladani-krizovych-situaci.aspx"
          },
          {
            "type": "WebSearchItem",
            "query": "'2026' in https://mv.gov.cz/bsmv/clanek/prirucku-72-hodin-si-precetly-temer-4-miliony-cechu-kampan-posilila-povedomi-o-krizove-pripravenosti.aspx"
          },
          {
            "type": "WebSearchItem",
            "query": "'6. listopadu 2025' in https://mv.gov.cz/soubor/mv-176847-2-tp-2025.aspx"
          },
          {
            "type": "WebSearchItem",
            "query": "'Datum uveřejnění na profilu' in https://nen.nipez.cz/en/verejne-zakazky/detail-zakazky/N006-25-V00031154"
          },
          {
            "type": "WebSearchItem",
            "query": "https://smlouvy.gov.cz/smlouva/34493721?backlink=4ibvs"
          },
          {
            "type": "WebSearchItem",
            "query": "site:smlouvy.gov.cz \"MV-128993-24/VZ-2025\""
          },
          {
            "type": "WebSearchItem",
            "query": "site:ct24.ceskatelevize.cz Metnar KRIT 100 milionů projektů"
          },
          {
            "type": "WebSearchItem",
            "query": "'2026' in https://ct24.ceskatelevize.cz/clanek/domaci/vnitro-zrusilo-krizovy-informacni-tym-pomahal-i-pri-povodnich-371423"
          },
          {
            "type": "WebSearchItem",
            "query": "https://mv.gov.cz/clanek/reakce-mv-na-souhrnnou-zpravu-nku-prijata-opatreni-zvysuji-bezpecnost-i-pripravenost-obyvatel.aspx"
          },
          {
            "type": "AgentMessageItem",
            "text": "I’ve assembled the main primary-source set and the most useful public-broadcasting pieces. I’m writing `work/raw_sources.md` now, with explicit notes on which sources support the broad claim and which undercut the literal “every mailbox” wording."
          },
          {
            "type": "FileChangeItem"
          },
          {
            "type": "CommandExecutionItem",
            "command": "/bin/bash -lc \"sed -n '1,260p' work/raw_sources.md\"",
            "exit_code": 0
          },
          {
            "type": "WebSearchItem",
            "query": "https://nen.nipez.cz/verejne-zakazky/detail-zakazky/N006-25-V00031154/vysledek"
          },
          {
            "type": "AgentMessageItem",
            "text": "I found one cleanup while checking the file: the distribution-procurement URL should point to the canonical Czech NEN page. I’m fixing that path and leaving the source set otherwise as-is."
          },
          {
            "type": "FileChangeItem"
          },
          {
            "type": "AgentMessageItem",
            "text": "Zdroje jsem zapsal do [work/raw_sources.md](/home/vilo/demagog/fact_check_v2/experiments/v2_gpt-5.4_20260402_164100/id24685/work/raw_sources.md).\n\nSoubor obsahuje 12 zdrojů, převážně primární materiály z `mv.gov.cz`, `nen.nipez.cz` a `smlouvy.gov.cz`, doplněné o veřejnoprávní média. Zahrnul jsem i zdroje, které oslabují doslovnou formulaci „do každé schránky“, protože zakázkové dokumenty mluví spíš o distribuci „do co nejvyššího počtu obydlí“ než o stoprocentním pokrytí bez výjimek."
          }
        ]
      }
    },
    {
      "file": "step3_refine_log.json",
      "content": {
        "step": "step3_refine",
        "elapsed_seconds": 102.3,
        "prompt_length": 2274,
        "input_tokens": 753798,
        "cached_input_tokens": 539008,
        "output_tokens": 21272,
        "web_searches": 2,
        "final_response": "Refinovaný seznam jsem zapsal do [work/refined_sources.md](/home/vilo/demagog/fact_check_v2/experiments/v2_gpt-5.4_20260402_164100/id24685/work/refined_sources.md).\n\nVýsledek po filtraci: jádro důkazů tvoří primární státní zdroje z `smlouvy.gov.cz`, `nen.nipez.cz` a `mv.gov.cz`; redundantní mediální zdroje jsem označil jako nahrazené a čistě kontextový zdroj jsem odstranil. V souhrnu je dobře doložená existence brožury, plošná celostátní distribuce i role Krizového informačního týmu, ale doslovné tvrzení o doručení „do každé schránky“ zůstává primárními dokumenty spíš oslabeno než potvrzeno.",
        "items": [
          {
            "type": "AgentMessageItem",
            "text": "I’m pruning the raw list now. The main work here is removing redundant media where primary documents already exist, and checking that the remaining URLs actually contain the cited wording before I write the refined set."
          },
          {
            "type": "CommandExecutionItem",
            "command": "/bin/bash -lc \"sed -n '1,260p' work/raw_sources.md\"",
            "exit_code": 0
          },
          {
            "type": "CommandExecutionItem",
            "command": "/bin/bash -lc \"sed -n '1,220p' work/claim_interpretation.md\"",
            "exit_code": 0
          },
          {
            "type": "CommandExecutionItem",
            "command": "/bin/bash -lc \"sed -n '1,120p' guides/source_ranking.csv\"",
            "exit_code": 0
          },
          {
            "type": "WebSearchItem",
            "query": "https://smlouvy.gov.cz/smlouva/34493721?backlink=4ibvs"
          },
          {
            "type": "WebSearchItem",
            "query": "'do co nejvyššího počtu obydlí' in https://nen.nipez.cz/verejne-zakazky/detail-zakazky/N006-25-V00031154"
          },
          {
            "type": "AgentMessageItem",
            "text": "I’ve finished the pruning decisions. The refined file will keep the official registry and ministry documents as the core evidence, retain only one media corroboration with unique wording on KRIT, and explicitly mark the weaker redundant media as replaced."
          },
          {
            "type": "FileChangeItem"
          },
          {
            "type": "CommandExecutionItem",
            "command": "/bin/bash -lc \"sed -n '1,340p' work/refined_sources.md\"",
            "exit_code": 0
          },
          {
            "type": "AgentMessageItem",
            "text": "Refinovaný seznam jsem zapsal do [work/refined_sources.md](/home/vilo/demagog/fact_check_v2/experiments/v2_gpt-5.4_20260402_164100/id24685/work/refined_sources.md).\n\nVýsledek po filtraci: jádro důkazů tvoří primární státní zdroje z `smlouvy.gov.cz`, `nen.nipez.cz` a `mv.gov.cz`; redundantní mediální zdroje jsem označil jako nahrazené a čistě kontextový zdroj jsem odstranil. V souhrnu je dobře doložená existence brožury, plošná celostátní distribuce i role Krizového informačního týmu, ale doslovné tvrzení o doručení „do každé schránky“ zůstává primárními dokumenty spíš oslabeno než potvrzeno."
          }
        ]
      }
    },
    {
      "file": "step4_draft_log.json",
      "content": {
        "step": "step4_draft",
        "elapsed_seconds": 73.3,
        "prompt_length": 1887,
        "input_tokens": 1134198,
        "cached_input_tokens": 888960,
        "output_tokens": 25807,
        "web_searches": 0,
        "final_response": "Draft jsem zapsal do [work/draft.md](/home/vilo/demagog/fact_check_v2/experiments/v2_gpt-5.4_20260402_164100/id24685/work/draft.md).\n\nText je ve formátu Demagogu: perex do 280 znaků, čtyři krátké HTML odstavce s inline odkazy a jediný závěrečný verdikt. Zvolil jsem verdikt `pravda`, protože dostupné primární zdroje potvrzují plošnou celostátní distribuci i odpovědnost Krizového informačního týmu; zároveň v textu výslovně vysvětluji, že úřední dokumenty popisují rozsah opatrněji než doslovné „do každé schránky“.",
        "items": [
          {
            "type": "AgentMessageItem",
            "text": "I’m switching from source collection to writing. First I’m reading the style guide and a couple of real examples to match Demagog’s structure and citation style, then I’ll draft the report in Czech HTML."
          },
          {
            "type": "CommandExecutionItem",
            "command": "/bin/bash -lc \"sed -n '1,240p' guides/style_guide.md\"",
            "exit_code": 0
          },
          {
            "type": "CommandExecutionItem",
            "command": "/bin/bash -lc \"sed -n '1,260p' guides/examples.txt\"",
            "exit_code": 0
          },
          {
            "type": "CommandExecutionItem",
            "command": "/bin/bash -lc \"sed -n '1,320p' work/refined_sources.md\"",
            "exit_code": 0
          },
          {
            "type": "AgentMessageItem",
            "text": "The draft is ready conceptually: context, evidence on printing and distribution, the caveat on the literal “every mailbox” wording, and the conclusion. I’m writing it in Demagog’s HTML style now."
          },
          {
            "type": "FileChangeItem"
          },
          {
            "type": "AgentMessageItem",
            "text": "I spotted one consistency issue before leaving the draft: the conclusion should use the verdict label in the exact form requested by the step. I’m making that small wording change now."
          },
          {
            "type": "FileChangeItem"
          },
          {
            "type": "CommandExecutionItem",
            "command": "/bin/bash -lc \"sed -n '1,240p' work/draft.md\"",
            "exit_code": 0
          },
          {
            "type": "AgentMessageItem",
            "text": "Draft jsem zapsal do [work/draft.md](/home/vilo/demagog/fact_check_v2/experiments/v2_gpt-5.4_20260402_164100/id24685/work/draft.md).\n\nText je ve formátu Demagogu: perex do 280 znaků, čtyři krátké HTML odstavce s inline odkazy a jediný závěrečný verdikt. Zvolil jsem verdikt `pravda`, protože dostupné primární zdroje potvrzují plošnou celostátní distribuci i odpovědnost Krizového informačního týmu; zároveň v textu výslovně vysvětluji, že úřední dokumenty popisují rozsah opatrněji než doslovné „do každé schránky“."
          }
        ]
      }
    },
    {
      "file": "step5_verify_log.json",
      "content": {
        "step": "step5_verify",
        "elapsed_seconds": 64.3,
        "prompt_length": 1226,
        "input_tokens": 1490538,
        "cached_input_tokens": 1229952,
        "output_tokens": 30168,
        "web_searches": 2,
        "final_response": "Ověření jsem zapsal do [work/verification.md](/home/vilo/demagog/fact_check_v2/experiments/v2_gpt-5.4_20260402_164100/id24685/work/verification.md).\n\nPři kontrole selhala jen jedna položka: u PDF odkazu chybělo číslo strany. To jsem opravil v [work/draft.md](/home/vilo/demagog/fact_check_v2/experiments/v2_gpt-5.4_20260402_164100/id24685/work/draft.md) doplněním `(.pdf, str. 1)`. Po opravě všechny položky checklistu prošly a výsledek ve verifikačním souboru je `## Result: PASS`.",
        "items": [
          {
            "type": "AgentMessageItem",
            "text": "I’m running the draft against the checklist now. I’ll read the checklist, spot-check a few linked sources directly, and only touch the draft if a specific item fails."
          },
          {
            "type": "CommandExecutionItem",
            "command": "/bin/bash -lc \"sed -n '1,260p' guides/verification_checklist.md\"",
            "exit_code": 0
          },
          {
            "type": "CommandExecutionItem",
            "command": "/bin/bash -lc \"sed -n '1,240p' guides/style_guide.md\"",
            "exit_code": 0
          },
          {
            "type": "CommandExecutionItem",
            "command": "/bin/bash -lc \"sed -n '1,120p' guides/source_ranking.csv\"",
            "exit_code": 0
          },
          {
            "type": "CommandExecutionItem",
            "command": "/bin/bash -lc \"sed -n '1,240p' work/draft.md\"",
            "exit_code": 0
          },
          {
            "type": "WebSearchItem",
            "query": "https://mv.gov.cz/clanek/ministerstvo-vnitra-zahajilo-distribuci-5-2-milionu-prirucek-72-hodin-do-domacnosti-v-ceske-republice.aspx"
          },
          {
            "type": "WebSearchItem",
            "query": "'za projekt odpovídá Krizový informační tým' in https://mv.gov.cz/soubor/mv-176847-2-tp-2025.aspx"
          },
          {
            "type": "AgentMessageItem",
            "text": "One checklist item does fail: the draft cites a PDF without page numbering. I’m fixing just that citation formatting issue in `work/draft.md`, then I’ll write the checklist result."
          },
          {
            "type": "FileChangeItem"
          },
          {
            "type": "AgentMessageItem",
            "text": "I fixed the only formatting miss and everything now clears the checklist. I’m writing the verification log with the spot-check details and a final PASS marker."
          },
          {
            "type": "FileChangeItem"
          },
          {
            "type": "AgentMessageItem",
            "text": "Ověření jsem zapsal do [work/verification.md](/home/vilo/demagog/fact_check_v2/experiments/v2_gpt-5.4_20260402_164100/id24685/work/verification.md).\n\nPři kontrole selhala jen jedna položka: u PDF odkazu chybělo číslo strany. To jsem opravil v [work/draft.md](/home/vilo/demagog/fact_check_v2/experiments/v2_gpt-5.4_20260402_164100/id24685/work/draft.md) doplněním `(.pdf, str. 1)`. Po opravě všechny položky checklistu prošly a výsledek ve verifikačním souboru je `## Result: PASS`."
          }
        ]
      }
    },
    {
      "file": "step6_finalize_log.json",
      "content": {
        "step": "step6_finalize",
        "elapsed_seconds": 21.7,
        "prompt_length": 313,
        "input_tokens": 1770328,
        "cached_input_tokens": 1501056,
        "output_tokens": 31858,
        "web_searches": 0,
        "final_response": "V [output/report.md](/home/vilo/demagog/fact_check_v2/experiments/v2_gpt-5.4_20260402_164100/id24685/output/report.md) jsem vytvořil finální výstup po ověření, že [work/verification.md](/home/vilo/demagog/fact_check_v2/experiments/v2_gpt-5.4_20260402_164100/id24685/work/verification.md) končí `## Result: PASS`.",
        "items": [
          {
            "type": "AgentMessageItem",
            "text": "I’m confirming the verification result, then I’ll assemble the final report file in `output/report.md` from the original claim and the approved draft."
          },
          {
            "type": "CommandExecutionItem",
            "command": "/bin/bash -lc \"sed -n '1,40p' metadata.json\"",
            "exit_code": 0
          },
          {
            "type": "CommandExecutionItem",
            "command": "/bin/bash -lc 'tail -n 5 work/verification.md'",
            "exit_code": 0
          },
          {
            "type": "CommandExecutionItem",
            "command": "/bin/bash -lc 'cat work/draft.md'",
            "exit_code": 0
          },
          {
            "type": "AgentMessageItem",
            "text": "Verification ends with `## Result: PASS`. I’m creating the final deliverable in `output/report.md` with the original claim and the approved report body."
          },
          {
            "type": "FileChangeItem"
          },
          {
            "type": "AgentMessageItem",
            "text": "V [output/report.md](/home/vilo/demagog/fact_check_v2/experiments/v2_gpt-5.4_20260402_164100/id24685/output/report.md) jsem vytvořil finální výstup po ověření, že [work/verification.md](/home/vilo/demagog/fact_check_v2/experiments/v2_gpt-5.4_20260402_164100/id24685/work/verification.md) končí `## Result: PASS`."
          }
        ]
      }
    }
  ]
}