{
  "claim_id": "24686",
  "split": "v2",
  "source_experiment": "v2_gpt-5.4_20260402_164100",
  "source_md": "fact_check_v2/experiments/v2_gpt-5.4_20260402_164100/reports/report24686.md",
  "step_logs": [
    {
      "file": "step1_interpret_log.json",
      "content": {
        "step": "step1_interpret",
        "elapsed_seconds": 65.7,
        "prompt_length": 1987,
        "input_tokens": 85921,
        "cached_input_tokens": 66688,
        "output_tokens": 3294,
        "web_searches": 0,
        "final_response": "Analýzu jsem zapsal do [work/claim_interpretation.md](/home/vilo/demagog/fact_check_v2/experiments/v2_gpt-5.4_20260402_164100/id24686/work/claim_interpretation.md).\n\nZvolil jsem charitativní interpretaci, že Rakušan tvrdí zahájení doložitelné resortní revize agend na MV, ne nutně její dokončení. Datum výroku jsem určil na 19. března 2026 a jako začátek vyhledávacího okna nastavil 17. prosince 2021, tedy začátek jeho působení na ministerstvu.",
        "items": [
          {
            "type": "AgentMessageItem",
            "text": "Vyhledám vstupní soubory pro tento krok a zjistím, kde jsou skutečné hodnoty `claim`, `speaker`, `source` a `context`, abych mohl připravit interpretaci a zapsat ji do `work/claim_interpretation.md`."
          },
          {
            "type": "CommandExecutionItem",
            "command": "/bin/bash -lc pwd",
            "exit_code": 0
          },
          {
            "type": "CommandExecutionItem",
            "command": "/bin/bash -lc 'rg --files'",
            "exit_code": 0
          },
          {
            "type": "CommandExecutionItem",
            "command": "/bin/bash -lc \"rg -n \\\"\\\\{claim\\\\}|\\\\{speaker\\\\}|\\\\{source\\\\}|\\\\{context\\\\}|claim_interpretation\\\" -S .\"",
            "exit_code": 0
          },
          {
            "type": "AgentMessageItem",
            "text": "Ve workspace je jen `metadata.json` a průvodci. Teď načtu metadata s tvrzením a rychle zkontroluji, jestli je potřeba pro interpretaci dohledat nějaký konkrétní artefakt nebo subjekt."
          },
          {
            "type": "CommandExecutionItem",
            "command": "/bin/bash -lc \"sed -n '1,220p' metadata.json\"",
            "exit_code": 0
          },
          {
            "type": "CommandExecutionItem",
            "command": "/bin/bash -lc 'mkdir -p work output && ls -la'",
            "exit_code": 0
          },
          {
            "type": "AgentMessageItem",
            "text": "Kontext je pro interpretaci dostatečný. Připravím pracovní výklad tak, aby další krok hledal hlavně důkazy o tom, zda za Rakušanova vedení skutečně běžela alespoň zahájená revize agend na Ministerstvu vnitra, ne nutně její dokončení."
          },
          {
            "type": "FileChangeItem"
          },
          {
            "type": "AgentMessageItem",
            "text": "Interpretaci jsem zapsal do pracovního souboru. Ještě rychle ověřím, že soubor existuje a obsahuje všechny části požadované v zadání."
          },
          {
            "type": "CommandExecutionItem",
            "command": "/bin/bash -lc \"sed -n '1,240p' work/claim_interpretation.md\"",
            "exit_code": 0
          },
          {
            "type": "AgentMessageItem",
            "text": "Analýzu jsem zapsal do [work/claim_interpretation.md](/home/vilo/demagog/fact_check_v2/experiments/v2_gpt-5.4_20260402_164100/id24686/work/claim_interpretation.md).\n\nZvolil jsem charitativní interpretaci, že Rakušan tvrdí zahájení doložitelné resortní revize agend na MV, ne nutně její dokončení. Datum výroku jsem určil na 19. března 2026 a jako začátek vyhledávacího okna nastavil 17. prosince 2021, tedy začátek jeho působení na ministerstvu."
          }
        ]
      }
    },
    {
      "file": "step2_search_log.json",
      "content": {
        "step": "step2_search",
        "elapsed_seconds": 216.0,
        "prompt_length": 1693,
        "input_tokens": 372113,
        "cached_input_tokens": 162048,
        "output_tokens": 13202,
        "web_searches": 25,
        "final_response": "Zdroje jsem zapsal do [work/raw_sources.md](/home/vilo/demagog/fact_check_v2/experiments/v2_gpt-5.4_20260402_164100/id24686/work/raw_sources.md).\n\nJádrem jsou primární materiály MV a PSP, které ukazují, že revize agend na MV běžela nejpozději od druhé poloviny roku 2022 / srpna 2022 a v září 2023 už existoval souhrnný materiál i metodika předaná dál. Přidal jsem i zdroj, který oslabuje silnější čtení výroku tím, že upozorňuje na omezené viditelné výsledky ve snižování počtu úředníků. ([psp.cz](https://www.psp.cz/eknih/2021ps/tesnopis/tz053.pdf))",
        "items": [
          {
            "type": "AgentMessageItem",
            "text": "Načítám interpretaci a pak projdu hlavně primární zdroje k MV, vládním dokumentům a případné předávací dokumentaci. Budu sbírat i zdroje, které tvrzení oslabují, pokud ukážou jen obecné úvahy bez konkrétní revize agend."
          },
          {
            "type": "CommandExecutionItem",
            "command": "/bin/bash -lc \"sed -n '1,220p' work/claim_interpretation.md\"",
            "exit_code": 0
          },
          {
            "type": "CommandExecutionItem",
            "command": "/bin/bash -lc \"sed -n '1,220p' guides/source_ranking.csv\"",
            "exit_code": 0
          },
          {
            "type": "WebSearchItem",
            "query": "site:mv.gov.cz OR site:mvcr.cz \"revize agend\" \"Ministerstvo vnitra\""
          },
          {
            "type": "WebSearchItem",
            "query": "\"Vít Rakušan\" \"revizi agend\" vnitra"
          },
          {
            "type": "WebSearchItem",
            "query": "site:mv.gov.cz OR site:mvcr.cz \"Revize agend v ministerstvu vnitra\""
          },
          {
            "type": "WebSearchItem",
            "query": "https://mv.gov.cz/volby/clanek/ministerstvo-vnitra-pripravilo-metodiku-k-revizi-agend-zvysi-efektivitu-fungovani-uradu.aspx"
          },
          {
            "type": "WebSearchItem",
            "query": "'souhrnný materiál' in https://mv.gov.cz/soubor/metodika-k-revizi-agend-mv-pdf.aspx"
          },
          {
            "type": "WebSearchItem",
            "query": "'Datum' in https://mv.gov.cz/volby/clanek/ministerstvo-vnitra-pripravilo-metodiku-k-revizi-agend-zvysi-efektivitu-fungovani-uradu.aspx"
          },
          {
            "type": "WebSearchItem",
            "query": "https://mv.gov.cz/volby/clanek/ministerstvo-vnitra-pripravilo-metodiku-k-revizi-agend-zvysi-efektivitu-fungovani-uradu.aspx"
          },
          {
            "type": "WebSearchItem",
            "query": ""
          },
          {
            "type": "WebSearchItem",
            "query": "\"MV-180504-4/SST-2023\" pdf"
          },
          {
            "type": "WebSearchItem",
            "query": "\"Ministerstvo vnitra připravilo metodiku k revizi agend. Zvýší efektivitu fungování úřadu\""
          },
          {
            "type": "WebSearchItem",
            "query": "site:vlada.gov.cz Rakušan gestorem metodiky revize agend tisková konference leden 2023"
          },
          {
            "type": "WebSearchItem",
            "query": "\"Mettner\" \"revize agend\" ministerstvo vnitra"
          },
          {
            "type": "WebSearchItem",
            "query": "site:vlada.gov.cz \"Programové prohlášení vlády\" březen 2023 revize agend"
          },
          {
            "type": "WebSearchItem",
            "query": "https://vlada.gov.cz/programove-prohlaseni-vlady-193547/"
          },
          {
            "type": "WebSearchItem",
            "query": "https://www.irozhlas.cz/zpravy-domov/revize-statnich-agend-inventura-verejne-spravy-zestihlovani-statu-statni_2309180500_tec"
          },
          {
            "type": "WebSearchItem",
            "query": "https://www.psp.cz/eknih/2021ps/tesnopis/tz053.pdf"
          },
          {
            "type": "WebSearchItem",
            "query": "https://nku.gov.cz/assets/publikace-a-dokumenty/vyrocni-zprava/vyrocni-zprava-nku-2023.pdf"
          },
          {
            "type": "WebSearchItem",
            "query": "https://mv.gov.cz/webpm/clanek/tiskove-zpravy-2023.aspx"
          },
          {
            "type": "WebSearchItem",
            "query": "https://mv.gov.cz/106-1999-rok-2023.aspx?q=Y3BpPTg%3D"
          },
          {
            "type": "WebSearchItem",
            "query": "https://mv.gov.cz/webpm/clanek/tiskove-zpravy-2023.aspx"
          },
          {
            "type": "WebSearchItem",
            "query": ""
          },
          {
            "type": "WebSearchItem",
            "query": "\"Lepší hospodaření spokojení zaměstnanci. Resort vnitra představil projekt na zlepšení výkonu státní správy\""
          },
          {
            "type": "WebSearchItem",
            "query": "site:mv.gov.cz OR site:mvcr.cz předání úřadu ministr vnitra 2025"
          },
          {
            "type": "WebSearchItem",
            "query": "'zefektivnění plnění činností Ministerstva vnitra' in https://vlada.gov.cz/assets/Statni_sluzba/Dokumenty/systemizace/20231202_-_systemizace_k_01-01-2024_-_schvaleny_material.pdf"
          },
          {
            "type": "WebSearchItem",
            "query": "'16. března 2023' in https://www.psp.cz/eknih/2021ps/tesnopis/tz053.pdf"
          },
          {
            "type": "AgentMessageItem",
            "text": "Mám dost podkladů. Zapíšu široký seznam zdrojů s primárními dokumenty MV a PSP jako jádrem, doplněný o mediální zdroje s citacemi mluvčí resortu a jedním zdrojem, který oslabuje silnější čtení výroku o reálných výsledcích revize."
          },
          {
            "type": "FileChangeItem"
          },
          {
            "type": "AgentMessageItem",
            "text": "Zdrojový seznam je zapsaný. Ještě kontroluji formát a úplnost položek, aby další krok mohl rovnou vybrat nejsilnější důkazy."
          },
          {
            "type": "CommandExecutionItem",
            "command": "/bin/bash -lc \"sed -n '1,260p' work/raw_sources.md\"",
            "exit_code": 0
          },
          {
            "type": "AgentMessageItem",
            "text": "Zdroje jsem zapsal do [work/raw_sources.md](/home/vilo/demagog/fact_check_v2/experiments/v2_gpt-5.4_20260402_164100/id24686/work/raw_sources.md).\n\nJádrem jsou primární materiály MV a PSP, které ukazují, že revize agend na MV běžela nejpozději od druhé poloviny roku 2022 / srpna 2022 a v září 2023 už existoval souhrnný materiál i metodika předaná dál. Přidal jsem i zdroj, který oslabuje silnější čtení výroku tím, že upozorňuje na omezené viditelné výsledky ve snižování počtu úředníků. ([psp.cz](https://www.psp.cz/eknih/2021ps/tesnopis/tz053.pdf))"
          }
        ]
      }
    },
    {
      "file": "step3_refine_log.json",
      "content": {
        "step": "step3_refine",
        "elapsed_seconds": 66.4,
        "prompt_length": 2274,
        "input_tokens": 494042,
        "cached_input_tokens": 268928,
        "output_tokens": 17522,
        "web_searches": 0,
        "final_response": "Refinovaný seznam jsem zapsal do [work/refined_sources.md](/home/vilo/demagog/fact_check_v2/experiments/v2_gpt-5.4_20260402_164100/id24686/work/refined_sources.md).\n\nJako hlavní oporu jsem ponechal tier-1 primární zdroje z MV a PSP, zejména interní materiál MV k revizi agend a následnou oficiální tiskovou zprávu o dokončení interní revize a předání metodiky Úřadu vlády. Slabší zdroje z `echo24.cz` jsem nahradil nebo vyřadil; jeden z nich byl navíc až po datu výroku, takže by mohl sloužit nanejvýš jako pozdější kontext. ([psp.cz](https://www.psp.cz/eknih/2021ps/tesnopis/tz053.pdf))",
        "items": [
          {
            "type": "AgentMessageItem",
            "text": "Teď čistím seznam podle kvality a použitelnosti. Vyřadím slabé nebo nadbytečné mediální položky, ponechám ověřené primární zdroje a u každé zaznamenám, proč zůstává nebo mizí."
          },
          {
            "type": "FileChangeItem"
          },
          {
            "type": "AgentMessageItem",
            "text": "Refinovaný seznam je hotový. Ověřím jen, že závěrečné shrnutí opravdu pokrývá všechny tři netriviální podtvrzení a že jsou jasně označené vyřazené zdroje."
          },
          {
            "type": "CommandExecutionItem",
            "command": "/bin/bash -lc \"sed -n '1,320p' work/refined_sources.md\"",
            "exit_code": 0
          },
          {
            "type": "AgentMessageItem",
            "text": "Refinovaný seznam jsem zapsal do [work/refined_sources.md](/home/vilo/demagog/fact_check_v2/experiments/v2_gpt-5.4_20260402_164100/id24686/work/refined_sources.md).\n\nJako hlavní oporu jsem ponechal tier-1 primární zdroje z MV a PSP, zejména interní materiál MV k revizi agend a následnou oficiální tiskovou zprávu o dokončení interní revize a předání metodiky Úřadu vlády. Slabší zdroje z `echo24.cz` jsem nahradil nebo vyřadil; jeden z nich byl navíc až po datu výroku, takže by mohl sloužit nanejvýš jako pozdější kontext. ([psp.cz](https://www.psp.cz/eknih/2021ps/tesnopis/tz053.pdf))"
          }
        ]
      }
    },
    {
      "file": "step4_draft_log.json",
      "content": {
        "step": "step4_draft",
        "elapsed_seconds": 38.0,
        "prompt_length": 1887,
        "input_tokens": 649593,
        "cached_input_tokens": 412672,
        "output_tokens": 19566,
        "web_searches": 0,
        "final_response": "Draft jsem zapsal do [work/draft.md](/home/vilo/demagog/fact_check_v2/experiments/v2_gpt-5.4_20260402_164100/id24686/work/draft.md).\n\nText je ve formátu HTML, má krátký perex, čtyři krátké odstavce a jediný výslovný verdikt `pravda`.",
        "items": [
          {
            "type": "AgentMessageItem",
            "text": "Než draft sepíšu, načtu stylovou příručku a pár hotových příkladů, aby výstup odpovídal formátu Demagogu a ne jen obecné fact-checkové struktuře."
          },
          {
            "type": "CommandExecutionItem",
            "command": "/bin/bash -lc \"sed -n '1,260p' guides/style_guide.md\"",
            "exit_code": 0
          },
          {
            "type": "CommandExecutionItem",
            "command": "/bin/bash -lc \"sed -n '1,260p' work/refined_sources.md\"",
            "exit_code": 0
          },
          {
            "type": "CommandExecutionItem",
            "command": "/bin/bash -lc \"sed -n '1,220p' guides/examples.txt\"",
            "exit_code": 0
          },
          {
            "type": "AgentMessageItem",
            "text": "Mám dost podkladů na finální text. Do draftu teď zapracuju jen to, co je přímo doložené v refinovaných zdrojích, a uzavřu to verdiktem `pravda`."
          },
          {
            "type": "FileChangeItem"
          },
          {
            "type": "AgentMessageItem",
            "text": "Draft jsem zapsal do [work/draft.md](/home/vilo/demagog/fact_check_v2/experiments/v2_gpt-5.4_20260402_164100/id24686/work/draft.md).\n\nText je ve formátu HTML, má krátký perex, čtyři krátké odstavce a jediný výslovný verdikt `pravda`."
          }
        ]
      }
    },
    {
      "file": "step5_verify_log.json",
      "content": {
        "step": "step5_verify",
        "elapsed_seconds": 122.6,
        "prompt_length": 1226,
        "input_tokens": 1008532,
        "cached_input_tokens": 674304,
        "output_tokens": 26038,
        "web_searches": 6,
        "final_response": "Ověření jsem zapsal do [work/verification.md](/home/vilo/demagog/fact_check_v2/experiments/v2_gpt-5.4_20260402_164100/id24686/work/verification.md).\n\nBěhem kontroly jsem v [work/draft.md](/home/vilo/demagog/fact_check_v2/experiments/v2_gpt-5.4_20260402_164100/id24686/work/draft.md) opravil dvě věci: odstranil necitovaný kontextový odstavec a nahradil PDF citace bez uvedení strany odkazy na HTML zdroje. Výsledek checklistu je `PASS`.",
        "items": [
          {
            "type": "AgentMessageItem",
            "text": "Načtu checklist a draft projdu bod po bodu. U odkazů navíc znovu otevřu několik použitých zdrojů, abych ověřil, že v textu skutečně podporují konkrétní formulace."
          },
          {
            "type": "CommandExecutionItem",
            "command": "/bin/bash -lc \"sed -n '1,260p' guides/verification_checklist.md\"",
            "exit_code": 0
          },
          {
            "type": "CommandExecutionItem",
            "command": "/bin/bash -lc \"sed -n '1,260p' work/draft.md\"",
            "exit_code": 0
          },
          {
            "type": "CommandExecutionItem",
            "command": "/bin/bash -lc \"sed -n '1,260p' guides/style_guide.md\"",
            "exit_code": 0
          },
          {
            "type": "WebSearchItem",
            "query": ""
          },
          {
            "type": "WebSearchItem",
            "query": "https://mv.gov.cz/volby/clanek/ministerstvo-vnitra-pripravilo-metodiku-k-revizi-agend-zvysi-efektivitu-fungovani-uradu.aspx"
          },
          {
            "type": "WebSearchItem",
            "query": "'Poskytnutí informace - metodika k provedení revize odborných agend státu' in https://mv.gov.cz/106-1999-rok-2023.aspx?q=Y3BpPTg%3D"
          },
          {
            "type": "WebSearchItem",
            "query": "https://www.irozhlas.cz/zpravy-domov/revize-statnich-agend-inventura-verejne-spravy-zestihlovani-statu-statni_2309180500_tec"
          },
          {
            "type": "AgentMessageItem",
            "text": "Draft potřebuje dvě cílené úpravy: odstranit necitovaný kontext a vyhnout se PDF odkazům bez uvedení strany. Upravím jen tyto části, bez změny závěru."
          },
          {
            "type": "FileChangeItem"
          },
          {
            "type": "WebSearchItem",
            "query": "https://mv.gov.cz/volby/clanek/ministerstvo-vnitra-pripravilo-metodiku-k-revizi-agend-zvysi-efektivitu-fungovani-uradu.aspx"
          },
          {
            "type": "WebSearchItem",
            "query": "'Poskytnutí informace - metodika k provedení revize odborných agend státu' in https://mv.gov.cz/106-1999-rok-2023.aspx?q=Y3BpPTg%3D"
          },
          {
            "type": "AgentMessageItem",
            "text": "Ještě doplním jednu oporu v závěrečném odstavci, aby i shrnující věta měla přímo přiřazený zdroj a draft byl čistý i proti přísnější kontrole necitovaných tvrzení."
          },
          {
            "type": "FileChangeItem"
          },
          {
            "type": "AgentMessageItem",
            "text": "Checklist teď zapíšu do `work/verification.md` už po opravách draftu. Výsledek by měl projít bez dalšího zásahu."
          },
          {
            "type": "FileChangeItem"
          },
          {
            "type": "AgentMessageItem",
            "text": "Ověření jsem zapsal do [work/verification.md](/home/vilo/demagog/fact_check_v2/experiments/v2_gpt-5.4_20260402_164100/id24686/work/verification.md).\n\nBěhem kontroly jsem v [work/draft.md](/home/vilo/demagog/fact_check_v2/experiments/v2_gpt-5.4_20260402_164100/id24686/work/draft.md) opravil dvě věci: odstranil necitovaný kontextový odstavec a nahradil PDF citace bez uvedení strany odkazy na HTML zdroje. Výsledek checklistu je `PASS`."
          }
        ]
      }
    },
    {
      "file": "step6_finalize_log.json",
      "content": {
        "step": "step6_finalize",
        "elapsed_seconds": 16.6,
        "prompt_length": 313,
        "input_tokens": 1210161,
        "cached_input_tokens": 868608,
        "output_tokens": 27301,
        "web_searches": 0,
        "final_response": "Hotovo.",
        "items": [
          {
            "type": "AgentMessageItem",
            "text": "Zkontroluji výsledek verifikace a pak přenesu finální text do `output/report.md` v požadovaném obalu se zněním výroku a hotovým reportem."
          },
          {
            "type": "CommandExecutionItem",
            "command": "/bin/bash -lc 'tail -n 5 work/verification.md'",
            "exit_code": 0
          },
          {
            "type": "CommandExecutionItem",
            "command": "/bin/bash -lc \"python - <<'PY'\nimport json\nwith open('metadata.json') as f:\n    data=json.load(f)\nprint(data['claim'])\nPY\"",
            "exit_code": 0
          },
          {
            "type": "CommandExecutionItem",
            "command": "/bin/bash -lc \"sed -n '1,220p' work/draft.md\"",
            "exit_code": 0
          },
          {
            "type": "AgentMessageItem",
            "text": "Verifikace končí `PASS`. Zapisuji finální report do výstupního souboru přesně v požadovaném formátu."
          },
          {
            "type": "FileChangeItem"
          },
          {
            "type": "AgentMessageItem",
            "text": "Hotovo."
          }
        ]
      }
    }
  ]
}