{
  "claim_id": "24706",
  "split": "v2",
  "source_experiment": "v2_gpt-5.4_20260410_190055",
  "source_md": "fact_check_v2/experiments/v2_gpt-5.4_20260410_190055/reports/report24706.md",
  "step_logs": [
    {
      "file": "step1_interpret_log.json",
      "content": {
        "step": "step1_interpret",
        "elapsed_seconds": 87.4,
        "prompt_length": 4510,
        "input_tokens": 141254,
        "cached_input_tokens": 82816,
        "output_tokens": 4594,
        "web_searches": 5,
        "final_response": "Interpretaci jsem zapsal do [work/claim_interpretation.md](/home/vilo/demagog/fact_check_v2/experiments/v2_gpt-5.4_20260410_190055/id24706/work/claim_interpretation.md).\n\nJako hlavní ověřovanou interpretaci jsem zvolil, že Vondráček srovnává Zemanův spor o Jana Lipavského s aktuálním sporem Petra Pavla o nejmenování Filipa Turka ministrem; hodnoticí část o „fázi, kterou jsme nezažili“ jsem rozložil na ověřitelné jádro a zvlášť označil jako částečně nefaktickou.",
        "items": [
          {
            "type": "ErrorItem"
          },
          {
            "type": "AgentMessageItem",
            "text": "Prověřím kontext výroku a nejdřív si rychle ověřím, k jaké konkrétní situaci s Petrem Pavlem a Filipem Turkem výrok míří. Pak sepíšu interpretaci do `work/claim_interpretation.md`."
          },
          {
            "type": "CommandExecutionItem",
            "command": "/bin/bash -lc pwd",
            "exit_code": 0
          },
          {
            "type": "CommandExecutionItem",
            "command": "/bin/bash -lc 'rg --files'",
            "exit_code": 0
          },
          {
            "type": "AgentMessageItem",
            "text": "V repozitáři jsou jen metodické podklady a prázdný pracovní prostor. Teď si beru jen minimum potřebného kontextu z návodu a pak dohledám, co přesně Vondráček označuje za zásah Petra Pavla."
          },
          {
            "type": "CommandExecutionItem",
            "command": "/bin/bash -lc \"sed -n '1,220p' AGENTS.md\"",
            "exit_code": 0
          },
          {
            "type": "CommandExecutionItem",
            "command": "/bin/bash -lc \"sed -n '1,220p' guides/prirucka.md\"",
            "exit_code": 0
          },
          {
            "type": "WebSearchItem",
            "query": "site:ceskatelevize.cz Události komentáře 8. dubna 2026 Libor Vondráček Petr Pavel Filip Turek nejmenoval ministra"
          },
          {
            "type": "WebSearchItem",
            "query": "site:irozhlas.cz Pavel v dopise Babišovi vysvětlil proč nejmenuje Turka"
          },
          {
            "type": "WebSearchItem",
            "query": "https://ct24.ceskatelevize.cz/clanek/domaci/pavel-se-sejde-s-turkem-motoriste-na-jeho-ministerske-nominaci-trvaji-368543/"
          },
          {
            "type": "WebSearchItem",
            "query": "site:hrad.cz Lipavský jmenování ministrovi zahraničí Zeman 2021"
          },
          {
            "type": "WebSearchItem",
            "query": "site:demagog.cz Zeman Lipavský Pavel Turek prezident nejmenoval ministra"
          },
          {
            "type": "AgentMessageItem",
            "text": "Mám už jádro interpretace: výrok míří na spor o nejmenování Filipa Turka ministrem a srovnává ho se Zemanovým sporem o Jana Lipavského v roce 2021. Teď to sepíšu tak, aby další krok měl jasné podtvrzení, časové okno i konkrétní dotazy pro hledání zdrojů."
          },
          {
            "type": "CommandExecutionItem",
            "command": "/bin/bash -lc \"test -e work/claim_interpretation.md && sed -n '1,220p' work/claim_interpretation.md || true\"",
            "exit_code": 0
          },
          {
            "type": "CommandExecutionItem",
            "command": "/bin/bash -lc 'mkdir -p work'",
            "exit_code": 0
          },
          {
            "type": "AgentMessageItem",
            "text": "Zapisuju interpretaci do `work/claim_interpretation.md`. Soustředím ji na ověřitelné jádro výroku a oddělím od něj hodnoticí část o „fázi, kterou jsme nezažili“."
          },
          {
            "type": "CompatFileChangeItem"
          },
          {
            "type": "CommandExecutionItem",
            "command": "/bin/bash -lc \"sed -n '1,260p' work/claim_interpretation.md\"",
            "exit_code": 0
          },
          {
            "type": "AgentMessageItem",
            "text": "Interpretaci jsem zapsal do [work/claim_interpretation.md](/home/vilo/demagog/fact_check_v2/experiments/v2_gpt-5.4_20260410_190055/id24706/work/claim_interpretation.md).\n\nJako hlavní ověřovanou interpretaci jsem zvolil, že Vondráček srovnává Zemanův spor o Jana Lipavského s aktuálním sporem Petra Pavla o nejmenování Filipa Turka ministrem; hodnoticí část o „fázi, kterou jsme nezažili“ jsem rozložil na ověřitelné jádro a zvlášť označil jako částečně nefaktickou."
          }
        ]
      }
    },
    {
      "file": "step2_search_log.json",
      "content": {
        "step": "step2_search",
        "elapsed_seconds": 204.4,
        "prompt_length": 1771,
        "input_tokens": 466523,
        "cached_input_tokens": 222976,
        "output_tokens": 14075,
        "web_searches": 27,
        "final_response": "Zdrojový sběr jsem zapsal do [work/raw_sources.md](/home/vilo/demagog/fact_check_v2/experiments/v2_gpt-5.4_20260410_190055/id24706/work/raw_sources.md).\n\nSoubor obsahuje oficiální zdroje z Hradu, veřejnoprávní média a také protiargumenty z dřívějších precedentů, aby šlo v dalším kroku zdroje vytřídit podle síly a relevance.",
        "items": [
          {
            "type": "ErrorItem"
          },
          {
            "type": "AgentMessageItem",
            "text": "Načítám předchozí interpretaci a podle ní teď rozšířím zdrojovou základnu. Půjdu po třech osách: Lipavský 2021, Turek/Pavel 2025–2026 a starší precedenty, hlavně Poche 2018."
          },
          {
            "type": "CommandExecutionItem",
            "command": "/bin/bash -lc \"sed -n '1,260p' work/claim_interpretation.md\"",
            "exit_code": 0
          },
          {
            "type": "CommandExecutionItem",
            "command": "/bin/bash -lc \"sed -n '1,220p' guides/source_ranking.csv\"",
            "exit_code": 0
          },
          {
            "type": "WebSearchItem",
            "query": "site:hrad.cz Lipavský jmenování vlády Petra Fialy 17. prosince 2021"
          },
          {
            "type": "WebSearchItem",
            "query": "site:hrad.cz Jan Lipavský jmenování vlády Petra Fialy hrad.cz"
          },
          {
            "type": "WebSearchItem",
            "query": "https://www.hrad.cz/file/edee/2026/01/dopis-prezidenta-republiky-predsedovi-vlady.pdf"
          },
          {
            "type": "WebSearchItem",
            "query": "site:vlada.cz 17. prosince 2021 jmenování vlády Jana Lipavského"
          },
          {
            "type": "WebSearchItem",
            "query": "site:vlada.cz Filip Turek ministr životního prostředí nominace leden 2026"
          },
          {
            "type": "WebSearchItem",
            "query": "https://ct24.ceskatelevize.cz/clanek/domaci/jmenuje-prezident-turka-kysela-a-rychetsky-popsali-pavlovy-moznosti-366755"
          },
          {
            "type": "WebSearchItem",
            "query": "site:vlada.cz Babiš uvedl ministry do úřadů 16. prosince 2025 Petr Macinka životní prostředí"
          },
          {
            "type": "WebSearchItem",
            "query": "https://www.hrad.cz/cs/pro-media/tiskove-zpravy/aktualni-tiskove-zpravy/prezident-republiky-dnes-na-prazskem-hrade-prijal-filipa-turka-18998"
          },
          {
            "type": "WebSearchItem",
            "query": "https://www.hrad.cz/cs/pro-media/tiskove-zpravy/aktualni-tiskove-zpravy/prezident-petr-pavel-jmenuje-vladu-ceske-republiky-18974"
          },
          {
            "type": "WebSearchItem",
            "query": "site:mz.hrad.cz prezident republiky jmenoval vládu České republiky 17. prosince 2021 Lipavský"
          },
          {
            "type": "WebSearchItem",
            "query": "\"Prezident republiky jmenoval vládu České republiky\" \"17. prosince 2021\" Lipavský"
          },
          {
            "type": "WebSearchItem",
            "query": "'Jan Lipavský' in https://www.hrad.cz/file/edee/2022/01/odpoved-podle-zakona-c.-106-1999-sb.-c.j.-kpr-5229/2021.pdf"
          },
          {
            "type": "WebSearchItem",
            "query": "site:irozhlas.cz Tomáš Petříček jmenován ministrem zahraničí 2018 Poche"
          },
          {
            "type": "WebSearchItem",
            "query": "https://ct24.ceskatelevize.cz/clanek/domaci/zeman-ma-vyhrady-neni-pry-pripraven-jmenovat-hladika-ministrem-11403"
          },
          {
            "type": "WebSearchItem",
            "query": "site:ct24.ceskatelevize.cz Zeman odmítl jmenovat Lipavského 2021"
          },
          {
            "type": "WebSearchItem",
            "query": "https://ct24.ceskatelevize.cz/clanek/domaci/zeman-odmitl-jmenovat-lipavskeho-25356/"
          },
          {
            "type": "WebSearchItem",
            "query": "site:irozhlas.cz prezident přebírá velkou odpovědnost když stanoví podmínky jmenování vlády Kudrna 2025"
          },
          {
            "type": "WebSearchItem",
            "query": "https://www.irozhlas.cz/zpravy-domov/jedinou-pravni-cestou-k-pokusu-o-dosazeni-turka-pro-vladu-je-kompetencni-zaloba_2602041130_vdv"
          },
          {
            "type": "WebSearchItem",
            "query": "https://www.irozhlas.cz/zpravy-domov/miroslav-poche-milos-zeman-vlada-andrej-babis-jan-hamacek_1806161840_ako"
          },
          {
            "type": "WebSearchItem",
            "query": "https://www.irozhlas.cz/zpravy-domov/jedinou-pravni-cestou-k-pokusu-o-dosazeni-turka-pro-vladu-je-kompetencni-zaloba_2602041130_vdv"
          },
          {
            "type": "AgentMessageItem",
            "text": "Zdrojová základna je už dost široká na hrubý sběr. Zapíšu teď oficiální dokumenty, veřejnoprávní média i protiargumenty z dřívějších precedentů, aby další krok mohl jen třídit a vážit."
          },
          {
            "type": "CompatFileChangeItem"
          },
          {
            "type": "WebSearchItem",
            "query": "https://ct24.ceskatelevize.cz/clanek/domaci/zeman-odmitl-jmenovat-lipavskeho-25356"
          },
          {
            "type": "WebSearchItem",
            "query": "https://ct24.ceskatelevize.cz/clanek/domaci/zeman-stale-odmita-jmenovat-pocheho-ministrem-zahranici-navzdory-cssd-75341"
          },
          {
            "type": "WebSearchItem",
            "query": "https://www.hrad.cz/cs/pro-media/tiskove-zpravy/aktualni-tiskove-zpravy/prezident-republiky-dnes-na-prazskem-hrade-prijal-filipa-turka-18998"
          },
          {
            "type": "WebSearchItem",
            "query": "'překračuje svou pravomoc' in https://www.irozhlas.cz/zpravy-domov/ustavni-pravnik-k-turkove-zalobe-musi-snest-vetsi-miru-kritiky-prokazat-poruseni_2601121307_pik"
          },
          {
            "type": "AgentMessageItem",
            "text": "Zapisuji ještě kontrolu nad URL a daty, protože další krok už bude zdroje třídit podle relevance a spolehlivosti. Nechci tam nechat nepřesný odkaz nebo špatně zachycené datum."
          },
          {
            "type": "CommandExecutionItem",
            "command": "/bin/bash -lc \"sed -n '1,260p' work/raw_sources.md\"",
            "exit_code": 0
          },
          {
            "type": "WebSearchItem",
            "query": "https://ct24.ceskatelevize.cz/clanek/domaci/zeman-odmitl-jmenovat-lipavskeho-25356"
          },
          {
            "type": "WebSearchItem",
            "query": "https://www.hrad.cz/cs/pro-media/tiskove-zpravy/aktualni-tiskove-zpravy/prezident-republiky-dnes-na-prazskem-hrade-prijal-filipa-turka-18998"
          },
          {
            "type": "WebSearchItem",
            "query": "https://ct24.ceskatelevize.cz/clanek/domaci/zeman-stale-odmita-jmenovat-pocheho-ministrem-zahranici-navzdory-cssd-75341"
          },
          {
            "type": "AgentMessageItem",
            "text": "Zdrojový sběr jsem zapsal do [work/raw_sources.md](/home/vilo/demagog/fact_check_v2/experiments/v2_gpt-5.4_20260410_190055/id24706/work/raw_sources.md).\n\nSoubor obsahuje oficiální zdroje z Hradu, veřejnoprávní média a také protiargumenty z dřívějších precedentů, aby šlo v dalším kroku zdroje vytřídit podle síly a relevance."
          }
        ]
      }
    },
    {
      "file": "step3_refine_log.json",
      "content": {
        "step": "step3_refine",
        "elapsed_seconds": 141.0,
        "prompt_length": 2274,
        "input_tokens": 697367,
        "cached_input_tokens": 395264,
        "output_tokens": 22063,
        "web_searches": 7,
        "final_response": "Refinovaný seznam jsem zapsal do [work/refined_sources.md](/home/vilo/demagog/fact_check_v2/experiments/v2_gpt-5.4_20260410_190055/id24706/work/refined_sources.md).\n\nU dvou mediálních položek jsem našel přímější oficiální náhrady a u zbytku doplnil tier, stav a poznámku, proč zdroj ponechat nebo používat jen jako doplněk.",
        "items": [
          {
            "type": "ErrorItem"
          },
          {
            "type": "AgentMessageItem",
            "text": "Teď zdroje pročistím podle metodiky: odliším, co je už pokryto primárním dokumentem, co je jen podpůrný kontext a kde je naopak důležité nechat i silný veřejnoprávní článek jako důkaz časové osy a precedentů."
          },
          {
            "type": "CommandExecutionItem",
            "command": "/bin/bash -lc \"sed -n '1,260p' work/raw_sources.md\"",
            "exit_code": 0
          },
          {
            "type": "CommandExecutionItem",
            "command": "/bin/bash -lc \"sed -n '1,220p' work/claim_interpretation.md\"",
            "exit_code": 0
          },
          {
            "type": "CommandExecutionItem",
            "command": "/bin/bash -lc \"sed -n '1,220p' guides/source_ranking.csv\"",
            "exit_code": 0
          },
          {
            "type": "WebSearchItem",
            "query": "site:hrad.cz \"17. prosince 2021\" \"Jan Lipavský\" hrad vláda"
          },
          {
            "type": "WebSearchItem",
            "query": "https://mzv.gov.cz/jnp/en/issues_and_press/archive/events_and_issues/x2021/jan_lipavsky_was_appointed_minister_of.html"
          },
          {
            "type": "WebSearchItem",
            "query": "site:mzv.gov.cz \"Jan Lipavský převzal úřad ministra zahraničních věcí\""
          },
          {
            "type": "WebSearchItem",
            "query": "site:hrad.cz února 2026 Babiš Filip Turek prezident hrad.cz"
          },
          {
            "type": "WebSearchItem",
            "query": "https://www.hrad.cz/cs/pro-media/tiskove-zpravy/aktualni-tiskove-zpravy/prezident-republiky-se-setka-s-predsedou-hnuti-ano-andrejem-babisem-19038"
          },
          {
            "type": "WebSearchItem",
            "query": "site:mz.hrad.cz Lipavský nejmenuje ministr zahraničí 2021"
          },
          {
            "type": "AgentMessageItem",
            "text": "Dělám poslední selekci: nahradím dvě mediální položky přímějšími oficiálními zdroji a u zbytku doplním, proč zůstávají jako nejlepší dostupný záznam průběhu sporu nebo starších precedentů."
          },
          {
            "type": "CompatFileChangeItem"
          },
          {
            "type": "WebSearchItem",
            "query": "https://mzv.gov.cz/jnp/cz/udalosti_a_media/archiv_zprav/rok_2021/jan_lipavsky_prevzal_urad_ministra.html"
          },
          {
            "type": "AgentMessageItem",
            "text": "Refinace je hotová. Kontroluju už jen náhrady a shrnutí pokrytí, aby v dalším kroku bylo jasné, které zdroje jsou hlavní opora a které jen doprovodný kontext."
          },
          {
            "type": "CommandExecutionItem",
            "command": "/bin/bash -lc \"sed -n '1,340p' work/refined_sources.md\"",
            "exit_code": 0
          },
          {
            "type": "AgentMessageItem",
            "text": "Refinovaný seznam jsem zapsal do [work/refined_sources.md](/home/vilo/demagog/fact_check_v2/experiments/v2_gpt-5.4_20260410_190055/id24706/work/refined_sources.md).\n\nU dvou mediálních položek jsem našel přímější oficiální náhrady a u zbytku doplnil tier, stav a poznámku, proč zdroj ponechat nebo používat jen jako doplněk."
          }
        ]
      }
    },
    {
      "file": "step4_draft_log.json",
      "content": {
        "step": "step4_draft",
        "elapsed_seconds": 59.0,
        "prompt_length": 2388,
        "input_tokens": 988089,
        "cached_input_tokens": 656128,
        "output_tokens": 25733,
        "web_searches": 0,
        "final_response": "Draft jsem zapsal do [work/draft.md](/home/vilo/demagog/fact_check_v2/experiments/v2_gpt-5.4_20260410_190055/id24706/work/draft.md).\n\nPerex se vešel do limitu a text drží 5 odstavců s HTML strukturou, průběžnými odkazy a závěrem s verdiktem.",
        "items": [
          {
            "type": "ErrorItem"
          },
          {
            "type": "AgentMessageItem",
            "text": "Teď už nejdu po dalších zdrojích, ale po formě. Nejdřív načtu stylistická pravidla a pár hotových textů, pak draft napíšu rovnou v demagogovském tónu a s jasným verdiktem."
          },
          {
            "type": "CommandExecutionItem",
            "command": "/bin/bash -lc \"sed -n '1,260p' guides/style_guide.md\"",
            "exit_code": 0
          },
          {
            "type": "CommandExecutionItem",
            "command": "/bin/bash -lc \"sed -n '1,340p' work/refined_sources.md\"",
            "exit_code": 0
          },
          {
            "type": "CommandExecutionItem",
            "command": "/bin/bash -lc \"sed -n '1,260p' work/claim_interpretation.md\"",
            "exit_code": 0
          },
          {
            "type": "CommandExecutionItem",
            "command": "/bin/bash -lc \"sed -n '1,240p' guides/examples.txt\"",
            "exit_code": 0
          },
          {
            "type": "AgentMessageItem",
            "text": "Mám jasno i ve verdiktu: jádro o Lipavském a nejmenování Turka sedí, ale tvrzení o „nezažité fázi“ naráží na Pocheho a Hladíka. Teď to přepisuju do krátkého draftu v HTML, bez referenčního aparátu navíc."
          },
          {
            "type": "CompatFileChangeItem"
          },
          {
            "type": "AgentMessageItem",
            "text": "Draft je napsaný. Kontroluju už jen mechanické věci: délku perexu, počet odstavců a jestli nejsou odkazy zavěšené na názvech médií místo na klíčových slovech."
          },
          {
            "type": "CommandExecutionItem",
            "command": "/bin/bash -lc \"sed -n '1,220p' work/draft.md\"",
            "exit_code": 0
          },
          {
            "type": "CommandExecutionItem",
            "command": "/bin/bash -lc \"python - <<'PY'\nfrom pathlib import Path\nimport re\ntext = Path('work/draft.md').read_text()\nm = re.search(r'<p class=\\\"perex\\\">(.*?)</p>', text)\nprint(len(m.group(1)) if m else 'no perex')\nPY\"",
            "exit_code": 0
          },
          {
            "type": "AgentMessageItem",
            "text": "Draft jsem zapsal do [work/draft.md](/home/vilo/demagog/fact_check_v2/experiments/v2_gpt-5.4_20260410_190055/id24706/work/draft.md).\n\nPerex se vešel do limitu a text drží 5 odstavců s HTML strukturou, průběžnými odkazy a závěrem s verdiktem."
          }
        ]
      }
    },
    {
      "file": "step5_verify_log.json",
      "content": {
        "step": "step5_verify",
        "elapsed_seconds": 140.6,
        "prompt_length": 1226,
        "input_tokens": 1740322,
        "cached_input_tokens": 1374592,
        "output_tokens": 34718,
        "web_searches": 4,
        "final_response": "Ověření jsem zapsal do [work/verification.md](/home/vilo/demagog/fact_check_v2/experiments/v2_gpt-5.4_20260410_190055/id24706/work/verification.md).\n\nPři kontrole jsem upravil draft jen v detailech: doplnil jsem stránku u citovaného PDF, vrátil stručný ozdrojovaný kontext a finální verze teď prochází checklistem s výsledkem `PASS`.",
        "items": [
          {
            "type": "ErrorItem"
          },
          {
            "type": "AgentMessageItem",
            "text": "Teď draft projedu formálně proti checklistu. Současně si otevřu pár citovaných odkazů, abych ověřil, že opravdu vedou na správná místa a nespoléhám jen na dřívější sběr."
          },
          {
            "type": "CommandExecutionItem",
            "command": "/bin/bash -lc \"sed -n '1,260p' guides/verification_checklist.md\"",
            "exit_code": 0
          },
          {
            "type": "CommandExecutionItem",
            "command": "/bin/bash -lc \"sed -n '1,220p' guides/source_ranking.csv\"",
            "exit_code": 0
          },
          {
            "type": "CommandExecutionItem",
            "command": "/bin/bash -lc \"sed -n '1,260p' work/draft.md\"",
            "exit_code": 0
          },
          {
            "type": "CommandExecutionItem",
            "command": "/bin/bash -lc \"sed -n '1,220p' guides/style_guide.md\"",
            "exit_code": 0
          },
          {
            "type": "WebSearchItem",
            "query": "https://mzv.gov.cz/jnp/cz/udalosti_a_media/archiv_zprav/rok_2021/jan_lipavsky_prevzal_urad_ministra.html"
          },
          {
            "type": "WebSearchItem",
            "query": "https://ct24.ceskatelevize.cz/clanek/domaci/zeman-stale-odmita-jmenovat-pocheho-ministrem-zahranici-navzdory-cssd-75341"
          },
          {
            "type": "AgentMessageItem",
            "text": "Na checklistu mi vychází dvě slabá místa: úvodní kontext byl bez opory ve zdrojích a u PDF chyběl odkaz na stránku. Opravuju jen tohle, jinak argumentace drží."
          },
          {
            "type": "CompatFileChangeItem"
          },
          {
            "type": "AgentMessageItem",
            "text": "Při opravě jsem chytil překlep v první větě důkazního odstavce. Spravuju ho hned, ať se do ověření nepřenese nesmyslná atribuce."
          },
          {
            "type": "CompatFileChangeItem"
          },
          {
            "type": "AgentMessageItem",
            "text": "Po odstranění úvodního kontextu už první zmínka o řečníkovi nebyla s funkcí. Doplním ji do závěru, aby text dál splňoval i formální pravidlo o první identifikaci mluvčího."
          },
          {
            "type": "CompatFileChangeItem"
          },
          {
            "type": "WebSearchItem",
            "query": "https://mzv.gov.cz/jnp/cz/udalosti_a_media/archiv_zprav/rok_2021/jan_lipavsky_prevzal_urad_ministra.html"
          },
          {
            "type": "AgentMessageItem",
            "text": "Ještě zpřesním závěrečný odstavec o přímé odkazy. Tím odpadne poslední pochyba, jestli závěr jen opakuje už doložená tvrzení bez inline opory."
          },
          {
            "type": "CompatFileChangeItem"
          },
          {
            "type": "WebSearchItem",
            "query": "https://mzv.gov.cz/jnp/cz/udalosti_a_media/archiv_zprav/rok_2021/jan_lipavsky_prevzal_urad_ministra.html"
          },
          {
            "type": "AgentMessageItem",
            "text": "Pro jistotu ještě vracím krátký kontextový odstavec, ale tentokrát přímo opřený o zdroje. Tím splním i checklistový bod o kontextu bez toho, aby v textu visela nepodložená informace."
          },
          {
            "type": "CompatFileChangeItem"
          },
          {
            "type": "AgentMessageItem",
            "text": "Checklist teď dopíšu bod po bodu do `work/verification.md`. Většinu položek mám po úpravách čistou, u spot-checku výslovně zapíšu i které tři odkazy jsem znovu otevřel."
          },
          {
            "type": "CompatFileChangeItem"
          },
          {
            "type": "AgentMessageItem",
            "text": "Ověření jsem zapsal do [work/verification.md](/home/vilo/demagog/fact_check_v2/experiments/v2_gpt-5.4_20260410_190055/id24706/work/verification.md).\n\nPři kontrole jsem upravil draft jen v detailech: doplnil jsem stránku u citovaného PDF, vrátil stručný ozdrojovaný kontext a finální verze teď prochází checklistem s výsledkem `PASS`."
          }
        ]
      }
    },
    {
      "file": "step6_finalize_log.json",
      "content": {
        "step": "step6_finalize",
        "elapsed_seconds": 25.4,
        "prompt_length": 313,
        "input_tokens": 2026288,
        "cached_input_tokens": 1649280,
        "output_tokens": 36692,
        "web_searches": 0,
        "final_response": "Hotovo.",
        "items": [
          {
            "type": "ErrorItem"
          },
          {
            "type": "AgentMessageItem",
            "text": "Kontroluji finální podmínku v `work/verification.md` a pak zapíšu hotový report do `output/report.md` ve požadované struktuře."
          },
          {
            "type": "CommandExecutionItem",
            "command": "/bin/bash -lc 'tail -n 20 work/verification.md'",
            "exit_code": 0
          },
          {
            "type": "CommandExecutionItem",
            "command": "/bin/bash -lc \"sed -n '1,220p' work/draft.md\"",
            "exit_code": 0
          },
          {
            "type": "AgentMessageItem",
            "text": "Kontrola dopadla dobře, `verification.md` končí výsledkem `PASS`. Teď zapisuju finální report do `output/report.md` přesně v požadované osnově."
          },
          {
            "type": "CompatFileChangeItem"
          },
          {
            "type": "AgentMessageItem",
            "text": "Hotovo."
          }
        ]
      }
    }
  ]
}